  Determining projects to restore...
  Restored /Users/simonrozsival/Projects/dotnet/android/samples/HelloWorld/HelloWorld/HelloWorld.DotNet.csproj (in 193 ms).
  1 of 2 projects are up-to-date for restore.
  HelloLibrary.DotNet -> /Users/simonrozsival/Projects/dotnet/android/samples/HelloWorld/HelloLibrary/bin/Release/net11.0-android/android-arm64/HelloLibrary.DotNet.dll
  HelloWorld.DotNet -> /Users/simonrozsival/Projects/dotnet/android/samples/HelloWorld/HelloWorld/bin/Release/net11.0-android/android-arm64/HelloWorld.DotNet.dll
  HelloLibrary.DotNet -> /Users/simonrozsival/Projects/dotnet/android/samples/HelloWorld/HelloLibrary/bin/Release/net11.0-android/android-arm64/HelloLibrary.DotNet.dll
  Optimizing assemblies for size may change the behavior of the app. Be sure to test after publishing. See: https://aka.ms/dotnet-illink
  Optimizing assemblies for size. This process might take a while.
/Users/simonrozsival/Projects/dotnet/android/bin/Release/lib/packs/Microsoft.Android.Sdk.Darwin/36.1.99/tools/Xamarin.Android.Common.targets(1908,3): warning : DEBUG: EnableMarshalMethods=False, AndroidRuntime=CoreCLR [/Users/simonrozsival/Projects/dotnet/android/samples/HelloWorld/HelloWorld/HelloWorld.DotNet.csproj]
  Found 1732 Type Map marshal method .ll files for ABI arm64-v8a

Build succeeded.

/Users/simonrozsival/Projects/dotnet/android/bin/Release/lib/packs/Microsoft.Android.Sdk.Darwin/36.1.99/tools/Xamarin.Android.Common.targets(1908,3): warning : DEBUG: EnableMarshalMethods=False, AndroidRuntime=CoreCLR [/Users/simonrozsival/Projects/dotnet/android/samples/HelloWorld/HelloWorld/HelloWorld.DotNet.csproj]
    1 Warning(s)
    0 Error(s)

Time Elapsed 00:01:38.61
