--------- beginning of system
01-22 00:43:42.886   551   918 I ActivityTaskManager: START u0 {flg=0x10000000 cmp=com.xamarin.android.helloworld/example.MainActivity} from uid 2000
01-22 00:43:42.888   551   918 D CompatibilityChangeReporter: Compat change id reported: 265464455; UID 10178; state: DISABLED
01-22 00:43:42.888   551   918 D CompatibilityChangeReporter: Compat change id reported: 265452344; UID 10178; state: DISABLED
01-22 00:43:42.888   551   918 D CompatibilityChangeReporter: Compat change id reported: 266124927; UID 10178; state: DISABLED
01-22 00:43:42.888   551   918 D CompatibilityChangeReporter: Compat change id reported: 265451093; UID 10178; state: DISABLED
01-22 00:43:42.888   551   918 D CompatibilityChangeReporter: Compat change id reported: 265456536; UID 10178; state: DISABLED
01-22 00:43:42.889   551   918 D CompatibilityChangeReporter: Compat change id reported: 255940284; UID 10178; state: DISABLED
01-22 00:43:42.889   551   918 D CompatibilityChangeReporter: Compat change id reported: 236283604; UID 10178; state: DISABLED
01-22 00:43:42.889   551   918 D CompatibilityChangeReporter: Compat change id reported: 263959004; UID 10178; state: DISABLED
01-22 00:43:42.890   551   918 D CompatibilityChangeReporter: Compat change id reported: 264304459; UID 10178; state: DISABLED
01-22 00:43:42.890   551   918 D CompatibilityChangeReporter: Compat change id reported: 264301586; UID 10178; state: DISABLED
01-22 00:43:42.892   551   918 D CompatibilityChangeReporter: Compat change id reported: 254631730; UID 10178; state: DISABLED
01-22 00:43:42.893   551   918 D CompatibilityChangeReporter: Compat change id reported: 273509367; UID 10178; state: DISABLED
01-22 00:43:42.893   551   918 D CompatibilityChangeReporter: Compat change id reported: 263259275; UID 10178; state: DISABLED
01-22 00:43:42.923   551   918 D CompatibilityChangeReporter: Compat change id reported: 194480991; UID 10178; state: ENABLED
01-22 00:43:42.924   551   918 D CompatibilityChangeReporter: Compat change id reported: 174042980; UID 10178; state: DISABLED
01-22 00:43:42.932   551   918 D CompatibilityChangeReporter: Compat change id reported: 184838306; UID 10178; state: DISABLED
01-22 00:43:42.932   551   918 D CompatibilityChangeReporter: Compat change id reported: 185004937; UID 10178; state: DISABLED
01-22 00:43:42.933   551   918 D CompatibilityChangeReporter: Compat change id reported: 181136395; UID 10178; state: DISABLED
01-22 00:43:42.933   551   918 D CompatibilityChangeReporter: Compat change id reported: 174042936; UID 10178; state: DISABLED
01-22 00:43:42.938   551   918 D CompatibilityChangeReporter: Compat change id reported: 197654537; UID 10178; state: ENABLED
01-22 00:43:42.944   551   918 D CompatibilityChangeReporter: Compat change id reported: 205907456; UID 10178; state: ENABLED
--------- beginning of main
01-22 00:43:42.970   833  1105 W Parcel  : Expecting binder but got null!
01-22 00:43:42.986   833  1089 D SplashScreenView: Build android.window.SplashScreenView{dd4f07 V.E...... ......ID 0,0-0,0}
01-22 00:43:42.986   833  1089 D SplashScreenView: Icon: view: android.widget.ImageView{2b8f834 V.ED..... ......I. 0,0-0,0 #10204dd android:id/splashscreen_icon_view} drawable: com.android.wm.shell.startingsurface.SplashscreenIconDrawableFactory$ImmobileIconDrawable@99b65d size: 440
01-22 00:43:42.986   833  1089 D SplashScreenView: Branding: view: android.view.View{ff12bd2 G.ED..... ......I. 0,0-0,0 #10204dc android:id/splashscreen_branding_view} drawable: null size w: 0 h: 0
01-22 00:43:43.012   551  2157 D CoreBackPreview: Window{fb7283 u0 Splash Screen com.xamarin.android.helloworld}: Setting back callback OnBackInvokedCallbackInfo{mCallback=android.window.IOnBackInvokedCallback$Stub$Proxy@ac6dc39, mPriority=0}
01-22 00:43:43.016   551   596 D CompatibilityChangeReporter: Compat change id reported: 135634846; UID 10178; state: DISABLED
01-22 00:43:43.016   551   596 D CompatibilityChangeReporter: Compat change id reported: 177438394; UID 10178; state: DISABLED
01-22 00:43:43.016   551   596 D CompatibilityChangeReporter: Compat change id reported: 135772972; UID 10178; state: DISABLED
01-22 00:43:43.016   551   596 D CompatibilityChangeReporter: Compat change id reported: 135754954; UID 10178; state: ENABLED
01-22 00:43:43.017   551   596 W ActivityManager: Slow operation: 66ms so far, now at startProcess: done starting proc!
01-22 00:43:43.017   551   607 D CompatibilityChangeReporter: Compat change id reported: 143937733; UID 10178; state: ENABLED
01-22 00:43:43.030   294   294 D Zygote  : Forked child process 7427
01-22 00:43:43.030  1201  1201 D MainContentCaptureSession: Flushing 1 event(s) for act:com.google.android.apps.nexuslauncher/.NexusLauncherActivity [state=2 (ACTIVE), disabled=false], reason=FULL
01-22 00:43:43.030   551   607 I ActivityManager: Start proc 7427:com.xamarin.android.helloworld/u0a178 for next-top-activity {com.xamarin.android.helloworld/example.MainActivity}
01-22 00:43:43.061  7427  7427 I roid.helloworld: Using CollectorTypeCC GC.
01-22 00:43:43.061   833  1105 E OpenGLRenderer: Unable to match the desired swap behavior.
01-22 00:43:43.066   337   337 I BpBinder: onLastStrongRef automatically unlinking death recipients: <uncached descriptor>
01-22 00:43:43.069   551  2373 W Binder  : Caught a RuntimeException from the binder stub implementation.
01-22 00:43:43.069   551  2373 W Binder  : java.lang.ArrayIndexOutOfBoundsException: Array index out of range: 0
01-22 00:43:43.069   551  2373 W Binder  : 	at android.util.ArraySet.valueAt(ArraySet.java:422)
01-22 00:43:43.069   551  2373 W Binder  : 	at com.android.server.contentcapture.ContentCapturePerUserService$ContentCaptureServiceRemoteCallback.updateContentCaptureOptions(ContentCapturePerUserService.java:733)
01-22 00:43:43.069   551  2373 W Binder  : 	at com.android.server.contentcapture.ContentCapturePerUserService$ContentCaptureServiceRemoteCallback.setContentCaptureWhitelist(ContentCapturePerUserService.java:646)
01-22 00:43:43.069   551  2373 W Binder  : 	at android.service.contentcapture.IContentCaptureServiceCallback$Stub.onTransact(IContentCaptureServiceCallback.java:115)
01-22 00:43:43.069   551  2373 W Binder  : 	at android.os.Binder.execTransactInternal(Binder.java:1285)
01-22 00:43:43.069   551  2373 W Binder  : 	at android.os.Binder.execTransact(Binder.java:1244)
01-22 00:43:43.093   365   430 I adbd    : jdwp connection from 7427
01-22 00:43:43.133  1201  1613 D EGL_emulation: app_time_stats: avg=2294.61ms min=4.45ms max=19919.71ms count=9
01-22 00:43:43.168   833  1105 D EGL_emulation: app_time_stats: avg=43118.89ms min=43118.89ms max=43118.89ms count=1
01-22 00:43:43.187  7427  7427 D CompatibilityChangeReporter: Compat change id reported: 171979766; UID 10178; state: ENABLED
01-22 00:43:43.219   551   605 D IntervalStats: Unable to parse usage stats packages: [196]
01-22 00:43:43.231  7427  7427 W ziparchive: Unable to open '/data/app/~~ntZztRTK_EfFQh3nSuZs7g==/com.xamarin.android.helloworld-iU2PS5G_369rosTappio7w==/split_config.arm64_v8a.dm': No such file or directory
01-22 00:43:43.231  7427  7427 W ziparchive: Unable to open '/data/app/~~ntZztRTK_EfFQh3nSuZs7g==/com.xamarin.android.helloworld-iU2PS5G_369rosTappio7w==/split_config.arm64_v8a.dm': No such file or directory
01-22 00:43:43.231  7427  7427 W roid.helloworld: Entry not found
01-22 00:43:43.233  7427  7427 D nativeloader: Configuring classloader-namespace for other apk /data/app/~~ntZztRTK_EfFQh3nSuZs7g==/com.xamarin.android.helloworld-iU2PS5G_369rosTappio7w==/base.apk:/data/app/~~ntZztRTK_EfFQh3nSuZs7g==/com.xamarin.android.helloworld-iU2PS5G_369rosTappio7w==/split_config.arm64_v8a.apk. target_sdk_version=36, uses_libraries=, library_path=/data/app/~~ntZztRTK_EfFQh3nSuZs7g==/com.xamarin.android.helloworld-iU2PS5G_369rosTappio7w==/lib/arm64:/data/app/~~ntZztRTK_EfFQh3nSuZs7g==/com.xamarin.android.helloworld-iU2PS5G_369rosTappio7w==/base.apk!/lib/arm64-v8a:/data/app/~~ntZztRTK_EfFQh3nSuZs7g==/com.xamarin.android.helloworld-iU2PS5G_369rosTappio7w==/split_config.arm64_v8a.apk!/lib/arm64-v8a, permitted_path=/data:/mnt/expand:/data/user/0/com.xamarin.android.helloworld
01-22 00:43:43.234  7427  7427 W roid.helloworld: JIT profile information will not be recorded: profile file does not exist.
01-22 00:43:43.281   337   432 W TransactionTracing: Could not find layer handle 0xb4000073622eb530
01-22 00:43:43.282   337   432 W TransactionTracing: Could not find layer handle 0xb4000073622eb530
01-22 00:43:43.284  7427  7427 V GraphicsEnvironment: ANGLE Developer option for 'com.xamarin.android.helloworld' set to: 'default'
01-22 00:43:43.287  7427  7427 V GraphicsEnvironment: ANGLE GameManagerService for com.xamarin.android.helloworld: false
01-22 00:43:43.289  7427  7427 V GraphicsEnvironment: Neither updatable production driver nor prerelease driver is supported.
01-22 00:43:43.290  7427  7427 D NetworkSecurityConfig: No Network Security Config specified, using platform default
01-22 00:43:43.290  7427  7427 D NetworkSecurityConfig: No Network Security Config specified, using platform default
01-22 00:43:43.317   551  2370 W ActivityTaskManager: takeTaskSnapshot: taskId=13 not found or not visible
01-22 00:43:43.318   551  2378 D CompatibilityChangeReporter: Compat change id reported: 161145287; UID 10178; state: DISABLED
01-22 00:43:43.414   337   432 W TransactionTracing: Could not find layer handle 0xb4000073622e9b50
01-22 00:43:43.435   337   432 W TransactionTracing: Could not find layer handle 0xb4000073622ebdd0
01-22 00:43:43.460   833  1105 D EGL_emulation: app_time_stats: avg=44931.82ms min=20.89ms max=359128.66ms count=8
01-22 00:43:43.686  7427  7427 D DOTNET  : AndroidCryptoNative_InitLibraryOnLoad: jint AndroidCryptoNative_InitLibraryOnLoad(JavaVM *, void *) in /__w/1/s/src/runtime/src/native/libs/System.Security.Cryptography.Native.Android/pal_jni.c
01-22 00:43:43.686  7427  7427 D DOTNET  : GetOptionalClassGRef: optional class com/android/org/conscrypt/OpenSSLEngineImpl was not found
01-22 00:43:43.799  7427  7427 I monodroid: JNIEnvInit: IsCoreClrRuntime=True, IsMonoRuntime=False
01-22 00:43:43.805  7427  7427 I monodroid-typemap: TypeMapAttributeTypeMap: Initializing...
01-22 00:43:43.856  7427  7427 I monodroid-typemap: TypeMapAttributeTypeMap: Initialized external and invoker type mappings
01-22 00:43:43.892  7427  7427 I monodroid: JNIEnvInit: Set getFunctionPointerFn to 0x6eba312958
01-22 00:43:43.938  7427  7453 D libEGL  : loaded /vendor/lib64/egl/libEGL_emulation.so
01-22 00:43:43.949  7427  7427 I monodroid-typemap: TryGetJniNameForType: HelloWorld.MainActivity -> 'example/MainActivity' (from [Register])
01-22 00:43:43.949  7427  7427 I monodroid: RegisterNativeMembers: type=HelloWorld.MainActivity, methods=n_onCreate:(Landroid/os/Bundle;)V:GetOnCreate_Landroid_os_Bundle_Handler
01-22 00:43:43.949  7427  7427 I monodroid: n_onResume:()V:GetOnResumeHandler
01-22 00:43:43.949  7427  7427 I monodroid: 
01-22 00:43:43.951  7427  7427 I monodroid-typemap: TryGetJniNameForType: Java.Interop.TypeManager+JavaTypeManager -> 'mono/android/TypeManager' (from [Register])
01-22 00:43:43.951  7427  7427 I monodroid: RegisterNativeMembers: type=Java.Interop.TypeManager+JavaTypeManager, methods=n_activate:(Ljava/lang/String;Ljava/lang/String;Ljava/lang/Object;[Ljava/lang/Object;)V:GetActivateHandler
01-22 00:43:43.951  7427  7427 I monodroid: 
01-22 00:43:43.952  7427  7453 D libEGL  : loaded /vendor/lib64/egl/libGLESv1_CM_emulation.so
01-22 00:43:43.954  7427  7453 D libEGL  : loaded /vendor/lib64/egl/libGLESv2_emulation.so
01-22 00:43:43.964  7427  7427 E roid.helloworld: No implementation found for void mono.android.TypeManager.n_activate(java.lang.String, java.lang.String, java.lang.Object, java.lang.Object[]) (tried Java_mono_android_TypeManager_n_1activate and Java_mono_android_TypeManager_n_1activate__Ljava_lang_String_2Ljava_lang_String_2Ljava_lang_Object_2_3Ljava_lang_Object_2)
01-22 00:43:43.964  7427  7427 D AndroidRuntime: Shutting down VM
--------- beginning of crash
01-22 00:43:43.965  7427  7427 E AndroidRuntime: FATAL EXCEPTION: main
01-22 00:43:43.965  7427  7427 E AndroidRuntime: Process: com.xamarin.android.helloworld, PID: 7427
01-22 00:43:43.965  7427  7427 E AndroidRuntime: java.lang.UnsatisfiedLinkError: No implementation found for void mono.android.TypeManager.n_activate(java.lang.String, java.lang.String, java.lang.Object, java.lang.Object[]) (tried Java_mono_android_TypeManager_n_1activate and Java_mono_android_TypeManager_n_1activate__Ljava_lang_String_2Ljava_lang_String_2Ljava_lang_Object_2_3Ljava_lang_Object_2)
01-22 00:43:43.965  7427  7427 E AndroidRuntime: 	at mono.android.TypeManager.n_activate(Native Method)
01-22 00:43:43.965  7427  7427 E AndroidRuntime: 	at mono.android.TypeManager.Activate(TypeManager.java:7)
01-22 00:43:43.965  7427  7427 E AndroidRuntime: 	at example.MainActivity.<init>(MainActivity.java:23)
01-22 00:43:43.965  7427  7427 E AndroidRuntime: 	at java.lang.Class.newInstance(Native Method)
01-22 00:43:43.965  7427  7427 E AndroidRuntime: 	at android.app.AppComponentFactory.instantiateActivity(AppComponentFactory.java:95)
01-22 00:43:43.965  7427  7427 E AndroidRuntime: 	at android.app.Instrumentation.newActivity(Instrumentation.java:1339)
01-22 00:43:43.965  7427  7427 E AndroidRuntime: 	at android.app.ActivityThread.performLaunchActivity(ActivityThread.java:3538)
01-22 00:43:43.965  7427  7427 E AndroidRuntime: 	at android.app.ActivityThread.handleLaunchActivity(ActivityThread.java:3782)
01-22 00:43:43.965  7427  7427 E AndroidRuntime: 	at android.app.servertransaction.LaunchActivityItem.execute(LaunchActivityItem.java:101)
01-22 00:43:43.965  7427  7427 E AndroidRuntime: 	at android.app.servertransaction.TransactionExecutor.executeCallbacks(TransactionExecutor.java:138)
01-22 00:43:43.965  7427  7427 E AndroidRuntime: 	at android.app.servertransaction.TransactionExecutor.execute(TransactionExecutor.java:95)
01-22 00:43:43.965  7427  7427 E AndroidRuntime: 	at android.app.ActivityThread$H.handleMessage(ActivityThread.java:2307)
01-22 00:43:43.965  7427  7427 E AndroidRuntime: 	at android.os.Handler.dispatchMessage(Handler.java:106)
01-22 00:43:43.965  7427  7427 E AndroidRuntime: 	at android.os.Looper.loopOnce(Looper.java:201)
01-22 00:43:43.965  7427  7427 E AndroidRuntime: 	at android.os.Looper.loop(Looper.java:288)
01-22 00:43:43.965  7427  7427 E AndroidRuntime: 	at android.app.ActivityThread.main(ActivityThread.java:7924)
01-22 00:43:43.965  7427  7427 E AndroidRuntime: 	at java.lang.reflect.Method.invoke(Native Method)
01-22 00:43:43.965  7427  7427 E AndroidRuntime: 	at com.android.internal.os.RuntimeInit$MethodAndArgsCaller.run(RuntimeInit.java:548)
01-22 00:43:43.965  7427  7427 E AndroidRuntime: 	at com.android.internal.os.ZygoteInit.main(ZygoteInit.java:936)
01-22 00:43:43.967  7427  7427 I monodroid-typemap: CreatePeer: handle=0x7ffbf161fc, targetType=Java.Lang.Throwable
01-22 00:43:43.967  7427  7427 I monodroid-typemap: CreatePeer: Found type Java.Lang.UnsatisfiedLinkError for Java class 'java/lang/UnsatisfiedLinkError'
01-22 00:43:43.968  7427  7427 I monodroid-typemap: TryGetJniNameForType: Java.Lang.UnsatisfiedLinkError -> 'java/lang/UnsatisfiedLinkError' (from [Register])
01-22 00:43:43.968  7427  7427 I monodroid-typemap: CreatePeer: Activating instance of Java.Lang.UnsatisfiedLinkError...
01-22 00:43:43.972  7427  7427 I monodroid-typemap: CreatePeer: SUCCESS - Created Java.Lang.UnsatisfiedLinkError for Java class 'java/lang/UnsatisfiedLinkError'
01-22 00:43:43.972  7427  7427 I MonoDroid: UNHANDLED EXCEPTION:
01-22 00:43:43.972  7427  7427 I MonoDroid: Java.Lang.UnsatisfiedLinkError: No implementation found for void mono.android.TypeManager.n_activate(java.lang.String, java.lang.String, java.lang.Object, java.lang.Object[]) (tried Java_mono_android_TypeManager_n_1activate and Java_mono_android_TypeManager_n_1activate__Ljava_lang_String_2Ljava_lang_String_2Ljava_lang_Object_2_3Ljava_lang_Object_2)
01-22 00:43:43.974  7427  7427 I MonoDroid: 
01-22 00:43:43.981  7427  7427 I MonoDroid:   --- End of managed Java.Lang.UnsatisfiedLinkError stack trace ---
01-22 00:43:43.981  7427  7427 I MonoDroid: java.lang.UnsatisfiedLinkError: No implementation found for void mono.android.TypeManager.n_activate(java.lang.String, java.lang.String, java.lang.Object, java.lang.Object[]) (tried Java_mono_android_TypeManager_n_1activate and Java_mono_android_TypeManager_n_1activate__Ljava_lang_String_2Ljava_lang_String_2Ljava_lang_Object_2_3Ljava_lang_Object_2)
01-22 00:43:43.981  7427  7427 I MonoDroid: 	at mono.android.TypeManager.n_activate(Native Method)
01-22 00:43:43.981  7427  7427 I MonoDroid: 	at mono.android.TypeManager.Activate(TypeManager.java:7)
01-22 00:43:43.981  7427  7427 I MonoDroid: 	at example.MainActivity.<init>(MainActivity.java:23)
01-22 00:43:43.981  7427  7427 I MonoDroid: 	at java.lang.Class.newInstance(Native Method)
01-22 00:43:43.981  7427  7427 I MonoDroid: 	at android.app.AppComponentFactory.instantiateActivity(AppComponentFactory.java:95)
01-22 00:43:43.981  7427  7427 I MonoDroid: 	at android.app.Instrumentation.newActivity(Instrumentation.java:1339)
01-22 00:43:43.981  7427  7427 I MonoDroid: 	at android.app.ActivityThread.performLaunchActivity(ActivityThread.java:3538)
01-22 00:43:43.981  7427  7427 I MonoDroid: 	at android.app.ActivityThread.handleLaunchActivity(ActivityThread.java:3782)
01-22 00:43:43.981  7427  7427 I MonoDroid: 	at android.app.servertransaction.LaunchActivityItem.execute(LaunchActivityItem.java:101)
01-22 00:43:43.981  7427  7427 I MonoDroid: 	at android.app.servertransaction.TransactionExecutor.executeCallbacks(TransactionExecutor.java:138)
01-22 00:43:43.981  7427  7427 I MonoDroid: 	at android.app.servertransaction.TransactionExecutor.execute(TransactionExecutor.java:95)
01-22 00:43:43.981  7427  7427 I MonoDroid: 	at android.app.ActivityThread$H.handleMessage(ActivityThread.java:2307)
01-22 00:43:43.981  7427  7427 I MonoDroid: 	at android.os.Handler.dispatchMessage(Handler.java:106)
01-22 00:43:43.981  7427  7427 I MonoDroid: 	at android.os.Looper.loopOnce(Looper.java:201)
01-22 00:43:43.981  7427  7427 I MonoDroid: 	at android.os.Looper.loop(Looper.java:288)
01-22 00:43:43.981  7427  7427 I MonoDroid: 	at android.app.ActivityThread.main(ActivityThread.java:7924)
01-22 00:43:43.981  7427  7427 I MonoDroid: 	at java.lang.reflect.Method.invoke(Native Method)
01-22 00:43:43.981  7427  7427 I MonoDroid: 	at com.android.internal.os.RuntimeInit$MethodAndArgsCaller.run(RuntimeInit.java:548)
01-22 00:43:43.981  7427  7427 I MonoDroid: 	at com.android.internal.os.ZygoteInit.main(ZygoteInit.java:936)
01-22 00:43:43.981  7427  7427 I MonoDroid: 
01-22 00:43:43.986   551  2373 W ActivityTaskManager:   Force finishing activity com.xamarin.android.helloworld/example.MainActivity
01-22 00:43:43.993   551  7454 I DropBoxManagerService: add tag=data_app_crash isTagEnabled=true flags=0x2
01-22 00:43:44.038   551   606 W BroadcastQueue: Background execution not allowed: receiving Intent { act=android.intent.action.DROPBOX_ENTRY_ADDED flg=0x10 (has extras) } to com.google.android.gms/.stats.service.DropBoxEntryAddedReceiver
01-22 00:43:44.038   551   606 W BroadcastQueue: Background execution not allowed: receiving Intent { act=android.intent.action.DROPBOX_ENTRY_ADDED flg=0x10 (has extras) } to com.google.android.gms/.chimera.GmsIntentOperationService$PersistentTrustedReceiver
01-22 00:43:44.085   551  3877 D HostConnection: HostComposition ext ANDROID_EMU_CHECKSUM_HELPER_v1 ANDROID_EMU_native_sync_v2 ANDROID_EMU_native_sync_v3 ANDROID_EMU_native_sync_v4 ANDROID_EMU_dma_v1 ANDROID_EMU_direct_mem ANDROID_EMU_host_composition_v1 ANDROID_EMU_host_composition_v2 ANDROID_EMU_vulkan ANDROID_EMU_deferred_vulkan_commands ANDROID_EMU_vulkan_null_optional_strings ANDROID_EMU_vulkan_create_resources_with_requirements ANDROID_EMU_YUV_Cache ANDROID_EMU_vulkan_ignored_handles ANDROID_EMU_has_shared_slots_host_memory_allocator ANDROID_EMU_vulkan_free_memory_sync ANDROID_EMU_vulkan_shader_float16_int8 ANDROID_EMU_vulkan_async_queue_submit ANDROID_EMU_vulkan_queue_submit_with_commands ANDROID_EMU_sync_buffer_data ANDROID_EMU_vulkan_async_qsri ANDROID_EMU_read_color_buffer_dma ANDROID_EMU_hwc_multi_configs GL_OES_EGL_image_external_essl3 GL_OES_vertex_array_object GL_KHR_texture_compression_astc_ldr ANDROID_EMU_host_side_tracing ANDROID_EMU_gles_max_version_3_0 
01-22 00:43:44.092   337   337 I BpBinder: onLastStrongRef automatically unlinking death recipients: <uncached descriptor>
01-22 00:43:44.104   551  3877 W OpenGLRenderer: Failed to choose config with EGL_SWAP_BEHAVIOR_PRESERVED, retrying without...
01-22 00:43:44.106  7427  7427 I Process : Sending signal. PID: 7427 SIG: 9
01-22 00:43:44.108   551  3877 W OpenGLRenderer: Failed to initialize 101010-2 format, error = EGL_SUCCESS
01-22 00:43:44.124   551  3877 D EGL_emulation: eglCreateContext: 0xb400007008b69e50: maj 3 min 0 rcv 3
01-22 00:43:44.129   551  3877 D EGL_emulation: eglMakeCurrent: 0xb400007008b69e50: ver 3 0 (tinfo 0x7236d60080) (first time)
01-22 00:43:44.181   551  1360 I ActivityManager: Process com.xamarin.android.helloworld (pid 7427) has died: fg  TOP 
01-22 00:43:44.182   551   610 I libprocessgroup: Successfully killed process cgroup uid 10178 pid 7427 in 0ms
01-22 00:43:44.201   294   294 I Zygote  : Process 7427 exited due to signal 9 (Killed)
01-22 00:43:44.241  1201  1201 D MainContentCaptureSession: Flushing 1 event(s) for act:com.google.android.apps.nexuslauncher/.NexusLauncherActivity [state=2 (ACTIVE), disabled=false], reason=FULL
01-22 00:43:44.242  1538  1538 I AiAi    : onTrimMemory() with level 5
01-22 00:43:44.249  1754  2094 E OpenGLRenderer: Unable to match the desired swap behavior.
01-22 00:43:44.250  2899  2899 I AppBase : AppBase.onTrimMemory():497 onTrimMemory(): 5
01-22 00:43:44.250  2899  2899 I GoogleInputMethodService: GoogleInputMethodService.onTrimMemory():4406 onTrimMemory(): 5
01-22 00:43:44.382   551  1548 W AppSearchIcing: icing-search-engine.cc:217: Error: 5, Message: Document (com.google.android.googlequicksearchbox$OneSearchZeroStateGoogleSuggestions/default, zp) not found.
01-22 00:43:44.395  1201  1718 D OneSearchSuggestProvider: Established or reuse existing binder channel authority=com.google.android.googlequicksearchbox
01-22 00:43:44.399   551   662 W InputManager-JNI: Input channel object 'fb7283 Splash Screen com.xamarin.android.helloworld (client)' was disposed without first being removed with the input manager!
01-22 00:43:44.407  1201  1613 E OpenGLRenderer: Unable to match the desired swap behavior.
01-22 00:43:44.414   551  2157 W WindowManager: Failed looking up window session=Session{79d51bc 833:u0a10157} callers=com.android.server.wm.WindowManagerService.windowForClientLocked:6050 com.android.server.wm.Session.setOnBackInvokedCallbackInfo:943 android.view.IWindowSession$Stub.onTransact:1180 
01-22 00:43:44.414   551  2157 E WindowManager: setOnBackInvokedCallback(): No window state for package:com.android.systemui
01-22 00:43:44.460   833  1105 D EGL_emulation: app_time_stats: avg=16.79ms min=4.42ms max=215.58ms count=34
01-22 00:43:44.509  1538  2102 I AiAiEcho: Predicting[0]: 
01-22 00:43:44.509  1538  2102 I AiAiEcho: Ranked targets strategy: SORT, count: 0, ranking metadata: 
01-22 00:43:44.510  1538  2102 I AiAiEcho: #postPredictionTargets: Sending updates to UISurface lockscreen with targets# 0
01-22 00:43:44.510  1538  2102 I AiAiEcho: #postPredictionTargets: Sending updates to UISurface home with targets# 0
01-22 00:43:44.510  1538  2102 I AiAiEcho: #postPredictionTargets: Sending updates to UISurface media_data_manager with targets# 0
01-22 00:43:44.565   337   432 W TransactionTracing: Could not find layer handle 0xb4000073622eb710
01-22 00:43:44.565   337   432 W TransactionTracing: Could not find layer handle 0xb4000073622ea6f0
01-22 00:43:44.596  2899  2899 I GoogleInputMethodService: GoogleInputMethodService.onFinishInput():3227 
01-22 00:43:44.609  2899  2899 I GoogleInputMethodService: GoogleInputMethodService.updateDeviceLockedStatus():2087 repeatCheckTimes = 0, unlocked = true
01-22 00:43:44.610  2899  2899 I GoogleInputMethodService: GoogleInputMethodService.onStartInput():1877 onStartInput(EditorInfo{inputType=0x0(NULL) imeOptions=0x0 privateImeOptions=null actionName=UNSPECIFIED actionLabel=null actionId=0 initialSelStart=-1 initialSelEnd=-1 initialCapsMode=0x0 hintText=null label=null packageName=com.google.android.apps.nexuslauncher fieldId=-1 fieldName=null extras=null}, false)
01-22 00:43:44.610  2899  2899 I GoogleInputMethodService: GoogleInputMethodService.shouldHideHeaderOnInitialState():4008 ShouldHideHeaderOnInitialState = false
01-22 00:43:44.616  2899  2899 I GoogleInputMethodService: GoogleInputMethodService.updateDeviceLockedStatus():2087 repeatCheckTimes = 2, unlocked = true
01-22 00:43:44.644   833   833 D SsMediaDataProvider: Forwarding Smartspace updates []
01-22 00:43:44.651   551   596 W ActivityTaskManager: Activity top resumed state loss timeout for ActivityRecord{552c4da u0 com.xamarin.android.helloworld/example.MainActivity} t-1 f}}
01-22 00:43:44.791   833  1105 D EGL_emulation: app_time_stats: avg=265.92ms min=8.78ms max=1452.72ms count=6
01-22 00:43:45.483   833  1105 D EGL_emulation: app_time_stats: avg=14.82ms min=2.33ms max=98.69ms count=35
01-22 00:43:46.984   833  1105 D EGL_emulation: app_time_stats: avg=543.26ms min=8.36ms max=2070.37ms count=4
