--------- beginning of kernel
01-21 22:50:06.835   157   157 I logd    : logdr: UID=2000 GID=2000 PID=5449 b tail=0 logMask=99 pid=0 start=0ns deadline=0ns
--------- beginning of system
01-21 22:50:11.732   551  1360 D CompatibilityChangeReporter: Compat change id reported: 161252188; UID 10176; state: DISABLED
01-21 22:50:11.733   551  1360 I ActivityTaskManager: START u0 {flg=0x10000000 cmp=com.xamarin.android.helloworld/example.MainActivity} from uid 2000
01-21 22:50:11.733   551  1360 D CompatibilityChangeReporter: Compat change id reported: 265464455; UID 10176; state: DISABLED
01-21 22:50:11.733   551  1360 D CompatibilityChangeReporter: Compat change id reported: 265452344; UID 10176; state: DISABLED
01-21 22:50:11.733   551  1360 D CompatibilityChangeReporter: Compat change id reported: 266124927; UID 10176; state: DISABLED
01-21 22:50:11.733   551  1360 D CompatibilityChangeReporter: Compat change id reported: 265451093; UID 10176; state: DISABLED
01-21 22:50:11.733   551  1360 D CompatibilityChangeReporter: Compat change id reported: 265456536; UID 10176; state: DISABLED
01-21 22:50:11.733   551  1360 D CompatibilityChangeReporter: Compat change id reported: 255940284; UID 10176; state: DISABLED
01-21 22:50:11.733   551  1360 D CompatibilityChangeReporter: Compat change id reported: 236283604; UID 10176; state: DISABLED
01-21 22:50:11.733   551  1360 D CompatibilityChangeReporter: Compat change id reported: 263959004; UID 10176; state: DISABLED
01-21 22:50:11.733   551  1360 D CompatibilityChangeReporter: Compat change id reported: 264304459; UID 10176; state: DISABLED
01-21 22:50:11.734   551  1360 D CompatibilityChangeReporter: Compat change id reported: 264301586; UID 10176; state: DISABLED
01-21 22:50:11.734   551  1360 D CompatibilityChangeReporter: Compat change id reported: 254631730; UID 10176; state: DISABLED
01-21 22:50:11.734   551  1360 D CompatibilityChangeReporter: Compat change id reported: 273509367; UID 10176; state: DISABLED
01-21 22:50:11.734   551  1360 D CompatibilityChangeReporter: Compat change id reported: 263259275; UID 10176; state: DISABLED
01-21 22:50:11.734   551  1360 D CompatibilityChangeReporter: Compat change id reported: 194480991; UID 10176; state: ENABLED
01-21 22:50:11.734   551  1360 D CompatibilityChangeReporter: Compat change id reported: 174042980; UID 10176; state: DISABLED
01-21 22:50:11.760   551  1360 D CompatibilityChangeReporter: Compat change id reported: 184838306; UID 10176; state: DISABLED
01-21 22:50:11.761   551  1360 D CompatibilityChangeReporter: Compat change id reported: 185004937; UID 10176; state: DISABLED
01-21 22:50:11.762   551  1360 D CompatibilityChangeReporter: Compat change id reported: 181136395; UID 10176; state: DISABLED
01-21 22:50:11.762   551  1360 D CompatibilityChangeReporter: Compat change id reported: 174042936; UID 10176; state: DISABLED
01-21 22:50:11.763   551  1360 D CompatibilityChangeReporter: Compat change id reported: 197654537; UID 10176; state: ENABLED
01-21 22:50:11.764   551  1360 D CompatibilityChangeReporter: Compat change id reported: 205907456; UID 10176; state: ENABLED
01-21 22:50:11.776   551   596 D CompatibilityChangeReporter: Compat change id reported: 135634846; UID 10176; state: DISABLED
01-21 22:50:11.776   551   596 D CompatibilityChangeReporter: Compat change id reported: 177438394; UID 10176; state: DISABLED
01-21 22:50:11.776   551   596 D CompatibilityChangeReporter: Compat change id reported: 135772972; UID 10176; state: DISABLED
01-21 22:50:11.776   551   596 D CompatibilityChangeReporter: Compat change id reported: 135754954; UID 10176; state: ENABLED
01-21 22:50:11.776   551   607 D CompatibilityChangeReporter: Compat change id reported: 143937733; UID 10176; state: ENABLED
--------- beginning of main
01-21 22:50:11.799   337   337 I BpBinder: onLastStrongRef automatically unlinking death recipients: <uncached descriptor>
01-21 22:50:11.801   833  1105 W Parcel  : Expecting binder but got null!
01-21 22:50:11.807   294   294 D Zygote  : Forked child process 5458
01-21 22:50:11.808  1201  1201 D MainContentCaptureSession: Flushing 1 event(s) for act:com.google.android.apps.nexuslauncher/.NexusLauncherActivity [state=2 (ACTIVE), disabled=false], reason=FULL
01-21 22:50:11.812   551   607 I ActivityManager: Start proc 5458:com.xamarin.android.helloworld/u0a176 for next-top-activity {com.xamarin.android.helloworld/example.MainActivity}
01-21 22:50:11.816   551   661 D CompatibilityChangeReporter: Compat change id reported: 168419799; UID 10176; state: DISABLED
01-21 22:50:11.816   551   661 D CompatibilityChangeReporter: Compat change id reported: 273564678; UID 10176; state: DISABLED
01-21 22:50:11.816   833  1089 D SplashScreenView: Build android.window.SplashScreenView{e599923 V.E...... ......ID 0,0-0,0}
01-21 22:50:11.816   833  1089 D SplashScreenView: Icon: view: android.widget.ImageView{ce10e20 V.ED..... ......I. 0,0-0,0 #10204dd android:id/splashscreen_icon_view} drawable: com.android.wm.shell.startingsurface.SplashscreenIconDrawableFactory$ImmobileIconDrawable@ae0f3d9 size: 440
01-21 22:50:11.816   833  1089 D SplashScreenView: Branding: view: android.view.View{eea219e G.ED..... ......I. 0,0-0,0 #10204dc android:id/splashscreen_branding_view} drawable: null size w: 0 h: 0
01-21 22:50:11.827  5458  5458 I roid.helloworld: Using CollectorTypeCC GC.
01-21 22:50:11.832   551  1360 D CoreBackPreview: Window{15f1c6 u0 Splash Screen com.xamarin.android.helloworld}: Setting back callback OnBackInvokedCallbackInfo{mCallback=android.window.IOnBackInvokedCallback$Stub$Proxy@b995cb4, mPriority=0}
01-21 22:50:11.859  1201  1613 D EGL_emulation: app_time_stats: avg=21498.98ms min=8.39ms max=150253.12ms count=7
01-21 22:50:11.876   365   430 I adbd    : jdwp connection from 5458
01-21 22:50:11.883   833  1105 E OpenGLRenderer: Unable to match the desired swap behavior.
01-21 22:50:11.938  5458  5458 D CompatibilityChangeReporter: Compat change id reported: 171979766; UID 10176; state: ENABLED
01-21 22:50:11.955   551   661 W ActivityTaskManager: takeTaskSnapshot: taskId=13 not found or not visible
01-21 22:50:11.980  5458  5458 D nativeloader: Configuring classloader-namespace for other apk /data/app/~~s__UGu3z7UpQF60eUdrA1Q==/com.xamarin.android.helloworld-9ASKHy_GHjd9malbU1i6Zw==/base.apk. target_sdk_version=36, uses_libraries=, library_path=/data/app/~~s__UGu3z7UpQF60eUdrA1Q==/com.xamarin.android.helloworld-9ASKHy_GHjd9malbU1i6Zw==/lib/arm64:/data/app/~~s__UGu3z7UpQF60eUdrA1Q==/com.xamarin.android.helloworld-9ASKHy_GHjd9malbU1i6Zw==/base.apk!/lib/arm64-v8a, permitted_path=/data:/mnt/expand:/data/user/0/com.xamarin.android.helloworld
01-21 22:50:12.020  5458  5458 V GraphicsEnvironment: ANGLE Developer option for 'com.xamarin.android.helloworld' set to: 'default'
01-21 22:50:12.022  5458  5458 V GraphicsEnvironment: ANGLE GameManagerService for com.xamarin.android.helloworld: false
01-21 22:50:12.022  5458  5458 V GraphicsEnvironment: Neither updatable production driver nor prerelease driver is supported.
01-21 22:50:12.026  5458  5458 D NetworkSecurityConfig: No Network Security Config specified, using platform default
01-21 22:50:12.027  5458  5458 D NetworkSecurityConfig: No Network Security Config specified, using platform default
01-21 22:50:12.029   551   918 D CompatibilityChangeReporter: Compat change id reported: 161145287; UID 10176; state: DISABLED
01-21 22:50:12.161   337   432 W TransactionTracing: Could not find layer handle 0xb4000073622e79f0
01-21 22:50:12.255  5458  5458 D DOTNET  : AndroidCryptoNative_InitLibraryOnLoad: jint AndroidCryptoNative_InitLibraryOnLoad(JavaVM *, void *) in /__w/1/s/src/runtime/src/native/libs/System.Security.Cryptography.Native.Android/pal_jni.c
01-21 22:50:12.256  5458  5458 D DOTNET  : GetOptionalClassGRef: optional class com/android/org/conscrypt/OpenSSLEngineImpl was not found
01-21 22:50:12.285   337   432 W TransactionTracing: Could not find layer handle 0xb4000073622ea570
01-21 22:50:12.285   337   432 W TransactionTracing: Could not find layer handle 0xb4000073622eab10
01-21 22:50:12.285   337   432 W TransactionTracing: Could not find layer handle 0xb4000073622eab10
01-21 22:50:12.285   337   432 W TransactionTracing: Could not find layer handle 0xb4000073622ea570
01-21 22:50:12.300   833  1105 D EGL_emulation: app_time_stats: avg=8796.70ms min=3.16ms max=149252.38ms count=17
01-21 22:50:12.378   337   432 W TransactionTracing: Could not find layer handle 0xb4000073622eaa50
01-21 22:50:12.378   337   432 W TransactionTracing: Could not find layer handle 0xb4000073622eaa50
01-21 22:50:12.378   337   432 W TransactionTracing: Could not find layer handle 0xb4000073622eaa50
01-21 22:50:12.414  5458  5458 I monodroid-typemap: TypeMapAttributeTypeMap: Initializing...
01-21 22:50:12.461  5458  5458 I monodroid-typemap: TypeMapAttributeTypeMap: Initialized external and invoker type mappings
01-21 22:50:12.509  5458  5484 D libEGL  : loaded /vendor/lib64/egl/libEGL_emulation.so
01-21 22:50:12.511  5458  5484 D libEGL  : loaded /vendor/lib64/egl/libGLESv1_CM_emulation.so
01-21 22:50:12.514  5458  5484 D libEGL  : loaded /vendor/lib64/egl/libGLESv2_emulation.so
01-21 22:50:12.561  5458  5458 I monodroid-typemap: TryGetJniNameForType: HelloWorld.MainActivity -> 'example/MainActivity' (from [Register])
01-21 22:50:12.562  5458  5458 I monodroid: RegisterNativeMembers: type=HelloWorld.MainActivity, methods=n_onCreate:(Landroid/os/Bundle;)V:GetOnCreate_Landroid_os_Bundle_Handler
01-21 22:50:12.562  5458  5458 I monodroid: n_onResume:()V:GetOnResumeHandler
01-21 22:50:12.562  5458  5458 I monodroid: 
01-21 22:50:12.563  5458  5458 I monodroid: DynamicNativeMembersRegistration: registered n_onCreate for HelloWorld.MainActivity
01-21 22:50:12.563  5458  5458 I monodroid: DynamicNativeMembersRegistration: registered n_onResume for HelloWorld.MainActivity
01-21 22:50:12.563  5458  5458 I monodroid: DynamicNativeMembersRegistration: calling RegisterNatives with 2 methods
01-21 22:50:12.567  5458  5458 I monodroid-typemap: TryGetJniNameForType: Java.Interop.TypeManager+JavaTypeManager -> 'mono/android/TypeManager' (from [Register])
01-21 22:50:12.567  5458  5458 I monodroid: RegisterNativeMembers: type=Java.Interop.TypeManager+JavaTypeManager, methods=n_activate:(Ljava/lang/String;Ljava/lang/String;Ljava/lang/Object;[Ljava/lang/Object;)V:GetActivateHandler
01-21 22:50:12.568  5458  5458 I monodroid: 
01-21 22:50:12.568  5458  5458 I monodroid: DynamicNativeMembersRegistration: registered n_activate for Java.Interop.TypeManager+JavaTypeManager
01-21 22:50:12.568  5458  5458 I monodroid: DynamicNativeMembersRegistration: calling RegisterNatives with 1 methods
01-21 22:50:12.669  5458  5458 D CompatibilityChangeReporter: Compat change id reported: 210923482; UID 10176; state: ENABLED
01-21 22:50:12.673  5458  5458 I monodroid-typemap: CreatePeer: handle=0xcd, targetType=Android.Views.View
01-21 22:50:12.674  5458  5458 I monodroid-typemap: CreatePeer: Found type Android.Widget.Button for Java class 'android/widget/Button'
01-21 22:50:12.674  5458  5458 I monodroid-typemap: TryGetJniNameForType: Android.Widget.Button -> 'android/widget/Button' (from [Register])
01-21 22:50:12.674  5458  5458 I monodroid-typemap: CreatePeer: Activating instance of Android.Widget.Button...
01-21 22:50:12.675  5458  5458 I monodroid-typemap: CreatePeer: SUCCESS - Created Android.Widget.Button for Java class 'android/widget/Button'
01-21 22:50:12.701  5458  5458 I monodroid-typemap: TryGetJniNameForType: Android.Views.View+IOnClickListenerImplementor -> 'mono/android/view/View_OnClickListenerImplementor' (from [Register])
01-21 22:50:12.702  5458  5458 I monodroid-typemap: TryGetJniNameForType: Android.Views.View+IOnClickListenerImplementor -> 'mono/android/view/View_OnClickListenerImplementor' (from [Register])
01-21 22:50:12.702  5458  5458 I monodroid: RegisterNativeMembers: type=Android.Views.View+IOnClickListenerImplementor, methods=n_onClick:(Landroid/view/View;)V:GetOnClick_Landroid_view_View_Handler:Android.Views.View+IOnClickListenerInvoker, Mono.Android, Version=0.0.0.0, Culture=neutral, PublicKeyToken=null
01-21 22:50:12.702  5458  5458 I monodroid: 
01-21 22:50:12.702  5458  5458 I monodroid: DynamicNativeMembersRegistration: registered n_onClick for Android.Views.View+IOnClickListenerImplementor
01-21 22:50:12.702  5458  5458 I monodroid: DynamicNativeMembersRegistration: calling RegisterNatives with 1 methods
01-21 22:50:12.720  5458  5458 I monodroid-test: Calling native stub Java_example_MainActivity_n_1onCreate__Landroid_os_Bundle_2V...
--------- beginning of crash
01-21 22:50:12.721  5458  5458 F libc    : Fatal signal 11 (SIGSEGV), code 1 (SEGV_MAPERR), fault addr 0x0 in tid 5458 (roid.helloworld), pid 5458 (roid.helloworld)
01-21 22:50:12.812  5487  5487 I crash_dump64: obtaining output fd from tombstoned, type: kDebuggerdTombstoneProto
01-21 22:50:12.812   195   195 I tombstoned: received crash request for pid 5458
01-21 22:50:12.815  5487  5487 I crash_dump64: performing dump of process 5458 (target tid = 5458)
01-21 22:50:13.160   157   157 I logd    : logdr: UID=10176 GID=10176 PID=5487 n tail=0 logMask=8 pid=5458 start=0ns deadline=0ns
01-21 22:50:13.163   157   157 I logd    : logdr: UID=10176 GID=10176 PID=5487 n tail=0 logMask=1 pid=5458 start=0ns deadline=0ns
01-21 22:50:13.126  5487  5487 F DEBUG   : *** *** *** *** *** *** *** *** *** *** *** *** *** *** *** ***
01-21 22:50:13.126  5487  5487 F DEBUG   : Build fingerprint: 'google/sdk_gphone64_arm64/emu64a:13/TE1A.240213.009/12342917:userdebug/dev-keys'
01-21 22:50:13.126  5487  5487 F DEBUG   : Revision: '0'
01-21 22:50:13.126  5487  5487 F DEBUG   : ABI: 'arm64'
01-21 22:50:13.126  5487  5487 F DEBUG   : Timestamp: 2026-01-21 22:50:12.824362956+0100
01-21 22:50:13.126  5487  5487 F DEBUG   : Process uptime: 2s
01-21 22:50:13.126  5487  5487 F DEBUG   : Cmdline: com.xamarin.android.helloworld
01-21 22:50:13.126  5487  5487 F DEBUG   : pid: 5458, tid: 5458, name: roid.helloworld  >>> com.xamarin.android.helloworld <<<
01-21 22:50:13.126  5487  5487 F DEBUG   : uid: 10176
01-21 22:50:13.126  5487  5487 F DEBUG   : tagged_addr_ctrl: 0000000000000001 (PR_TAGGED_ADDR_ENABLE)
01-21 22:50:13.126  5487  5487 F DEBUG   : pac_enabled_keys: 000000000000000f (PR_PAC_APIAKEY, PR_PAC_APIBKEY, PR_PAC_APDAKEY, PR_PAC_APDBKEY)
01-21 22:50:13.126  5487  5487 F DEBUG   : signal 11 (SIGSEGV), code 1 (SEGV_MAPERR), fault addr 0x0000000000000000
01-21 22:50:13.126  5487  5487 F DEBUG   : Cause: null pointer dereference
01-21 22:50:13.126  5487  5487 F DEBUG   :     x0  0000006ef9ba5635  x1  0000000000000014  x2  0000000000000000  x3  0000006f01fd5130
01-21 22:50:13.126  5487  5487 F DEBUG   :     x4  00000000000000e1  x5  0000006f7449dd7a  x6  646b6f6c6077645e  x7  7f7f7f7f7f7f7f7f
01-21 22:50:13.126  5487  5487 F DEBUG   :     x8  0000006ef9ba5635  x9  0000000000000000  x10 0000000000000050  x11 000000000000000a
01-21 22:50:13.126  5487  5487 F DEBUG   :     x12 0000006ef9c05894  x13 0056325f656c646e  x14 db979083e96dd4de  x15 ffffffffffffffff
01-21 22:50:13.126  5487  5487 F DEBUG   :     x16 0000006f02b8b760  x17 0000007227d588a4  x18 00000072401b2000  x19 0000006f01fd5130
01-21 22:50:13.126  5487  5487 F DEBUG   :     x20 b400007038b47f50  x21 00000000000039e6  x22 0000000000000000  x23 0000000000001070
01-21 22:50:13.126  5487  5487 F DEBUG   :     x24 0000006f77a00880  x25 0000007ffbf15e30  x26 0000000018380001  x27 0000000000000000
01-21 22:50:13.126  5487  5487 F DEBUG   :     x28 0000007ffbf15d30  x29 0000007ffbf15b50
01-21 22:50:13.126  5487  5487 F DEBUG   :     lr  0000006ef9c058ec  sp  0000007ffbf15b20  pc  0000000000000000  pst 0000000060001000
01-21 22:50:13.126  5487  5487 F DEBUG   : backtrace:
01-21 22:50:13.126  5487  5487 F DEBUG   :       #00 pc 0000000000000000  <unknown>
01-21 22:50:13.126  5487  5487 F DEBUG   :       #01 pc 00000000001ad8e8  /data/app/~~s__UGu3z7UpQF60eUdrA1Q==/com.xamarin.android.helloworld-9ASKHy_GHjd9malbU1i6Zw==/base.apk!libxamarin-app-clr.so (offset 0x28a4000) (Java_example_MainActivity_n_1onCreate__Landroid_os_Bundle_2V+84) (BuildId: 7e8e444fb44f1c2d8902033cce7676f1d94a5004)
01-21 22:50:13.126  5487  5487 F DEBUG   :       #02 pc 0000000000000dac  <anonymous:6eb65f0000>
01-21 22:50:13.150   195   195 E tombstoned: Tombstone written to: tombstone_19
01-21 22:50:13.156   551  5493 I DropBoxManagerService: add tag=data_app_native_crash isTagEnabled=true flags=0x2
01-21 22:50:13.156   551  5492 W ActivityTaskManager:   Force finishing activity com.xamarin.android.helloworld/example.MainActivity
01-21 22:50:13.157   551   692 I BootReceiver: Copying /data/tombstones/tombstone_19 to DropBox (SYSTEM_TOMBSTONE)
01-21 22:50:13.157   551   692 I DropBoxManagerService: add tag=SYSTEM_TOMBSTONE isTagEnabled=true flags=0x6
01-21 22:50:13.200     1     1 I init    : Untracked pid 5487 exited with status 0
01-21 22:50:13.200     1     1 I init    : Untracked pid 5487 did not have an associated service entry and will not be reaped
01-21 22:50:13.219     1     1 I init    : Untracked pid 5489 exited with status 0
01-21 22:50:13.219     1     1 I init    : Untracked pid 5489 did not have an associated service entry and will not be reaped
01-21 22:50:13.185   551   692 I DropBoxManagerService: add tag=SYSTEM_TOMBSTONE_PROTO isTagEnabled=true flags=0x4
01-21 22:50:13.220   551   606 W BroadcastQueue: Background execution not allowed: receiving Intent { act=android.intent.action.DROPBOX_ENTRY_ADDED flg=0x10 (has extras) } to com.google.android.gms/.stats.service.DropBoxEntryAddedReceiver
01-21 22:50:13.222   551   606 W BroadcastQueue: Background execution not allowed: receiving Intent { act=android.intent.action.DROPBOX_ENTRY_ADDED flg=0x10 (has extras) } to com.google.android.gms/.chimera.GmsIntentOperationService$PersistentTrustedReceiver
01-21 22:50:13.223   551   606 W BroadcastQueue: Background execution not allowed: receiving Intent { act=android.intent.action.DROPBOX_ENTRY_ADDED flg=0x10 (has extras) } to com.google.android.gms/.stats.service.DropBoxEntryAddedReceiver
01-21 22:50:13.223   551   606 W BroadcastQueue: Background execution not allowed: receiving Intent { act=android.intent.action.DROPBOX_ENTRY_ADDED flg=0x10 (has extras) } to com.google.android.gms/.chimera.GmsIntentOperationService$PersistentTrustedReceiver
01-21 22:50:13.223   551   606 W BroadcastQueue: Background execution not allowed: receiving Intent { act=android.intent.action.DROPBOX_ENTRY_ADDED flg=0x10 (has extras) } to com.google.android.gms/.stats.service.DropBoxEntryAddedReceiver
01-21 22:50:13.223   551   606 W BroadcastQueue: Background execution not allowed: receiving Intent { act=android.intent.action.DROPBOX_ENTRY_ADDED flg=0x10 (has extras) } to com.google.android.gms/.chimera.GmsIntentOperationService$PersistentTrustedReceiver
01-21 22:50:13.318    43    43 I binder  : undelivered transaction 251081, process died.
01-21 22:50:13.276   337   337 I BpBinder: onLastStrongRef automatically unlinking death recipients: <uncached descriptor>
01-21 22:50:13.278   551  2376 I ActivityManager: Process com.xamarin.android.helloworld (pid 5458) has died: fg  TOP 
01-21 22:50:13.278   551   610 I libprocessgroup: Successfully killed process cgroup uid 10176 pid 5458 in 0ms
01-21 22:50:13.321   294   294 I Zygote  : Process 5458 exited due to signal 11 (Segmentation fault)
01-21 22:50:13.330   833  1105 D EGL_emulation: app_time_stats: avg=8.05ms min=2.37ms max=19.92ms count=49
01-21 22:50:13.341  1201  1201 D MainContentCaptureSession: Flushing 1 event(s) for act:com.google.android.apps.nexuslauncher/.NexusLauncherActivity [state=2 (ACTIVE), disabled=false], reason=FULL
01-21 22:50:13.426   551  3877 D HostConnection: HostComposition ext ANDROID_EMU_CHECKSUM_HELPER_v1 ANDROID_EMU_native_sync_v2 ANDROID_EMU_native_sync_v3 ANDROID_EMU_native_sync_v4 ANDROID_EMU_dma_v1 ANDROID_EMU_direct_mem ANDROID_EMU_host_composition_v1 ANDROID_EMU_host_composition_v2 ANDROID_EMU_vulkan ANDROID_EMU_deferred_vulkan_commands ANDROID_EMU_vulkan_null_optional_strings ANDROID_EMU_vulkan_create_resources_with_requirements ANDROID_EMU_YUV_Cache ANDROID_EMU_vulkan_ignored_handles ANDROID_EMU_has_shared_slots_host_memory_allocator ANDROID_EMU_vulkan_free_memory_sync ANDROID_EMU_vulkan_shader_float16_int8 ANDROID_EMU_vulkan_async_queue_submit ANDROID_EMU_vulkan_queue_submit_with_commands ANDROID_EMU_sync_buffer_data ANDROID_EMU_vulkan_async_qsri ANDROID_EMU_read_color_buffer_dma ANDROID_EMU_hwc_multi_configs GL_OES_EGL_image_external_essl3 GL_OES_vertex_array_object GL_KHR_texture_compression_astc_ldr ANDROID_EMU_host_side_tracing ANDROID_EMU_gles_max_version_3_0 
01-21 22:50:13.500   551  1548 W AppSearchIcing: icing-search-engine.cc:217: Error: 5, Message: Document (com.google.android.googlequicksearchbox$OneSearchZeroStateGoogleSuggestions/default, zp) not found.
01-21 22:50:13.500  1201  1718 D OneSearchSuggestProvider: Established or reuse existing binder channel authority=com.google.android.googlequicksearchbox
01-21 22:50:13.505   551   661 W system_server: Long monitor contention with owner android.anim (597) at void com.android.server.wm.WindowAnimator.lambda$new$1(long)(WindowAnimator.java:110) waiters=0 in android.content.res.CompatibilityInfo com.android.server.wm.ActivityTaskManagerService$LocalService.compatibilityInfoForPackage(android.content.pm.ApplicationInfo) for 121ms
01-21 22:50:13.506   551   596 W system_server: Long monitor contention with owner binder:551_19 (2376) at void com.android.server.am.ActivityManagerService$AppDeathRecipient.binderDied()(ActivityManagerService.java:1479) waiters=1 in void com.android.server.am.ProcessRecord.updateProcessInfo(boolean, boolean, boolean) for 169ms
01-21 22:50:13.546  1201  1613 E OpenGLRenderer: Unable to match the desired swap behavior.
01-21 22:50:13.566   551  3877 W OpenGLRenderer: Failed to choose config with EGL_SWAP_BEHAVIOR_PRESERVED, retrying without...
01-21 22:50:13.570   551  3877 W OpenGLRenderer: Failed to initialize 101010-2 format, error = EGL_SUCCESS
01-21 22:50:13.572   551  3877 D EGL_emulation: eglCreateContext: 0xb400007008b7aad0: maj 3 min 0 rcv 3
01-21 22:50:13.587   551  3877 D EGL_emulation: eglMakeCurrent: 0xb400007008b7aad0: ver 3 0 (tinfo 0x7236d60080) (first time)
01-21 22:50:13.616  1754  2094 E OpenGLRenderer: Unable to match the desired swap behavior.
01-21 22:50:13.632  1538  2102 I AiAiEcho: Predicting[0]: 
01-21 22:50:13.632  1538  2102 I AiAiEcho: Ranked targets strategy: SORT, count: 0, ranking metadata: 
01-21 22:50:13.633  1538  2102 I AiAiEcho: #postPredictionTargets: Sending updates to UISurface lockscreen with targets# 0
01-21 22:50:13.633  1538  2102 I AiAiEcho: #postPredictionTargets: Sending updates to UISurface home with targets# 0
01-21 22:50:13.633  1538  2102 I AiAiEcho: #postPredictionTargets: Sending updates to UISurface media_data_manager with targets# 0
01-21 22:50:13.634   833   833 D SsMediaDataProvider: Forwarding Smartspace updates []
01-21 22:50:13.684   551   596 W ActivityTaskManager: Activity top resumed state loss timeout for ActivityRecord{4003225 u0 com.xamarin.android.helloworld/example.MainActivity} t30 f} isExiting}
01-21 22:50:13.729   551  2379 D CoreBackPreview: Window{15f1c6 u0 Splash Screen com.xamarin.android.helloworld EXITING}: Setting back callback null
01-21 22:50:13.781   551   597 W InputManager-JNI: Input channel object '15f1c6 Splash Screen com.xamarin.android.helloworld (client)' was disposed without first being removed with the input manager!
01-21 22:50:13.799   833  1105 D EGL_emulation: app_time_stats: avg=13734.13ms min=13734.13ms max=13734.13ms count=1
01-21 22:50:13.804   337   432 W TransactionTracing: Could not find layer handle 0xb4000073622e8890
01-21 22:50:13.804   337   432 W TransactionTracing: Could not find layer handle 0xb4000073622e9730
01-21 22:50:13.804   337   432 W TransactionTracing: Could not find layer handle 0xb4000073622ec2b0
01-21 22:50:13.804   337   432 W TransactionTracing: Could not find layer handle 0xb4000073622ec1f0
01-21 22:50:13.804   337   432 W TransactionTracing: Could not find layer handle 0xb4000073622ec2b0
01-21 22:50:13.804   337   432 W TransactionTracing: Could not find layer handle 0xb4000073622e8890
01-21 22:50:13.819   551  1360 W WindowManager: Failed looking up window session=Session{79d51bc 833:u0a10157} callers=com.android.server.wm.WindowManagerService.windowForClientLocked:6050 com.android.server.wm.WindowManagerService.removeWindow:2076 com.android.server.wm.Session.remove:230 
01-21 22:50:13.875  2899  2899 I GoogleInputMethodService: GoogleInputMethodService.onFinishInput():3227 
01-21 22:50:13.882  2899  2899 I GoogleInputMethodService: GoogleInputMethodService.updateDeviceLockedStatus():2087 repeatCheckTimes = 0, unlocked = true
01-21 22:50:13.883  2899  2899 I GoogleInputMethodService: GoogleInputMethodService.onStartInput():1877 onStartInput(EditorInfo{inputType=0x0(NULL) imeOptions=0x0 privateImeOptions=null actionName=UNSPECIFIED actionLabel=null actionId=0 initialSelStart=-1 initialSelEnd=-1 initialCapsMode=0x0 hintText=null label=null packageName=com.google.android.apps.nexuslauncher fieldId=-1 fieldName=null extras=null}, false)
01-21 22:50:13.883  2899  2899 I GoogleInputMethodService: GoogleInputMethodService.shouldHideHeaderOnInitialState():4008 ShouldHideHeaderOnInitialState = false
01-21 22:50:13.883  2899  2899 I GoogleInputMethodService: GoogleInputMethodService.updateDeviceLockedStatus():2087 repeatCheckTimes = 2, unlocked = true
01-21 22:50:14.333   833  1105 D EGL_emulation: app_time_stats: avg=13.85ms min=2.07ms max=122.58ms count=36
01-21 22:50:15.338   833  1105 D EGL_emulation: app_time_stats: avg=9.93ms min=1.74ms max=63.13ms count=51
