01-21 22:24:16.665     1     1 I init    : processing action (ro.persistent_properties.ready=true) from (/system/etc/init/perfetto.rc:116)
01-21 22:24:16.665     1     1 I init    : processing action (persist.traced_perf.enable= && sys.init.perf_lsm_hooks=1 && traced.lazy.traced_perf=) from (/system/etc/init/traced_perf.rc:43)
01-21 22:24:16.665     1     1 I init    : processing action (init.svc.qemu-adb-keys=stopped) from (/system_ext/etc/init/init.system_ext.rc:1)
01-21 22:24:16.667     1     1 I init    : starting service 'qemu-adb-setup'...
01-21 22:24:16.724     1     1 I init    : processing action (nonencrypted) from (/system/etc/init/hw/init.rc:1184)
01-21 22:24:16.724     1     1 I init    : starting service 'goldfish-logcat'...
01-21 22:24:16.751     1     1 I init    : starting service 'bt_vhci_forwarder'...
01-21 22:24:16.759     1     1 I init    : service 'zygote' requested start, but it is already running (flags: 4)
01-21 22:24:16.759     1     1 I init    : starting service 'cameraserver'...
01-21 22:24:16.770     1     1 I init    : service 'drm' requested start, but it is already running (flags: 132)
01-21 22:24:16.774     1     1 I init    : starting service 'idmap2d'...
01-21 22:24:16.745   372   372 I bootstat: Service started: /system/bin/bootstat --set_system_boot_reason 
01-21 22:24:16.783     1     1 I init    : starting service 'incidentd'...
01-21 22:24:16.826   296   296 I HidlServiceManagement: Registered android.hardware.soundtrigger@2.2::ISoundTriggerHw/default
01-21 22:24:16.826   296   296 I LegacySupport: Registration complete for android.hardware.soundtrigger@2.2::ISoundTriggerHw/default.
01-21 22:24:16.826   149   149 I hwservicemanager: getTransport: Cannot find entry android.hardware.bluetooth.audio@2.2::IBluetoothAudioProvidersFactory/default in either framework or device VINTF manifest.
01-21 22:24:16.826   296   296 E LegacySupport: Could not get passthrough implementation for android.hardware.bluetooth.audio@2.2::IBluetoothAudioProvidersFactory/default.
01-21 22:24:16.830   381   381 W qemu-adb-setup: /data/misc/adb/adb_keys exists. Skipping qemu adb setup
01-21 22:24:16.863     1     1 I init    : starting service 'installd'...
01-21 22:24:16.840   372   372 I bootstat: Canonical boot reason: reboot,shell
01-21 22:24:16.840   372   372 I bootstat: Canonical boot reason: reboot,shell
01-21 22:24:16.891   293   293 I netd    : Registering NetdNativeService: 571us
01-21 22:24:16.892   293   293 I netd    : Registering MDnsService: 520us
01-21 22:24:16.955   157   157 I logd    : logdr: UID=1036 GID=0 PID=383 b tail=0 logMask=99 pid=0 start=0ns deadline=0ns
01-21 22:24:16.946   293   293 I HidlServiceManagement: Registered android.system.net.netd@1.1::INetd/default
01-21 22:24:16.946   293   293 I netd    : Registering NetdHwService: 54389us
01-21 22:24:16.946   293   293 I netd    : Netd started in 1423446us
01-21 22:24:17.217   378   378 I perfetto:           probes.cc:104 Starting /system/bin/traced_probes service
01-21 22:24:17.233   378   378 I perfetto:  probes_producer.cc:346 Disconnected from tracing service
01-21 22:24:17.237   378   399 I perfetto: _activity_trigger.cc:71 mm_events ftrace instance not found. Triggering of traces on memory pressure will not be available on this device.
01-21 22:24:17.258   301   301 I EmulatedCameraProviderHwlImpl: Create: Created EmulatedCameraProviderHwlImpl
01-21 22:24:17.258   301   301 E GCH_CameraProvider: Initialize: HWL doesn't support vendor buffer allocation Function not implemented(-38)
01-21 22:24:17.290     1     1 I init    : starting service 'mediaextractor'...
01-21 22:24:17.259   388   388 I installd: installd firing up
01-21 22:24:17.261   372   372 I bootstat: Last reboot reason read from /metadata/bootstat/persist.sys.boot.reason : reboot,shell. Last reboot reason read from persist.sys.boot.reason : reboot,shell
01-21 22:24:17.261   372   372 I bootstat: Normalized last reboot reason : reboot,shell
01-21 22:24:17.269   148   148 I servicemanager: Found android.hardware.camera.provider.ICameraProvider/internal/0 in device VINTF manifest.
01-21 22:24:17.288   379   379 W perfetto:          service.cc:237 Started traced, listening on /dev/socket/traced_producer /dev/socket/traced_consumer
01-21 22:24:17.384   386   386 I idmap2d : Starting
01-21 22:24:17.485     1     1 I init    : starting service 'mediametrics'...
01-21 22:24:17.490     1     1 I init    : starting service 'media'...
01-21 22:24:17.499     1     1 I init    : service 'netd' requested start, but it is already running (flags: 4)
01-21 22:24:17.499     1     1 I init    : starting service 'storaged'...
01-21 22:24:17.499     1     1 I init    : Could not open file '/d/mmc0/mmc0:0001/ext_csd': Failed to open file '/d/mmc0/mmc0:0001/ext_csd': No such file or directory
01-21 22:24:17.520     1     1 I init    : starting service 'wificond'...
01-21 22:24:17.491   378   378 I perfetto:  probes_producer.cc:311 Connected to the service
01-21 22:24:17.523     1     1 I init    : starting service 'vendor.ril-daemon'...
01-21 22:24:17.553     1     1 I init    : starting service 'media.swcodec'...
01-21 22:24:17.616     1     1 I init    : service 'statsd' requested start, but it is already running (flags: 4)
01-21 22:24:17.616     1     1 I init    : Command 'class_start main' action=nonencrypted (/system/etc/init/hw/init.rc:1185) took 892ms and succeeded
01-21 22:24:17.616     1     1 I init    : Service 'exec 18 (/system/bin/bootstat --set_system_boot_reason)' (pid 372) exited with status 0 oneshot service took 1.035000 seconds in background
01-21 22:24:17.616     1     1 I init    : Sending signal 9 to service 'exec 18 (/system/bin/bootstat --set_system_boot_reason)' (pid 372) process group...
01-21 22:24:17.616     1     1 I libprocessgroup: Successfully killed process cgroup uid 1000 pid 372 in 0ms
01-21 22:24:17.616     1     1 I init    : Service 'qemu-adb-setup' (pid 381) exited with status 0 oneshot service took 0.933000 seconds in background
01-21 22:24:17.616     1     1 I init    : Sending signal 9 to service 'qemu-adb-setup' (pid 381) process group...
01-21 22:24:17.616     1     1 I libprocessgroup: Successfully killed process cgroup uid 0 pid 381 in 0ms
01-21 22:24:17.630     1     1 I init    : starting service 'gatekeeperd'...
01-21 22:24:17.648     1     1 I init    : service 'traced' requested start, but it is already running (flags: 132)
01-21 22:24:17.648     1     1 I init    : service 'traced_probes' requested start, but it is already running (flags: 132)
01-21 22:24:17.648     1     1 I init    : starting service 'usbd'...
01-21 22:24:17.646   149   149 I hwservicemanager: getTransport: Cannot find entry android.hardware.configstore@1.0::ISurfaceFlingerConfigs/default in either framework or device VINTF manifest.
01-21 22:24:17.680     1     1 I init    : starting service 'vendor.face-hal-1-0-default'...
01-21 22:24:17.712     1     1 I init    : starting service 'vendor.fps_hal'...
01-21 22:24:17.714     1     1 I init    : Command 'class_start late_start' action=nonencrypted (/system/etc/init/hw/init.rc:1186) took 84ms and succeeded
01-21 22:24:17.714     1     1 I init    : processing action (load_persist_props_action) from (/system/etc/init/flags_health_check.rc:1)
01-21 22:24:17.738     1     1 I init    : Verified that /data/server_configurable_flags has the encryption policy d876815e3f00224e299a60e40296e19c v2 modes 1/4 flags 0x2
01-21 22:24:17.739     1     1 I init    : starting service 'exec 19 (/system/bin/flags_health_check BOOT_FAILURE)'...
01-21 22:24:17.760     1     1 I init    : SVC_EXEC service 'exec 19 (/system/bin/flags_health_check BOOT_FAILURE)' pid 419 (uid 1000 gid 1000+0 context default) started; waiting...
01-21 22:24:17.761   296   296 I BTAudioProviderA2dpSoftware: A2dpSoftwareAudioProvider - size of audio buffer 7680 byte(s)
01-21 22:24:17.801   296   296 I BTAudioProviderHearingAid: HearingAidAudioProvider - size of audio buffer 3584 byte(s)
01-21 22:24:17.801   296   296 I HidlServiceManagement: Registered android.hardware.bluetooth.audio@2.1::IBluetoothAudioProvidersFactory/default
01-21 22:24:17.801   296   296 I LegacySupport: Registration complete for android.hardware.bluetooth.audio@2.1::IBluetoothAudioProvidersFactory/default.
01-21 22:24:17.802   149   149 I hwservicemanager: getTransport: Cannot find entry android.hardware.bluetooth.a2dp@1.0::IBluetoothAudioOffload/default in either framework or device VINTF manifest.
01-21 22:24:17.802   296   296 E LegacySupport: Could not get passthrough implementation for android.hardware.bluetooth.a2dp@1.0::IBluetoothAudioOffload/default.
01-21 22:24:17.802   296   296 W audiohalservice: Could not register Bluetooth Audio Offload API
01-21 22:24:17.802   296   296 E audiohalservice: Failed to dlopen android.hardware.bluetooth.audio-impl.so: dlopen failed: library "android.hardware.bluetooth.audio-impl.so" not found
01-21 22:24:17.802   296   296 W audiohalservice: createIBluetoothAudioProviderFactory() from android.hardware.bluetooth.audio-impl failed
01-21 22:24:17.842   406   406 V MediaUtils: physMem: 2060480512
01-21 22:24:17.842   406   406 V MediaUtils: requested limit: 134217728
01-21 22:24:17.842   406   406 I libc    : malloc_limit: Allocation limit enabled, max size 134217728 bytes
01-21 22:24:17.877   419   419 I flags_health_check: ServerConfigurableFlagsReset reset_mode value: 0
01-21 22:24:17.877   419   419 I flags_health_check: ServerConfigurableFlagsReset attempted boot count is under threshold, skipping reset.
01-21 22:24:17.881   149   149 I hwservicemanager: getTransport: Cannot find entry android.hardware.usb.gadget@1.0::IUsbGadget/default in either framework or device VINTF manifest.
01-21 22:24:17.882   416   416 I usbd    : Usb HAL not found
01-21 22:24:17.923     1     1 I init    : Service 'usbd' (pid 416) exited with status 0 oneshot service took 0.273000 seconds in background
01-21 22:24:17.923     1     1 I init    : Sending signal 9 to service 'usbd' (pid 416) process group...
01-21 22:24:17.923     1     1 I libprocessgroup: Successfully killed process cgroup uid 0 pid 416 in 0ms
01-21 22:24:17.893   337   337 E SurfaceFlinger: ro.sf.lcd_density must be defined as a build property
01-21 22:24:17.916   406   406 D AudioPowerUsage: AudioPowerUsage
01-21 22:24:17.917   406   406 D AudioAnalytics: AudioAnalytics
01-21 22:24:17.917   406   406 D MediaMetricsService: MediaMetricsService
01-21 22:24:17.923   384   384 I bt_vhci_forwarder: ignore 0xff packet
01-21 22:24:17.940   409   409 I wificond: wificond is starting up...
01-21 22:24:17.963   148   148 I servicemanager: Could not find android.hardware.net.nlinterceptor.IInterceptor/default in the VINTF manifest.
01-21 22:24:18.025   337   337 I SurfaceFlinger: Using HWComposer service: default
01-21 22:24:18.042   365   365 I adbd    : persist.adb.watchdog set to ''
01-21 22:24:18.043   365   365 I adbd    : persist.sys.test_harness set to ''
01-21 22:24:18.057   365   365 I adbd    : adb watchdog timeout set to 600 seconds
01-21 22:24:18.066   365   365 I adbd    : Setup mdns on port= 5555
01-21 22:24:18.067   365   365 I adbd    : adbd listening on tcp:5555
01-21 22:24:18.067   365   365 I adbd    : adbd listening on vsock:5555
01-21 22:24:18.067   365   365 I adbd    : adbd started
01-21 22:24:18.107     1     1 I init    : Service 'exec 19 (/system/bin/flags_health_check BOOT_FAILURE)' (pid 419) exited with status 0 waiting took 0.367000 seconds
01-21 22:24:18.107     1     1 I init    : Sending signal 9 to service 'exec 19 (/system/bin/flags_health_check BOOT_FAILURE)' (pid 419) process group...
01-21 22:24:18.107     1     1 I libprocessgroup: Successfully killed process cgroup uid 1000 pid 419 in 0ms
01-21 22:24:18.108     1     1 I init    : processing action (load_persist_props_action) from (/system/etc/init/logcatd.rc:29)
01-21 22:24:18.075   418   418 D android.hardware.biometrics.fingerprint@2.1-service: Opening fingerprint hal library...
01-21 22:24:18.077   409   409 I HidlServiceManagement: Registered android.system.wifi.keystore@1.0::IKeystore/default
01-21 22:24:18.077   337   337 I SurfaceFlinger: SurfaceFlinger is starting
01-21 22:24:18.085   414   414 I gatekeeperd: Starting gatekeeperd...
01-21 22:24:18.129     1     1 I init    : processing action (llk.enable=0) from (/system/etc/init/llkd.rc:12)
01-21 22:24:18.130     1     1 I init    : processing action (khungtask.enable=1) from (/system/etc/init/llkd.rc:18)
01-21 22:24:18.130     1     1 I init    : processing action (llk.enable=0) from (/system/etc/init/llkd.rc:12)
01-21 22:24:18.130     1     1 I init    : processing action (khungtask.enable=0) from (/system/etc/init/llkd.rc:21)
01-21 22:24:18.131     1     1 I init    : processing action (init.svc.media=*) from (/system/etc/init/mediaserver.rc:1)
01-21 22:24:18.135     1     1 I init    : processing action (khungtask.enable=true) from (/system/etc/init/llkd.rc:25)
01-21 22:24:18.135     1     1 I init    : processing action (khungtask.enable=false) from (/system/etc/init/llkd.rc:31)
01-21 22:24:18.135     1     1 I init    : processing action (init.svc.mediadrm=running) from (/vendor/etc/init/android.hardware.drm-service.widevine.rc:1)
01-21 22:24:18.091   365   425 I adbd    : Waiting for persist.adb.tls_server.enable=1
01-21 22:24:18.113   418   418 D FingerprintHal: ----------------> fingerprint_open ----------------->
01-21 22:24:18.113   418   418 D FingerprintHal: ----------------> set_notify_callback ----------------->
01-21 22:24:18.113   418   418 D FingerprintHal: fingerprint callback notification set
01-21 22:24:18.136   418   433 D FingerprintHal: ----------------> listenerFunction ----------------->
01-21 22:24:18.136   418   418 I HidlServiceManagement: Registered android.hardware.biometrics.fingerprint@2.1::IBiometricsFingerprint/default
01-21 22:24:18.138   418   418 I HidlServiceManagement: Removing namespace from process name android.hardware.biometrics.fingerprint@2.1-service to fingerprint@2.1-service.
01-21 22:24:18.106   417   417 I android.hardware.biometrics.face@1.0-service: BiometricsFace HAL is being started.
01-21 22:24:18.172     1     1 I init    : starting service 'mdnsd'...
01-21 22:24:18.205     1     1 I init    : Created socket '/dev/socket/mdnsd', mode 660, user 1020, group 3003
01-21 22:24:18.183   417   417 I HidlServiceManagement: Registered android.hardware.biometrics.face@1.0::IBiometricsFace/default
01-21 22:24:18.183   417   417 I HidlServiceManagement: Removing namespace from process name android.hardware.biometrics.face@1.0-service.example to face@1.0-service.example.
01-21 22:24:18.183   417   417 I android.hardware.biometrics.face@1.0-service: BiometricsFace HAL has started successfully.
01-21 22:24:18.194   337   337 I SurfaceFlinger: SurfaceFlinger's main thread ready to run. Initializing graphics H/W...
01-21 22:24:18.196   337   337 E SurfaceFlinger: Unrecognized RenderEngineType ; ignoring!
01-21 22:24:18.197   337   337 D RenderEngine: Threaded RenderEngine with SkiaGL Backend
01-21 22:24:18.225     1     1 I init    : Control message: Processed ctl.start for 'mdnsd' from pid: 365 (/apex/com.android.adbd/bin/adbd --root_seclabel=u:r:su:s0)
01-21 22:24:18.331   148   148 I servicemanager: Could not find android.hardware.health.IHealth/default in the VINTF manifest.
01-21 22:24:18.332   408   408 I storaged: Unable to get AIDL health service, trying HIDL...
01-21 22:24:18.366   408   408 I ServiceManager: Waiting for service 'package_native' on '/dev/binder'...
01-21 22:24:18.387   365   437 I adbd    : host-12: write thread spawning
01-21 22:24:18.391   365   436 I adbd    : host-12: read thread spawning
01-21 22:24:18.392   333   333 I FastMixerState: sMaxFastTracks = 8
01-21 22:24:18.434   365   438 I adbd    : host-18: read thread spawning
01-21 22:24:18.438   365   365 I adbd    : host-18: already offline
01-21 22:24:18.438   365   365 I adbd    : authentication not required
01-21 22:24:18.450   365   439 I adbd    : host-18: write thread spawning
01-21 22:24:18.451   337   435 D libEGL  : loaded /vendor/lib64/egl/libEGL_emulation.so
01-21 22:24:18.493   337   435 D libEGL  : loaded /vendor/lib64/egl/libGLESv1_CM_emulation.so
01-21 22:24:18.506   333   333 V MediaUtils: physMem: 2060480512
01-21 22:24:18.506   333   333 V MediaUtils: requested limit: 412096100
01-21 22:24:18.506   333   333 I libc    : malloc_limit: Allocation limit enabled, max size 412096100 bytes
01-21 22:24:18.507   333   333 I audioserver: ServiceManager: 0xb400007bb2f92b00
01-21 22:24:18.563   333   333 W BatteryNotifier: batterystats service unavailable!
01-21 22:24:18.571   149   149 I hwservicemanager: getTransport: Cannot find entry android.hardware.audio.effect@7.1::IEffectsFactory/default in either framework or device VINTF manifest.
01-21 22:24:18.586   337   435 D libEGL  : loaded /vendor/lib64/egl/libGLESv2_emulation.so
01-21 22:24:18.704   337   435 D HostConnection: HostComposition ext ANDROID_EMU_CHECKSUM_HELPER_v1 ANDROID_EMU_native_sync_v2 ANDROID_EMU_native_sync_v3 ANDROID_EMU_native_sync_v4 ANDROID_EMU_dma_v1 ANDROID_EMU_direct_mem ANDROID_EMU_host_composition_v1 ANDROID_EMU_host_composition_v2 ANDROID_EMU_vulkan ANDROID_EMU_deferred_vulkan_commands ANDROID_EMU_vulkan_null_optional_strings ANDROID_EMU_vulkan_create_resources_with_requirements ANDROID_EMU_YUV_Cache ANDROID_EMU_vulkan_ignored_handles ANDROID_EMU_has_shared_slots_host_memory_allocator ANDROID_EMU_vulkan_free_memory_sync ANDROID_EMU_vulkan_shader_float16_int8 ANDROID_EMU_vulkan_async_queue_submit ANDROID_EMU_vulkan_queue_submit_with_commands ANDROID_EMU_sync_buffer_data ANDROID_EMU_vulkan_async_qsri ANDROID_EMU_read_color_buffer_dma ANDROID_EMU_hwc_multi_configs GL_OES_EGL_image_external_essl3 GL_OES_vertex_array_object GL_KHR_texture_compression_astc_ldr ANDROID_EMU_host_side_tracing ANDROID_EMU_gles_max_version_3_0 
01-21 22:24:18.810   337   435 I RenderEngine: EGL information:
01-21 22:24:18.810   337   435 I RenderEngine: vendor    : Android
01-21 22:24:18.810   337   435 I RenderEngine: version   : 1.4 Android META-EGL
01-21 22:24:18.810   337   435 I RenderEngine: extensions: EGL_ANDROID_front_buffer_auto_refresh EGL_ANDROID_get_frame_timestamps EGL_ANDROID_get_native_client_buffer EGL_ANDROID_presentation_time EGL_EXT_surface_CTA861_3_metadata EGL_EXT_surface_SMPTE2086_metadata EGL_KHR_get_all_proc_addresses EGL_KHR_swap_buffers_with_damage EGL_ANDROID_image_native_buffer EGL_ANDROID_native_fence_sync EGL_ANDROID_recordable EGL_KHR_create_context EGL_KHR_fence_sync EGL_KHR_gl_texture_2D_image EGL_KHR_image EGL_KHR_image_base EGL_KHR_wait_sync 
01-21 22:24:18.810   337   435 I RenderEngine: Client API: OpenGL_ES
01-21 22:24:18.810   337   435 I RenderEngine: EGLSurface: 8-8-8-8, config=0x3
01-21 22:24:18.853   337   435 D EGL_emulation: eglCreateContext: 0xb4000073a22e1b10: maj 3 min 0 rcv 3
01-21 22:24:18.901   337   435 D EGL_emulation: eglMakeCurrent: 0xb4000073a22e1b10: ver 3 0 (tinfo 0x75aedb2080) (first time)
01-21 22:24:18.991   292   292 W ServiceManager: Service statscompanion didn't start. Returning NULL
01-21 22:24:19.059   292   292 I statsd  : Statsd starts to listen to socket.
01-21 22:24:19.196   365   427 I adbd    : adbd mDNS service _adb._tcp registered: 1
01-21 22:24:19.250   400   400 I main_extractorservice: enable media.extractor memory limits
01-21 22:24:19.250   400   400 V MediaUtils: physMem: 2060480512
01-21 22:24:19.250   400   400 V MediaUtils: requested limit: 412096100
01-21 22:24:19.250   400   400 I libc    : malloc_limit: Allocation limit enabled, max size 412096100 bytes
01-21 22:24:19.358   149   149 I hwservicemanager: getTransport: Cannot find entry android.hardware.audio.effect@7.1::IEffectsFactory/default in either framework or device VINTF manifest.
01-21 22:24:19.368   400   400 W mediaextractor: Could not read additional policy file '/vendor/etc/seccomp_policy/mediaextractor.policy'
01-21 22:24:19.370   400   400 W mediaextractor: libminijail[400]: failed to get path of fd 4: No such file or directory
01-21 22:24:19.389   407   407 I mediaserver: ServiceManager: 0xb4000078b9327580
01-21 22:24:19.392   333   333 I AudioFlinger: Using default 3000 mSec as standby time.
01-21 22:24:19.404   400   400 W mediaextractor: libminijail[400]: allowing syscall: connect
01-21 22:24:19.404   400   400 W mediaextractor: libminijail[400]: allowing syscall: fcntl
01-21 22:24:19.404   400   400 W mediaextractor: libminijail[400]: allowing syscall: sendto
01-21 22:24:19.404   400   400 W mediaextractor: libminijail[400]: allowing syscall: socket
01-21 22:24:19.404   400   400 W mediaextractor: libminijail[400]: allowing syscall: writev
01-21 22:24:19.404   400   400 W mediaextractor: libminijail[400]: compile_file: <fd>(42): syscall readlinkat redefined here
01-21 22:24:19.404   400   400 W mediaextractor: libminijail[400]: compile_file: <fd>(38): previous definition here
01-21 22:24:19.444   407   407 W BatteryNotifier: batterystats service unavailable!
01-21 22:24:19.445   406   423 I ServiceManager: Waiting for service 'package_native' on '/dev/binder'...
01-21 22:24:19.465   400   400 W mediaextractor: libminijail[400]: compile_file: /apex/com.android.media/etc/seccomp_policy/crash_dump.arm64.policy(1): syscall read redefined here
01-21 22:24:19.465   400   400 W mediaextractor: libminijail[400]: compile_file: <fd>(18): previous definition here
01-21 22:24:19.465   400   400 W mediaextractor: libminijail[400]: compile_file: /apex/com.android.media/etc/seccomp_policy/crash_dump.arm64.policy(2): syscall write redefined here
01-21 22:24:19.465   400   400 W mediaextractor: libminijail[400]: compile_file: <fd>(6): previous definition here
01-21 22:24:19.465   400   400 W mediaextractor: libminijail[400]: compile_file: /apex/com.android.media/etc/seccomp_policy/crash_dump.arm64.policy(3): syscall exit redefined here
01-21 22:24:19.465   400   400 W mediaextractor: libminijail[400]: compile_file: <fd>(27): previous definition here
01-21 22:24:19.465   400   400 W mediaextractor: libminijail[400]: compile_file: /apex/com.android.media/etc/seccomp_policy/crash_dump.arm64.policy(4): syscall rt_sigreturn redefined here
01-21 22:24:19.465   400   400 W mediaextractor: libminijail[400]: compile_file: <fd>(29): previous definition here
01-21 22:24:19.465   400   400 W mediaextractor: libminijail[400]: compile_file: /apex/com.android.media/etc/seccomp_policy/crash_dump.arm64.policy(5): syscall exit_group redefined here
01-21 22:24:19.465   400   400 W mediaextractor: libminijail[400]: compile_file: <fd>(28): previous definition here
01-21 22:24:19.466   400   400 W mediaextractor: libminijail[400]: compile_file: /apex/com.android.media/etc/seccomp_policy/crash_dump.arm64.policy(8): syscall futex redefined here
01-21 22:24:19.466   400   400 W mediaextractor: libminijail[400]: compile_file: <fd>(4): previous definition here
01-21 22:24:19.466   400   400 W mediaextractor: libminijail[400]: compile_file: /apex/com.android.media/etc/seccomp_policy/crash_dump.arm64.policy(9): syscall getrandom redefined here
01-21 22:24:19.466   400   400 W mediaextractor: libminijail[400]: compile_file: <fd>(32): previous definition here
01-21 22:24:19.466   400   400 W mediaextractor: libminijail[400]: compile_file: /apex/com.android.media/etc/seccomp_policy/crash_dump.arm64.policy(14): syscall openat redefined here
01-21 22:24:19.466   400   400 W mediaextractor: libminijail[400]: compile_file: <fd>(12): previous definition here
01-21 22:24:19.466   400   400 W mediaextractor: libminijail[400]: compile_file: /apex/com.android.media/etc/seccomp_policy/crash_dump.arm64.policy(15): syscall dup redefined here
01-21 22:24:19.466   400   400 W mediaextractor: libminijail[400]: compile_file: <fd>(9): previous definition here
01-21 22:24:19.466   400   400 W mediaextractor: libminijail[400]: compile_file: /apex/com.android.media/etc/seccomp_policy/crash_dump.arm64.policy(16): syscall close redefined here
01-21 22:24:19.466   400   400 W mediaextractor: libminijail[400]: compile_file: <fd>(8): previous definition here
01-21 22:24:19.466   400   400 W mediaextractor: libminijail[400]: compile_file: /apex/com.android.media/etc/seccomp_policy/crash_dump.arm64.policy(17): syscall lseek redefined here
01-21 22:24:19.466   400   400 W mediaextractor: libminijail[400]: compile_file: <fd>(23): previous definition here
01-21 22:24:19.466   400   400 W mediaextractor: libminijail[400]: compile_file: /apex/com.android.media/etc/seccomp_policy/crash_dump.arm64.policy(18): syscall getdents64 redefined here
01-21 22:24:19.466   400   400 W mediaextractor: libminijail[400]: compile_file: <fd>(41): previous definition here
01-21 22:24:19.466   400   400 W mediaextractor: libminijail[400]: compile_file: /apex/com.android.media/etc/seccomp_policy/crash_dump.arm64.policy(19): syscall faccessat redefined here
01-21 22:24:19.466   400   400 W mediaextractor: libminijail[400]: compile_file: <fd>(25): previous definition here
01-21 22:24:19.466   400   400 W mediaextractor: libminijail[400]: compile_file: /apex/com.android.media/etc/seccomp_policy/crash_dump.arm64.policy(28): syscall prctl redefined here
01-21 22:24:19.466   400   400 W mediaextractor: libminijail[400]: compile_file: <fd>(5): previous definition here
01-21 22:24:19.466   400   400 W mediaextractor: libminijail[400]: compile_file: /apex/com.android.media/etc/seccomp_policy/crash_dump.arm64.policy(29): syscall madvise redefined here
01-21 22:24:19.466   400   400 W mediaextractor: libminijail[400]: compile_file: <fd>(14): previous definition here
01-21 22:24:19.466   400   400 W mediaextractor: libminijail[400]: compile_file: /apex/com.android.media/etc/seccomp_policy/crash_dump.arm64.policy(30): syscall mprotect redefined here
01-21 22:24:19.466   400   400 W mediaextractor: libminijail[400]: compile_file: <fd>(13): previous definition here
01-21 22:24:19.466   400   400 W mediaextractor: libminijail[400]: compile_file: /apex/com.android.media/etc/seccomp_policy/crash_dump.arm64.policy(31): syscall munmap redefined here
01-21 22:24:19.466   400   400 W mediaextractor: libminijail[400]: compile_file: <fd>(11): previous definition here
01-21 22:24:19.466   400   400 W mediaextractor: libminijail[400]: compile_file: /apex/com.android.media/etc/seccomp_policy/crash_dump.arm64.policy(32): syscall getuid redefined here
01-21 22:24:19.466   400   400 W mediaextractor: libminijail[400]: compile_file: <fd>(15): previous definition here
01-21 22:24:19.466   400   400 W mediaextractor: libminijail[400]: compile_file: /apex/com.android.media/etc/seccomp_policy/crash_dump.arm64.policy(33): syscall fstat redefined here
01-21 22:24:19.466   400   400 W mediaextractor: libminijail[400]: compile_file: <fd>(16): previous definition here
01-21 22:24:19.466   400   400 W mediaextractor: libminijail[400]: compile_file: /apex/com.android.media/etc/seccomp_policy/crash_dump.arm64.policy(34): syscall mmap redefined here
01-21 22:24:19.466   400   400 W mediaextractor: libminijail[400]: compile_file: <fd>(10): previous definition here
01-21 22:24:19.467   407   407 W BatteryNotifier: batterystats service unavailable!
01-21 22:24:19.494     1     1 I init    : Service 'exec 17 (/system/bin/profcollectctl reset)' (pid 340) exited with status 0 oneshot service took 4.551000 seconds in background
01-21 22:24:19.494     1     1 I init    : Sending signal 9 to service 'exec 17 (/system/bin/profcollectctl reset)' (pid 340) process group...
01-21 22:24:19.494     1     1 I libprocessgroup: Successfully killed process cgroup uid 0 pid 340 in 0ms
01-21 22:24:19.479   385   385 I cameraserver: ServiceManager: 0xb400006df8f3e2b0
01-21 22:24:19.486   400   400 W mediaextractor: libminijail[400]: logging seccomp filter failures
01-21 22:24:19.491   385   385 I CameraService: CameraService started (pid=385)
01-21 22:24:19.497   385   385 I CameraService: CameraService process starting
01-21 22:24:19.497   385   385 W BatteryNotifier: batterystats service unavailable!
01-21 22:24:19.497   385   385 W BatteryNotifier: batterystats service unavailable!
01-21 22:24:19.508   385   385 I cameraserver: Connecting to new camera provider: legacy/0, isRemote? 1
01-21 22:24:19.508   385   385 I CameraProviderManager: Camera provider legacy/0 ready with 0 camera devices
01-21 22:24:19.516   337   435 D RenderEngine: Background Blurs Enabled
01-21 22:24:19.530   385   385 I cameraserver: Connecting to new camera provider: internal/0, isRemote? 1
01-21 22:24:19.533   337   435 I RenderEngine: OpenGL ES informations:
01-21 22:24:19.533   337   435 I RenderEngine: vendor    : Google (Apple)
01-21 22:24:19.533   337   435 I RenderEngine: renderer  : Android Emulator OpenGL ES Translator (Apple M1 Max)
01-21 22:24:19.533   337   435 I RenderEngine: version   : OpenGL ES 3.0 (4.1 Metal - 90.5)
01-21 22:24:19.533   337   435 I RenderEngine: extensions: GL_EXT_debug_marker GL_EXT_robustness GL_OES_EGL_sync GL_OES_EGL_image GL_OES_EGL_image_external GL_OES_depth24 GL_OES_depth32 GL_OES_element_index_uint GL_OES_texture_float GL_OES_texture_float_linear GL_OES_compressed_paletted_texture GL_OES_compressed_ETC1_RGB8_texture GL_OES_depth_texture GL_OES_texture_npot GL_OES_rgb8_rgba8 GL_EXT_color_buffer_float GL_EXT_color_buffer_half_float GL_EXT_texture_format_BGRA8888 GL_APPLE_texture_format_BGRA8888 ANDROID_EMU_CHECKSUM_HELPER_v1 ANDROID_EMU_native_sync_v2 ANDROID_EMU_native_sync_v3 ANDROID_EMU_native_sync_v4 ANDROID_EMU_dma_v1 ANDROID_EMU_direct_mem ANDROID_EMU_host_composition_v1 ANDROID_EMU_host_composition_v2 ANDROID_EMU_vulkan ANDROID_EMU_deferred_vulkan_commands ANDROID_EMU_vulkan_null_optional_strings ANDROID_EMU_vulkan_create_resources_with_requirements ANDROID_EMU_YUV_Cache ANDROID_EMU_vulkan_ignored_handles ANDROID_EMU_has_shared_slots_host_memory_allocator ANDROID_EMU_vulkan_free_memory_sync ANDROID_EMU_vulkan_shader_float16_int8 ANDROI
01-21 22:24:19.533   337   435 I RenderEngine: GL_MAX_TEXTURE_SIZE = 16384
01-21 22:24:19.533   337   435 I RenderEngine: GL_MAX_VIEWPORT_DIMS = 16384
01-21 22:24:19.535   148   148 I servicemanager: Could not find android.hardware.graphics.composer3.IComposer/default in the VINTF manifest.
01-21 22:24:19.543   385   385 I CameraProviderManager: Enumerating new camera device: device@1.1/internal/1
01-21 22:24:19.543   301   301 W StreamConfigurationMap: StreamConfigurationMap: ANDROID_SCALER_AVAILABLE_STREAM_CONFIGURATIONS missing, maxResolution ? true!
01-21 22:24:19.543   301   301 W StreamConfigurationMap: StreamConfigurationMap: ANDROID_SCALER_AVAILABLE_MIN_FRAME_DURATIONS missing!, max resolution ? true
01-21 22:24:19.543   301   301 W StreamConfigurationMap: StreamConfigurationMap: ANDROID_SCALER_AVAILABLE_STALL_DURATIONS missing! maxResolution ? true
01-21 22:24:19.543   301   301 I EmulatedCameraDeviceHwlImpl: Create: Created EmulatedCameraDeviceHwlImpl for camera 1
01-21 22:24:19.543   301   301 D GCH_Utils: FindLibraryPaths: Unable to open directory /vendor/lib64/camera/capture_sessions/ (No such file or directory)
01-21 22:24:19.544   301   301 I GCH_CameraDevice: Create: Created a camera device for public(1)
01-21 22:24:19.545   149   149 I hwservicemanager: getTransport: Cannot find entry android.hardware.graphics.mapper@4.0::IMapper/default in either framework or device VINTF manifest.
01-21 22:24:19.545   313   313 I ComposerResources: failed to get mapper 4.0 service, falling back to mapper 3.0
01-21 22:24:19.561   385   385 I CameraProviderManager: Camera provider internal/0 ready with 1 camera devices
01-21 22:24:19.562   385   385 I CameraService: onDeviceStatusChanged: Status changed for cameraId=1, newStatus=1
01-21 22:24:19.562   385   385 I CameraService: onDeviceStatusChanged: Unknown camera ID 1, a new camera is added
01-21 22:24:19.567   385   451 W CameraProviderManager: addHidlProviderLocked: Camera provider HAL with name 'legacy/0' already registered
01-21 22:24:19.574   385   385 I cameraserver: Waiting for activity service
01-21 22:24:19.587   313   313 I RanchuHwc: registerCallback hotplug connecting display:0
01-21 22:24:19.589   337   337 I SurfaceFlinger: Connecting HAL display 0
01-21 22:24:19.601   294   294 D AndroidRuntime: >>>>>> START com.android.internal.os.ZygoteInit uid 0 <<<<<<
01-21 22:24:19.602   337   337 I HWComposer: Switching to generalized multi-display mode
01-21 22:24:19.632   294   294 I AndroidRuntime: Using default boot image
01-21 22:24:19.632   294   294 I AndroidRuntime: Leaving lock profiling enabled
01-21 22:24:19.641   337   337 W HwcComposer: getPerFrameMetadataKeys failed with 8
01-21 22:24:19.645   149   149 I hwservicemanager: getTransport: Cannot find entry android.hardware.configstore@1.1::ISurfaceFlingerConfigs/default in either framework or device VINTF manifest.
01-21 22:24:19.647   149   149 I hwservicemanager: getTransport: Cannot find entry android.hardware.graphics.mapper@4.0::IMapper/default in either framework or device VINTF manifest.
01-21 22:24:19.650   337   337 I Gralloc4: mapper 4.x is not supported
01-21 22:24:19.651   333   333 D APM_EngineLoader: Loaded engine from libaudiopolicyenginedefault.so
01-21 22:24:19.651   333   333 D APM::AudioPolicyEngine/Base: loadAudioPolicyEngineConfig: No configuration found, using default matching phone experience.
01-21 22:24:19.664   333   333 W APM::AudioPolicyEngine/Base: loadAudioPolicyEngineConfig: No configuration of AUDIO_STREAM_CALL_ASSISTANT found, using default volume configuration
01-21 22:24:19.672   149   149 I hwservicemanager: getTransport: Cannot find entry android.hardware.graphics.allocator@4.0::IAllocator/default in either framework or device VINTF manifest.
01-21 22:24:19.672   148   148 I servicemanager: Could not find android.hardware.graphics.allocator.IAllocator/default in the VINTF manifest.
01-21 22:24:19.672   337   337 W Gralloc4: allocator 4.x is not supported
01-21 22:24:19.692   337   337 D HostConnection: HostComposition ext ANDROID_EMU_CHECKSUM_HELPER_v1 ANDROID_EMU_native_sync_v2 ANDROID_EMU_native_sync_v3 ANDROID_EMU_native_sync_v4 ANDROID_EMU_dma_v1 ANDROID_EMU_direct_mem ANDROID_EMU_host_composition_v1 ANDROID_EMU_host_composition_v2 ANDROID_EMU_vulkan ANDROID_EMU_deferred_vulkan_commands ANDROID_EMU_vulkan_null_optional_strings ANDROID_EMU_vulkan_create_resources_with_requirements ANDROID_EMU_YUV_Cache ANDROID_EMU_vulkan_ignored_handles ANDROID_EMU_has_shared_slots_host_memory_allocator ANDROID_EMU_vulkan_free_memory_sync ANDROID_EMU_vulkan_shader_float16_int8 ANDROID_EMU_vulkan_async_queue_submit ANDROID_EMU_vulkan_queue_submit_with_commands ANDROID_EMU_sync_buffer_data ANDROID_EMU_vulkan_async_qsri ANDROID_EMU_read_color_buffer_dma ANDROID_EMU_hwc_multi_configs GL_OES_EGL_image_external_essl3 GL_OES_vertex_array_object GL_KHR_texture_compression_astc_ldr ANDROID_EMU_host_side_tracing ANDROID_EMU_gles_max_version_3_0 
01-21 22:24:19.708   337   337 I SurfaceFlinger: Dispatching display hotplug event displayId=4619827259835644672, connected=1
01-21 22:24:19.708   313   313 E RanchuHwc: registerCallback unhandled callback: VsyncPeriodTimingChanged
01-21 22:24:19.708   313   313 E RanchuHwc: registerCallback unhandled callback: SeamlessPossible
01-21 22:24:19.712   337   461 W EventThread: Ignoring VSYNC request while display is disconnected
01-21 22:24:19.712   337   465 W SurfaceFlinger: Failed to set thread name on dispatch thread
01-21 22:24:19.715   337   337 I HidlServiceManagement: Registered android.frameworks.displayservice@1.0::IDisplayService/default
01-21 22:24:19.720   337   337 D SurfaceFlinger: Setting power mode 2 on display 4619827259835644672
01-21 22:24:19.721   337   337 I SurfaceFlinger: Active display is 4619827259835644672
01-21 22:24:19.721   337   337 D SurfaceFlinger: Finished setting power mode 2 on display 4619827259835644672
01-21 22:24:19.754   294   294 I zygote64: option[0]=-Xzygote
01-21 22:24:19.754   294   294 I zygote64: option[1]=exit
01-21 22:24:19.754   294   294 I zygote64: option[2]=vfprintf
01-21 22:24:19.754   294   294 I zygote64: option[3]=sensitiveThread
01-21 22:24:19.755   294   294 I zygote64: option[4]=-verbose:gc
01-21 22:24:19.755   294   294 I zygote64: option[5]=-XX:PerfettoHprof=true
01-21 22:24:19.755   294   294 I zygote64: option[6]=-XX:PerfettoJavaHeapStackProf=true
01-21 22:24:19.755   294   294 I zygote64: option[7]=-Xprimaryzygote
01-21 22:24:19.755   294   294 I zygote64: option[8]=-Xms8m
01-21 22:24:19.755   294   294 I zygote64: option[9]=-Xmx512m
01-21 22:24:19.755   294   294 I zygote64: option[10]=-XX:HeapGrowthLimit=192m
01-21 22:24:19.755   294   294 I zygote64: option[11]=-XX:HeapMinFree=512k
01-21 22:24:19.755   294   294 I zygote64: option[12]=-XX:HeapMaxFree=8m
01-21 22:24:19.755   294   294 I zygote64: option[13]=-XX:HeapTargetUtilization=0.75
01-21 22:24:19.755   294   294 I zygote64: option[14]=-Xusejit:true
01-21 22:24:19.755   294   294 I zygote64: option[15]=-Xjitsaveprofilinginfo
01-21 22:24:19.755   294   294 I zygote64: option[16]=-XMadviseWillNeedVdexFileSize:104857600
01-21 22:24:19.755   294   294 I zygote64: option[17]=-XMadviseWillNeedOdexFileSize:104857600
01-21 22:24:19.755   294   294 I zygote64: option[18]=-XMadviseWillNeedArtFileSize:4294967295
01-21 22:24:19.755   294   294 I zygote64: option[19]=-XjdwpOptions:suspend=n,server=y
01-21 22:24:19.755   294   294 I zygote64: option[20]=-XjdwpProvider:default
01-21 22:24:19.755   294   294 I zygote64: option[21]=-Xopaque-jni-ids:swapable
01-21 22:24:19.755   294   294 I zygote64: option[22]=-Xlockprofthreshold:500
01-21 22:24:19.755   294   294 I zygote64: option[23]=-Xcompiler-option
01-21 22:24:19.755   294   294 I zygote64: option[24]=--instruction-set-variant=generic
01-21 22:24:19.755   294   294 I zygote64: option[25]=-Xcompiler-option
01-21 22:24:19.755   294   294 I zygote64: option[26]=--instruction-set-features=default
01-21 22:24:19.755   294   294 I zygote64: option[27]=-Xcompiler-option
01-21 22:24:19.755   294   294 I zygote64: option[28]=--generate-mini-debug-info
01-21 22:24:19.755   294   294 I zygote64: option[29]=-Ximage-compiler-option
01-21 22:24:19.755   294   294 I zygote64: option[30]=--runtime-arg
01-21 22:24:19.755   294   294 I zygote64: option[31]=-Ximage-compiler-option
01-21 22:24:19.755   294   294 I zygote64: option[32]=-Xms64m
01-21 22:24:19.755   294   294 I zygote64: option[33]=-Ximage-compiler-option
01-21 22:24:19.755   294   294 I zygote64: option[34]=--runtime-arg
01-21 22:24:19.755   294   294 I zygote64: option[35]=-Ximage-compiler-option
01-21 22:24:19.755   294   294 I zygote64: option[36]=-Xmx64m
01-21 22:24:19.755   294   294 I zygote64: option[37]=-Ximage-compiler-option
01-21 22:24:19.755   294   294 I zygote64: option[38]=--dirty-image-objects=/system/etc/dirty-image-objects
01-21 22:24:19.755   294   294 I zygote64: option[39]=-Ximage-compiler-option
01-21 22:24:19.755   294   294 I zygote64: option[40]=--instruction-set-variant=generic
01-21 22:24:19.755   294   294 I zygote64: option[41]=-Ximage-compiler-option
01-21 22:24:19.755   294   294 I zygote64: option[42]=--instruction-set-features=default
01-21 22:24:19.755   294   294 I zygote64: option[43]=-Ximage-compiler-option
01-21 22:24:19.755   294   294 I zygote64: option[44]=--generate-mini-debug-info
01-21 22:24:19.755   294   294 I zygote64: option[45]=-Duser.locale=en-US
01-21 22:24:19.755   294   294 I zygote64: option[46]=--cpu-abilist=arm64-v8a
01-21 22:24:19.755   294   294 I zygote64: option[47]=-Xcore-platform-api-policy:just-warn
01-21 22:24:19.755   294   294 I zygote64: option[48]=-Xfingerprint:google/sdk_gphone64_arm64/emu64a:13/TE1A.240213.009/12342917:userdebug/dev-keys
01-21 22:24:19.773   333   333 I AudioFlinger: loadHwModule() Loaded primary audio interface, handle 10
01-21 22:24:19.811     1     1 I init    : starting service 'bootanim'...
01-21 22:24:19.790   333   333 I AudioFlinger: openOutput() this 0xb400007c72f988a0, module 10 Device AUDIO_DEVICE_OUT_SPEAKER, @:, SamplingRate 48000, Format 0x000001, Channels 0x3, flags 0x2
01-21 22:24:19.854     1     1 I init    : Control message: Processed ctl.start for 'bootanim' from pid: 337 (/system/bin/surfaceflinger)
01-21 22:24:19.835   333   333 I AudioFlinger: HAL output buffer size 1056 frames, normal sink buffer size 1056 frames
01-21 22:24:19.846   149   149 I hwservicemanager: getTransport: Cannot find entry android.hardware.audio.effect@7.1::IEffectsFactory/default in either framework or device VINTF manifest.
01-21 22:24:20.004   294   294 I zygote64: Core platform API reporting enabled, enforcing=false
01-21 22:24:20.005   294   294 I zygote64: Using CollectorTypeCC GC.
01-21 22:24:20.120   333   333 I BufferProvider: found effect "Multichannel Downmix To Stereo" from The Android Open Source Project
01-21 22:24:20.122   333   333 D AudioFlinger: Failed to add event callback
01-21 22:24:20.122   296   363 E android.hardware.audio@7.1-impl.ranchu: device/generic/goldfish/audio/primary_device.cpp:getParameters:211 failure: Result::NOT_SUPPORTED
01-21 22:24:20.123   333   333 E APM_AudioPolicyManager: invalid volume index range
01-21 22:24:20.123   333   333 E APM_AudioPolicyManager: invalid volume index range
01-21 22:24:20.123   333   333 E APM_AudioPolicyManager: invalid volume index range
01-21 22:24:20.123   333   333 V APM_AudioPolicyManager: checkAndSetVolume cannot set volume group 4 volume when is not requested for comm
01-21 22:24:20.123   333   333 E APM_AudioPolicyManager: invalid volume index range
01-21 22:24:20.123   333   333 E APM_AudioPolicyManager: invalid volume index range
01-21 22:24:20.123   333   333 E APM_AudioPolicyManager: invalid volume index range
01-21 22:24:20.123   333   333 E APM_AudioPolicyManager: invalid volume index range
01-21 22:24:20.124   333   473 I AudioFlinger: AudioFlinger's thread 0xb400007dfc5939a0 tid=473 ready to run
01-21 22:24:20.132   333   473 W AudioFlinger: no wake lock to update, system not ready yet
01-21 22:24:20.153   333   473 D AudioFlinger: ro.audio.silent is ignored since no output device is set
01-21 22:24:20.154   296   296 E android.hardware.audio@7.1-impl.ranchu: device/generic/goldfish/audio/stream_out.cpp:getPresentationPosition:475 failure: Result::INVALID_STATE
01-21 22:24:20.195   333   333 E APM_AudioPolicyManager: invalid volume index range
01-21 22:24:20.200   333   333 E APM_AudioPolicyManager: invalid volume index range
01-21 22:24:20.200   333   333 E APM_AudioPolicyManager: invalid volume index range
01-21 22:24:20.200   333   333 E APM_AudioPolicyManager: invalid volume index range
01-21 22:24:20.201   333   473 W AudioFlinger: no wake lock to update, system not ready yet
01-21 22:24:20.201   333   473 D AudioFlinger: ro.audio.silent is ignored since no output device is set
01-21 22:24:20.201   333   333 W AudioFlinger: moveEffects() bad srcOutput 0
01-21 22:24:20.201   333   333 V APM_AudioPolicyManager: selectOutputForMusicEffects selected output 13
01-21 22:24:20.201   333   333 V APM_AudioPolicyManager: setOutputDevices device {AUDIO_DEVICE_OUT_SPEAKER, @:} delayMs 0
01-21 22:24:20.201   333   333 V APM_AudioPolicyManager: setOutputDevices() prevDevice {AUDIO_DEVICE_OUT_SPEAKER, @:}
01-21 22:24:20.201   333   333 V APM_AudioPolicyManager: setOutputDevices changing device to {AUDIO_DEVICE_OUT_SPEAKER, @:}
01-21 22:24:20.275   333   333 V APM_AudioPolicyManager: setOutputDevices() AF::createAudioPatch returned 0 patchHandle 12 num_sources 1 num_sinks 1
01-21 22:24:20.283   333   333 E APM_AudioPolicyManager: invalid volume index range
01-21 22:24:20.283   333   333 E APM_AudioPolicyManager: invalid volume index range
01-21 22:24:20.283   333   333 E APM_AudioPolicyManager: invalid volume index range
01-21 22:24:20.283   333   333 V APM_AudioPolicyManager: checkAndSetVolume cannot set volume group 4 volume when is not requested for comm
01-21 22:24:20.283   333   333 E APM_AudioPolicyManager: invalid volume index range
01-21 22:24:20.283   333   333 E APM_AudioPolicyManager: invalid volume index range
01-21 22:24:20.283   333   333 E APM_AudioPolicyManager: invalid volume index range
01-21 22:24:20.283   333   333 E APM_AudioPolicyManager: invalid volume index range
01-21 22:24:20.283   333   333 E APM_AudioPolicyManager: invalid volume index range
01-21 22:24:20.283   333   333 E APM_AudioPolicyManager: invalid volume index range
01-21 22:24:20.283   333   333 E APM_AudioPolicyManager: invalid volume index range
01-21 22:24:20.283   333   333 E APM_AudioPolicyManager: invalid volume index range
01-21 22:24:20.303   333   333 I AudioFlinger: openOutput() this 0xb400007c72f988a0, module 10 Device AUDIO_DEVICE_OUT_TELEPHONY_TX, @:, SamplingRate 48000, Format 0x000001, Channels 0x3, flags 0
01-21 22:24:20.357   333   333 I AudioFlinger: HAL output buffer size 1056 frames, normal sink buffer size 1056 frames
01-21 22:24:20.398   333   333 D AudioFlinger: Failed to add event callback
01-21 22:24:20.399   333   476 I AudioFlinger: AudioFlinger's thread 0xb400007dfc54c9a0 tid=476 ready to run
01-21 22:24:20.405   400   400 I MediaExtractorFactory: plugin directory not present (/system/lib64/extractors)
01-21 22:24:20.405   400   400 I MediaExtractorFactory: plugin directory not present (/system_ext/lib64/extractors)
01-21 22:24:20.406   333   476 W AudioFlinger: no wake lock to update, system not ready yet
01-21 22:24:20.406   333   476 D AudioFlinger: ro.audio.silent is ignored since no output device is set
01-21 22:24:20.406   296   296 E android.hardware.audio@7.1-impl.ranchu: device/generic/goldfish/audio/stream_out.cpp:getPresentationPosition:475 failure: Result::INVALID_STATE
01-21 22:24:20.408   471   471 D BootAnimation: BootAnimationStartTiming start time: 16412ms
01-21 22:24:20.408   471   471 D BootAnimation: BootAnimationPreloadTiming start time: 16412ms
01-21 22:24:20.413   296   296 E android.hardware.audio@7.1-impl.ranchu: device/generic/goldfish/audio/primary_device.cpp:getParameters:211 failure: Result::NOT_SUPPORTED
01-21 22:24:20.420   333   333 E APM_AudioPolicyManager: invalid volume index range
01-21 22:24:20.420   333   333 E APM_AudioPolicyManager: invalid volume index range
01-21 22:24:20.420   333   333 E APM_AudioPolicyManager: invalid volume index range
01-21 22:24:20.420   333   333 V APM_AudioPolicyManager: checkAndSetVolume cannot set volume group 4 volume when is not requested for comm
01-21 22:24:20.420   333   333 E APM_AudioPolicyManager: invalid volume index range
01-21 22:24:20.420   333   333 E APM_AudioPolicyManager: invalid volume index range
01-21 22:24:20.420   333   333 E APM_AudioPolicyManager: invalid volume index range
01-21 22:24:20.420   333   333 E APM_AudioPolicyManager: invalid volume index range
01-21 22:24:20.439   333   476 W AudioFlinger: no wake lock to update, system not ready yet
01-21 22:24:20.439   333   476 D AudioFlinger: ro.audio.silent is ignored since no output device is set
01-21 22:24:20.474   333   333 E APM_AudioPolicyManager: invalid volume index range
01-21 22:24:20.474   333   333 E APM_AudioPolicyManager: invalid volume index range
01-21 22:24:20.474   333   333 E APM_AudioPolicyManager: invalid volume index range
01-21 22:24:20.474   333   333 E APM_AudioPolicyManager: invalid volume index range
01-21 22:24:20.475   333   333 V APM_AudioPolicyManager: selectOutputForMusicEffects selected output 13
01-21 22:24:20.475   333   333 V APM_AudioPolicyManager: setOutputDevices device {AUDIO_DEVICE_OUT_TELEPHONY_TX, @:} delayMs 0
01-21 22:24:20.475   333   333 V APM_AudioPolicyManager: setOutputDevices() prevDevice {AUDIO_DEVICE_OUT_TELEPHONY_TX, @:}
01-21 22:24:20.475   333   333 V APM_AudioPolicyManager: setOutputDevices changing device to {AUDIO_DEVICE_OUT_TELEPHONY_TX, @:}
01-21 22:24:20.485   333   333 V APM_AudioPolicyManager: setOutputDevices() AF::createAudioPatch returned 0 patchHandle 20 num_sources 1 num_sinks 1
01-21 22:24:20.485   333   333 E APM_AudioPolicyManager: invalid volume index range
01-21 22:24:20.485   333   333 E APM_AudioPolicyManager: invalid volume index range
01-21 22:24:20.485   333   333 E APM_AudioPolicyManager: invalid volume index range
01-21 22:24:20.485   333   333 V APM_AudioPolicyManager: checkAndSetVolume cannot set volume group 4 volume when is not requested for comm
01-21 22:24:20.485   333   333 E APM_AudioPolicyManager: invalid volume index range
01-21 22:24:20.485   333   333 E APM_AudioPolicyManager: invalid volume index range
01-21 22:24:20.485   333   333 E APM_AudioPolicyManager: invalid volume index range
01-21 22:24:20.485   333   333 E APM_AudioPolicyManager: invalid volume index range
01-21 22:24:20.485   333   333 E APM_AudioPolicyManager: invalid volume index range
01-21 22:24:20.485   333   333 E APM_AudioPolicyManager: invalid volume index range
01-21 22:24:20.485   333   333 E APM_AudioPolicyManager: invalid volume index range
01-21 22:24:20.485   333   333 E APM_AudioPolicyManager: invalid volume index range
01-21 22:24:20.488   471   471 D BootAnimation: /product/media/bootanimation.zip is loaded successfully
01-21 22:24:20.498   333   482 I AudioFlinger: AudioFlinger's thread 0xb400007dfc487bb0 tid=482 ready to run
01-21 22:24:20.505   333   482 W AudioFlinger: no wake lock to update, system not ready yet
01-21 22:24:20.507   333   482 W AudioFlinger: no wake lock to update, system not ready yet
01-21 22:24:20.518   148   148 I servicemanager: Found android.hardware.radio.data.IRadioData/slot1 in device VINTF manifest.
01-21 22:24:20.518   148   148 I servicemanager: Found android.hardware.radio.messaging.IRadioMessaging/slot1 in device VINTF manifest.
01-21 22:24:20.518   148   148 I servicemanager: Found android.hardware.radio.modem.IRadioModem/slot1 in device VINTF manifest.
01-21 22:24:20.518   148   148 I servicemanager: Found android.hardware.radio.network.IRadioNetwork/slot1 in device VINTF manifest.
