01-21 22:57:56.146   388   388 V installd: Running /apex/com.android.art/bin/dex2oat64 in=base.apk out=/data/app/~~tk5HQebqB3miOZ_CThKtog==/com.xamarin.android.helloworld-xm5xS6Wh0YbTjYmxyffhzw==/oat/arm64/base.odex
01-21 22:57:56.215  5543  5543 W dex2oat64: Mismatch between dex2oat instruction set features to use (ISA: Arm64 Feature string: a53,crc,-lse,-fp16,-dotprod,-sve) and those from CPP defines (ISA: Arm64 Feature string: -a53,-crc,-lse,-fp16,-dotprod,-sve) for the command line:
01-21 22:57:56.215  5543  5543 W dex2oat64: /apex/com.android.art/bin/dex2oat64 --zip-fd=7 --zip-location=base.apk --oat-fd=8 --oat-location=/data/app/~~tk5HQebqB3miOZ_CThKtog==/com.xamarin.android.helloworld-xm5xS6Wh0YbTjYmxyffhzw==/oat/arm64/base.odex --input-vdex-fd=-1 --output-vdex-fd=9 --swap-fd=10 --classpath-dir=/data/app/~~tk5HQebqB3miOZ_CThKtog==/com.xamarin.android.helloworld-xm5xS6Wh0YbTjYmxyffhzw== --class-loader-context=PCL[]{} --compact-dex-level=none --instruction-set=arm64 --instruction-set-features=default --instruction-set-variant=generic --compiler-filter=speed-profile --compilation-reason=install --max-image-block-size=524288 --resolve-startup-const-strings=true --generate-mini-debug-info --runtime-arg -Xtarget-sdk-version:36 --runtime-arg -Xhidden-api-policy:enabled --runtime-arg -Xms64m --runtime-arg -Xmx512m
01-21 22:57:56.215  5543  5543 I dex2oat64: /apex/com.android.art/bin/dex2oat64 --input-vdex-fd=-1 --output-vdex-fd=9 --classpath-dir=/data/app/~~tk5HQebqB3miOZ_CThKtog==/com.xamarin.android.helloworld-xm5xS6Wh0YbTjYmxyffhzw== --class-loader-context=PCL[]{} --compact-dex-level=none --compiler-filter=speed-profile --compilation-reason=install --max-image-block-size=524288 --resolve-startup-const-strings=true --generate-mini-debug-info
01-21 22:57:56.226  5543  5543 I dex2oat64: Using CollectorTypeCC GC.
01-21 22:57:56.483  5543  5543 I dex2oat64: dex2oat took 273.251ms (252.973ms cpu) (threads: 4) arena alloc=0B (0B) java alloc=432KB (442944B) native alloc=1247KB (1277008B) free=1185KB (1214016B)
01-21 22:57:56.489   388   388 V installd: DexInv: --- END '/data/app/~~tk5HQebqB3miOZ_CThKtog==/com.xamarin.android.helloworld-xm5xS6Wh0YbTjYmxyffhzw==/base.apk' (success) ---
01-21 22:57:56.492   551   637 I AppsFilter: interaction: PackageSetting{18a492c com.companyname.testminandroidapilevel/10174} -> PackageSetting{b70918a com.xamarin.android.helloworld/10176} BLOCKED
01-21 22:57:56.499   551   637 I ActivityManager: Force stopping com.xamarin.android.helloworld appid=10176 user=0: pkg removed
01-21 22:57:56.542   551   637 D CompatibilityChangeReporter: Compat change id reported: 168419799; UID 10176; state: DISABLED
01-21 22:57:56.542   551   637 D CompatibilityChangeReporter: Compat change id reported: 273564678; UID 10176; state: DISABLED
01-21 22:57:56.559   551   637 D PackageInstallerSession: Marking session 1248836509 as applied
01-21 22:57:56.561   388   388 E installd: Couldn't opendir /data/app/vmdl1248836509.tmp: No such file or directory
01-21 22:57:56.561   388   388 E installd: Failed to delete /data/app/vmdl1248836509.tmp: No such file or directory
01-21 22:57:56.574  1518  1518 W MediaProvider: WorkProfileOwnerApps cache is empty
01-21 22:57:56.596   551   551 W binder:551_17: type=1400 audit(0.0:48): avc: denied { getopt } for scontext=u:r:system_server:s0 tcontext=u:r:shell:s0 tclass=unix_stream_socket permissive=0
01-21 22:57:56.596   551   551 W binder:551_17: type=1400 audit(0.0:49): avc: denied { getopt } for scontext=u:r:system_server:s0 tcontext=u:r:shell:s0 tclass=unix_stream_socket permissive=0
01-21 22:57:56.596   551   551 W binder:551_17: type=1400 audit(0.0:50): avc: denied { getopt } for scontext=u:r:system_server:s0 tcontext=u:r:shell:s0 tclass=unix_stream_socket permissive=0
01-21 22:57:56.634  1201  1213 I s.nexuslauncher: Background concurrent copying GC freed 32279(1505KB) AllocSpace objects, 6(304KB) LOS objects, 49% free, 5243KB/10MB, paused 54us,20us total 133.507ms
01-21 22:57:56.641   935   935 V MediaPlayerList: mPackageChangedBroadcastReceiver: action: android.intent.action.PACKAGE_REMOVED
01-21 22:57:56.642   935   935 V MediaPlayerList: mPackageChangedBroadcastReceiver: action: android.intent.action.PACKAGE_REMOVED
01-21 22:57:56.648   551   606 D ActivityManager: sync unfroze 1730 android.process.acore
01-21 22:57:56.687   551   712 I InputReader: Reconfiguring input devices, changes=KEYBOARD_LAYOUTS | 
01-21 22:57:56.694   833   833 D ControlsListingControllerImpl: ServiceConfig reloaded, count: 0
01-21 22:57:56.706   551   799 I SdkSandboxManager: No SDKs used. Skipping SDK data reconcilation for CallingInfo{mUid=10176, mPackageName='com.xamarin.android.helloworld'}
01-21 22:57:56.748  1545  1545 I GsaVoiceInteractionSrv: (REDACTED) O received %s
01-21 22:57:56.760   935   935 V MediaPlayerList: mPackageChangedBroadcastReceiver: action: android.intent.action.PACKAGE_ADDED
01-21 22:57:56.769  1545  1545 I GsaVoiceInteractionSrv: (REDACTED) O received %s
01-21 22:57:56.770   551   606 W BroadcastQueue: Background execution not allowed: receiving Intent { act=android.intent.action.PACKAGE_REMOVED dat=package: flg=0x4000010 (has extras) } to com.google.android.gms/.games.chimera.GamesSystemBroadcastReceiverProxy
01-21 22:57:56.770   551   606 W BroadcastQueue: Background execution not allowed: receiving Intent { act=android.intent.action.PACKAGE_REMOVED dat=package: flg=0x4000010 (has extras) } to com.google.android.gms/.chimera.GmsIntentOperationService$PersistentTrustedReceiver
01-21 22:57:56.770   551   606 W BroadcastQueue: Background execution not allowed: receiving Intent { act=android.intent.action.PACKAGE_REMOVED dat=package: flg=0x4000010 (has extras) } to com.google.android.googlequicksearchbox/com.google.android.apps.gsa.googlequicksearchbox.GelStubAppWatcher
01-21 22:57:56.771   551  2376 D ActivityManager: sync unfroze 5056 com.google.android.apps.wellbeing
01-21 22:57:56.781   551   606 W BroadcastQueue: Background execution not allowed: receiving Intent { act=android.intent.action.PACKAGE_ADDED dat=package: flg=0x4000010 (has extras) } to com.google.android.packageinstaller/com.android.packageinstaller.PackageInstalledReceiver
01-21 22:57:56.781   551   606 W BroadcastQueue: Background execution not allowed: receiving Intent { act=android.intent.action.PACKAGE_ADDED dat=package: flg=0x4000010 (has extras) } to com.google.android.gms/.games.chimera.GamesSystemBroadcastReceiverProxy
01-21 22:57:56.781   551   606 W BroadcastQueue: Background execution not allowed: receiving Intent { act=android.intent.action.PACKAGE_ADDED dat=package: flg=0x4000010 (has extras) } to com.google.android.gms/.gass.chimera.PackageChangeBroadcastReceiver
01-21 22:57:56.781   551   606 W BroadcastQueue: Background execution not allowed: receiving Intent { act=android.intent.action.PACKAGE_ADDED dat=package: flg=0x4000010 (has extras) } to com.google.android.gms/.chimera.GmsIntentOperationService$PersistentTrustedReceiver
01-21 22:57:56.781   551   606 W BroadcastQueue: Background execution not allowed: receiving Intent { act=android.intent.action.PACKAGE_ADDED dat=package: flg=0x4000010 (has extras) } to com.google.android.googlequicksearchbox/com.google.android.apps.gsa.googlequicksearchbox.GelStubAppWatcher
01-21 22:57:56.781   551   606 W BroadcastQueue: Background execution not allowed: receiving Intent { act=android.intent.action.PACKAGE_REPLACED dat=package: flg=0x4000010 (has extras) } to com.google.android.gms/.gass.chimera.PackageChangeBroadcastReceiver
01-21 22:57:56.781   551   606 W BroadcastQueue: Background execution not allowed: receiving Intent { act=android.intent.action.PACKAGE_REPLACED dat=package: flg=0x4000010 (has extras) } to com.google.android.gms/.chimera.GmsIntentOperationService$PersistentTrustedReceiver
01-21 22:57:56.781   551   606 W BroadcastQueue: Background execution not allowed: receiving Intent { act=android.intent.action.PACKAGE_REPLACED dat=package: flg=0x4000010 (has extras) } to com.google.android.googlequicksearchbox/com.google.android.apps.gsa.googlequicksearchbox.GelStubAppWatcher
01-21 22:57:56.838   935  1155 D BtGatt.ScanManager: uid 10112 isForeground true scanMode -1
01-21 22:57:56.838   935   935 D MediaPlayerList: Name of package changed: com.xamarin.android.helloworld
01-21 22:57:56.838   935   935 V MediaPlayerList: mPackageChangedBroadcastReceiver: action: android.intent.action.PACKAGE_ADDED
01-21 22:57:56.838   935   935 D MediaPlayerList: Name of package changed: com.xamarin.android.helloworld
01-21 22:57:56.871   551   712 I InputReader: Reconfiguring input devices, changes=KEYBOARD_LAYOUTS | 
01-21 22:57:56.919   551   712 I InputReader: Reconfiguring input devices, changes=KEYBOARD_LAYOUTS | 
01-21 22:57:56.919   551   799 I SdkSandboxManager: No SDKs used. Skipping SDK data reconcilation for CallingInfo{mUid=10176, mPackageName='com.xamarin.android.helloworld'}
01-21 22:57:57.500   551   551 D ActivityManager: sync unfroze 5037 com.android.keychain
01-21 22:57:57.501   551   551 W Looper  : Slow dispatch took 900ms main h=android.app.ActivityThread$H c=android.app.LoadedApk$ReceiverDispatcher$Args$$ExternalSyntheticLambda0@20ec32b m=0
01-21 22:57:57.501   551   551 W Looper  : Slow delivery took 923ms main h=android.app.ActivityThread$H c=android.app.LoadedApk$ReceiverDispatcher$Args$$ExternalSyntheticLambda0@e026388 m=0
01-21 22:57:57.502   551   914 W system_server: Long monitor contention with owner binder:551_8 (918) at android.content.ComponentName com.android.server.am.ActivityManagerService.startService(android.app.IApplicationThread, android.content.Intent, java.lang.String, boolean, java.lang.String, java.lang.String, int)(ActivityManagerService.java:12593) waiters=2 in int com.android.server.am.ActivityManagerService.bindServiceInstance(android.app.IApplicationThread, android.os.IBinder, android.content.Intent, java.lang.String, android.app.IServiceConnection, int, java.lang.String, boolean, int, java.lang.String, java.lang.String, int) for 215ms
01-21 22:57:57.504   551   551 I Telecom : CarModeTracker: Package com.xamarin.android.helloworld is not tracked.: SSH.oR@Acs
01-21 22:57:57.504   551   551 I Telecom : InCallController: updateCarModeForConnections: car mode apps: : SSH.oR@Acs
01-21 22:57:57.519   551   551 I Telecom : DefaultDialerCache: Refreshing default dialer for user 0: now com.google.android.dialer: DDC.oR@Acw
01-21 22:57:57.534   551   551 V BackupManagerConstants: getFullBackupIntervalMilliseconds(...) returns 86400000
01-21 22:57:57.534   551   551 V BackupManagerConstants: getFullBackupRequiredNetworkType(...) returns 2
01-21 22:57:57.534   551   551 V BackupManagerConstants: getFullBackupRequireCharging(...) returns true
01-21 22:57:57.543   551   551 D CompatibilityChangeReporter: Compat change id reported: 218533173; UID 10176; state: ENABLED
01-21 22:57:57.544   551   551 D CompatibilityChangeReporter: Compat change id reported: 171306433; UID 10176; state: ENABLED
01-21 22:57:57.544   551   551 W AlarmManager: Package com.xamarin.android.helloworld, uid 10176 lost permission to set exact alarms!
01-21 22:57:57.544   551   551 W Looper  : Drained
01-21 22:57:57.560   551   593 D ActivityManager: sync unfroze 2459 com.google.android.permissioncontroller
01-21 22:57:57.566  5056  5069 I .apps.wellbeing: Background concurrent copying GC freed 4430(384KB) AllocSpace objects, 0(0B) LOS objects, 49% free, 3942KB/7885KB, paused 52us,13us total 322.073ms
01-21 22:57:57.641   833   833 D ControlsListingControllerImpl: ServiceConfig reloaded, count: 0
01-21 22:57:57.642  1545  1545 I GsaVoiceInteractionSrv: (REDACTED) O received %s
01-21 22:57:57.737  1014  1014 D CarrierSvcBindHelper: onPackageUpdateFinished: com.xamarin.android.helloworld
01-21 22:57:57.740  1014  1014 D CarrierSvcBindHelper: No carrier app for: 0
01-21 22:57:57.741  1014  1014 D CarrierSvcBindHelper: onPackageModified: com.xamarin.android.helloworld
01-21 22:57:57.741  1014  1014 D CarrierSvcBindHelper: No carrier app for: 0
01-21 22:57:57.738   551   593 W Looper  : Slow dispatch took 115ms android.fg h=android.os.Handler c=<recycled PooledLambda@e12f25c> m=0
01-21 22:57:57.774   551  4855 D IntervalStats: Unable to parse usage stats packages: [196]
01-21 22:57:57.800  1754  2441 W SearchServiceCore: Abort, client detached.
01-21 22:57:57.800  1754  2441 W SearchServiceCore: Abort, client detached.
01-21 22:57:57.829   551   593 W Looper  : Slow delivery took 206ms android.fg h=android.os.Handler c=<recycled PooledLambda@4781566> m=0
01-21 22:57:57.832  1754  2441 W SearchServiceCore: Abort, client detached.
01-21 22:57:57.837   833   833 D ControlsListingControllerImpl: ServiceConfig reloaded, count: 0
01-21 22:57:57.874   551   634 E VerityUtils: Failed to measure fs-verity, errno 1: /data/app/~~tk5HQebqB3miOZ_CThKtog==/com.xamarin.android.helloworld-xm5xS6Wh0YbTjYmxyffhzw==/base.apk
01-21 22:57:57.909  1014  1014 D ImsResolver: maybeAddedImsService, packageName: com.xamarin.android.helloworld
01-21 22:57:57.941  2459  3716 I PermissionControllerServiceImpl: Updating user sensitive for uid 10176
01-21 22:57:57.978  1341  5576 I ProximityAuth: [RecentAppsMediator] Package added: (user=UserHandle{0}) com.xamarin.android.helloworld
01-21 22:57:58.006  1645  5560 I Auth    : [SupervisedAccountIntentOperation] onHandleIntent(): android.intent.action.PACKAGE_ADDED
01-21 22:57:58.025   551  2376 D CompatibilityChangeReporter: Compat change id reported: 161252188; UID 10176; state: DISABLED
01-21 22:57:58.033  1645  5569 W SQLiteLog: (28) double-quoted string literal: "com.xamarin.android.helloworld"
01-21 22:57:58.034  1645  1645 D BoundBrokerSvc: onBind: Intent { act=com.google.android.gms.common.BIND_SHARED_PREFS pkg=com.google.android.gms }
01-21 22:57:58.034  1645  1645 D BoundBrokerSvc: Loading bound service for intent: Intent { act=com.google.android.gms.common.BIND_SHARED_PREFS pkg=com.google.android.gms }
01-21 22:57:58.068  1341  5582 I Fitness : FitCleanupIntentOperation received Intent android.intent.action.PACKAGE_REMOVED [CONTEXT service_id=17 ]
01-21 22:57:58.104  1341  1354 I .gms.persistent: Background concurrent copying GC freed 73739(3507KB) AllocSpace objects, 4(152KB) LOS objects, 49% free, 13MB/26MB, paused 70us,25us total 1.566s
01-21 22:57:58.111  1341  1423 W ChimeraUtils: Module com.google.android.gms.nearby_en missing resource null(0)
01-21 22:57:58.117   833   843 I ndroid.systemui: Background concurrent copying GC freed 105666(5816KB) AllocSpace objects, 68(2840KB) LOS objects, 49% free, 15MB/30MB, paused 88us,40us total 1.597s
01-21 22:57:58.129  1645  1645 D BoundBrokerSvc: onUnbind: Intent { act=com.google.android.gms.common.BIND_SHARED_PREFS pkg=com.google.android.gms }
01-21 22:57:58.143  1341  1423 W ChimeraUtils: Module com.google.android.gms.nearby_en missing resource null(0)
01-21 22:57:58.486   551   565 I system_server: Background concurrent copying GC freed 511120(23MB) AllocSpace objects, 55(4508KB) LOS objects, 49% free, 23MB/46MB, paused 96us,82us total 1.970s
01-21 22:57:58.487  1645  2752 I Icing   : IndexChimeraService.getServiceInterface callingPackage=com.google.android.gms componentName=AppsCorpus serviceId=36
01-21 22:57:58.493  1645  1645 D BoundBrokerSvc: onBind: Intent { act=com.google.android.gms.feedback.internal.IFeedbackService dat=chimera-action:/... cmp=com.google.android.gms/.chimera.GmsBoundBrokerService }
01-21 22:57:58.493  1645  1645 D BoundBrokerSvc: Loading bound service for intent: Intent { act=com.google.android.gms.feedback.internal.IFeedbackService dat=chimera-action:/... cmp=com.google.android.gms/.chimera.GmsBoundBrokerService }
01-21 22:57:58.502  1341  1341 D BoundBrokerSvc: onBind: Intent { act=com.google.android.gms.icing.LIGHTWEIGHT_INDEX_SERVICE dat=chimera-action:/... cmp=com.google.android.gms/.chimera.PersistentApiService }
01-21 22:57:58.502  1341  1341 D BoundBrokerSvc: Loading bound service for intent: Intent { act=com.google.android.gms.icing.LIGHTWEIGHT_INDEX_SERVICE dat=chimera-action:/... cmp=com.google.android.gms/.chimera.PersistentApiService }
01-21 22:57:58.628   551   594 W Looper  : Slow dispatch took 118ms android.ui h=com.android.server.am.ActivityManagerService$UiHandler c=com.android.server.am.UidObserverController$$ExternalSyntheticLambda0@8867a7e m=0
01-21 22:57:58.643   551   634 E VerityUtils: Failed to measure fs-verity, errno 1: /data/app/~~tk5HQebqB3miOZ_CThKtog==/com.xamarin.android.helloworld-xm5xS6Wh0YbTjYmxyffhzw==/base.apk
01-21 22:57:58.700  1645  5357 I Icing   : Usage reports ok 1, Failed Usage reports 0, indexed 0, rejected 0
01-21 22:57:58.854  1645  2752 I Icing   : IndexChimeraService.getServiceInterface callingPackage=com.google.android.gms componentName=null serviceId=30
01-21 22:57:58.975  1645  5357 I Icing   : Usage reports ok 0, Failed Usage reports 0, indexed 0, rejected 0
01-21 22:57:58.997  1645  5357 I Icing   : Indexing com.google.android.gms-apps from com.google.android.gms
01-21 22:57:59.009  1645  5357 I Icing   : Indexing done com.google.android.gms-apps
01-21 22:58:00.022  1538  2102 I AiAiEcho: Predicting[0]: 
01-21 22:58:00.025  1538  2102 I AiAiEcho: Ranked targets strategy: SORT, count: 0, ranking metadata: 
01-21 22:58:00.026  1538  2102 I AiAiEcho: #postPredictionTargets: Sending updates to UISurface lockscreen with targets# 0
01-21 22:58:00.027  1538  2102 I AiAiEcho: #postPredictionTargets: Sending updates to UISurface home with targets# 0
01-21 22:58:00.028  1538  2102 I AiAiEcho: #postPredictionTargets: Sending updates to UISurface media_data_manager with targets# 0
01-21 22:58:00.044   833   833 D SsMediaDataProvider: Forwarding Smartspace updates []
01-21 22:58:00.063   833  1105 D EGL_emulation: app_time_stats: avg=59974.15ms min=59974.15ms max=59974.15ms count=1
01-21 22:58:05.014   551   593 W Looper  : Drained
01-21 22:58:05.014   935  1155 D BtGatt.ScanManager: uid 10112 isForeground true scanMode -1
01-21 22:58:12.241   157   157 I logd    : logdr: UID=2000 GID=2000 PID=5589 b tail=0 logMask=99 pid=0 start=0ns deadline=0ns
01-21 22:58:13.853  1645  1645 D BoundBrokerSvc: onUnbind: Intent { act=com.google.android.gms.feedback.internal.IFeedbackService dat=chimera-action:/... cmp=com.google.android.gms/.chimera.GmsBoundBrokerService }
01-21 22:58:13.943  1341  1341 D BoundBrokerSvc: onUnbind: Intent { act=com.google.android.gms.icing.LIGHTWEIGHT_INDEX_SERVICE dat=chimera-action:/... cmp=com.google.android.gms/.chimera.PersistentApiService }
01-21 22:58:18.341   551  2381 I ActivityTaskManager: START u0 {flg=0x10000000 cmp=com.xamarin.android.helloworld/example.MainActivity} from uid 2000
01-21 22:58:18.345   551  2381 D CompatibilityChangeReporter: Compat change id reported: 265464455; UID 10176; state: DISABLED
01-21 22:58:18.348   551  2381 D CompatibilityChangeReporter: Compat change id reported: 265452344; UID 10176; state: DISABLED
01-21 22:58:18.348   551  2381 D CompatibilityChangeReporter: Compat change id reported: 266124927; UID 10176; state: DISABLED
01-21 22:58:18.349   551  2381 D CompatibilityChangeReporter: Compat change id reported: 265451093; UID 10176; state: DISABLED
01-21 22:58:18.349   551  2381 D CompatibilityChangeReporter: Compat change id reported: 265456536; UID 10176; state: DISABLED
01-21 22:58:18.349   551  2381 D CompatibilityChangeReporter: Compat change id reported: 255940284; UID 10176; state: DISABLED
01-21 22:58:18.349   551  2381 D CompatibilityChangeReporter: Compat change id reported: 236283604; UID 10176; state: DISABLED
01-21 22:58:18.349   551  2381 D CompatibilityChangeReporter: Compat change id reported: 263959004; UID 10176; state: DISABLED
01-21 22:58:18.350   551  2381 D CompatibilityChangeReporter: Compat change id reported: 264304459; UID 10176; state: DISABLED
01-21 22:58:18.350   551  2381 D CompatibilityChangeReporter: Compat change id reported: 264301586; UID 10176; state: DISABLED
01-21 22:58:18.350   551  2381 D CompatibilityChangeReporter: Compat change id reported: 254631730; UID 10176; state: DISABLED
01-21 22:58:18.350   551  2381 D CompatibilityChangeReporter: Compat change id reported: 273509367; UID 10176; state: DISABLED
01-21 22:58:18.350   551  2381 D CompatibilityChangeReporter: Compat change id reported: 263259275; UID 10176; state: DISABLED
01-21 22:58:18.360   551  2381 D CompatibilityChangeReporter: Compat change id reported: 194480991; UID 10176; state: ENABLED
01-21 22:58:18.361   551  2381 D CompatibilityChangeReporter: Compat change id reported: 174042980; UID 10176; state: DISABLED
01-21 22:58:18.373   551  2381 D CompatibilityChangeReporter: Compat change id reported: 184838306; UID 10176; state: DISABLED
01-21 22:58:18.375   551  2381 D CompatibilityChangeReporter: Compat change id reported: 185004937; UID 10176; state: DISABLED
01-21 22:58:18.377   551  2381 D CompatibilityChangeReporter: Compat change id reported: 181136395; UID 10176; state: DISABLED
01-21 22:58:18.377   551  2381 D CompatibilityChangeReporter: Compat change id reported: 174042936; UID 10176; state: DISABLED
01-21 22:58:18.391   551  2381 D CompatibilityChangeReporter: Compat change id reported: 197654537; UID 10176; state: ENABLED
01-21 22:58:18.393   551  2381 D CompatibilityChangeReporter: Compat change id reported: 205907456; UID 10176; state: ENABLED
01-21 22:58:18.431   551   596 D CompatibilityChangeReporter: Compat change id reported: 135634846; UID 10176; state: DISABLED
01-21 22:58:18.431   551   596 D CompatibilityChangeReporter: Compat change id reported: 177438394; UID 10176; state: DISABLED
01-21 22:58:18.431   551   596 D CompatibilityChangeReporter: Compat change id reported: 135772972; UID 10176; state: DISABLED
01-21 22:58:18.431   551   596 D CompatibilityChangeReporter: Compat change id reported: 135754954; UID 10176; state: ENABLED
01-21 22:58:18.434   551   607 D CompatibilityChangeReporter: Compat change id reported: 143937733; UID 10176; state: ENABLED
01-21 22:58:18.438  1201  1201 D MainContentCaptureSession: Flushing 1 event(s) for act:com.google.android.apps.nexuslauncher/.NexusLauncherActivity [state=2 (ACTIVE), disabled=false], reason=FULL
01-21 22:58:18.450   833  1105 W Parcel  : Expecting binder but got null!
01-21 22:58:18.471   337   337 I BpBinder: onLastStrongRef automatically unlinking death recipients: <uncached descriptor>
01-21 22:58:18.490   294   294 D Zygote  : Forked child process 5597
01-21 22:58:18.490   551   607 W ActivityManager: Slow operation: 69ms so far, now at startProcess: returned from zygote!
01-21 22:58:18.491   551   607 W ActivityManager: Slow operation: 69ms so far, now at startProcess: done updating battery stats
01-21 22:58:18.491   551   607 W ActivityManager: Slow operation: 69ms so far, now at startProcess: building log message
01-21 22:58:18.491   551   607 I ActivityManager: Start proc 5597:com.xamarin.android.helloworld/u0a176 for next-top-activity {com.xamarin.android.helloworld/example.MainActivity}
01-21 22:58:18.491   551   607 W ActivityManager: Slow operation: 69ms so far, now at startProcess: starting to update pids map
01-21 22:58:18.492   833   978 W Looper  : Slow delivery took 39ms wmshell.main h=android.os.Handler c=null m=16
01-21 22:58:18.493   833   978 W Looper  : Drained
01-21 22:58:18.502   833  1089 D SplashScreenView: Build android.window.SplashScreenView{de5667a V.E...... ......ID 0,0-0,0}
01-21 22:58:18.502   833  1089 D SplashScreenView: Icon: view: android.widget.ImageView{c41fe2b V.ED..... ......I. 0,0-0,0 #10204dd android:id/splashscreen_icon_view} drawable: com.android.wm.shell.startingsurface.SplashscreenIconDrawableFactory$ImmobileIconDrawable@3cc8288 size: 440
01-21 22:58:18.502   833  1089 D SplashScreenView: Branding: view: android.view.View{b093421 G.ED..... ......I. 0,0-0,0 #10204dc android:id/splashscreen_branding_view} drawable: null size w: 0 h: 0
01-21 22:58:18.516   551  2379 D CoreBackPreview: Window{2e493a8 u0 Splash Screen com.xamarin.android.helloworld}: Setting back callback OnBackInvokedCallbackInfo{mCallback=android.window.IOnBackInvokedCallback$Stub$Proxy@4bfb666, mPriority=0}
01-21 22:58:18.522  5597  5597 I roid.helloworld: Using CollectorTypeCC GC.
01-21 22:58:18.528  1201  1613 D EGL_emulation: app_time_stats: avg=60604.06ms min=9.09ms max=484518.22ms count=8
01-21 22:58:18.554   365   430 I adbd    : jdwp connection from 5597
01-21 22:58:18.555   551   607 W ActivityManager: Slow operation: 133ms so far, now at startProcess: done updating pids map
01-21 22:58:18.556   551  2381 W Binder  : Caught a RuntimeException from the binder stub implementation.
01-21 22:58:18.556   551  2381 W Binder  : java.lang.ArrayIndexOutOfBoundsException: Array index out of range: 0
01-21 22:58:18.556   551  2381 W Binder  : 	at android.util.ArraySet.valueAt(ArraySet.java:422)
01-21 22:58:18.556   551  2381 W Binder  : 	at com.android.server.contentcapture.ContentCapturePerUserService$ContentCaptureServiceRemoteCallback.updateContentCaptureOptions(ContentCapturePerUserService.java:733)
01-21 22:58:18.556   551  2381 W Binder  : 	at com.android.server.contentcapture.ContentCapturePerUserService$ContentCaptureServiceRemoteCallback.setContentCaptureWhitelist(ContentCapturePerUserService.java:646)
01-21 22:58:18.556   551  2381 W Binder  : 	at android.service.contentcapture.IContentCaptureServiceCallback$Stub.onTransact(IContentCaptureServiceCallback.java:115)
01-21 22:58:18.556   551  2381 W Binder  : 	at android.os.Binder.execTransactInternal(Binder.java:1285)
01-21 22:58:18.556   551  2381 W Binder  : 	at android.os.Binder.execTransact(Binder.java:1244)
01-21 22:58:18.577   833  1105 E OpenGLRenderer: Unable to match the desired swap behavior.
01-21 22:58:18.639   551  2379 W ActivityTaskManager: takeTaskSnapshot: taskId=13 not found or not visible
01-21 22:58:18.641  5597  5597 D CompatibilityChangeReporter: Compat change id reported: 171979766; UID 10176; state: ENABLED
01-21 22:58:18.713  5597  5597 D nativeloader: Configuring classloader-namespace for other apk /data/app/~~tk5HQebqB3miOZ_CThKtog==/com.xamarin.android.helloworld-xm5xS6Wh0YbTjYmxyffhzw==/base.apk. target_sdk_version=36, uses_libraries=, library_path=/data/app/~~tk5HQebqB3miOZ_CThKtog==/com.xamarin.android.helloworld-xm5xS6Wh0YbTjYmxyffhzw==/lib/arm64:/data/app/~~tk5HQebqB3miOZ_CThKtog==/com.xamarin.android.helloworld-xm5xS6Wh0YbTjYmxyffhzw==/base.apk!/lib/arm64-v8a, permitted_path=/data:/mnt/expand:/data/user/0/com.xamarin.android.helloworld
01-21 22:58:18.775  5597  5597 V GraphicsEnvironment: ANGLE Developer option for 'com.xamarin.android.helloworld' set to: 'default'
01-21 22:58:18.787  5597  5597 V GraphicsEnvironment: ANGLE GameManagerService for com.xamarin.android.helloworld: false
01-21 22:58:18.787  5597  5597 V GraphicsEnvironment: Neither updatable production driver nor prerelease driver is supported.
01-21 22:58:18.807  5597  5597 D NetworkSecurityConfig: No Network Security Config specified, using platform default
01-21 22:58:18.807  5597  5597 D NetworkSecurityConfig: No Network Security Config specified, using platform default
01-21 22:58:18.811   551  2381 D CompatibilityChangeReporter: Compat change id reported: 161145287; UID 10176; state: DISABLED
01-21 22:58:19.006   337   432 W TransactionTracing: Could not find layer handle 0xb4000073622ec430
01-21 22:58:19.007   337   432 W TransactionTracing: Could not find layer handle 0xb4000073622eb2f0
01-21 22:58:19.020   337   432 W TransactionTracing: Could not find layer handle 0xb4000073622ec070
01-21 22:58:19.039   833  1105 D EGL_emulation: app_time_stats: avg=120925.22ms min=33.05ms max=483541.72ms count=4
01-21 22:58:19.305  5597  5597 D DOTNET  : AndroidCryptoNative_InitLibraryOnLoad: jint AndroidCryptoNative_InitLibraryOnLoad(JavaVM *, void *) in /__w/1/s/src/runtime/src/native/libs/System.Security.Cryptography.Native.Android/pal_jni.c
01-21 22:58:19.306  5597  5597 D DOTNET  : GetOptionalClassGRef: optional class com/android/org/conscrypt/OpenSSLEngineImpl was not found
01-21 22:58:19.721  5597  5597 I monodroid: JNIEnvInit: IsCoreClrRuntime=True, IsMonoRuntime=False
01-21 22:58:19.768  5597  5597 I monodroid-typemap: TypeMapAttributeTypeMap: Initializing...
01-21 22:58:20.016  5597  5597 I monodroid-typemap: TypeMapAttributeTypeMap: Initialized external and invoker type mappings
01-21 22:58:20.054   833  1105 D EGL_emulation: app_time_stats: avg=16.33ms min=2.49ms max=104.39ms count=38
01-21 22:58:20.072  5597  5597 I monodroid: JNIEnvInit: Set getFunctionPointerFn to 0x6eb91a2988
01-21 22:58:20.131  5597  5625 D libEGL  : loaded /vendor/lib64/egl/libEGL_emulation.so
01-21 22:58:20.143  5597  5625 D libEGL  : loaded /vendor/lib64/egl/libGLESv1_CM_emulation.so
01-21 22:58:20.145  5597  5625 D libEGL  : loaded /vendor/lib64/egl/libGLESv2_emulation.so
01-21 22:58:20.188  5597  5597 I monodroid-typemap: TryGetJniNameForType: HelloWorld.MainActivity -> 'example/MainActivity' (from [Register])
01-21 22:58:20.189  5597  5597 I monodroid: RegisterNativeMembers: type=HelloWorld.MainActivity, methods=n_onCreate:(Landroid/os/Bundle;)V:GetOnCreate_Landroid_os_Bundle_Handler
01-21 22:58:20.190  5597  5597 I monodroid: n_onResume:()V:GetOnResumeHandler
01-21 22:58:20.190  5597  5597 I monodroid: 
01-21 22:58:20.190  5597  5597 I monodroid: DynamicNativeMembersRegistration: registered n_onCreate for HelloWorld.MainActivity
01-21 22:58:20.191  5597  5597 I monodroid: DynamicNativeMembersRegistration: registered n_onResume for HelloWorld.MainActivity
01-21 22:58:20.192  5597  5597 I monodroid: DynamicNativeMembersRegistration: calling RegisterNatives with 2 methods
01-21 22:58:20.195  5597  5597 I monodroid-typemap: TryGetJniNameForType: Java.Interop.TypeManager+JavaTypeManager -> 'mono/android/TypeManager' (from [Register])
01-21 22:58:20.195  5597  5597 I monodroid: RegisterNativeMembers: type=Java.Interop.TypeManager+JavaTypeManager, methods=n_activate:(Ljava/lang/String;Ljava/lang/String;Ljava/lang/Object;[Ljava/lang/Object;)V:GetActivateHandler
01-21 22:58:20.195  5597  5597 I monodroid: 
01-21 22:58:20.196  5597  5597 I monodroid: DynamicNativeMembersRegistration: registered n_activate for Java.Interop.TypeManager+JavaTypeManager
01-21 22:58:20.196  5597  5597 I monodroid: DynamicNativeMembersRegistration: calling RegisterNatives with 1 methods
01-21 22:58:20.358  5597  5597 D CompatibilityChangeReporter: Compat change id reported: 210923482; UID 10176; state: ENABLED
01-21 22:58:20.360  5597  5597 I monodroid-typemap: CreatePeer: handle=0xd1, targetType=Android.Views.View
01-21 22:58:20.361  5597  5597 I monodroid-typemap: CreatePeer: Found type Android.Widget.Button for Java class 'android/widget/Button'
01-21 22:58:20.361  5597  5597 I monodroid-typemap: TryGetJniNameForType: Android.Widget.Button -> 'android/widget/Button' (from [Register])
01-21 22:58:20.361  5597  5597 I monodroid-typemap: CreatePeer: Activating instance of Android.Widget.Button...
01-21 22:58:20.365  5597  5597 I monodroid-typemap: CreatePeer: SUCCESS - Created Android.Widget.Button for Java class 'android/widget/Button'
01-21 22:58:20.378  5597  5597 I monodroid-typemap: TryGetJniNameForType: Android.Views.View+IOnClickListenerImplementor -> 'mono/android/view/View_OnClickListenerImplementor' (from [Register])
01-21 22:58:20.379  5597  5597 I monodroid-typemap: TryGetJniNameForType: Android.Views.View+IOnClickListenerImplementor -> 'mono/android/view/View_OnClickListenerImplementor' (from [Register])
01-21 22:58:20.379  5597  5597 I monodroid: RegisterNativeMembers: type=Android.Views.View+IOnClickListenerImplementor, methods=n_onClick:(Landroid/view/View;)V:GetOnClick_Landroid_view_View_Handler:Android.Views.View+IOnClickListenerInvoker, Mono.Android, Version=0.0.0.0, Culture=neutral, PublicKeyToken=null
01-21 22:58:20.379  5597  5597 I monodroid: 
01-21 22:58:20.380  5597  5597 I monodroid: DynamicNativeMembersRegistration: registered n_onClick for Android.Views.View+IOnClickListenerImplementor
01-21 22:58:20.380  5597  5597 I monodroid: DynamicNativeMembersRegistration: calling RegisterNatives with 1 methods
01-21 22:58:20.400  5597  5597 I monodroid-test: Calling native stub Java_example_MainActivity_n_1onCreate__Landroid_os_Bundle_2V...
01-21 22:58:20.401  5597  5597 F libc    : Fatal signal 11 (SIGSEGV), code 1 (SEGV_MAPERR), fault addr 0x0 in tid 5597 (roid.helloworld), pid 5597 (roid.helloworld)
01-21 22:58:20.756  5628  5628 I crash_dump64: obtaining output fd from tombstoned, type: kDebuggerdTombstoneProto
01-21 22:58:20.763   195   195 I tombstoned: received crash request for pid 5597
01-21 22:58:20.764  5628  5628 I crash_dump64: performing dump of process 5597 (target tid = 5597)
01-21 22:58:21.271   157   157 I logd    : logdr: UID=10176 GID=10176 PID=5628 n tail=0 logMask=8 pid=5597 start=0ns deadline=0ns
01-21 22:58:21.272   157   157 I logd    : logdr: UID=10176 GID=10176 PID=5628 n tail=0 logMask=1 pid=5597 start=0ns deadline=0ns
01-21 22:58:21.234  5628  5628 F DEBUG   : *** *** *** *** *** *** *** *** *** *** *** *** *** *** *** ***
01-21 22:58:21.234  5628  5628 F DEBUG   : Build fingerprint: 'google/sdk_gphone64_arm64/emu64a:13/TE1A.240213.009/12342917:userdebug/dev-keys'
01-21 22:58:21.234  5628  5628 F DEBUG   : Revision: '0'
01-21 22:58:21.234  5628  5628 F DEBUG   : ABI: 'arm64'
01-21 22:58:21.234  5628  5628 F DEBUG   : Timestamp: 2026-01-21 22:58:20.780136105+0100
01-21 22:58:21.234  5628  5628 F DEBUG   : Process uptime: 3s
01-21 22:58:21.234  5628  5628 F DEBUG   : Cmdline: com.xamarin.android.helloworld
01-21 22:58:21.234  5628  5628 F DEBUG   : pid: 5597, tid: 5597, name: roid.helloworld  >>> com.xamarin.android.helloworld <<<
01-21 22:58:21.234  5628  5628 F DEBUG   : uid: 10176
01-21 22:58:21.234  5628  5628 F DEBUG   : tagged_addr_ctrl: 0000000000000001 (PR_TAGGED_ADDR_ENABLE)
01-21 22:58:21.234  5628  5628 F DEBUG   : pac_enabled_keys: 000000000000000f (PR_PAC_APIAKEY, PR_PAC_APIBKEY, PR_PAC_APDAKEY, PR_PAC_APDBKEY)
01-21 22:58:21.234  5628  5628 F DEBUG   : signal 11 (SIGSEGV), code 1 (SEGV_MAPERR), fault addr 0x0000000000000000
01-21 22:58:21.234  5628  5628 F DEBUG   : Cause: null pointer dereference
01-21 22:58:21.234  5628  5628 F DEBUG   :     x0  0000006ef9792635  x1  0000000000000014  x2  0000000000000000  x3  0000006f01bd2730
01-21 22:58:21.234  5628  5628 F DEBUG   :     x4  00000000000000e1  x5  0000006f7449dd7a  x6  646b6f6c6077645e  x7  7f7f7f7f7f7f7f7f
01-21 22:58:21.234  5628  5628 F DEBUG   :     x8  0000006ef9792635  x9  0000000000000000  x10 0000000000000050  x11 0000000000000005
01-21 22:58:21.234  5628  5628 F DEBUG   :     x12 0000006ef97f2894  x13 0056325f656c646e  x14 db979083e96dd4de  x15 ffffffffffffffff
01-21 22:58:21.234  5628  5628 F DEBUG   :     x16 0000006ef8586760  x17 0000007227d588a4  x18 00000072401b2000  x19 0000006f01bd2730
01-21 22:58:21.234  5628  5628 F DEBUG   :     x20 b400007038b47f50  x21 00000000000039e6  x22 0000000000000000  x23 0000000000001070
01-21 22:58:21.234  5628  5628 F DEBUG   :     x24 0000006f77a00880  x25 0000007ffbf15e30  x26 0000000018380001  x27 0000000000000000
01-21 22:58:21.234  5628  5628 F DEBUG   :     x28 0000007ffbf15d30  x29 0000007ffbf15b50
01-21 22:58:21.234  5628  5628 F DEBUG   :     lr  0000006ef97f28ec  sp  0000007ffbf15b20  pc  0000000000000000  pst 0000000060001000
01-21 22:58:21.234  5628  5628 F DEBUG   : backtrace:
01-21 22:58:21.234  5628  5628 F DEBUG   :       #00 pc 0000000000000000  <unknown>
01-21 22:58:21.234  5628  5628 F DEBUG   :       #01 pc 00000000001ad8e8  /data/app/~~tk5HQebqB3miOZ_CThKtog==/com.xamarin.android.helloworld-xm5xS6Wh0YbTjYmxyffhzw==/base.apk!libxamarin-app-clr.so (offset 0x28a4000) (Java_example_MainActivity_n_1onCreate__Landroid_os_Bundle_2V+84) (BuildId: caec7d633856887bcf876b3ea5b994d64143a084)
01-21 22:58:21.234  5628  5628 F DEBUG   :       #02 pc 0000000000000dac  <anonymous:6eb65f0000>
01-21 22:58:21.268   195   195 E tombstoned: Tombstone written to: tombstone_20
01-21 22:58:21.277   551  5633 W ActivityTaskManager:   Force finishing activity com.xamarin.android.helloworld/example.MainActivity
01-21 22:58:21.284   551  5634 I DropBoxManagerService: add tag=data_app_native_crash isTagEnabled=true flags=0x2
01-21 22:58:21.298   551   692 I BootReceiver: Copying /data/tombstones/tombstone_20 to DropBox (SYSTEM_TOMBSTONE)
01-21 22:58:21.299   551   692 I DropBoxManagerService: add tag=SYSTEM_TOMBSTONE isTagEnabled=true flags=0x6
01-21 22:58:21.349     1     1 I init    : Untracked pid 5628 exited with status 0
01-21 22:58:21.349     1     1 I init    : Untracked pid 5628 did not have an associated service entry and will not be reaped
01-21 22:58:21.333   551   692 I DropBoxManagerService: add tag=SYSTEM_TOMBSTONE_PROTO isTagEnabled=true flags=0x4
01-21 22:58:21.336   294   294 I Zygote  : Process 5597 exited due to signal 11 (Segmentation fault)
01-21 22:58:21.430     1     1 I init    : Untracked pid 5630 exited with status 0
01-21 22:58:21.430     1     1 I init    : Untracked pid 5630 did not have an associated service entry and will not be reaped
01-21 22:58:21.442   551  5633 W ActivityTaskManager: Exception thrown during pause
01-21 22:58:21.442   551  5633 W ActivityTaskManager: android.os.DeadObjectException
01-21 22:58:21.442   551  5633 W ActivityTaskManager: 	at android.os.BinderProxy.transactNative(Native Method)
01-21 22:58:21.442   551  5633 W ActivityTaskManager: 	at android.os.BinderProxy.transact(BinderProxy.java:584)
01-21 22:58:21.442   551  5633 W ActivityTaskManager: 	at android.app.IApplicationThread$Stub$Proxy.scheduleTransaction(IApplicationThread.java:1900)
01-21 22:58:21.442   551  5633 W ActivityTaskManager: 	at android.app.servertransaction.ClientTransaction.schedule(ClientTransaction.java:136)
01-21 22:58:21.442   551  5633 W ActivityTaskManager: 	at com.android.server.wm.ClientLifecycleManager.scheduleTransaction(ClientLifecycleManager.java:47)
01-21 22:58:21.442   551  5633 W ActivityTaskManager: 	at com.android.server.wm.ClientLifecycleManager.scheduleTransaction(ClientLifecycleManager.java:69)
01-21 22:58:21.442   551  5633 W ActivityTaskManager: 	at com.android.server.wm.TaskFragment.schedulePauseActivity(TaskFragment.java:1725)
01-21 22:58:21.442   551  5633 W ActivityTaskManager: 	at com.android.server.wm.TaskFragment.startPausing(TaskFragment.java:1664)
01-21 22:58:21.442   551  5633 W ActivityTaskManager: 	at com.android.server.wm.ActivityRecord.finishIfPossible(ActivityRecord.java:3520)
01-21 22:58:21.442   551  5633 W ActivityTaskManager: 	at com.android.server.wm.ActivityRecord.finishIfPossible(ActivityRecord.java:3410)
01-21 22:58:21.442   551  5633 W ActivityTaskManager: 	at com.android.server.wm.Task.finishTopCrashedActivityLocked(Task.java:5334)
01-21 22:58:21.442   551  5633 W ActivityTaskManager: 	at com.android.server.wm.RootWindowContainer.lambda$finishTopCrashedActivities$17(RootWindowContainer.java:2236)
01-21 22:58:21.442   551  5633 W ActivityTaskManager: 	at com.android.server.wm.RootWindowContainer.$r8$lambda$tU3uq54E6s47P2cFrn4v86Si-94(Unknown Source:0)
01-21 22:58:21.442   551  5633 W ActivityTaskManager: 	at com.android.server.wm.RootWindowContainer$$ExternalSyntheticLambda44.accept(Unknown Source:10)
01-21 22:58:21.442   551  5633 W ActivityTaskManager: 	at com.android.server.wm.Task.forAllTasks(Task.java:3192)
01-21 22:58:21.442   551  5633 W ActivityTaskManager: 	at com.android.server.wm.WindowContainer.forAllTasks(WindowContainer.java:2041)
01-21 22:58:21.442   551  5633 W ActivityTaskManager: 	at com.android.server.wm.WindowContainer.forAllTasks(WindowContainer.java:2041)
01-21 22:58:21.442   551  5633 W ActivityTaskManager: 	at com.android.server.wm.WindowContainer.forAllTasks(WindowContainer.java:2041)
01-21 22:58:21.442   551  5633 W ActivityTaskManager: 	at com.android.server.wm.WindowContainer.forAllTasks(WindowContainer.java:2041)
01-21 22:58:21.442   551  5633 W ActivityTaskManager: 	at com.android.server.wm.WindowContainer.forAllTasks(WindowContainer.java:2041)
01-21 22:58:21.442   551  5633 W ActivityTaskManager: 	at com.android.server.wm.WindowContainer.forAllTasks(WindowContainer.java:2041)
01-21 22:58:21.442   551  5633 W ActivityTaskManager: 	at com.android.server.wm.WindowContainer.forAllTasks(WindowContainer.java:2041)
01-21 22:58:21.442   551  5633 W ActivityTaskManager: 	at com.android.server.wm.WindowContainer.forAllTasks(WindowContainer.java:2034)
01-21 22:58:21.442   551  5633 W ActivityTaskManager: 	at com.android.server.wm.RootWindowContainer.finishTopCrashedActivities(RootWindowContainer.java:2235)
01-21 22:58:21.442   551  5633 W ActivityTaskManager: 	at com.android.server.wm.ActivityTaskManagerService$LocalService.finishTopCrashedActivities(ActivityTaskManagerService.java:6586)
01-21 22:58:21.442   551  5633 W ActivityTaskManager: 	at com.android.server.am.AppErrors.handleAppCrashLSPB(AppErrors.java:934)
01-21 22:58:21.442   551  5633 W ActivityTaskManager: 	at com.android.server.am.AppErrors.makeAppCrashingLocked(AppErrors.java:766)
01-21 22:58:21.442   551  5633 W ActivityTaskManager: 	at com.android.server.am.AppErrors.crashApplicationInner(AppErrors.java:641)
01-21 22:58:21.442   551  5633 W ActivityTaskManager: 	at com.android.server.am.AppErrors.crashApplication(AppErrors.java:569)
01-21 22:58:21.442   551  5633 W ActivityTaskManager: 	at com.android.server.am.ActivityManagerService.handleApplicationCrashInner(ActivityManagerService.java:8558)
01-21 22:58:21.442   551  5633 W ActivityTaskManager: 	at com.android.server.am.NativeCrashListener$NativeCrashReporter.run(NativeCrashListener.java:88)
01-21 22:58:21.461  1201  1201 D MainContentCaptureSession: Flushing 1 event(s) for act:com.google.android.apps.nexuslauncher/.NexusLauncherActivity [state=2 (ACTIVE), disabled=false], reason=FULL
01-21 22:58:21.472   551  1548 W AppSearchIcing: icing-search-engine.cc:217: Error: 5, Message: Document (com.google.android.googlequicksearchbox$OneSearchZeroStateGoogleSuggestions/default, zp) not found.
01-21 22:58:21.476  1201  1718 D OneSearchSuggestProvider: Established or reuse existing binder channel authority=com.google.android.googlequicksearchbox
01-21 22:58:21.498   337   337 I BpBinder: onLastStrongRef automatically unlinking death recipients: <uncached descriptor>
01-21 22:58:21.514   551  2369 I ActivityManager: Process com.xamarin.android.helloworld (pid 5597) has died: fg  TOP 
01-21 22:58:21.516   551   610 I libprocessgroup: Successfully killed process cgroup uid 10176 pid 5597 in 0ms
01-21 22:58:21.542   551   593 W Looper  : Slow dispatch took 255ms android.fg h=com.android.server.DropBoxManagerService$DropBoxManagerBroadcastHandler c=null m=1
01-21 22:58:21.542   551   593 W Looper  : Slow delivery took 232ms android.fg h=com.android.server.DropBoxManagerService$DropBoxManagerBroadcastHandler c=null m=1
01-21 22:58:21.549  1538  2102 I AiAiEcho: Predicting[0]: 
01-21 22:58:21.549  1538  2102 I AiAiEcho: Ranked targets strategy: SORT, count: 0, ranking metadata: 
01-21 22:58:21.550  1538  2102 I AiAiEcho: #postPredictionTargets: Sending updates to UISurface lockscreen with targets# 0
01-21 22:58:21.550  1538  2102 I AiAiEcho: #postPredictionTargets: Sending updates to UISurface home with targets# 0
01-21 22:58:21.550  1538  2102 I AiAiEcho: #postPredictionTargets: Sending updates to UISurface media_data_manager with targets# 0
01-21 22:58:21.559  1201  1613 E OpenGLRenderer: Unable to match the desired swap behavior.
01-21 22:58:21.593  1754  2094 E OpenGLRenderer: Unable to match the desired swap behavior.
01-21 22:58:21.604   551   606 W BroadcastQueue: Background execution not allowed: receiving Intent { act=android.intent.action.DROPBOX_ENTRY_ADDED flg=0x10 (has extras) } to com.google.android.gms/.stats.service.DropBoxEntryAddedReceiver
01-21 22:58:21.608   551   593 W Looper  : Drained
01-21 22:58:21.610   551  1152 W InputManager-JNI: Input channel object '2e493a8 Splash Screen com.xamarin.android.helloworld (client)' was disposed without first being removed with the input manager!
01-21 22:58:21.618   833   833 D SsMediaDataProvider: Forwarding Smartspace updates []
01-21 22:58:21.647   337   432 W TransactionTracing: Could not find layer handle 0xb4000073622eacf0
01-21 22:58:21.647   337   432 W TransactionTracing: Could not find layer handle 0xb4000073622ea5d0
01-21 22:58:21.666   551  2379 W WindowManager: Failed looking up window session=Session{79d51bc 833:u0a10157} callers=com.android.server.wm.WindowManagerService.windowForClientLocked:6050 com.android.server.wm.Session.setOnBackInvokedCallbackInfo:943 android.view.IWindowSession$Stub.onTransact:1180 
01-21 22:58:21.667   551  2379 E WindowManager: setOnBackInvokedCallback(): No window state for package:com.android.systemui
01-21 22:58:21.678   551   606 W BroadcastQueue: Background execution not allowed: receiving Intent { act=android.intent.action.DROPBOX_ENTRY_ADDED flg=0x10 (has extras) } to com.google.android.gms/.chimera.GmsIntentOperationService$PersistentTrustedReceiver
01-21 22:58:21.679   551   606 W BroadcastQueue: Background execution not allowed: receiving Intent { act=android.intent.action.DROPBOX_ENTRY_ADDED flg=0x10 (has extras) } to com.google.android.gms/.stats.service.DropBoxEntryAddedReceiver
01-21 22:58:21.680   551   606 W BroadcastQueue: Background execution not allowed: receiving Intent { act=android.intent.action.DROPBOX_ENTRY_ADDED flg=0x10 (has extras) } to com.google.android.gms/.chimera.GmsIntentOperationService$PersistentTrustedReceiver
01-21 22:58:21.680   551   606 W BroadcastQueue: Background execution not allowed: receiving Intent { act=android.intent.action.DROPBOX_ENTRY_ADDED flg=0x10 (has extras) } to com.google.android.gms/.stats.service.DropBoxEntryAddedReceiver
01-21 22:58:21.680   551   606 W BroadcastQueue: Background execution not allowed: receiving Intent { act=android.intent.action.DROPBOX_ENTRY_ADDED flg=0x10 (has extras) } to com.google.android.gms/.chimera.GmsIntentOperationService$PersistentTrustedReceiver
01-21 22:58:21.789   551   596 W ActivityTaskManager: Activity top resumed state loss timeout for ActivityRecord{695b7bc u0 com.xamarin.android.helloworld/example.MainActivity} t31 f} isExiting}
01-21 22:58:21.930   337   432 W TransactionTracing: Could not find layer handle 0xb4000073622ea690
01-21 22:58:21.930   337   432 W TransactionTracing: Could not find layer handle 0xb4000073622eb110
01-21 22:58:21.964  2899  2899 I GoogleInputMethodService: GoogleInputMethodService.onFinishInput():3227 
01-21 22:58:21.968  2899  2899 I GoogleInputMethodService: GoogleInputMethodService.updateDeviceLockedStatus():2087 repeatCheckTimes = 0, unlocked = true
01-21 22:58:21.981   833  1105 D EGL_emulation: app_time_stats: avg=50.60ms min=2.68ms max=1236.78ms count=31
01-21 22:58:21.987  2899  2899 I GoogleInputMethodService: GoogleInputMethodService.onStartInput():1877 onStartInput(EditorInfo{inputType=0x0(NULL) imeOptions=0x0 privateImeOptions=null actionName=UNSPECIFIED actionLabel=null actionId=0 initialSelStart=-1 initialSelEnd=-1 initialCapsMode=0x0 hintText=null label=null packageName=com.google.android.apps.nexuslauncher fieldId=-1 fieldName=null extras=null}, false)
01-21 22:58:21.987  2899  2899 I GoogleInputMethodService: GoogleInputMethodService.shouldHideHeaderOnInitialState():4008 ShouldHideHeaderOnInitialState = false
01-21 22:58:21.987  2899  2899 I GoogleInputMethodService: GoogleInputMethodService.updateDeviceLockedStatus():2087 repeatCheckTimes = 2, unlocked = true
01-21 22:58:22.600  2009  5513 I BugleRcsEngine: [134] bfyb.d: (PEv2-SM-Bugle-18230731): ConfiguredState: event Timeout [null]
01-21 22:58:22.989   833  1105 D EGL_emulation: app_time_stats: avg=9.00ms min=1.73ms max=31.50ms count=45
