01-21 22:24:20.518   148   148 I servicemanager: Found android.hardware.radio.sim.IRadioSim/slot1 in device VINTF manifest.
01-21 22:24:20.518   148   148 I servicemanager: Found android.hardware.radio.voice.IRadioVoice/slot1 in device VINTF manifest.
01-21 22:24:20.518   148   148 I servicemanager: Found android.hardware.radio.config.IRadioConfig/default in device VINTF manifest.
01-21 22:24:20.522   333   486 I AudioFlinger: AudioFlinger's thread 0xb400007dfc487bb0 tid=486 ready to run
01-21 22:24:20.522   333   486 W AudioFlinger: no wake lock to update, system not ready yet
01-21 22:24:20.523   333   486 W AudioFlinger: no wake lock to update, system not ready yet
01-21 22:24:20.533   333   488 I AudioFlinger: AudioFlinger's thread 0xb400007dfc487bb0 tid=488 ready to run
01-21 22:24:20.543   333   488 W AudioFlinger: no wake lock to update, system not ready yet
01-21 22:24:20.543   333   488 W AudioFlinger: no wake lock to update, system not ready yet
01-21 22:24:20.543   296   296 E DevicesFactoryHAL: loadAudioInterface couldn't load audio hw module audio.a2dp (No such file or directory)
01-21 22:24:20.543   333   333 W DevicesFactoryHalHidl: The specified device name is not recognized: "a2dp"
01-21 22:24:20.543   333   333 E AudioFlinger: loadHwModule() error -22 loading module a2dp
01-21 22:24:20.543   333   333 W APM_AudioPolicyManager: could not open HW module a2dp
01-21 22:24:20.597   296   296 I r_submix: adev_open(name=audio_hw_if)
01-21 22:24:20.598   296   296 I r_submix: adev_init_check()
01-21 22:24:20.598   333   333 I AudioFlinger: loadHwModule() Loaded r_submix audio interface, handle 18
01-21 22:24:20.599   296   296 D r_submix: adev_open_input_stream(addr=0)
01-21 22:24:20.599   296   296 I r_submix: adev_open_input_stream(): about to create pipe at index 9, rate 48000, pipe size 4096
01-21 22:24:20.599   296   296 D r_submix: submix_audio_device_create_pipe_l(addr=0, idx=9)
01-21 22:24:20.599   296   296 D r_submix:   now using address 0 for route 9
01-21 22:24:20.611   413   413 I mediaswcodec: media swcodec service starting
01-21 22:24:20.614   413   413 W mediaswcodec: Could not read additional policy file '/vendor/etc/seccomp_policy/mediaswcodec.policy'
01-21 22:24:20.615   413   413 W mediaswcodec: libminijail[413]: failed to get path of fd 4: No such file or directory
01-21 22:24:20.615   413   413 W mediaswcodec: libminijail[413]: allowing syscall: connect
01-21 22:24:20.615   413   413 W mediaswcodec: libminijail[413]: allowing syscall: fcntl
01-21 22:24:20.615   413   413 W mediaswcodec: libminijail[413]: allowing syscall: sendto
01-21 22:24:20.615   413   413 W mediaswcodec: libminijail[413]: allowing syscall: socket
01-21 22:24:20.615   413   413 W mediaswcodec: libminijail[413]: allowing syscall: writev
01-21 22:24:20.616   413   413 W mediaswcodec: libminijail[413]: compile_file: <fd>(75): syscall munmap redefined here
01-21 22:24:20.616   413   413 W mediaswcodec: libminijail[413]: compile_file: <fd>(39): previous definition here
01-21 22:24:20.621   413   413 W mediaswcodec: libminijail[413]: logging seccomp filter failures
01-21 22:24:20.625   333   490 I AudioFlinger: AudioFlinger's thread 0xb400007dfc487bb0 tid=490 ready to run
01-21 22:24:20.626   296   296 I r_submix: in_standby()
01-21 22:24:20.626   333   490 W AudioFlinger: no wake lock to update, system not ready yet
01-21 22:24:20.626   296   296 I r_submix: in_standby()
01-21 22:24:20.629   413   413 I CodecServiceRegistrant: Creating software Codec2 service...
01-21 22:24:20.634   333   490 W AudioFlinger: no wake lock to update, system not ready yet
01-21 22:24:20.634   296   296 D r_submix: adev_close_input_stream()
01-21 22:24:20.635   296   296 D r_submix: submix_audio_device_release_pipe_l(idx=9) addr=0
01-21 22:24:20.635   296   296 D r_submix: submix_audio_device_destroy_pipe_l(): pipe destroyed
01-21 22:24:20.637   413   413 D C2Store : Default ION heapmask = -1
01-21 22:24:20.637   413   413 D C2Store : Default ION flags = 0
01-21 22:24:20.637   413   413 D C2Store : Default ION align = 0
01-21 22:24:20.649   413   413 I HidlServiceManagement: Registered android.hardware.media.c2@1.2::IComponentStore/software
01-21 22:24:20.654   413   413 I CodecServiceRegistrant: Preferred Codec2 store is set to "default".
01-21 22:24:20.658   413   413 I CodecServiceRegistrant: Software Codec2 service created and registered.
01-21 22:24:20.682   333   333 I AudioFlinger: loadHwModule() Loaded bluetooth audio interface, handle 26
01-21 22:24:20.700   333   333 I audioserver: Waiting for activity service
01-21 22:24:22.663   170   179 I keystore2: keystore2::watchdog: Watchdog thread idle -> terminating. Have a great day.
01-21 22:24:23.172   471   471 D BootAnimation: BootAnimationPreloadStopTiming start time: 19177ms
01-21 22:24:23.228   471   501 D libEGL  : loaded /vendor/lib64/egl/libEGL_emulation.so
01-21 22:24:23.231   471   501 D libEGL  : loaded /vendor/lib64/egl/libGLESv1_CM_emulation.so
01-21 22:24:23.233   294   294 D zygote64: Time zone APEX ICU file found: /apex/com.android.tzdata/etc/icu/icu_tzdata.dat
01-21 22:24:23.236   471   501 D libEGL  : loaded /vendor/lib64/egl/libGLESv2_emulation.so
01-21 22:24:23.298   294   294 D zygote64: I18n APEX ICU file found: /apex/com.android.i18n/etc/icu/icudt70l.dat
01-21 22:24:23.321   471   501 D HostConnection: HostComposition ext ANDROID_EMU_CHECKSUM_HELPER_v1 ANDROID_EMU_native_sync_v2 ANDROID_EMU_native_sync_v3 ANDROID_EMU_native_sync_v4 ANDROID_EMU_dma_v1 ANDROID_EMU_direct_mem ANDROID_EMU_host_composition_v1 ANDROID_EMU_host_composition_v2 ANDROID_EMU_vulkan ANDROID_EMU_deferred_vulkan_commands ANDROID_EMU_vulkan_null_optional_strings ANDROID_EMU_vulkan_create_resources_with_requirements ANDROID_EMU_YUV_Cache ANDROID_EMU_vulkan_ignored_handles ANDROID_EMU_has_shared_slots_host_memory_allocator ANDROID_EMU_vulkan_free_memory_sync ANDROID_EMU_vulkan_shader_float16_int8 ANDROID_EMU_vulkan_async_queue_submit ANDROID_EMU_vulkan_queue_submit_with_commands ANDROID_EMU_sync_buffer_data ANDROID_EMU_vulkan_async_qsri ANDROID_EMU_read_color_buffer_dma ANDROID_EMU_hwc_multi_configs GL_OES_EGL_image_external_essl3 GL_OES_vertex_array_object GL_KHR_texture_compression_astc_ldr ANDROID_EMU_host_side_tracing ANDROID_EMU_gles_max_version_3_0 
01-21 22:24:23.355   149   149 I hwservicemanager: getTransport: Cannot find entry android.hardware.graphics.mapper@4.0::IMapper/default in either framework or device VINTF manifest.
01-21 22:24:23.356   471   501 I Gralloc4: mapper 4.x is not supported
01-21 22:24:23.375   149   149 I hwservicemanager: getTransport: Cannot find entry android.hardware.graphics.allocator@4.0::IAllocator/default in either framework or device VINTF manifest.
01-21 22:24:23.376   148   148 I servicemanager: Could not find android.hardware.graphics.allocator.IAllocator/default in the VINTF manifest.
01-21 22:24:23.376   471   501 W Gralloc4: allocator 4.x is not supported
01-21 22:24:23.385   471   501 D HostConnection: HostComposition ext ANDROID_EMU_CHECKSUM_HELPER_v1 ANDROID_EMU_native_sync_v2 ANDROID_EMU_native_sync_v3 ANDROID_EMU_native_sync_v4 ANDROID_EMU_dma_v1 ANDROID_EMU_direct_mem ANDROID_EMU_host_composition_v1 ANDROID_EMU_host_composition_v2 ANDROID_EMU_vulkan ANDROID_EMU_deferred_vulkan_commands ANDROID_EMU_vulkan_null_optional_strings ANDROID_EMU_vulkan_create_resources_with_requirements ANDROID_EMU_YUV_Cache ANDROID_EMU_vulkan_ignored_handles ANDROID_EMU_has_shared_slots_host_memory_allocator ANDROID_EMU_vulkan_free_memory_sync ANDROID_EMU_vulkan_shader_float16_int8 ANDROID_EMU_vulkan_async_queue_submit ANDROID_EMU_vulkan_queue_submit_with_commands ANDROID_EMU_sync_buffer_data ANDROID_EMU_vulkan_async_qsri ANDROID_EMU_read_color_buffer_dma ANDROID_EMU_hwc_multi_configs GL_OES_EGL_image_external_essl3 GL_OES_vertex_array_object GL_KHR_texture_compression_astc_ldr ANDROID_EMU_host_side_tracing ANDROID_EMU_gles_max_version_3_0 
01-21 22:24:23.400   471   501 D EGL_emulation: eglCreateContext: 0xb400007289255c90: maj 3 min 0 rcv 3
01-21 22:24:23.404   471   501 D EGL_emulation: eglMakeCurrent: 0xb400007289255c90: ver 3 0 (tinfo 0x74a7ee2080) (first time)
01-21 22:24:23.435   408   408 W ServiceManager: Service package_native didn't start. Returning NULL
01-21 22:24:23.436   408   408 E storaged: getService package_native failed
01-21 22:24:23.455   408   504 I storaged: storaged: Start
01-21 22:24:23.463   408   504 I ServiceManager: Waiting for service 'package_native' on '/dev/binder'...
01-21 22:24:23.709   471   501 E emuglGLESv2_enc: device/generic/goldfish-opengl/system/GLESv2_enc/GL2Encoder.cpp:s_glEnable:4892 GL error 0x500 condition [!GLESv2Validation::allowedEnable(ctx->majorVersion(), ctx->minorVersion(), what)]
01-21 22:24:23.966   471   501 D BootAnimation: BootAnimationShownTiming start time: 19971ms
01-21 22:24:23.966   471   501 D BootAnimation: Playing files = /product/media/bootanimation.zip/part0, Requested repeat = 1, playUntilComplete = true
01-21 22:24:24.048   337   337 I SurfaceFlinger: Enter boot animation
01-21 22:24:24.063   313   313 D HostConnection: HostComposition ext ANDROID_EMU_CHECKSUM_HELPER_v1 ANDROID_EMU_native_sync_v2 ANDROID_EMU_native_sync_v3 ANDROID_EMU_native_sync_v4 ANDROID_EMU_dma_v1 ANDROID_EMU_direct_mem ANDROID_EMU_host_composition_v1 ANDROID_EMU_host_composition_v2 ANDROID_EMU_vulkan ANDROID_EMU_deferred_vulkan_commands ANDROID_EMU_vulkan_null_optional_strings ANDROID_EMU_vulkan_create_resources_with_requirements ANDROID_EMU_YUV_Cache ANDROID_EMU_vulkan_ignored_handles ANDROID_EMU_has_shared_slots_host_memory_allocator ANDROID_EMU_vulkan_free_memory_sync ANDROID_EMU_vulkan_shader_float16_int8 ANDROID_EMU_vulkan_async_queue_submit ANDROID_EMU_vulkan_queue_submit_with_commands ANDROID_EMU_sync_buffer_data ANDROID_EMU_vulkan_async_qsri ANDROID_EMU_read_color_buffer_dma ANDROID_EMU_hwc_multi_configs GL_OES_EGL_image_external_essl3 GL_OES_vertex_array_object GL_KHR_texture_compression_astc_ldr ANDROID_EMU_host_side_tracing ANDROID_EMU_gles_max_version_3_0 
01-21 22:24:24.481   406   423 W ServiceManager: Service package_native didn't start. Returning NULL
01-21 22:24:24.481   406   423 E ServiceUtilities: getInfo: Cannot find package_native
01-21 22:24:24.771   294   294 I zygote64: Using memfd for future sealing
01-21 22:24:25.546   471   501 D BootAnimation: Playing files = /product/media/bootanimation.zip/part1, Requested repeat = 1, playUntilComplete = true
01-21 22:24:27.088   294   511 W zygote64: Verification of void com.android.internal.net.eap.statemachine.EapAkaMethodStateMachine.<init>(android.content.Context, byte[], android.net.eap.EapSessionConfig$EapAkaConfig) took 498.874ms (20.05 bytecodes/s) (1608B approximate peak alloc)
01-21 22:24:28.490   408   504 W ServiceManager: Service package_native didn't start. Returning NULL
01-21 22:24:28.490   408   504 E storaged: getService package_native failed
01-21 22:24:28.633   294   294 D Zygote  : begin preload
01-21 22:24:28.639   294   294 I Zygote  : Calling ZygoteHooks.beginPreload()
01-21 22:24:28.672   294   511 I zygote64: Verified 4999 classes from mainline modules in 2.451s
01-21 22:24:28.947   471   501 D EGL_emulation: app_time_stats: avg=523.17ms min=21.52ms max=1526.24ms count=3
01-21 22:24:29.425   294   294 V Zygote64Timing: BeginPreload took to complete: 792ms
01-21 22:24:29.426   294   294 I Zygote  : Preloading classes...
01-21 22:24:30.060   471   501 D EGL_emulation: app_time_stats: avg=20.98ms min=8.13ms max=41.01ms count=5
01-21 22:24:30.173   294   294 I Typeface: Preloading /system/fonts/Roboto-Regular.ttf
01-21 22:24:30.173   294   294 I Typeface: Preloading /system/fonts/RobotoStatic-Regular.ttf
01-21 22:24:30.382   294   294 E ActivityRecognitionHardware: activity_recognition HAL is deprecated. class_init is effectively a no-op
01-21 22:24:30.949   294   512 W zygote64: Suspending all threads took: 17.007ms
01-21 22:24:30.954   294   512 I zygote64: Background concurrent copying GC freed 121715(5365KB) AllocSpace objects, 18(456KB) LOS objects, 49% free, 7980KB/15MB, paused 61.896ms,17.736ms total 405.876ms
01-21 22:24:31.203   471   501 D EGL_emulation: app_time_stats: avg=20.61ms min=20.61ms max=20.61ms count=1
01-21 22:24:31.941   294   294 D MtpDeviceJNI: register_android_mtp_MtpDevice
01-21 22:24:32.316   294   294 I zygote64: Thread[1,tid=294,Native,Thread*=0xb4000070e8b4fbe0,peer=0x13680000,"main"] recursive attempt to load library "librtp_jni.so"
01-21 22:24:32.676   294   512 W zygote64: Suspending all threads took: 7.718ms
01-21 22:24:32.681   294   512 I zygote64: Background young concurrent copying GC freed 145934(6143KB) AllocSpace objects, 13(444KB) LOS objects, 42% free, 9181KB/15MB, paused 2.363ms,7.796ms total 128.005ms
01-21 22:24:33.330   471   501 D EGL_emulation: app_time_stats: avg=18.93ms min=10.59ms max=28.72ms count=6
01-21 22:24:34.620   337   435 D RenderEngine: Shader cache generated 93 shaders in 14897.530273 ms
01-21 22:24:34.657   471   501 D EGL_emulation: app_time_stats: avg=9.27ms min=9.27ms max=9.27ms count=1
01-21 22:24:35.675   471   501 D EGL_emulation: app_time_stats: avg=16.06ms min=3.13ms max=33.79ms count=31
01-21 22:24:36.681   471   501 D EGL_emulation: app_time_stats: avg=18.96ms min=5.30ms max=86.85ms count=29
01-21 22:24:36.925   294   294 W Zygote  : Class not found for preloading: com.android.internal.telephony.ServiceStateTracker$$ExternalSyntheticLambda6
01-21 22:24:37.682   471   501 D EGL_emulation: app_time_stats: avg=23.90ms min=7.44ms max=80.34ms count=27
01-21 22:24:38.085   294   294 I Zygote  : ...preloaded 16430 classes in 8659ms.
01-21 22:24:38.085   294   294 V Zygote64Timing: PreloadClasses took to complete: 8660ms
01-21 22:24:38.226   294   294 D nativeloader: Configuring classloader-namespace-shared for other apk /system/framework/android.hidl.base-V1.0-java.jar. target_sdk_version=33, uses_libraries=, library_path=, permitted_path=/data:/mnt/expand
01-21 22:24:38.237   294   294 D ApplicationLoaders: Created zygote-cached class loader: /system/framework/android.hidl.base-V1.0-java.jar
01-21 22:24:38.369   294   294 D nativeloader: Configuring classloader-namespace-shared for other apk /system/framework/android.hidl.manager-V1.0-java.jar. target_sdk_version=33, uses_libraries=, library_path=, permitted_path=/data:/mnt/expand
01-21 22:24:38.369   294   294 D ApplicationLoaders: Created zygote-cached class loader: /system/framework/android.hidl.manager-V1.0-java.jar
01-21 22:24:38.392   294   294 D nativeloader: Configuring classloader-namespace-shared for other apk /system/framework/android.test.base.jar. target_sdk_version=33, uses_libraries=, library_path=, permitted_path=/data:/mnt/expand
01-21 22:24:38.392   294   294 D ApplicationLoaders: Created zygote-cached class loader: /system/framework/android.test.base.jar
01-21 22:24:38.392   294   294 V Zygote64Timing: CacheNonBootClasspathClassLoaders took to complete: 308ms
01-21 22:24:38.392   294   294 I Zygote  : Preloading resources...
01-21 22:24:38.698   471   501 D EGL_emulation: app_time_stats: avg=23.39ms min=5.30ms max=200.90ms count=28
01-21 22:24:38.851   294   294 W Resources: Preloaded drawable resource #0x1080287 (android:drawable/dialog_background_material) that varies with configuration!!
01-21 22:24:38.991   294   294 I Zygote  : ...preloaded 64 resources in 598ms.
01-21 22:24:39.001   294   294 I Zygote  : ...preloaded 41 resources in 9ms.
01-21 22:24:39.001   294   294 V Zygote64Timing: PreloadResources took to complete: 608ms
01-21 22:24:39.082   294   294 I Zygote  : Preloading shared libraries...
01-21 22:24:39.234   294   294 E zygote64: Unable to find pattern file or unable to map it for am
01-21 22:24:39.340   294   294 I Zygote  : Called ZygoteHooks.endPreload()
01-21 22:24:39.340   294   294 I Zygote  : Installed AndroidKeyStoreProvider in 1ms.
01-21 22:24:39.347   294   294 I Zygote  : Warmed up JCA providers in 6ms.
01-21 22:24:39.347   294   294 D Zygote  : end preload
01-21 22:24:39.347   294   294 V Zygote64Timing: ZygotePreload took to complete: 10714ms
01-21 22:24:39.615   294   294 I zygote64: Explicit concurrent copying GC freed 51330(2703KB) AllocSpace objects, 2(40KB) LOS objects, 49% free, 10085KB/19MB, paused 79us,9us total 267.348ms
01-21 22:24:39.698   471   501 D EGL_emulation: app_time_stats: avg=26.74ms min=6.16ms max=71.27ms count=25
01-21 22:24:39.879   294   294 I zygote64: Explicit concurrent copying GC freed 9264(351KB) AllocSpace objects, 1(28KB) LOS objects, 49% free, 9737KB/19MB, paused 15us,8us total 259.621ms
01-21 22:24:39.879   294   294 V Zygote64Timing: PostZygoteInitGC took to complete: 532ms
01-21 22:24:39.879   294   294 V Zygote64Timing: ZygoteInit took to complete: 11379ms
01-21 22:24:40.753   471   501 D EGL_emulation: app_time_stats: avg=41.08ms min=16.56ms max=79.03ms count=15
01-21 22:24:41.321   294   294 I zygote64: Background concurrent copying GC freed 117(47KB) AllocSpace objects, 0(0B) LOS objects, 49% free, 9737KB/19MB, paused 13us,9us total 213.122ms
01-21 22:24:41.540   294   294 D Zygote  : Forked child process 551
01-21 22:24:41.541   294   294 I Zygote  : System server process 551 has been created
01-21 22:24:41.567   294   294 I Zygote  : Accepting command socket connections
01-21 22:24:41.760   471   501 D EGL_emulation: app_time_stats: avg=30.86ms min=14.55ms max=66.34ms count=21
01-21 22:24:42.769   471   501 D EGL_emulation: app_time_stats: avg=32.45ms min=15.17ms max=63.21ms count=21
01-21 22:24:42.890   551   551 D nativeloader: Configuring classloader-namespace-shared for other apk /system/framework/com.android.location.provider.jar:/system/framework/services.jar:/apex/com.android.adservices/javalib/service-adservices.jar:/apex/com.android.adservices/javalib/service-sdksandbox.jar:/apex/com.android.appsearch/javalib/service-appsearch.jar:/apex/com.android.art/javalib/service-art.jar:/apex/com.android.media/javalib/service-media-s.jar:/apex/com.android.permission/javalib/service-permission.jar. target_sdk_version=10000, uses_libraries=ALL, library_path=/system/lib64:/system_ext/lib64, permitted_path=/data:/mnt/expand:/system/lib64:/system_ext/lib64
01-21 22:24:43.200   551   551 D nativeloader: Configuring classloader-namespace-shared for other apk /apex/com.android.btservices/javalib/service-bluetooth.jar. target_sdk_version=33, uses_libraries=ALL, library_path=, permitted_path=/data:/mnt/expand
01-21 22:24:43.293   551   551 D nativeloader: Configuring classloader-namespace-shared for other apk /apex/com.android.os.statsd/javalib/service-statsd.jar. target_sdk_version=33, uses_libraries=ALL, library_path=, permitted_path=/data:/mnt/expand
01-21 22:24:43.363   551   551 D nativeloader: Configuring classloader-namespace-shared for other apk /apex/com.android.scheduling/javalib/service-scheduling.jar. target_sdk_version=33, uses_libraries=ALL, library_path=, permitted_path=/data:/mnt/expand
01-21 22:24:43.620   551   551 D nativeloader: Configuring classloader-namespace-shared for other apk /apex/com.android.tethering/javalib/service-connectivity.jar. target_sdk_version=33, uses_libraries=ALL, library_path=, permitted_path=/data:/mnt/expand
01-21 22:24:43.777   471   501 D EGL_emulation: app_time_stats: avg=25.26ms min=11.51ms max=130.06ms count=25
01-21 22:24:43.856   551   551 D nativeloader: Configuring classloader-namespace-shared for other apk /apex/com.android.uwb/javalib/service-uwb.jar. target_sdk_version=33, uses_libraries=ALL, library_path=, permitted_path=/data:/mnt/expand
01-21 22:24:43.865   471   501 D BootAnimation: Playing files = /product/media/bootanimation.zip/part2, Requested repeat = 240, playUntilComplete = false
01-21 22:24:43.929   471   501 D BootAnimation: Playing files = /product/media/bootanimation.zip/part2, Requested repeat = 240, playUntilComplete = false
01-21 22:24:43.946   471   501 D BootAnimation: Playing files = /product/media/bootanimation.zip/part2, Requested repeat = 240, playUntilComplete = false
01-21 22:24:43.988   471   501 D BootAnimation: Playing files = /product/media/bootanimation.zip/part2, Requested repeat = 240, playUntilComplete = false
01-21 22:24:44.006   471   501 D BootAnimation: Playing files = /product/media/bootanimation.zip/part2, Requested repeat = 240, playUntilComplete = false
01-21 22:24:44.043   471   501 D BootAnimation: Playing files = /product/media/bootanimation.zip/part2, Requested repeat = 240, playUntilComplete = false
01-21 22:24:44.070   471   501 D BootAnimation: Playing files = /product/media/bootanimation.zip/part2, Requested repeat = 240, playUntilComplete = false
01-21 22:24:44.094   551   551 D nativeloader: Configuring classloader-namespace-shared for other apk /apex/com.android.wifi/javalib/service-wifi.jar. target_sdk_version=33, uses_libraries=ALL, library_path=, permitted_path=/data:/mnt/expand
01-21 22:24:44.115   471   501 D BootAnimation: Playing files = /product/media/bootanimation.zip/part2, Requested repeat = 240, playUntilComplete = false
01-21 22:24:44.126   551   551 I system_server: Using CollectorTypeCC GC.
01-21 22:24:44.135   471   501 D BootAnimation: Playing files = /product/media/bootanimation.zip/part2, Requested repeat = 240, playUntilComplete = false
01-21 22:24:44.141   551   551 W system_server: Failed to upload odrefresh metrics: Unable to open or parse metrics file /data/misc/odrefresh/odrefresh-metrics.xml (error: Error=XML_ERROR_FILE_NOT_FOUND ErrorID=3 (0x3) Line number=0: filename=/data/misc/odrefresh/odrefresh-metrics.xml)
01-21 22:24:44.158   365   430 I adbd    : jdwp connection from 551
01-21 22:24:44.160   471   501 D BootAnimation: Playing files = /product/media/bootanimation.zip/part2, Requested repeat = 240, playUntilComplete = false
01-21 22:24:44.186   471   501 D BootAnimation: Playing files = /product/media/bootanimation.zip/part2, Requested repeat = 240, playUntilComplete = false
01-21 22:24:44.207   471   501 D BootAnimation: Playing files = /product/media/bootanimation.zip/part2, Requested repeat = 240, playUntilComplete = false
01-21 22:24:44.242   471   501 D BootAnimation: Playing files = /product/media/bootanimation.zip/part2, Requested repeat = 240, playUntilComplete = false
01-21 22:24:44.267   471   501 D BootAnimation: Playing files = /product/media/bootanimation.zip/part2, Requested repeat = 240, playUntilComplete = false
01-21 22:24:44.284   471   501 D BootAnimation: Playing files = /product/media/bootanimation.zip/part2, Requested repeat = 240, playUntilComplete = false
01-21 22:24:44.312   471   501 D BootAnimation: Playing files = /product/media/bootanimation.zip/part2, Requested repeat = 240, playUntilComplete = false
01-21 22:24:44.331   471   501 D BootAnimation: Playing files = /product/media/bootanimation.zip/part2, Requested repeat = 240, playUntilComplete = false
01-21 22:24:44.354   471   501 D BootAnimation: Playing files = /product/media/bootanimation.zip/part2, Requested repeat = 240, playUntilComplete = false
01-21 22:24:44.374   471   501 D BootAnimation: Playing files = /product/media/bootanimation.zip/part2, Requested repeat = 240, playUntilComplete = false
01-21 22:24:44.391   471   501 D BootAnimation: Playing files = /product/media/bootanimation.zip/part2, Requested repeat = 240, playUntilComplete = false
01-21 22:24:44.413   471   501 D BootAnimation: Playing files = /product/media/bootanimation.zip/part2, Requested repeat = 240, playUntilComplete = false
01-21 22:24:44.438   471   501 D BootAnimation: Playing files = /product/media/bootanimation.zip/part2, Requested repeat = 240, playUntilComplete = false
01-21 22:24:44.459   471   501 D BootAnimation: Playing files = /product/media/bootanimation.zip/part2, Requested repeat = 240, playUntilComplete = false
01-21 22:24:44.482   471   501 D BootAnimation: Playing files = /product/media/bootanimation.zip/part2, Requested repeat = 240, playUntilComplete = false
01-21 22:24:44.538   471   501 D BootAnimation: Playing files = /product/media/bootanimation.zip/part2, Requested repeat = 240, playUntilComplete = false
01-21 22:24:44.573   471   501 D BootAnimation: Playing files = /product/media/bootanimation.zip/part2, Requested repeat = 240, playUntilComplete = false
01-21 22:24:44.593   471   501 D BootAnimation: Playing files = /product/media/bootanimation.zip/part2, Requested repeat = 240, playUntilComplete = false
01-21 22:24:44.622   471   501 D BootAnimation: Playing files = /product/media/bootanimation.zip/part2, Requested repeat = 240, playUntilComplete = false
01-21 22:24:44.641   471   501 D BootAnimation: Playing files = /product/media/bootanimation.zip/part2, Requested repeat = 240, playUntilComplete = false
01-21 22:24:44.661   471   501 D BootAnimation: Playing files = /product/media/bootanimation.zip/part2, Requested repeat = 240, playUntilComplete = false
01-21 22:24:44.683   471   501 D BootAnimation: Playing files = /product/media/bootanimation.zip/part2, Requested repeat = 240, playUntilComplete = false
01-21 22:24:44.701   471   501 D BootAnimation: Playing files = /product/media/bootanimation.zip/part2, Requested repeat = 240, playUntilComplete = false
01-21 22:24:44.721   471   501 D BootAnimation: Playing files = /product/media/bootanimation.zip/part2, Requested repeat = 240, playUntilComplete = false
01-21 22:24:44.739   471   501 D BootAnimation: Playing files = /product/media/bootanimation.zip/part2, Requested repeat = 240, playUntilComplete = false
01-21 22:24:44.761   471   501 D BootAnimation: Playing files = /product/media/bootanimation.zip/part2, Requested repeat = 240, playUntilComplete = false
01-21 22:24:44.781   471   501 D BootAnimation: Playing files = /product/media/bootanimation.zip/part2, Requested repeat = 240, playUntilComplete = false
01-21 22:24:44.784   471   501 D EGL_emulation: app_time_stats: avg=13.23ms min=4.32ms max=49.37ms count=38
01-21 22:24:44.802   471   501 D BootAnimation: Playing files = /product/media/bootanimation.zip/part2, Requested repeat = 240, playUntilComplete = false
01-21 22:24:44.837   471   501 D BootAnimation: Playing files = /product/media/bootanimation.zip/part2, Requested repeat = 240, playUntilComplete = false
01-21 22:24:44.864   471   501 D BootAnimation: Playing files = /product/media/bootanimation.zip/part2, Requested repeat = 240, playUntilComplete = false
01-21 22:24:44.903   471   501 D BootAnimation: Playing files = /product/media/bootanimation.zip/part2, Requested repeat = 240, playUntilComplete = false
01-21 22:24:44.921   471   501 D BootAnimation: Playing files = /product/media/bootanimation.zip/part2, Requested repeat = 240, playUntilComplete = false
01-21 22:24:44.941   471   501 D BootAnimation: Playing files = /product/media/bootanimation.zip/part2, Requested repeat = 240, playUntilComplete = false
01-21 22:24:44.961   471   501 D BootAnimation: Playing files = /product/media/bootanimation.zip/part2, Requested repeat = 240, playUntilComplete = false
01-21 22:24:44.989   471   501 D BootAnimation: Playing files = /product/media/bootanimation.zip/part2, Requested repeat = 240, playUntilComplete = false
01-21 22:24:45.007   471   501 D BootAnimation: Playing files = /product/media/bootanimation.zip/part2, Requested repeat = 240, playUntilComplete = false
01-21 22:24:45.039   471   501 D BootAnimation: Playing files = /product/media/bootanimation.zip/part2, Requested repeat = 240, playUntilComplete = false
01-21 22:24:45.058   471   501 D BootAnimation: Playing files = /product/media/bootanimation.zip/part2, Requested repeat = 240, playUntilComplete = false
01-21 22:24:45.087   471   501 D BootAnimation: Playing files = /product/media/bootanimation.zip/part2, Requested repeat = 240, playUntilComplete = false
01-21 22:24:45.105   471   501 D BootAnimation: Playing files = /product/media/bootanimation.zip/part2, Requested repeat = 240, playUntilComplete = false
01-21 22:24:45.124   471   501 D BootAnimation: Playing files = /product/media/bootanimation.zip/part2, Requested repeat = 240, playUntilComplete = false
01-21 22:24:45.148   471   501 D BootAnimation: Playing files = /product/media/bootanimation.zip/part2, Requested repeat = 240, playUntilComplete = false
01-21 22:24:45.194   471   501 D BootAnimation: Playing files = /product/media/bootanimation.zip/part2, Requested repeat = 240, playUntilComplete = false
01-21 22:24:45.217   471   501 D BootAnimation: Playing files = /product/media/bootanimation.zip/part2, Requested repeat = 240, playUntilComplete = false
01-21 22:24:45.234   471   501 D BootAnimation: Playing files = /product/media/bootanimation.zip/part2, Requested repeat = 240, playUntilComplete = false
01-21 22:24:45.238   551   551 D SystemServerTiming: InitBeforeStartServices
01-21 22:24:45.262   471   501 D BootAnimation: Playing files = /product/media/bootanimation.zip/part2, Requested repeat = 240, playUntilComplete = false
01-21 22:24:45.285   471   501 D BootAnimation: Playing files = /product/media/bootanimation.zip/part2, Requested repeat = 240, playUntilComplete = false
01-21 22:24:45.305   471   501 D BootAnimation: Playing files = /product/media/bootanimation.zip/part2, Requested repeat = 240, playUntilComplete = false
01-21 22:24:45.330   551   551 I SystemServer: Entered the Android system server!
01-21 22:24:45.337   471   501 D BootAnimation: Playing files = /product/media/bootanimation.zip/part2, Requested repeat = 240, playUntilComplete = false
01-21 22:24:45.396   471   501 D BootAnimation: Playing files = /product/media/bootanimation.zip/part2, Requested repeat = 240, playUntilComplete = false
01-21 22:24:45.429   471   501 D BootAnimation: Playing files = /product/media/bootanimation.zip/part2, Requested repeat = 240, playUntilComplete = false
01-21 22:24:45.449   471   501 D BootAnimation: Playing files = /product/media/bootanimation.zip/part2, Requested repeat = 240, playUntilComplete = false
01-21 22:24:45.467   471   501 D BootAnimation: Playing files = /product/media/bootanimation.zip/part2, Requested repeat = 240, playUntilComplete = false
01-21 22:24:45.492   471   501 D BootAnimation: Playing files = /product/media/bootanimation.zip/part2, Requested repeat = 240, playUntilComplete = false
01-21 22:24:45.513   471   501 D BootAnimation: Playing files = /product/media/bootanimation.zip/part2, Requested repeat = 240, playUntilComplete = false
01-21 22:24:45.539   471   501 D BootAnimation: Playing files = /product/media/bootanimation.zip/part2, Requested repeat = 240, playUntilComplete = false
01-21 22:24:45.571   471   501 D BootAnimation: Playing files = /product/media/bootanimation.zip/part2, Requested repeat = 240, playUntilComplete = false
01-21 22:24:45.592   471   501 D BootAnimation: Playing files = /product/media/bootanimation.zip/part2, Requested repeat = 240, playUntilComplete = false
01-21 22:24:45.631   471   501 D BootAnimation: Playing files = /product/media/bootanimation.zip/part2, Requested repeat = 240, playUntilComplete = false
01-21 22:24:45.649   471   501 D BootAnimation: Playing files = /product/media/bootanimation.zip/part2, Requested repeat = 240, playUntilComplete = false
01-21 22:24:45.673   471   501 D BootAnimation: Playing files = /product/media/bootanimation.zip/part2, Requested repeat = 240, playUntilComplete = false
01-21 22:24:45.703   471   501 D BootAnimation: Playing files = /product/media/bootanimation.zip/part2, Requested repeat = 240, playUntilComplete = false
01-21 22:24:45.730   471   501 D BootAnimation: Playing files = /product/media/bootanimation.zip/part2, Requested repeat = 240, playUntilComplete = false
01-21 22:24:45.761   471   501 D BootAnimation: Playing files = /product/media/bootanimation.zip/part2, Requested repeat = 240, playUntilComplete = false
01-21 22:24:45.793   471   501 D BootAnimation: Playing files = /product/media/bootanimation.zip/part2, Requested repeat = 240, playUntilComplete = false
01-21 22:24:45.820   471   501 D EGL_emulation: app_time_stats: avg=11.38ms min=2.71ms max=37.32ms count=38
01-21 22:24:45.837   471   501 D BootAnimation: Playing files = /product/media/bootanimation.zip/part2, Requested repeat = 240, playUntilComplete = false
01-21 22:24:45.856   471   501 D BootAnimation: Playing files = /product/media/bootanimation.zip/part2, Requested repeat = 240, playUntilComplete = false
01-21 22:24:45.891   471   501 D BootAnimation: Playing files = /product/media/bootanimation.zip/part2, Requested repeat = 240, playUntilComplete = false
01-21 22:24:45.923   471   501 D BootAnimation: Playing files = /product/media/bootanimation.zip/part2, Requested repeat = 240, playUntilComplete = false
01-21 22:24:45.954   471   501 D BootAnimation: Playing files = /product/media/bootanimation.zip/part2, Requested repeat = 240, playUntilComplete = false
01-21 22:24:45.989   471   501 D BootAnimation: Playing files = /product/media/bootanimation.zip/part2, Requested repeat = 240, playUntilComplete = false
01-21 22:24:46.008   471   501 D BootAnimation: Playing files = /product/media/bootanimation.zip/part2, Requested repeat = 240, playUntilComplete = false
01-21 22:24:46.047   471   501 D BootAnimation: Playing files = /product/media/bootanimation.zip/part2, Requested repeat = 240, playUntilComplete = false
01-21 22:24:46.070   471   501 D BootAnimation: Playing files = /product/media/bootanimation.zip/part2, Requested repeat = 240, playUntilComplete = false
01-21 22:24:46.090   471   501 D BootAnimation: Playing files = /product/media/bootanimation.zip/part2, Requested repeat = 240, playUntilComplete = false
01-21 22:24:46.111   471   501 D BootAnimation: Playing files = /product/media/bootanimation.zip/part2, Requested repeat = 240, playUntilComplete = false
01-21 22:24:46.130   471   501 D BootAnimation: Playing files = /product/media/bootanimation.zip/part2, Requested repeat = 240, playUntilComplete = false
01-21 22:24:46.153   471   501 D BootAnimation: Playing files = /product/media/bootanimation.zip/part2, Requested repeat = 240, playUntilComplete = false
01-21 22:24:46.171   471   501 D BootAnimation: Playing files = /product/media/bootanimation.zip/part2, Requested repeat = 240, playUntilComplete = false
01-21 22:24:46.189   471   501 D BootAnimation: Playing files = /product/media/bootanimation.zip/part2, Requested repeat = 240, playUntilComplete = false
01-21 22:24:46.194   335   352 W GpuWork : Failed to attach bpf program to power/gpu_work_period tracepoint [2(No such file or directory)]
01-21 22:24:46.206   471   501 D BootAnimation: Playing files = /product/media/bootanimation.zip/part2, Requested repeat = 240, playUntilComplete = false
01-21 22:24:46.224   471   501 D BootAnimation: Playing files = /product/media/bootanimation.zip/part2, Requested repeat = 240, playUntilComplete = false
01-21 22:24:46.244   471   501 D BootAnimation: Playing files = /product/media/bootanimation.zip/part2, Requested repeat = 240, playUntilComplete = false
01-21 22:24:46.272   471   501 D BootAnimation: Playing files = /product/media/bootanimation.zip/part2, Requested repeat = 240, playUntilComplete = false
01-21 22:24:46.289   471   501 D BootAnimation: Playing files = /product/media/bootanimation.zip/part2, Requested repeat = 240, playUntilComplete = false
01-21 22:24:46.307   471   501 D BootAnimation: Playing files = /product/media/bootanimation.zip/part2, Requested repeat = 240, playUntilComplete = false
01-21 22:24:46.334   471   501 D BootAnimation: Playing files = /product/media/bootanimation.zip/part2, Requested repeat = 240, playUntilComplete = false
01-21 22:24:46.383   471   501 D BootAnimation: Playing files = /product/media/bootanimation.zip/part2, Requested repeat = 240, playUntilComplete = false
01-21 22:24:46.405   471   501 D BootAnimation: Playing files = /product/media/bootanimation.zip/part2, Requested repeat = 240, playUntilComplete = false
01-21 22:24:46.423   471   501 D BootAnimation: Playing files = /product/media/bootanimation.zip/part2, Requested repeat = 240, playUntilComplete = false
01-21 22:24:46.444   471   501 D BootAnimation: Playing files = /product/media/bootanimation.zip/part2, Requested repeat = 240, playUntilComplete = false
01-21 22:24:46.469   471   501 D BootAnimation: Playing files = /product/media/bootanimation.zip/part2, Requested repeat = 240, playUntilComplete = false
01-21 22:24:46.497   471   501 D BootAnimation: Playing files = /product/media/bootanimation.zip/part2, Requested repeat = 240, playUntilComplete = false
01-21 22:24:46.520   471   501 D BootAnimation: Playing files = /product/media/bootanimation.zip/part2, Requested repeat = 240, playUntilComplete = false
01-21 22:24:46.549   471   501 D BootAnimation: Playing files = /product/media/bootanimation.zip/part2, Requested repeat = 240, playUntilComplete = false
01-21 22:24:46.571   471   501 D BootAnimation: Playing files = /product/media/bootanimation.zip/part2, Requested repeat = 240, playUntilComplete = false
01-21 22:24:46.598   471   501 D BootAnimation: Playing files = /product/media/bootanimation.zip/part2, Requested repeat = 240, playUntilComplete = false
01-21 22:24:46.640   471   501 D BootAnimation: Playing files = /product/media/bootanimation.zip/part2, Requested repeat = 240, playUntilComplete = false
01-21 22:24:46.670   471   501 D BootAnimation: Playing files = /product/media/bootanimation.zip/part2, Requested repeat = 240, playUntilComplete = false
01-21 22:24:46.721   471   501 D BootAnimation: Playing files = /product/media/bootanimation.zip/part2, Requested repeat = 240, playUntilComplete = false
01-21 22:24:46.749   471   501 D BootAnimation: Playing files = /product/media/bootanimation.zip/part2, Requested repeat = 240, playUntilComplete = false
01-21 22:24:46.777   471   501 D BootAnimation: Playing files = /product/media/bootanimation.zip/part2, Requested repeat = 240, playUntilComplete = false
01-21 22:24:46.805   471   501 D BootAnimation: Playing files = /product/media/bootanimation.zip/part2, Requested repeat = 240, playUntilComplete = false
01-21 22:24:46.831   471   501 D BootAnimation: Playing files = /product/media/bootanimation.zip/part2, Requested repeat = 240, playUntilComplete = false
01-21 22:24:46.834   471   501 D EGL_emulation: app_time_stats: avg=11.29ms min=3.38ms max=32.11ms count=39
01-21 22:24:46.857   471   501 D BootAnimation: Playing files = /product/media/bootanimation.zip/part2, Requested repeat = 240, playUntilComplete = false
01-21 22:24:46.902   471   501 D BootAnimation: Playing files = /product/media/bootanimation.zip/part2, Requested repeat = 240, playUntilComplete = false
01-21 22:24:46.946   471   501 D BootAnimation: Playing files = /product/media/bootanimation.zip/part2, Requested repeat = 240, playUntilComplete = false
01-21 22:24:46.982   471   501 D BootAnimation: Playing files = /product/media/bootanimation.zip/part2, Requested repeat = 240, playUntilComplete = false
01-21 22:24:47.013   471   501 D BootAnimation: Playing files = /product/media/bootanimation.zip/part2, Requested repeat = 240, playUntilComplete = false
01-21 22:24:47.044   471   501 D BootAnimation: Playing files = /product/media/bootanimation.zip/part2, Requested repeat = 240, playUntilComplete = false
01-21 22:24:47.094   471   501 D BootAnimation: Playing files = /product/media/bootanimation.zip/part2, Requested repeat = 240, playUntilComplete = false
01-21 22:24:47.123   471   501 D BootAnimation: Playing files = /product/media/bootanimation.zip/part2, Requested repeat = 240, playUntilComplete = false
01-21 22:24:47.143   471   501 D BootAnimation: Playing files = /product/media/bootanimation.zip/part2, Requested repeat = 240, playUntilComplete = false
01-21 22:24:47.212   471   501 D BootAnimation: Playing files = /product/media/bootanimation.zip/part2, Requested repeat = 240, playUntilComplete = false
01-21 22:24:47.239   471   501 D BootAnimation: Playing files = /product/media/bootanimation.zip/part2, Requested repeat = 240, playUntilComplete = false
01-21 22:24:47.258   471   501 D BootAnimation: Playing files = /product/media/bootanimation.zip/part2, Requested repeat = 240, playUntilComplete = false
01-21 22:24:47.283   471   501 D BootAnimation: Playing files = /product/media/bootanimation.zip/part2, Requested repeat = 240, playUntilComplete = false
01-21 22:24:47.310   471   501 D BootAnimation: Playing files = /product/media/bootanimation.zip/part2, Requested repeat = 240, playUntilComplete = false
01-21 22:24:47.348   471   501 D BootAnimation: Playing files = /product/media/bootanimation.zip/part2, Requested repeat = 240, playUntilComplete = false
01-21 22:24:47.375   471   501 D BootAnimation: Playing files = /product/media/bootanimation.zip/part2, Requested repeat = 240, playUntilComplete = false
01-21 22:24:47.407   471   501 D BootAnimation: Playing files = /product/media/bootanimation.zip/part2, Requested repeat = 240, playUntilComplete = false
01-21 22:24:47.425   471   501 D BootAnimation: Playing files = /product/media/bootanimation.zip/part2, Requested repeat = 240, playUntilComplete = false
01-21 22:24:47.453   471   501 D BootAnimation: Playing files = /product/media/bootanimation.zip/part2, Requested repeat = 240, playUntilComplete = false
01-21 22:24:47.506   471   501 D BootAnimation: Playing files = /product/media/bootanimation.zip/part2, Requested repeat = 240, playUntilComplete = false
01-21 22:24:47.528   471   501 D BootAnimation: Playing files = /product/media/bootanimation.zip/part2, Requested repeat = 240, playUntilComplete = false
01-21 22:24:47.554   471   501 D BootAnimation: Playing files = /product/media/bootanimation.zip/part2, Requested repeat = 240, playUntilComplete = false
01-21 22:24:47.574   471   501 D BootAnimation: Playing files = /product/media/bootanimation.zip/part2, Requested repeat = 240, playUntilComplete = false
01-21 22:24:47.637   471   501 D BootAnimation: Playing files = /product/media/bootanimation.zip/part2, Requested repeat = 240, playUntilComplete = false
01-21 22:24:47.656   471   501 D BootAnimation: Playing files = /product/media/bootanimation.zip/part2, Requested repeat = 240, playUntilComplete = false
01-21 22:24:47.862   471   501 D BootAnimation: Playing files = /product/media/bootanimation.zip/part2, Requested repeat = 240, playUntilComplete = false
01-21 22:24:47.876   471   501 D EGL_emulation: app_time_stats: avg=18.37ms min=5.32ms max=42.54ms count=26
01-21 22:24:47.890   471   501 D BootAnimation: Playing files = /product/media/bootanimation.zip/part2, Requested repeat = 240, playUntilComplete = false
01-21 22:24:47.935   471   501 D BootAnimation: Playing files = /product/media/bootanimation.zip/part2, Requested repeat = 240, playUntilComplete = false
01-21 22:24:47.954   471   501 D BootAnimation: Playing files = /product/media/bootanimation.zip/part2, Requested repeat = 240, playUntilComplete = false
01-21 22:24:47.986   471   501 D BootAnimation: Playing files = /product/media/bootanimation.zip/part2, Requested repeat = 240, playUntilComplete = false
01-21 22:24:48.023   471   501 D BootAnimation: Playing files = /product/media/bootanimation.zip/part2, Requested repeat = 240, playUntilComplete = false
01-21 22:24:48.055   471   501 D BootAnimation: Playing files = /product/media/bootanimation.zip/part2, Requested repeat = 240, playUntilComplete = false
01-21 22:24:48.078   471   501 D BootAnimation: Playing files = /product/media/bootanimation.zip/part2, Requested repeat = 240, playUntilComplete = false
01-21 22:24:48.103   471   501 D BootAnimation: Playing files = /product/media/bootanimation.zip/part2, Requested repeat = 240, playUntilComplete = false
01-21 22:24:48.133   471   501 D BootAnimation: Playing files = /product/media/bootanimation.zip/part2, Requested repeat = 240, playUntilComplete = false
01-21 22:24:48.160   471   501 D BootAnimation: Playing files = /product/media/bootanimation.zip/part2, Requested repeat = 240, playUntilComplete = false
01-21 22:24:48.182   471   501 D BootAnimation: Playing files = /product/media/bootanimation.zip/part2, Requested repeat = 240, playUntilComplete = false
01-21 22:24:48.227   471   501 D BootAnimation: Playing files = /product/media/bootanimation.zip/part2, Requested repeat = 240, playUntilComplete = false
01-21 22:24:48.360   471   501 D BootAnimation: Playing files = /product/media/bootanimation.zip/part2, Requested repeat = 240, playUntilComplete = false
01-21 22:24:48.412   471   501 D BootAnimation: Playing files = /product/media/bootanimation.zip/part2, Requested repeat = 240, playUntilComplete = false
01-21 22:24:48.435   471   501 D BootAnimation: Playing files = /product/media/bootanimation.zip/part2, Requested repeat = 240, playUntilComplete = false
01-21 22:24:48.454   471   501 D BootAnimation: Playing files = /product/media/bootanimation.zip/part2, Requested repeat = 240, playUntilComplete = false
01-21 22:24:48.489   471   501 D BootAnimation: Playing files = /product/media/bootanimation.zip/part2, Requested repeat = 240, playUntilComplete = false
01-21 22:24:48.563   471   501 D BootAnimation: Playing files = /product/media/bootanimation.zip/part2, Requested repeat = 240, playUntilComplete = false
01-21 22:24:48.583   471   501 D BootAnimation: Playing files = /product/media/bootanimation.zip/part2, Requested repeat = 240, playUntilComplete = false
01-21 22:24:48.605   471   501 D BootAnimation: Playing files = /product/media/bootanimation.zip/part2, Requested repeat = 240, playUntilComplete = false
01-21 22:24:48.634   471   501 D BootAnimation: Playing files = /product/media/bootanimation.zip/part2, Requested repeat = 240, playUntilComplete = false
01-21 22:24:48.691   471   501 D BootAnimation: Playing files = /product/media/bootanimation.zip/part2, Requested repeat = 240, playUntilComplete = false
01-21 22:24:48.726   471   501 D BootAnimation: Playing files = /product/media/bootanimation.zip/part2, Requested repeat = 240, playUntilComplete = false
01-21 22:24:48.747   471   501 D BootAnimation: Playing files = /product/media/bootanimation.zip/part2, Requested repeat = 240, playUntilComplete = false
01-21 22:24:48.765   471   501 D BootAnimation: Playing files = /product/media/bootanimation.zip/part2, Requested repeat = 240, playUntilComplete = false
01-21 22:24:48.792   471   501 D BootAnimation: Playing files = /product/media/bootanimation.zip/part2, Requested repeat = 240, playUntilComplete = false
01-21 22:24:48.811   471   501 D BootAnimation: Playing files = /product/media/bootanimation.zip/part2, Requested repeat = 240, playUntilComplete = false
01-21 22:24:48.842   471   501 D BootAnimation: Playing files = /product/media/bootanimation.zip/part2, Requested repeat = 240, playUntilComplete = false
01-21 22:24:48.882   471   501 D BootAnimation: Playing files = /product/media/bootanimation.zip/part2, Requested repeat = 240, playUntilComplete = false
01-21 22:24:48.901   471   501 D EGL_emulation: app_time_stats: avg=18.74ms min=4.04ms max=130.94ms count=29
01-21 22:24:48.914   471   501 D BootAnimation: Playing files = /product/media/bootanimation.zip/part2, Requested repeat = 240, playUntilComplete = false
01-21 22:24:48.936   471   501 D BootAnimation: Playing files = /product/media/bootanimation.zip/part2, Requested repeat = 240, playUntilComplete = false
01-21 22:24:48.972   471   501 D BootAnimation: Playing files = /product/media/bootanimation.zip/part2, Requested repeat = 240, playUntilComplete = false
01-21 22:24:49.006   471   501 D BootAnimation: Playing files = /product/media/bootanimation.zip/part2, Requested repeat = 240, playUntilComplete = false
01-21 22:24:49.051   471   501 D BootAnimation: Playing files = /product/media/bootanimation.zip/part2, Requested repeat = 240, playUntilComplete = false
01-21 22:24:49.075   471   501 D BootAnimation: Playing files = /product/media/bootanimation.zip/part2, Requested repeat = 240, playUntilComplete = false
01-21 22:24:49.094   471   501 D BootAnimation: Playing files = /product/media/bootanimation.zip/part2, Requested repeat = 240, playUntilComplete = false
01-21 22:24:49.123   471   501 D BootAnimation: Playing files = /product/media/bootanimation.zip/part2, Requested repeat = 240, playUntilComplete = false
01-21 22:24:49.152   471   501 D BootAnimation: Playing files = /product/media/bootanimation.zip/part2, Requested repeat = 240, playUntilComplete = false
01-21 22:24:49.177   471   501 D BootAnimation: Playing files = /product/media/bootanimation.zip/part2, Requested repeat = 240, playUntilComplete = false
01-21 22:24:49.197   471   501 D BootAnimation: Playing files = /product/media/bootanimation.zip/part2, Requested repeat = 240, playUntilComplete = false
01-21 22:24:49.241   471   501 D BootAnimation: Playing files = /product/media/bootanimation.zip/part2, Requested repeat = 240, playUntilComplete = false
01-21 22:24:49.272   471   501 D BootAnimation: Playing files = /product/media/bootanimation.zip/part2, Requested repeat = 240, playUntilComplete = false
01-21 22:24:49.291   471   501 D BootAnimation: Playing files = /product/media/bootanimation.zip/part2, Requested repeat = 240, playUntilComplete = false
01-21 22:24:49.320   471   501 D BootAnimation: Playing files = /product/media/bootanimation.zip/part2, Requested repeat = 240, playUntilComplete = false
01-21 22:24:49.343   471   501 D BootAnimation: Playing files = /product/media/bootanimation.zip/part2, Requested repeat = 240, playUntilComplete = false
01-21 22:24:49.366   471   501 D BootAnimation: Playing files = /product/media/bootanimation.zip/part2, Requested repeat = 240, playUntilComplete = false
01-21 22:24:49.421   471   501 D BootAnimation: Playing files = /product/media/bootanimation.zip/part2, Requested repeat = 240, playUntilComplete = false
01-21 22:24:49.446   471   501 D BootAnimation: Playing files = /product/media/bootanimation.zip/part2, Requested repeat = 240, playUntilComplete = false
