01-21 22:24:11.975     1     1 I init    : Sending signal 9 to service 'derive_sdk' (pid 259) process group...
01-21 22:24:11.975     1     1 I libprocessgroup: Successfully killed process cgroup uid 9999 pid 259 in 0ms
01-21 22:24:11.977     1     1 I init    : starting service 'exec 10 (/system/bin/vdc --wait cryptfs init_user0)'...
01-21 22:24:11.979     1     1 I init    : SVC_EXEC service 'exec 10 (/system/bin/vdc --wait cryptfs init_user0)' pid 260 (uid 0 gid 0+0 context default) started; waiting...
01-21 22:24:11.951   156   156 D vold    : fscrypt_init_user0
01-21 22:24:11.951   156   156 D vold    : Preparing: /data/misc/vold/user_keys
01-21 22:24:11.992   260   260 D vdc     : Waited 0ms for vold
01-21 22:24:11.952   156   156 D vold    : Preparing: /data/misc/vold/user_keys/ce
01-21 22:24:11.953   156   156 D vold    : Preparing: /data/misc/vold/user_keys/de
01-21 22:24:11.964   156   156 D vold    : Installed fscrypt key with ref dd37880fa51509372feb1ac97fce1f44 to /data
01-21 22:24:11.965   156   156 D vold    : Added fscrypt-provisioning key for dd37880fa51509372feb1ac97fce1f44 to session keyring
01-21 22:24:11.965   156   156 D vold    : Installed de key for user 0
01-21 22:24:11.965   156   156 D vold    : fscrypt_prepare_user_storage for volume null, user 0, serial 0, flags 1
01-21 22:24:11.965   156   156 D vold    : Preparing: /data/system/users/0
01-21 22:24:11.966   156   156 D vold    : Preparing: /data/misc/profiles/cur/0
01-21 22:24:11.967   156   156 D vold    : Preparing: /data/system_de/0
01-21 22:24:11.971   156   156 D vold    : Preparing: /data/vendor_de/0
01-21 22:24:11.971   156   156 D vold    : Preparing: /data/misc_de/0
01-21 22:24:11.973   156   156 D vold    : Preparing: /data/user_de/0
01-21 22:24:11.975   156   156 I vold    : Verified that /data/system_de/0 has the encryption policy dd37880fa51509372feb1ac97fce1f44 v2 modes 1/4 flags 0x2
01-21 22:24:11.976   156   156 I vold    : Verified that /data/vendor_de/0 has the encryption policy dd37880fa51509372feb1ac97fce1f44 v2 modes 1/4 flags 0x2
01-21 22:24:11.977   156   156 I vold    : Verified that /data/misc_de/0 has the encryption policy dd37880fa51509372feb1ac97fce1f44 v2 modes 1/4 flags 0x2
01-21 22:24:11.977   156   156 I vold    : Verified that /data/user_de/0 has the encryption policy dd37880fa51509372feb1ac97fce1f44 v2 modes 1/4 flags 0x2
01-21 22:24:11.977   156   156 D vold    : /system/bin/vold_prepare_subdirs
01-21 22:24:11.977   156   156 D vold    :     prepare
01-21 22:24:11.977   156   156 D vold    :     
01-21 22:24:11.977   156   156 D vold    :     0
01-21 22:24:11.977   156   156 D vold    :     1
01-21 22:24:11.990   261   261 D vold_prepare_subdirs: Setting up mode 771 uid 1000 gid 1000 context u:object_r:system_data_file:s0:c512,c768 on path: /data/user_de/0
01-21 22:24:11.990   261   261 D vold_prepare_subdirs: Setting up mode 771 uid 1000 gid 1000 context u:object_r:sdk_sandbox_system_data_file:s0:c512,c768 on path: /data/misc_de/0/sdksandbox
01-21 22:24:11.992   261   261 D vold_prepare_subdirs: Setting up mode 700 uid 0 gid 0 context u:object_r:vold_data_file:s0 on path: /data/misc_de/0/vold
01-21 22:24:11.993   261   261 D vold_prepare_subdirs: Setting up mode 700 uid 0 gid 0 context u:object_r:storaged_data_file:s0 on path: /data/misc_de/0/storaged
01-21 22:24:11.994   261   261 D vold_prepare_subdirs: Setting up mode 700 uid 0 gid 0 context u:object_r:rollback_data_file:s0 on path: /data/misc_de/0/rollback
01-21 22:24:11.996   261   261 D vold_prepare_subdirs: Setting up mode 700 uid 0 gid 0 context u:object_r:apex_rollback_data_file:s0 on path: /data/misc_de/0/apexrollback
01-21 22:24:11.996   261   261 D vold_prepare_subdirs: Setting up mode 711 uid 0 gid 0 context u:object_r:apex_module_data_file:s0 on path: /data/misc_de/0/apexdata
01-21 22:24:11.997   261   261 D vold_prepare_subdirs: Setting up mode 771 uid 0 gid 1000 context u:object_r:apex_module_data_file:s0 on path: /data/misc_de/0/apexdata/com.android.resolv
01-21 22:24:11.999   261   261 D vold_prepare_subdirs: Setting up mode 771 uid 0 gid 1000 context u:object_r:apex_module_data_file:s0 on path: /data/misc_de/0/apexdata/com.android.ipsec
01-21 22:24:11.999   261   261 D vold_prepare_subdirs: Setting up mode 771 uid 0 gid 1000 context u:object_r:apex_system_server_data_file:s0 on path: /data/misc_de/0/apexdata/com.android.wifi
01-21 22:24:12.000   261   261 D vold_prepare_subdirs: Setting up mode 771 uid 0 gid 1000 context u:object_r:apex_module_data_file:s0 on path: /data/misc_de/0/apexdata/com.android.media
01-21 22:24:12.000   261   261 D vold_prepare_subdirs: Setting up mode 771 uid 0 gid 1000 context u:object_r:apex_module_data_file:s0 on path: /data/misc_de/0/apexdata/com.android.os.statsd
01-21 22:24:12.000   261   261 D vold_prepare_subdirs: Setting up mode 771 uid 0 gid 1000 context u:object_r:apex_module_data_file:s0 on path: /data/misc_de/0/apexdata/com.android.media.swcodec
01-21 22:24:12.001   261   261 D vold_prepare_subdirs: Setting up mode 771 uid 0 gid 1000 context u:object_r:apex_module_data_file:s0 on path: /data/misc_de/0/apexdata/com.android.adbd
01-21 22:24:12.001   261   261 D vold_prepare_subdirs: Setting up mode 771 uid 0 gid 1000 context u:object_r:apex_module_data_file:s0 on path: /data/misc_de/0/apexdata/com.android.sdkext
01-21 22:24:12.001   261   261 D vold_prepare_subdirs: Setting up mode 771 uid 0 gid 1000 context u:object_r:apex_module_data_file:s0 on path: /data/misc_de/0/apexdata/com.android.tethering
01-21 22:24:12.001   261   261 D vold_prepare_subdirs: Setting up mode 771 uid 0 gid 1000 context u:object_r:apex_module_data_file:s0 on path: /data/misc_de/0/apexdata/com.android.appsearch
01-21 22:24:12.001   261   261 D vold_prepare_subdirs: Setting up mode 771 uid 0 gid 1000 context u:object_r:apex_module_data_file:s0 on path: /data/misc_de/0/apexdata/com.android.adservices
01-21 22:24:12.001   261   261 D vold_prepare_subdirs: Setting up mode 771 uid 0 gid 1000 context u:object_r:apex_module_data_file:s0 on path: /data/misc_de/0/apexdata/com.android.cellbroadcast
01-21 22:24:12.002   261   261 D vold_prepare_subdirs: Setting up mode 771 uid 0 gid 1000 context u:object_r:apex_module_data_file:s0 on path: /data/misc_de/0/apexdata/com.android.neuralnetworks
01-21 22:24:12.002   261   261 D vold_prepare_subdirs: Setting up mode 771 uid 0 gid 1000 context u:object_r:apex_module_data_file:s0 on path: /data/misc_de/0/apexdata/com.android.scheduling
01-21 22:24:12.002   261   261 D vold_prepare_subdirs: Setting up mode 771 uid 0 gid 1000 context u:object_r:apex_module_data_file:s0 on path: /data/misc_de/0/apexdata/com.android.ondevicepersonalization
01-21 22:24:12.002   261   261 D vold_prepare_subdirs: Setting up mode 771 uid 0 gid 1000 context u:object_r:apex_module_data_file:s0 on path: /data/misc_de/0/apexdata/com.android.conscrypt
01-21 22:24:12.002   261   261 D vold_prepare_subdirs: Setting up mode 771 uid 0 gid 1000 context u:object_r:apex_module_data_file:s0 on path: /data/misc_de/0/apexdata/com.android.mediaprovider
01-21 22:24:12.002   261   261 D vold_prepare_subdirs: Setting up mode 771 uid 0 gid 1000 context u:object_r:apex_system_server_data_file:s0 on path: /data/misc_de/0/apexdata/com.android.uwb
01-21 22:24:12.003   261   261 D vold_prepare_subdirs: Setting up mode 771 uid 0 gid 1000 context u:object_r:apex_module_data_file:s0 on path: /data/misc_de/0/apexdata/com.android.extservices
01-21 22:24:12.003   261   261 D vold_prepare_subdirs: Setting up mode 771 uid 0 gid 1000 context u:object_r:apex_system_server_data_file:s0 on path: /data/misc_de/0/apexdata/com.android.permission
01-21 22:24:12.004   261   261 D vold_prepare_subdirs: Setting up mode 771 uid 0 gid 1000 context u:object_r:apex_module_data_file:s0 on path: /data/misc_de/0/apexdata/com.android.art
01-21 22:24:12.004   261   261 D vold_prepare_subdirs: Setting up mode 771 uid 0 gid 1000 context u:object_r:apex_module_data_file:s0 on path: /data/misc_de/0/apexdata/com.android.apex.cts.shim
01-21 22:24:12.004   261   261 D vold_prepare_subdirs: Setting up mode 771 uid 0 gid 1000 context u:object_r:apex_module_data_file:s0 on path: /data/misc_de/0/apexdata/com.android.btservices
01-21 22:24:12.005   261   261 D vold_prepare_subdirs: Setting up mode 771 uid 0 gid 1000 context u:object_r:apex_module_data_file:s0 on path: /data/misc_de/0/apexdata/com.android.i18n
01-21 22:24:12.005   261   261 D vold_prepare_subdirs: Setting up mode 771 uid 0 gid 1000 context u:object_r:apex_module_data_file:s0 on path: /data/misc_de/0/apexdata/com.android.tzdata
01-21 22:24:12.005   261   261 D vold_prepare_subdirs: Setting up mode 771 uid 0 gid 1000 context u:object_r:apex_module_data_file:s0 on path: /data/misc_de/0/apexdata/com.android.runtime
01-21 22:24:12.005   261   261 D vold_prepare_subdirs: Setting up mode 771 uid 0 gid 1000 context u:object_r:apex_module_data_file:s0 on path: /data/misc_de/0/apexdata/com.android.vndk.v33
01-21 22:24:12.006   261   261 D vold_prepare_subdirs: Setting up mode 771 uid 0 gid 1000 context u:object_r:apex_module_data_file:s0 on path: /data/misc_de/0/apexdata/sharedlibs
01-21 22:24:12.006   261   261 D vold_prepare_subdirs: Setting up mode 771 uid 1000 gid 1000 context u:object_r:user_profile_root_file:s0:c512,c768 on path: /data/misc/profiles/cur/0
01-21 22:24:12.006   261   261 D vold_prepare_subdirs: Setting up mode 700 uid 1000 gid 1000 context u:object_r:fingerprint_vendor_data_file:s0 on path: /data/vendor_de/0/fpdata
01-21 22:24:12.008   261   261 D vold_prepare_subdirs: Setting up mode 700 uid 1000 gid 1000 context u:object_r:face_vendor_data_file:s0 on path: /data/vendor_de/0/facedata
01-21 22:24:12.009   156   156 D vold    : Detected support for FS_IOC_ADD_ENCRYPTION_KEY
01-21 22:24:12.052     1     1 I init    : Service 'exec 10 (/system/bin/vdc --wait cryptfs init_user0)' (pid 260) exited with status 0 waiting took 0.073000 seconds
01-21 22:24:12.052     1     1 I init    : Sending signal 9 to service 'exec 10 (/system/bin/vdc --wait cryptfs init_user0)' (pid 260) process group...
01-21 22:24:12.052     1     1 I libprocessgroup: Successfully killed process cgroup uid 0 pid 260 in 0ms
01-21 22:24:12.053     1     1 I selinux : SELinux: Skipping restorecon on directory(/data)
01-21 22:24:12.053     1     1 I selinux :  
01-21 22:24:12.054     1     1 I init    : starting service 'derive_classpath'...
01-21 22:24:12.058     1     1 I init    : SVC_EXEC service 'derive_classpath' pid 262 (uid 1000 gid 1000+1 context default) started; waiting...
01-21 22:24:12.030   262   262 I derive_classpath: ParseFragments for bootclasspath
01-21 22:24:12.050   262   262 I derive_classpath: ReadClasspathFragment /apex/com.android.art/etc/classpaths/bootclasspath.pb
01-21 22:24:12.051   262   262 I derive_classpath: ReadClasspathFragment /system/etc/classpaths/bootclasspath.pb
01-21 22:24:12.052   262   262 I derive_classpath: ReadClasspathFragment /apex/com.android.adservices/etc/classpaths/bootclasspath.pb
01-21 22:24:12.054   262   262 I derive_classpath: ReadClasspathFragment /apex/com.android.appsearch/etc/classpaths/bootclasspath.pb
01-21 22:24:12.055   262   262 I derive_classpath: ReadClasspathFragment /apex/com.android.btservices/etc/classpaths/bootclasspath.pb
01-21 22:24:12.056   262   262 I derive_classpath: ReadClasspathFragment /apex/com.android.conscrypt/etc/classpaths/bootclasspath.pb
01-21 22:24:12.057   262   262 I derive_classpath: ReadClasspathFragment /apex/com.android.ipsec/etc/classpaths/bootclasspath.pb
01-21 22:24:12.058   262   262 I derive_classpath: ReadClasspathFragment /apex/com.android.media/etc/classpaths/bootclasspath.pb
01-21 22:24:12.059   262   262 I derive_classpath: ReadClasspathFragment /apex/com.android.mediaprovider/etc/classpaths/bootclasspath.pb
01-21 22:24:12.060   262   262 I derive_classpath: ReadClasspathFragment /apex/com.android.ondevicepersonalization/etc/classpaths/bootclasspath.pb
01-21 22:24:12.062   262   262 I derive_classpath: ReadClasspathFragment /apex/com.android.os.statsd/etc/classpaths/bootclasspath.pb
01-21 22:24:12.063   262   262 I derive_classpath: ReadClasspathFragment /apex/com.android.permission/etc/classpaths/bootclasspath.pb
01-21 22:24:12.066   262   262 I derive_classpath: ReadClasspathFragment /apex/com.android.scheduling/etc/classpaths/bootclasspath.pb
01-21 22:24:12.067   262   262 I derive_classpath: ReadClasspathFragment /apex/com.android.sdkext/etc/classpaths/bootclasspath.pb
01-21 22:24:12.068   262   262 I derive_classpath: ReadClasspathFragment /apex/com.android.tethering/etc/classpaths/bootclasspath.pb
01-21 22:24:12.069   262   262 I derive_classpath: ReadClasspathFragment /apex/com.android.uwb/etc/classpaths/bootclasspath.pb
01-21 22:24:12.070   262   262 I derive_classpath: ReadClasspathFragment /apex/com.android.wifi/etc/classpaths/bootclasspath.pb
01-21 22:24:12.072   262   262 I derive_classpath: ParseFragments for systemserverclasspath
01-21 22:24:12.073   262   262 I derive_classpath: ReadClasspathFragment /system/etc/classpaths/systemserverclasspath.pb
01-21 22:24:12.073   262   262 I derive_classpath: ReadClasspathFragment /apex/com.android.adservices/etc/classpaths/systemserverclasspath.pb
01-21 22:24:12.074   262   262 I derive_classpath: ReadClasspathFragment /apex/com.android.appsearch/etc/classpaths/systemserverclasspath.pb
01-21 22:24:12.076   262   262 I derive_classpath: ReadClasspathFragment /apex/com.android.art/etc/classpaths/systemserverclasspath.pb
01-21 22:24:12.077   262   262 I derive_classpath: ReadClasspathFragment /apex/com.android.btservices/etc/classpaths/systemserverclasspath.pb
01-21 22:24:12.078   262   262 I derive_classpath: ReadClasspathFragment /apex/com.android.media/etc/classpaths/systemserverclasspath.pb
01-21 22:24:12.079   262   262 I derive_classpath: ReadClasspathFragment /apex/com.android.os.statsd/etc/classpaths/systemserverclasspath.pb
01-21 22:24:12.080   262   262 I derive_classpath: ReadClasspathFragment /apex/com.android.permission/etc/classpaths/systemserverclasspath.pb
01-21 22:24:12.082   262   262 I derive_classpath: ReadClasspathFragment /apex/com.android.scheduling/etc/classpaths/systemserverclasspath.pb
01-21 22:24:12.082   262   262 I derive_classpath: ReadClasspathFragment /apex/com.android.tethering/etc/classpaths/systemserverclasspath.pb
01-21 22:24:12.085   262   262 I derive_classpath: ReadClasspathFragment /apex/com.android.uwb/etc/classpaths/systemserverclasspath.pb
01-21 22:24:12.085   262   262 I derive_classpath: ReadClasspathFragment /apex/com.android.wifi/etc/classpaths/systemserverclasspath.pb
01-21 22:24:12.086   262   262 I derive_classpath: WriteClasspathExports /data/system/environ/classpath
01-21 22:24:12.087   262   262 I derive_classpath: WriteClasspathExports content
01-21 22:24:12.087   262   262 I derive_classpath: export BOOTCLASSPATH /apex/com.android.art/javalib/core-oj.jar:/apex/com.android.art/javalib/core-libart.jar:/apex/com.android.art/javalib/okhttp.jar:/apex/com.android.art/javalib/bouncycastle.jar:/apex/com.android.art/javalib/apache-xml.jar:/system/framework/framework.jar:/system/framework/framework-graphics.jar:/system/framework/ext.jar:/system/framework/telephony-common.jar:/system/framework/voip-common.jar:/system/framework/ims-common.jar:/apex/com.android.i18n/javalib/core-icu4j.jar:/apex/com.android.adservices/javalib/framework-adservices.jar:/apex/com.android.adservices/javalib/framework-sdksandbox.jar:/apex/com.android.appsearch/javalib/framework-appsearch.jar:/apex/com.android.btservices/javalib/framework-bluetooth.jar:/apex/com.android.conscrypt/javalib/conscrypt.jar:/apex/com.android.ipsec/javalib/android.net.ipsec.ike.jar:/apex/com.android.media/javalib/updatable-media.jar:/apex/com.android.mediaprovider/javalib/framework-mediaprovider.jar:/apex/com.android.ondevicepersonalization/javalib/framework-ondevicepersonalization.jar:/apex/com.android.os.statsd/javalib/framework-statsd.jar:/apex/com.android.permission/javalib/framework-permission.jar:/apex/com.android.permission/javalib/framework-permission-s.jar:/apex/com.android.scheduling/javalib/framework-scheduling.jar:/apex/com.android.sdkext/javalib/framework-sdkextensions.jar:/apex/com.android.tethering/javalib/framework-connectivity.jar:/apex/com.android.tethering/javalib/framework-connectivity-t.jar:/apex/com.android.tethering/javalib/framework-tethering.jar:/apex/com.android.uwb/javalib/framework-uwb.jar:/apex/com.android.wifi/javalib/framework-wifi.jar
01-21 22:24:12.087   262   262 I derive_classpath: export DEX2OATBOOTCLASSPATH /apex/com.android.art/javalib/core-oj.jar:/apex/com.android.art/javalib/core-libart.jar:/apex/com.android.art/javalib/okhttp.jar:/apex/com.android.art/javalib/bouncycastle.jar:/apex/com.android.art/javalib/apache-xml.jar:/system/framework/framework.jar:/system/framework/framework-graphics.jar:/system/framework/ext.jar:/system/framework/telephony-common.jar:/system/framework/voip-common.jar:/system/framework/ims-common.jar:/apex/com.android.i18n/javalib/core-icu4j.jar
01-21 22:24:12.087   262   262 I derive_classpath: export SYSTEMSERVERCLASSPATH /system/framework/com.android.location.provider.jar:/system/framework/services.jar:/apex/com.android.adservices/javalib/service-adservices.jar:/apex/com.android.adservices/javalib/service-sdksandbox.jar:/apex/com.android.appsearch/javalib/service-appsearch.jar:/apex/com.android.art/javalib/service-art.jar:/apex/com.android.media/javalib/service-media-s.jar:/apex/com.android.permission/javalib/service-permission.jar
01-21 22:24:12.087   262   262 I derive_classpath: export STANDALONE_SYSTEMSERVER_JARS /apex/com.android.btservices/javalib/service-bluetooth.jar:/apex/com.android.os.statsd/javalib/service-statsd.jar:/apex/com.android.scheduling/javalib/service-scheduling.jar:/apex/com.android.tethering/javalib/service-connectivity.jar:/apex/com.android.uwb/javalib/service-uwb.jar:/apex/com.android.wifi/javalib/service-wifi.jar
01-21 22:24:12.133     1     1 I init    : Service 'derive_classpath' (pid 262) exited with status 0 waiting took 0.078000 seconds
01-21 22:24:12.133     1     1 I init    : Sending signal 9 to service 'derive_classpath' (pid 262) process group...
01-21 22:24:12.133     1     1 I libprocessgroup: Successfully killed process cgroup uid 1000 pid 262 in 0ms
01-21 22:24:12.135     1     1 I init    : starting service 'odsign'...
01-21 22:24:12.133   263   263 I odsign  : Trying to retrieve existing HMAC key...
01-21 22:24:12.135   263   263 I odsign  : Trying to retrieve existing keystore key...
01-21 22:24:12.162   263   263 I odsign  : Verified public key signature.
01-21 22:24:12.162   263   263 I odsign  : Initialized Keystore key.
01-21 22:24:12.164   263   263 I odsign  : Found and verified existing public key certificate: /data/misc/odsign/key.cert
01-21 22:24:12.432   265   265 I fs-verity: sha256 using implementation "sha256-ce"
01-21 22:24:12.434   265   265 I odrefresh: ART APEX version 331711080
01-21 22:24:12.667   263   263 I odsign  : Metrics report is empty
01-21 22:24:12.675   263   263 I odsign  : /data/misc/odsign/odsign.info.signature matches.
01-21 22:24:12.675   263   263 I odsign  : Loaded /data/misc/odsign/odsign.info
01-21 22:24:12.677   263   263 I odsign  : All root hashes match.
01-21 22:24:12.677   263   263 I odsign  : odrefresh said artifacts are VALID
01-21 22:24:12.677   263   263 I odsign  : On-device signing done.
01-21 22:24:12.717    89    89 I init    : Wait for property 'odsign.key.done=1' took 573ms
01-21 22:24:12.717     1     1 I init    : starting service 'exec 11 (/system/bin/fsverity_init --lock)'...
01-21 22:24:12.719     1     1 I init    : SVC_EXEC service 'exec 11 (/system/bin/fsverity_init --lock)' pid 267 (uid 0 gid 0+0 context default) started; waiting...
01-21 22:24:12.721     1     1 I init    : Sending signal 9 to service 'odsign' (pid 263) process group...
01-21 22:24:12.727     1     1 I libprocessgroup: Successfully killed process cgroup uid 0 pid 263 in 6ms
01-21 22:24:12.692   170   199 I keystore2: keystore2::super_key: keystore.boot_level 1000000000 hits maximum 1000000000, finishing.
01-21 22:24:12.730     1     1 I init    : Control message: Processed ctl.stop for 'odsign' from pid: 263 (/system/bin/odsign)
01-21 22:24:12.730     1     1 I init    : Service 'odsign' (pid 263) received signal 9
01-21 22:24:12.732     1     1 I init    : Service 'exec 11 (/system/bin/fsverity_init --lock)' (pid 267) exited with status 0 waiting took 0.013000 seconds
01-21 22:24:12.732     1     1 I init    : Sending signal 9 to service 'exec 11 (/system/bin/fsverity_init --lock)' (pid 267) process group...
01-21 22:24:12.732     1     1 I libprocessgroup: Successfully killed process cgroup uid 0 pid 267 in 0ms
01-21 22:24:12.735     1     1 I init    : starting service 'apexd-snapshotde'...
01-21 22:24:12.743     1     1 I init    : SVC_EXEC service 'apexd-snapshotde' pid 268 (uid 0 gid 1000+0 context default) started; waiting...
01-21 22:24:12.757   268   268 I apexd   : Snapshot DE subcommand detected
01-21 22:24:12.759   268   268 I apexd   : Marking APEXd as ready
01-21 22:24:12.762     1     1 I init    : Service 'apexd-snapshotde' (pid 268) exited with status 0 waiting took 0.025000 seconds
01-21 22:24:12.762     1     1 I init    : Sending signal 9 to service 'apexd-snapshotde' (pid 268) process group...
01-21 22:24:12.762     1     1 I libprocessgroup: Successfully killed process cgroup uid 0 pid 268 in 0ms
01-21 22:24:12.764     1     1 I init    : starting service 'exec 12 (/system/bin/tzdatacheck /apex/com.android.tzdata/etc/tz /data/misc/zoneinfo)'...
01-21 22:24:12.766     1     1 I init    : SVC_EXEC service 'exec 12 (/system/bin/tzdatacheck /apex/com.android.tzdata/etc/tz /data/misc/zoneinfo)' pid 269 (uid 1000 gid 1000+0 context default) started; waiting...
01-21 22:24:12.745   269   269 I tzdatacheck: timezone distro dir /data/misc/zoneinfo/current does not exist. No action required.
01-21 22:24:12.787     1     1 I init    : Service 'exec 12 (/system/bin/tzdatacheck /apex/com.android.tzdata/etc/tz /data/misc/zoneinfo)' (pid 269) exited with status 0 waiting took 0.021000 seconds
01-21 22:24:12.787     1     1 I init    : Sending signal 9 to service 'exec 12 (/system/bin/tzdatacheck /apex/com.android.tzdata/etc/tz /data/misc/zoneinfo)' (pid 269) process group...
01-21 22:24:12.787     1     1 I libprocessgroup: Successfully killed process cgroup uid 1000 pid 269 in 0ms
01-21 22:24:12.804     1     1 I init    : processing action (post-fs-data) from (/system/etc/init/hw/init.usb.rc:6)
01-21 22:24:12.807     1     1 I init    : Verified that /data/adb has the encryption policy d876815e3f00224e299a60e40296e19c v2 modes 1/4 flags 0x2
01-21 22:24:12.807     1     1 I init    : processing action (post-fs-data) from (/vendor/etc/init/hw/init.ranchu.rc:68)
01-21 22:24:12.815     1     1 I init    : starting service 'qemu-adb-keys'...
01-21 22:24:12.821     1     1 I init    : starting service 'qemu-device-state'...
01-21 22:24:12.833     1     1 I init    : processing action (ro.boot.qemu.virtiowifi=1 && post-fs-data) from (/vendor/etc/init/hw/init.ranchu.rc:141)
01-21 22:24:12.835     1     1 I init    : starting service 'ranchu-net'...
01-21 22:24:12.847     1     1 I init    : processing action (post-fs-data) from (/system/etc/init/bootstat.rc:9)
01-21 22:24:12.852     1     1 I init    : processing action (ro.debuggable=1 && post-fs-data) from (/system/etc/init/clean_scratch_files.rc:1)
01-21 22:24:12.852     1     1 I init    : starting service 'exec 13 (/system/bin/clean_scratch_files)'...
01-21 22:24:12.854     1     1 I init    : processing action (post-fs-data) from (/system/etc/init/gsid.rc:17)
01-21 22:24:12.854     1     1 I init    : Not setting encryption policy on: /data/gsi
01-21 22:24:12.865     1     1 I init    : processing action (post-fs-data) from (/system/etc/init/incidentd.rc:21)
01-21 22:24:12.866     1     1 I init    : processing action (post-fs-data) from (/system/etc/init/logtagd.rc:4)
01-21 22:24:12.871     1     1 I init    : processing action (post-fs-data) from (/system/etc/init/otapreopt.rc:3)
01-21 22:24:12.871     1     1 I init    : starting service 'exec 14 (/system/bin/otapreopt_slot)'...
01-21 22:24:12.874     1     1 I init    : SVC_EXEC service 'exec 14 (/system/bin/otapreopt_slot)' pid 274 (uid 0 gid 0+0 context default) started; waiting...
01-21 22:24:12.895     1     1 I init    : Service 'qemu-adb-keys' (pid 270) exited with status 0 oneshot service took 0.078000 seconds in background
01-21 22:24:12.895     1     1 I init    : Sending signal 9 to service 'qemu-adb-keys' (pid 270) process group...
01-21 22:24:12.895     1     1 I libprocessgroup: Successfully killed process cgroup uid 0 pid 270 in 0ms
01-21 22:24:12.896     1     1 I init    : Service 'qemu-device-state' (pid 271) exited with status 0 oneshot service took 0.074000 seconds in background
01-21 22:24:12.896     1     1 I init    : Sending signal 9 to service 'qemu-device-state' (pid 271) process group...
01-21 22:24:12.897     1     1 I libprocessgroup: Successfully killed process cgroup uid 0 pid 271 in 0ms
01-21 22:24:13.017   279   279 W otapreopt_slot: Slot property empty.
01-21 22:24:13.061     1     1 I init    : Service 'exec 13 (/system/bin/clean_scratch_files)' (pid 273) exited with status 0 oneshot service took 0.207000 seconds in background
01-21 22:24:13.061     1     1 I init    : Sending signal 9 to service 'exec 13 (/system/bin/clean_scratch_files)' (pid 273) process group...
01-21 22:24:13.061     1     1 I libprocessgroup: Successfully killed process cgroup uid 0 pid 273 in 0ms
01-21 22:24:13.061     1     1 I init    : Service 'exec 14 (/system/bin/otapreopt_slot)' (pid 274) exited with status 1 waiting took 0.187000 seconds
01-21 22:24:13.061     1     1 I init    : Sending signal 9 to service 'exec 14 (/system/bin/otapreopt_slot)' (pid 274) process group...
01-21 22:24:13.061     1     1 I libprocessgroup: Successfully killed process cgroup uid 0 pid 274 in 0ms
01-21 22:24:13.064     1     1 E selinux : SELinux:  Could not stat /data/dalvik-cache/arm: No such file or directory.
01-21 22:24:13.064     1     1 E selinux :  
01-21 22:24:13.067     1     1 I selinux : SELinux: Skipping restorecon on directory(/data/dalvik-cache/arm64)
01-21 22:24:13.067     1     1 I selinux :  
01-21 22:24:13.067     1     1 E selinux : SELinux:  Could not stat /data/dalvik-cache/mips: No such file or directory.
01-21 22:24:13.067     1     1 E selinux :  
01-21 22:24:13.067     1     1 E selinux : SELinux:  Could not stat /data/dalvik-cache/mips64: No such file or directory.
01-21 22:24:13.067     1     1 E selinux :  
01-21 22:24:13.067     1     1 E selinux : SELinux:  Could not stat /data/dalvik-cache/x86: No such file or directory.
01-21 22:24:13.067     1     1 E selinux :  
01-21 22:24:13.068     1     1 E selinux : SELinux:  Could not stat /data/dalvik-cache/x86_64: No such file or directory.
01-21 22:24:13.068     1     1 E selinux :  
01-21 22:24:13.068     1     1 I init    : processing action (post-fs-data) from (/system/etc/init/perfetto.rc:73)
01-21 22:24:13.069     1     1 I init    : Command 'rm /data/misc/perfetto-traces/.guardraildata' action=post-fs-data (/system/etc/init/perfetto.rc:74) took 1ms and failed: unlink() failed: No such file or directory
01-21 22:24:13.069     1     1 I init    : processing action (post-fs-data) from (/system/etc/init/profcollectd.rc:9)
01-21 22:24:13.070     1     1 I init    : processing action (post-fs-data) from (/system/etc/init/recovery-persist.rc:1)
01-21 22:24:13.071     1     1 I init    : starting service 'exec 15 (/system/bin/recovery-persist)'...
01-21 22:24:13.073     1     1 I init    : processing action (post-fs-data) from (/system/etc/init/wifi.rc:18)
01-21 22:24:13.076     1     1 I selinux : SELinux: Skipping restorecon on directory(/data/misc/apexdata/com.android.wifi)
01-21 22:24:13.076     1     1 I selinux :  
01-21 22:24:13.076     1     1 I init    : processing action (post-fs-data) from (/vendor/etc/init/hostapd.android.rc:9)
01-21 22:24:13.092     1     1 I init    : Service 'exec 15 (/system/bin/recovery-persist)' (pid 280) exited with status 0 oneshot service took 0.020000 seconds in background
01-21 22:24:13.092     1     1 I init    : Sending signal 9 to service 'exec 15 (/system/bin/recovery-persist)' (pid 280) process group...
01-21 22:24:13.092     1     1 I libprocessgroup: Successfully killed process cgroup uid 1000 pid 280 in 0ms
01-21 22:24:13.093     1     1 I init    : processing action (load_bpf_programs) from (/system/etc/init/bpfloader.rc:17)
01-21 22:24:13.093     1     1 I init    : starting service 'bpfloader'...
01-21 22:24:13.099     1     1 I init    : SVC_EXEC service 'bpfloader' pid 281 (uid 0 gid 0+0 context default) started; waiting...
01-21 22:24:13.114   278   278 D ieee80211 phy1: Selected rate control algorithm 'minstrel_ht'
01-21 22:24:13.134     1     1 I init    : starting service 'dhcpclient_wifi'...
01-21 22:24:13.142     1     1 I init    : Control message: Processed ctl.start for 'dhcpclient_wifi' from pid: 282 (setprop ctl.start dhcpclient_wifi)
01-21 22:24:13.185     1     1 I init    : Service 'ranchu-net' (pid 272) exited with status 0 oneshot service took 0.345000 seconds in background
01-21 22:24:13.185     1     1 I init    : Sending signal 9 to service 'ranchu-net' (pid 272) process group...
01-21 22:24:13.185     1     1 I libprocessgroup: Successfully killed process cgroup uid 0 pid 272 in 0ms
01-21 22:24:13.194   281   281 D LibBpfLoader: Loading optional ELF object /apex/com.android.tethering/etc/bpf/test.o with license Apache 2.0
01-21 22:24:13.194   281   281 I LibBpfLoader: Section bpfloader_min_ver value is 2 [0x2]
01-21 22:24:13.194   281   281 I LibBpfLoader: Section bpfloader_max_ver value is 25 [0x19]
01-21 22:24:13.194   281   281 I LibBpfLoader: Section size_of_bpf_map_def value is 120 [0x78]
01-21 22:24:13.194   281   281 I LibBpfLoader: Section size_of_bpf_prog_def value is 92 [0x5c]
01-21 22:24:13.194   281   281 I LibBpfLoader: BpfLoader version 0x00013 processing ELF object /apex/com.android.tethering/etc/bpf/test.o with ver [0x00002,0x00019)
01-21 22:24:13.194   281   281 D LibBpfLoader: Loaded code section 3 (xdp_drop_ipv4_udp_ether)
01-21 22:24:13.194   281   281 D LibBpfLoader: Adding section 3 to cs list
01-21 22:24:13.194   281   281 D LibBpfLoader: Couldn't find section btf_min_bpfloader_ver (defaulting to 0 [0x0]).
01-21 22:24:13.194   281   281 D LibBpfLoader: Couldn't find section btf_min_kernel_ver (defaulting to 0 [0x0]).
01-21 22:24:13.194   281   281 D LibBpfLoader: bpf_create_map name tether_downstream6_map, ret: 6
01-21 22:24:13.195   281   281 I LibBpfLoader: map /sys/fs/bpf/tethering/map_test_tether_downstream6_map id 1
01-21 22:24:13.195   281   281 D LibBpfLoader: bpf_create_map name bitmap, ret: 7
01-21 22:24:13.195   281   281 I LibBpfLoader: map /sys/fs/bpf/tethering/map_test_bitmap id 2
01-21 22:24:13.195   281   281 D LibBpfLoader: map_fd found at 0 is 6 in /apex/com.android.tethering/etc/bpf/test.o
01-21 22:24:13.195   281   281 D LibBpfLoader: map_fd found at 1 is 7 in /apex/com.android.tethering/etc/bpf/test.o
01-21 22:24:13.195   281   281 D LibBpfLoader: cs[0].name:xdp_drop_ipv4_udp_ether min_kver:5090000 .max_kver:ffffffff (kvers:50f0077)
01-21 22:24:13.195   281   281 D LibBpfLoader: cs[0].name:xdp_drop_ipv4_udp_ether requires bpfloader version [0x00002,0x00019)
01-21 22:24:13.201   281   281 D LibBpfLoader: bpf_prog_load lib call for /apex/com.android.tethering/etc/bpf/test.o (xdp_drop_ipv4_udp_ether) returned fd: 8 (no error)
01-21 22:24:13.202   281   281 I LibBpfLoader: prog /sys/fs/bpf/tethering/prog_test_xdp_drop_ipv4_udp_ether id 1
01-21 22:24:13.202   281   281 I bpfloader: Loaded object: /apex/com.android.tethering/etc/bpf/test.o
01-21 22:24:13.217   281   281 D LibBpfLoader: Loading critical for Connectivity (Tethering) ELF object /apex/com.android.tethering/etc/bpf/offload.o with license Apache 2.0
01-21 22:24:13.217   281   281 I LibBpfLoader: Section bpfloader_min_ver value is 2 [0x2]
01-21 22:24:13.217   281   281 I LibBpfLoader: Section bpfloader_max_ver value is 25 [0x19]
01-21 22:24:13.217   281   281 I LibBpfLoader: Section size_of_bpf_map_def value is 120 [0x78]
01-21 22:24:13.217   281   281 I LibBpfLoader: Section size_of_bpf_prog_def value is 92 [0x5c]
01-21 22:24:13.217   281   281 I LibBpfLoader: BpfLoader version 0x00013 processing ELF object /apex/com.android.tethering/etc/bpf/offload.o with ver [0x00002,0x00019)
01-21 22:24:13.221   281   281 D LibBpfLoader: Loaded code section 3 (schedcls_tether_downstream6_ether)
01-21 22:24:13.221   281   281 D LibBpfLoader: Loaded relo section 3 (.relschedcls/tether_downstream6_ether)
01-21 22:24:13.221   281   281 D LibBpfLoader: Adding section 3 to cs list
01-21 22:24:13.222   281   281 D LibBpfLoader: Loaded code section 5 (schedcls_tether_upstream6_ether)
01-21 22:24:13.222   281   281 D LibBpfLoader: Loaded relo section 5 (.relschedcls/tether_upstream6_ether)
01-21 22:24:13.222   281   281 D LibBpfLoader: Adding section 5 to cs list
01-21 22:24:13.222   281   281 D LibBpfLoader: Loaded code section 7 (schedcls_tether_downstream6_rawip$4_14)
01-21 22:24:13.222   281   281 D LibBpfLoader: Loaded relo section 7 (.relschedcls/tether_downstream6_rawip$4_14)
01-21 22:24:13.222   281   281 D LibBpfLoader: Adding section 7 to cs list
01-21 22:24:13.222   281   281 D LibBpfLoader: Loaded code section 9 (schedcls_tether_upstream6_rawip$4_14)
01-21 22:24:13.222   281   281 D LibBpfLoader: Loaded relo section 9 (.relschedcls/tether_upstream6_rawip$4_14)
01-21 22:24:13.222   281   281 D LibBpfLoader: Adding section 9 to cs list
01-21 22:24:13.222   281   281 D LibBpfLoader: Loaded code section 11 (schedcls_tether_downstream6_rawip$stub)
01-21 22:24:13.223   281   281 D LibBpfLoader: Adding section 11 to cs list
01-21 22:24:13.223   281   281 D LibBpfLoader: Loaded code section 12 (schedcls_tether_upstream6_rawip$stub)
01-21 22:24:13.223   281   281 D LibBpfLoader: Adding section 12 to cs list
01-21 22:24:13.226   281   281 D LibBpfLoader: Loaded code section 13 (schedcls_tether_downstream4_rawip$5_8)
01-21 22:24:13.227   281   281 D LibBpfLoader: Loaded relo section 13 (.relschedcls/tether_downstream4_rawip$5_8)
01-21 22:24:13.227   281   281 D LibBpfLoader: Adding section 13 to cs list
01-21 22:24:13.227   281   281 D LibBpfLoader: Loaded code section 15 (schedcls_tether_upstream4_rawip$5_8)
01-21 22:24:13.227   281   281 D LibBpfLoader: Loaded relo section 15 (.relschedcls/tether_upstream4_rawip$5_8)
01-21 22:24:13.227   281   281 D LibBpfLoader: Adding section 15 to cs list
01-21 22:24:13.227   281   281 D LibBpfLoader: Loaded code section 17 (schedcls_tether_downstream4_ether$5_8)
01-21 22:24:13.228   281   281 D LibBpfLoader: Loaded relo section 17 (.relschedcls/tether_downstream4_ether$5_8)
01-21 22:24:13.228   281   281 D LibBpfLoader: Adding section 17 to cs list
01-21 22:24:13.228   281   281 D LibBpfLoader: Loaded code section 19 (schedcls_tether_upstream4_ether$5_8)
01-21 22:24:13.229   281   281 D LibBpfLoader: Loaded relo section 19 (.relschedcls/tether_upstream4_ether$5_8)
01-21 22:24:13.229   281   281 D LibBpfLoader: Adding section 19 to cs list
01-21 22:24:13.229   281   281 D LibBpfLoader: Loaded code section 21 (schedcls_tether_downstream4_rawip$opt)
01-21 22:24:13.230   281   281 D LibBpfLoader: Loaded relo section 21 (.relschedcls/tether_downstream4_rawip$opt)
01-21 22:24:13.230   281   281 D LibBpfLoader: Adding section 21 to cs list
01-21 22:24:13.230   281   281 D LibBpfLoader: Loaded code section 23 (schedcls_tether_upstream4_rawip$opt)
01-21 22:24:13.231   281   281 D LibBpfLoader: Loaded relo section 23 (.relschedcls/tether_upstream4_rawip$opt)
01-21 22:24:13.231   281   281 D LibBpfLoader: Adding section 23 to cs list
01-21 22:24:13.235   281   281 D LibBpfLoader: Loaded code section 25 (schedcls_tether_downstream4_ether$opt)
01-21 22:24:13.235   281   281 D LibBpfLoader: Loaded relo section 25 (.relschedcls/tether_downstream4_ether$opt)
01-21 22:24:13.235   281   281 D LibBpfLoader: Adding section 25 to cs list
01-21 22:24:13.235   281   281 D LibBpfLoader: Loaded code section 27 (schedcls_tether_upstream4_ether$opt)
01-21 22:24:13.236   281   281 D LibBpfLoader: Loaded relo section 27 (.relschedcls/tether_upstream4_ether$opt)
01-21 22:24:13.236   281   281 D LibBpfLoader: Adding section 27 to cs list
01-21 22:24:13.236   281   281 D LibBpfLoader: Loaded code section 29 (schedcls_tether_downstream4_rawip$5_4)
01-21 22:24:13.236   281   281 D LibBpfLoader: Loaded relo section 29 (.relschedcls/tether_downstream4_rawip$5_4)
01-21 22:24:13.236   281   281 D LibBpfLoader: Adding section 29 to cs list
01-21 22:24:13.236   281   281 D LibBpfLoader: Loaded code section 31 (schedcls_tether_upstream4_rawip$5_4)
01-21 22:24:13.238   281   281 D LibBpfLoader: Loaded relo section 31 (.relschedcls/tether_upstream4_rawip$5_4)
01-21 22:24:13.238   281   281 D LibBpfLoader: Adding section 31 to cs list
01-21 22:24:13.238   281   281 D LibBpfLoader: Loaded code section 33 (schedcls_tether_downstream4_rawip$4_14)
01-21 22:24:13.238   281   281 D LibBpfLoader: Loaded relo section 33 (.relschedcls/tether_downstream4_rawip$4_14)
01-21 22:24:13.238   281   281 D LibBpfLoader: Adding section 33 to cs list
01-21 22:24:13.238   281   281 D LibBpfLoader: Loaded code section 35 (schedcls_tether_upstream4_rawip$4_14)
01-21 22:24:13.239   281   281 D LibBpfLoader: Loaded relo section 35 (.relschedcls/tether_upstream4_rawip$4_14)
01-21 22:24:13.239   281   281 D LibBpfLoader: Adding section 35 to cs list
01-21 22:24:13.239   281   281 D LibBpfLoader: Loaded code section 37 (schedcls_tether_downstream4_ether$4_14)
01-21 22:24:13.240   281   281 D LibBpfLoader: Loaded relo section 37 (.relschedcls/tether_downstream4_ether$4_14)
01-21 22:24:13.240   281   281 D LibBpfLoader: Adding section 37 to cs list
01-21 22:24:13.240   281   281 D LibBpfLoader: Loaded code section 39 (schedcls_tether_upstream4_ether$4_14)
01-21 22:24:13.241   281   281 D LibBpfLoader: Loaded relo section 39 (.relschedcls/tether_upstream4_ether$4_14)
01-21 22:24:13.241   281   281 D LibBpfLoader: Adding section 39 to cs list
01-21 22:24:13.241   281   281 D LibBpfLoader: Loaded code section 41 (schedcls_tether_downstream4_rawip$stub)
01-21 22:24:13.242   281   281 D LibBpfLoader: Adding section 41 to cs list
01-21 22:24:13.242   281   281 D LibBpfLoader: Loaded code section 42 (schedcls_tether_upstream4_rawip$stub)
01-21 22:24:13.242   281   281 D LibBpfLoader: Adding section 42 to cs list
01-21 22:24:13.243   281   281 D LibBpfLoader: Loaded code section 43 (schedcls_tether_downstream4_ether$stub)
01-21 22:24:13.245   281   281 D LibBpfLoader: Adding section 43 to cs list
01-21 22:24:13.245   281   281 D LibBpfLoader: Loaded code section 44 (schedcls_tether_upstream4_ether$stub)
01-21 22:24:13.246   281   281 D LibBpfLoader: Adding section 44 to cs list
01-21 22:24:13.246   281   281 D LibBpfLoader: Loaded code section 45 (xdp_tether_downstream_ether)
01-21 22:24:13.247   281   281 D LibBpfLoader: Adding section 45 to cs list
01-21 22:24:13.247   281   281 D LibBpfLoader: Loaded code section 46 (xdp_tether_downstream_rawip)
01-21 22:24:13.247   281   281 D LibBpfLoader: Adding section 46 to cs list
01-21 22:24:13.247   281   281 D LibBpfLoader: Loaded code section 47 (xdp_tether_upstream_ether)
01-21 22:24:13.248   281   281 D LibBpfLoader: Adding section 47 to cs list
01-21 22:24:13.248   281   281 D LibBpfLoader: Loaded code section 48 (xdp_tether_upstream_rawip)
01-21 22:24:13.249   281   281 D LibBpfLoader: Adding section 48 to cs list
01-21 22:24:13.251   281   281 D LibBpfLoader: Couldn't find section btf_min_bpfloader_ver (defaulting to 0 [0x0]).
01-21 22:24:13.251   281   281 D LibBpfLoader: Couldn't find section btf_min_kernel_ver (defaulting to 0 [0x0]).
01-21 22:24:13.251   281   281 D LibBpfLoader: bpf_create_map name tether_error_map, ret: 6
01-21 22:24:13.252   281   281 I LibBpfLoader: map /sys/fs/bpf/tethering/map_offload_tether_error_map id 3
01-21 22:24:13.252   281   281 D LibBpfLoader: bpf_create_map name tether_stats_map, ret: 7
01-21 22:24:13.252   281   281 I LibBpfLoader: map /sys/fs/bpf/tethering/map_offload_tether_stats_map id 4
01-21 22:24:13.252   281   281 D LibBpfLoader: bpf_create_map name tether_limit_map, ret: 8
01-21 22:24:13.252   281   281 I LibBpfLoader: map /sys/fs/bpf/tethering/map_offload_tether_limit_map id 5
01-21 22:24:13.252   281   281 D LibBpfLoader: bpf_create_map name tether_downstream6_map, ret: 9
01-21 22:24:13.253   281   281 I LibBpfLoader: map /sys/fs/bpf/tethering/map_offload_tether_downstream6_map id 6
01-21 22:24:13.253   281   281 D LibBpfLoader: bpf_create_map name tether_downstream64_map, ret: 10
01-21 22:24:13.253   281   281 I LibBpfLoader: map /sys/fs/bpf/tethering/map_offload_tether_downstream64_map id 7
01-21 22:24:13.253   281   281 D LibBpfLoader: bpf_create_map name tether_upstream6_map, ret: 11
01-21 22:24:13.253   281   281 I LibBpfLoader: map /sys/fs/bpf/tethering/map_offload_tether_upstream6_map id 8
01-21 22:24:13.253   281   281 D LibBpfLoader: bpf_create_map name tether_downstream4_map, ret: 12
01-21 22:24:13.253   281   281 I LibBpfLoader: map /sys/fs/bpf/tethering/map_offload_tether_downstream4_map id 9
01-21 22:24:13.254   281   281 D LibBpfLoader: bpf_create_map name tether_upstream4_map, ret: 13
01-21 22:24:13.254   281   281 I LibBpfLoader: map /sys/fs/bpf/tethering/map_offload_tether_upstream4_map id 10
01-21 22:24:13.254   281   281 D LibBpfLoader: bpf_create_map name tether_dev_map, ret: 14
01-21 22:24:13.254   281   281 I LibBpfLoader: map /sys/fs/bpf/tethering/map_offload_tether_dev_map id 11
01-21 22:24:13.254   281   281 D LibBpfLoader: map_fd found at 0 is 6 in /apex/com.android.tethering/etc/bpf/offload.o
01-21 22:24:13.254   281   281 D LibBpfLoader: map_fd found at 1 is 7 in /apex/com.android.tethering/etc/bpf/offload.o
01-21 22:24:13.254   281   281 D LibBpfLoader: map_fd found at 2 is 8 in /apex/com.android.tethering/etc/bpf/offload.o
01-21 22:24:13.254   281   281 D LibBpfLoader: map_fd found at 3 is 9 in /apex/com.android.tethering/etc/bpf/offload.o
01-21 22:24:13.254   281   281 D LibBpfLoader: map_fd found at 4 is 10 in /apex/com.android.tethering/etc/bpf/offload.o
01-21 22:24:13.254   281   281 D LibBpfLoader: map_fd found at 5 is 11 in /apex/com.android.tethering/etc/bpf/offload.o
01-21 22:24:13.254   281   281 D LibBpfLoader: map_fd found at 6 is 12 in /apex/com.android.tethering/etc/bpf/offload.o
01-21 22:24:13.254   281   281 D LibBpfLoader: map_fd found at 7 is 13 in /apex/com.android.tethering/etc/bpf/offload.o
01-21 22:24:13.254   281   281 D LibBpfLoader: map_fd found at 8 is 14 in /apex/com.android.tethering/etc/bpf/offload.o
01-21 22:24:13.255   281   281 D LibBpfLoader: applying relo to instruction at byte offset: 296, 	       insn offset 37 , insn 118
01-21 22:24:13.255   281   281 D LibBpfLoader:  
01-21 22:24:13.255   281   281 D LibBpfLoader: applying relo to instruction at byte offset: 392, 	       insn offset 49 , insn 118
01-21 22:24:13.255   281   281 D LibBpfLoader:  
01-21 22:24:13.255   281   281 D LibBpfLoader: applying relo to instruction at byte offset: 528, 	       insn offset 66 , insn 118
01-21 22:24:13.255   281   281 D LibBpfLoader:  
01-21 22:24:13.255   281   281 D LibBpfLoader: applying relo to instruction at byte offset: 624, 	       insn offset 78 , insn 118
01-21 22:24:13.255   281   281 D LibBpfLoader:  
01-21 22:24:13.255   281   281 D LibBpfLoader: applying relo to instruction at byte offset: 744, 	       insn offset 93 , insn 118
01-21 22:24:13.255   281   281 D LibBpfLoader:  
01-21 22:24:13.255   281   281 D LibBpfLoader: applying relo to instruction at byte offset: 848, 	       insn offset 106 , insn 118
01-21 22:24:13.255   281   281 D LibBpfLoader:  
01-21 22:24:13.255   281   281 D LibBpfLoader: applying relo to instruction at byte offset: 1144, 	       insn offset 143 , insn 118
01-21 22:24:13.255   281   281 D LibBpfLoader:  
01-21 22:24:13.255   281   281 D LibBpfLoader: applying relo to instruction at byte offset: 1224, 	       insn offset 153 , insn 118
01-21 22:24:13.255   281   281 D LibBpfLoader:  
01-21 22:24:13.255   281   281 D LibBpfLoader: applying relo to instruction at byte offset: 1296, 	       insn offset 162 , insn 118
01-21 22:24:13.255   281   281 D LibBpfLoader:  
01-21 22:24:13.255   281   281 D LibBpfLoader: applying relo to instruction at byte offset: 1376, 	       insn offset 172 , insn 118
01-21 22:24:13.255   281   281 D LibBpfLoader:  
01-21 22:24:13.255   281   281 D LibBpfLoader: applying relo to instruction at byte offset: 1440, 	       insn offset 180 , insn 118
01-21 22:24:13.255   281   281 D LibBpfLoader:  
01-21 22:24:13.255   281   281 D LibBpfLoader: applying relo to instruction at byte offset: 1528, 	       insn offset 191 , insn 118
01-21 22:24:13.255   281   281 D LibBpfLoader:  
01-21 22:24:13.255   281   281 D LibBpfLoader: applying relo to instruction at byte offset: 1800, 	       insn offset 225 , insn 118
01-21 22:24:13.255   281   281 D LibBpfLoader:  
01-21 22:24:13.255   281   281 D LibBpfLoader: applying relo to instruction at byte offset: 296, 	       insn offset 37 , insn 118
01-21 22:24:13.255   281   281 D LibBpfLoader:  
01-21 22:24:13.255   281   281 D LibBpfLoader: applying relo to instruction at byte offset: 392, 	       insn offset 49 , insn 118
01-21 22:24:13.255   281   281 D LibBpfLoader:  
01-21 22:24:13.255   281   281 D LibBpfLoader: applying relo to instruction at byte offset: 528, 	       insn offset 66 , insn 118
01-21 22:24:13.255   281   281 D LibBpfLoader:  
01-21 22:24:13.255   281   281 D LibBpfLoader: applying relo to instruction at byte offset: 624, 	       insn offset 78 , insn 118
01-21 22:24:13.255   281   281 D LibBpfLoader:  
01-21 22:24:13.255   281   281 D LibBpfLoader: applying relo to instruction at byte offset: 752, 	       insn offset 94 , insn 118
01-21 22:24:13.255   281   281 D LibBpfLoader:  
01-21 22:24:13.255   281   281 D LibBpfLoader: applying relo to instruction at byte offset: 864, 	       insn offset 108 , insn 118
01-21 22:24:13.255   281   281 D LibBpfLoader:  
01-21 22:24:13.255   281   281 D LibBpfLoader: applying relo to instruction at byte offset: 968, 	       insn offset 121 , insn 118
01-21 22:24:13.255   281   281 D LibBpfLoader:  
01-21 22:24:13.255   281   281 D LibBpfLoader: applying relo to instruction at byte offset: 1184, 	       insn offset 148 , insn 118
01-21 22:24:13.255   281   281 D LibBpfLoader:  
01-21 22:24:13.255   281   281 D LibBpfLoader: applying relo to instruction at byte offset: 1264, 	       insn offset 158 , insn 118
01-21 22:24:13.255   281   281 D LibBpfLoader:  
01-21 22:24:13.255   281   281 D LibBpfLoader: applying relo to instruction at byte offset: 1336, 	       insn offset 167 , insn 118
01-21 22:24:13.255   281   281 D LibBpfLoader:  
01-21 22:24:13.255   281   281 D LibBpfLoader: applying relo to instruction at byte offset: 1416, 	       insn offset 177 , insn 118
01-21 22:24:13.255   281   281 D LibBpfLoader:  
01-21 22:24:13.255   281   281 D LibBpfLoader: applying relo to instruction at byte offset: 1480, 	       insn offset 185 , insn 118
01-21 22:24:13.255   281   281 D LibBpfLoader:  
01-21 22:24:13.255   281   281 D LibBpfLoader: applying relo to instruction at byte offset: 1568, 	       insn offset 196 , insn 118
01-21 22:24:13.255   281   281 D LibBpfLoader:  
01-21 22:24:13.255   281   281 D LibBpfLoader: applying relo to instruction at byte offset: 1840, 	       insn offset 230 , insn 118
01-21 22:24:13.255   281   281 D LibBpfLoader:  
01-21 22:24:13.256   281   281 D LibBpfLoader: applying relo to instruction at byte offset: 240, 	       insn offset 30 , insn 118
01-21 22:24:13.256   281   281 D LibBpfLoader:  
01-21 22:24:13.256   281   281 D LibBpfLoader: applying relo to instruction at byte offset: 336, 	       insn offset 42 , insn 118
01-21 22:24:13.256   281   281 D LibBpfLoader:  
01-21 22:24:13.256   281   281 D LibBpfLoader: applying relo to instruction at byte offset: 472, 	       insn offset 59 , insn 118
01-21 22:24:13.256   281   281 D LibBpfLoader:  
01-21 22:24:13.256   281   281 D LibBpfLoader: applying relo to instruction at byte offset: 568, 	       insn offset 71 , insn 118
01-21 22:24:13.256   281   281 D LibBpfLoader:  
01-21 22:24:13.256   281   281 D LibBpfLoader: applying relo to instruction at byte offset: 688, 	       insn offset 86 , insn 118
01-21 22:24:13.256   281   281 D LibBpfLoader:  
01-21 22:24:13.256   281   281 D LibBpfLoader: applying relo to instruction at byte offset: 792, 	       insn offset 99 , insn 118
01-21 22:24:13.256   281   281 D LibBpfLoader:  
01-21 22:24:13.256   281   281 D LibBpfLoader: applying relo to instruction at byte offset: 960, 	       insn offset 120 , insn 118
01-21 22:24:13.256   281   281 D LibBpfLoader:  
01-21 22:24:13.256   281   281 D LibBpfLoader: applying relo to instruction at byte offset: 1040, 	       insn offset 130 , insn 118
01-21 22:24:13.256   281   281 D LibBpfLoader:  
01-21 22:24:13.256   281   281 D LibBpfLoader: applying relo to instruction at byte offset: 1112, 	       insn offset 139 , insn 118
01-21 22:24:13.256   281   281 D LibBpfLoader:  
01-21 22:24:13.256   281   281 D LibBpfLoader: applying relo to instruction at byte offset: 1192, 	       insn offset 149 , insn 118
01-21 22:24:13.256   281   281 D LibBpfLoader:  
01-21 22:24:13.256   281   281 D LibBpfLoader: applying relo to instruction at byte offset: 1256, 	       insn offset 157 , insn 118
01-21 22:24:13.256   281   281 D LibBpfLoader:  
01-21 22:24:13.256   281   281 D LibBpfLoader: applying relo to instruction at byte offset: 1344, 	       insn offset 168 , insn 118
01-21 22:24:13.256   281   281 D LibBpfLoader:  
