--------- beginning of main
01-22 00:30:25.786   551   712 I InputReader: Reconfiguring input devices, changes=KEYBOARD_LAYOUTS | 
01-22 00:30:25.805   833   833 D ControlsListingControllerImpl: ServiceConfig reloaded, count: 0
01-22 00:30:25.810   551   799 I SdkSandboxManager: No SDKs used. Skipping SDK data reconcilation for CallingInfo{mUid=10176, mPackageName='com.xamarin.android.helloworld'}
01-22 00:30:25.843   551   712 I InputReader: Reconfiguring input devices, changes=KEYBOARD_LAYOUTS | 
01-22 00:30:25.846  1201  1213 I s.nexuslauncher: Background concurrent copying GC freed 15225(736KB) AllocSpace objects, 4(256KB) LOS objects, 49% free, 5249KB/10MB, paused 52us,16us total 189.264ms
01-22 00:30:25.851   935   935 V MediaPlayerList: mPackageChangedBroadcastReceiver: action: android.intent.action.PACKAGE_ADDED
01-22 00:30:25.852   935   935 D MediaPlayerList: Name of package changed: com.xamarin.android.helloworld
01-22 00:30:25.852   935   935 V MediaPlayerList: mPackageChangedBroadcastReceiver: action: android.intent.action.PACKAGE_ADDED
01-22 00:30:25.852   935   935 D MediaPlayerList: Name of package changed: com.xamarin.android.helloworld
01-22 00:30:25.855   833   833 D ControlsListingControllerImpl: ServiceConfig reloaded, count: 0
01-22 00:30:25.866   551   799 I SdkSandboxManager: No SDKs used. Skipping SDK data reconcilation for CallingInfo{mUid=10176, mPackageName='com.xamarin.android.helloworld'}
01-22 00:30:25.870   833   833 D ControlsListingControllerImpl: ServiceConfig reloaded, count: 0
--------- beginning of system
01-22 00:30:25.871   551   606 W BroadcastQueue: Background execution not allowed: receiving Intent { act=android.intent.action.PACKAGE_REMOVED dat=package: flg=0x4000010 (has extras) } to com.google.android.gms/.games.chimera.GamesSystemBroadcastReceiverProxy
01-22 00:30:25.881   551  2367 D CompatibilityChangeReporter: Compat change id reported: 161252188; UID 10176; state: DISABLED
01-22 00:30:25.881   551  2367 I ActivityTaskManager: START u0 {flg=0x10000000 cmp=com.xamarin.android.helloworld/example.MainActivity} from uid 2000
01-22 00:30:25.882   551  2367 D CompatibilityChangeReporter: Compat change id reported: 265464455; UID 10176; state: DISABLED
01-22 00:30:25.882   551  2367 D CompatibilityChangeReporter: Compat change id reported: 265452344; UID 10176; state: DISABLED
01-22 00:30:25.882   551  2367 D CompatibilityChangeReporter: Compat change id reported: 266124927; UID 10176; state: DISABLED
01-22 00:30:25.882   551  2367 D CompatibilityChangeReporter: Compat change id reported: 265451093; UID 10176; state: DISABLED
01-22 00:30:25.883   551  2367 D CompatibilityChangeReporter: Compat change id reported: 265456536; UID 10176; state: DISABLED
01-22 00:30:25.883   551  2367 D CompatibilityChangeReporter: Compat change id reported: 255940284; UID 10176; state: DISABLED
01-22 00:30:25.883   551  2367 D CompatibilityChangeReporter: Compat change id reported: 236283604; UID 10176; state: DISABLED
01-22 00:30:25.883   551  2367 D CompatibilityChangeReporter: Compat change id reported: 263959004; UID 10176; state: DISABLED
01-22 00:30:25.883   551  2367 D CompatibilityChangeReporter: Compat change id reported: 264304459; UID 10176; state: DISABLED
01-22 00:30:25.887   551  2367 D CompatibilityChangeReporter: Compat change id reported: 264301586; UID 10176; state: DISABLED
01-22 00:30:25.889   551  2367 D CompatibilityChangeReporter: Compat change id reported: 254631730; UID 10176; state: DISABLED
01-22 00:30:25.889   551  2367 D CompatibilityChangeReporter: Compat change id reported: 273509367; UID 10176; state: DISABLED
01-22 00:30:25.890   551  2367 D CompatibilityChangeReporter: Compat change id reported: 263259275; UID 10176; state: DISABLED
01-22 00:30:25.910   551   712 I InputReader: Reconfiguring input devices, changes=KEYBOARD_LAYOUTS | 
01-22 00:30:25.910   551  2367 D CompatibilityChangeReporter: Compat change id reported: 194480991; UID 10176; state: ENABLED
01-22 00:30:25.914   551  2367 D CompatibilityChangeReporter: Compat change id reported: 174042980; UID 10176; state: DISABLED
01-22 00:30:25.921   551  2367 D CompatibilityChangeReporter: Compat change id reported: 184838306; UID 10176; state: DISABLED
01-22 00:30:25.921   551  2367 D CompatibilityChangeReporter: Compat change id reported: 185004937; UID 10176; state: DISABLED
01-22 00:30:25.921   551  2367 D CompatibilityChangeReporter: Compat change id reported: 181136395; UID 10176; state: DISABLED
01-22 00:30:25.921   551  2367 D CompatibilityChangeReporter: Compat change id reported: 174042936; UID 10176; state: DISABLED
01-22 00:30:25.960   551  2367 D CompatibilityChangeReporter: Compat change id reported: 197654537; UID 10176; state: ENABLED
01-22 00:30:25.966  1014  1014 D CarrierSvcBindHelper: onPackageUpdateFinished: com.xamarin.android.helloworld
01-22 00:30:25.966  1014  1014 D CarrierSvcBindHelper: No carrier app for: 0
01-22 00:30:25.966  1014  1014 D CarrierSvcBindHelper: onPackageModified: com.xamarin.android.helloworld
01-22 00:30:25.966   551  2367 D CompatibilityChangeReporter: Compat change id reported: 205907456; UID 10176; state: ENABLED
01-22 00:30:25.967  1014  1014 D CarrierSvcBindHelper: No carrier app for: 0
01-22 00:30:25.969  1014  1014 D ImsResolver: maybeAddedImsService, packageName: com.xamarin.android.helloworld
01-22 00:30:25.998   551   551 W Looper  : Slow dispatch took 273ms main h=android.app.ActivityThread$H c=android.app.LoadedApk$ReceiverDispatcher$Args$$ExternalSyntheticLambda0@9364f5a m=0
01-22 00:30:25.998   551   551 W Looper  : Slow delivery took 300ms main h=android.app.ActivityThread$H c=android.app.LoadedApk$ReceiverDispatcher$Args$$ExternalSyntheticLambda0@1e9658b m=0
01-22 00:30:25.999   551   551 I Telecom : CarModeTracker: Package com.xamarin.android.helloworld is not tracked.: SSH.oR@Aeo
01-22 00:30:25.999   551   551 I Telecom : InCallController: updateCarModeForConnections: car mode apps: : SSH.oR@Aeo
01-22 00:30:26.007   551   551 I Telecom : DefaultDialerCache: Refreshing default dialer for user 0: now com.google.android.dialer: DDC.oR@Aes
01-22 00:30:26.021   551   551 V BackupManagerConstants: getFullBackupIntervalMilliseconds(...) returns 86400000
01-22 00:30:26.021   551   551 V BackupManagerConstants: getFullBackupRequiredNetworkType(...) returns 2
01-22 00:30:26.021   551   551 V BackupManagerConstants: getFullBackupRequireCharging(...) returns true
01-22 00:30:26.023   551   551 D CompatibilityChangeReporter: Compat change id reported: 218533173; UID 10176; state: ENABLED
01-22 00:30:26.023   551   551 D CompatibilityChangeReporter: Compat change id reported: 171306433; UID 10176; state: ENABLED
01-22 00:30:26.023   551   551 W AlarmManager: Package com.xamarin.android.helloworld, uid 10176 lost permission to set exact alarms!
01-22 00:30:26.023   551   551 W Looper  : Drained
01-22 00:30:26.086  1201  1201 D MainContentCaptureSession: Flushing 1 event(s) for act:com.google.android.apps.nexuslauncher/.NexusLauncherActivity [state=2 (ACTIVE), disabled=false], reason=FULL
01-22 00:30:26.116   833  1105 W Parcel  : Expecting binder but got null!
01-22 00:30:26.122   833  1089 D SplashScreenView: Build android.window.SplashScreenView{53fb280 V.E...... ......ID 0,0-0,0}
01-22 00:30:26.122   833  1089 D SplashScreenView: Icon: view: android.widget.ImageView{38230b9 V.ED..... ......I. 0,0-0,0 #10204dd android:id/splashscreen_icon_view} drawable: com.android.wm.shell.startingsurface.SplashscreenIconDrawableFactory$ImmobileIconDrawable@15d4cfe size: 440
01-22 00:30:26.122   833  1089 D SplashScreenView: Branding: view: android.view.View{ca35c5f G.ED..... ......I. 0,0-0,0 #10204dc android:id/splashscreen_branding_view} drawable: null size w: 0 h: 0
01-22 00:30:26.162   337   337 I BpBinder: onLastStrongRef automatically unlinking death recipients: <uncached descriptor>
01-22 00:30:26.165   551   914 D CoreBackPreview: Window{3ea6229 u0 Splash Screen com.xamarin.android.helloworld}: Setting back callback OnBackInvokedCallbackInfo{mCallback=android.window.IOnBackInvokedCallback$Stub$Proxy@eb0856b, mPriority=0}
01-22 00:30:26.166   551   593 W Looper  : Slow dispatch took 142ms android.fg h=android.os.Handler c=com.android.internal.infra.ServiceConnector$Impl$$ExternalSyntheticLambda2@59198c8 m=0
01-22 00:30:26.236   833  1105 E OpenGLRenderer: Unable to match the desired swap behavior.
01-22 00:30:26.279   551   594 W Looper  : Slow dispatch took 120ms android.ui h=com.android.server.am.ActivityManagerService$UiHandler c=com.android.server.am.UidObserverController$$ExternalSyntheticLambda0@8867a7e m=0
01-22 00:30:26.298  1545  1545 I GsaVoiceInteractionSrv: (REDACTED) O received %s
01-22 00:30:26.299  1545  1545 I GsaVoiceInteractionSrv: (REDACTED) O received %s
01-22 00:30:26.301  1201  1613 D EGL_emulation: app_time_stats: avg=44334.26ms min=15.35ms max=309968.50ms count=7
01-22 00:30:26.313  6113  6147 I PermissionControllerServiceImpl: Updating user sensitive for uid 10176
01-22 00:30:26.361   551   606 W BroadcastQueue: Background execution not allowed: receiving Intent { act=android.intent.action.PACKAGE_REMOVED dat=package: flg=0x4000010 (has extras) } to com.google.android.gms/.chimera.GmsIntentOperationService$PersistentTrustedReceiver
01-22 00:30:26.362   551   606 W BroadcastQueue: Background execution not allowed: receiving Intent { act=android.intent.action.PACKAGE_REMOVED dat=package: flg=0x4000010 (has extras) } to com.google.android.googlequicksearchbox/com.google.android.apps.gsa.googlequicksearchbox.GelStubAppWatcher
01-22 00:30:26.362   551   606 W BroadcastQueue: Background execution not allowed: receiving Intent { act=android.intent.action.PACKAGE_ADDED dat=package: flg=0x4000010 (has extras) } to com.google.android.packageinstaller/com.android.packageinstaller.PackageInstalledReceiver
01-22 00:30:26.362   551   606 W BroadcastQueue: Background execution not allowed: receiving Intent { act=android.intent.action.PACKAGE_ADDED dat=package: flg=0x4000010 (has extras) } to com.google.android.gms/.games.chimera.GamesSystemBroadcastReceiverProxy
01-22 00:30:26.362   551   606 W BroadcastQueue: Background execution not allowed: receiving Intent { act=android.intent.action.PACKAGE_ADDED dat=package: flg=0x4000010 (has extras) } to com.google.android.gms/.gass.chimera.PackageChangeBroadcastReceiver
01-22 00:30:26.362   551   606 W BroadcastQueue: Background execution not allowed: receiving Intent { act=android.intent.action.PACKAGE_ADDED dat=package: flg=0x4000010 (has extras) } to com.google.android.gms/.chimera.GmsIntentOperationService$PersistentTrustedReceiver
01-22 00:30:26.362   551   606 W BroadcastQueue: Background execution not allowed: receiving Intent { act=android.intent.action.PACKAGE_ADDED dat=package: flg=0x4000010 (has extras) } to com.google.android.googlequicksearchbox/com.google.android.apps.gsa.googlequicksearchbox.GelStubAppWatcher
01-22 00:30:26.362   551   606 W BroadcastQueue: Background execution not allowed: receiving Intent { act=android.intent.action.PACKAGE_REPLACED dat=package: flg=0x4000010 (has extras) } to com.google.android.gms/.gass.chimera.PackageChangeBroadcastReceiver
01-22 00:30:26.362   551   606 W BroadcastQueue: Background execution not allowed: receiving Intent { act=android.intent.action.PACKAGE_REPLACED dat=package: flg=0x4000010 (has extras) } to com.google.android.gms/.chimera.GmsIntentOperationService$PersistentTrustedReceiver
01-22 00:30:26.362   551   606 W BroadcastQueue: Background execution not allowed: receiving Intent { act=android.intent.action.PACKAGE_REPLACED dat=package: flg=0x4000010 (has extras) } to com.google.android.googlequicksearchbox/com.google.android.apps.gsa.googlequicksearchbox.GelStubAppWatcher
01-22 00:30:26.387   551   596 D CompatibilityChangeReporter: Compat change id reported: 135634846; UID 10176; state: DISABLED
01-22 00:30:26.388   551   596 D CompatibilityChangeReporter: Compat change id reported: 177438394; UID 10176; state: DISABLED
01-22 00:30:26.388   551   596 D CompatibilityChangeReporter: Compat change id reported: 135772972; UID 10176; state: DISABLED
01-22 00:30:26.388   551   596 D CompatibilityChangeReporter: Compat change id reported: 135754954; UID 10176; state: ENABLED
01-22 00:30:26.403   551   607 D CompatibilityChangeReporter: Compat change id reported: 143937733; UID 10176; state: ENABLED
01-22 00:30:26.464   294   294 D Zygote  : Forked child process 6785
01-22 00:30:26.464   551   607 W ActivityManager: Slow operation: 83ms so far, now at startProcess: returned from zygote!
01-22 00:30:26.465   551   607 W ActivityManager: Slow operation: 83ms so far, now at startProcess: done updating battery stats
01-22 00:30:26.465   551   607 W ActivityManager: Slow operation: 83ms so far, now at startProcess: building log message
01-22 00:30:26.465   551   607 I ActivityManager: Start proc 6785:com.xamarin.android.helloworld/u0a176 for next-top-activity {com.xamarin.android.helloworld/example.MainActivity}
01-22 00:30:26.465   551   607 W ActivityManager: Slow operation: 83ms so far, now at startProcess: starting to update pids map
01-22 00:30:26.484   551  4855 D IntervalStats: Unable to parse usage stats packages: [196]
01-22 00:30:26.540   551   607 W ActivityManager: Slow operation: 158ms so far, now at startProcess: done updating pids map
01-22 00:30:26.555   833   843 I ndroid.systemui: Background concurrent copying GC freed 61077(3499KB) AllocSpace objects, 39(2260KB) LOS objects, 49% free, 15MB/30MB, paused 74us,100us total 886.095ms
01-22 00:30:26.567  1341  1354 I .gms.persistent: Background concurrent copying GC freed 133930(6301KB) AllocSpace objects, 18(748KB) LOS objects, 49% free, 13MB/27MB, paused 39us,45us total 900.058ms
01-22 00:30:26.584  6785  6785 I roid.helloworld: Using CollectorTypeCC GC.
01-22 00:30:26.605   365   430 I adbd    : jdwp connection from 6785
01-22 00:30:26.718   551   629 W system_server: Long monitor contention with owner binder:551_4 (662) at void com.android.server.power.PowerManagerService.releaseWakeLockInternal(android.os.IBinder, int)(PowerManagerService.java:1685) waiters=1 in void com.android.server.power.PowerManagerService.handleSandman(int) for 160ms
01-22 00:30:26.963   833   978 W Looper  : Slow dispatch took 374ms wmshell.main h=android.os.Handler c=com.android.keyguard.CarrierTextManager$$ExternalSyntheticLambda0@c3df1 m=0
01-22 00:30:27.042   337   432 W TransactionTracing: Could not find layer handle 0xb4000073622e90d0
01-22 00:30:27.063   551  1004 D CompatibilityChangeReporter: Compat change id reported: 181136395; UID 10176; state: DISABLED
01-22 00:30:27.063   551  1004 D CompatibilityChangeReporter: Compat change id reported: 174042936; UID 10176; state: DISABLED
01-22 00:30:27.080  6785  6785 D CompatibilityChangeReporter: Compat change id reported: 171979766; UID 10176; state: ENABLED
01-22 00:30:27.103   551   551 D ActivityManager: sync unfroze 5649 com.google.android.settings.intelligence
01-22 00:30:27.106  1754  2441 W SearchServiceCore: Abort, client detached.
01-22 00:30:27.108  6785  6785 D nativeloader: Configuring classloader-namespace for other apk /data/app/~~sKxOEzaH6pWiDHzYBj2j0w==/com.xamarin.android.helloworld-JZo5oEYOEeGK_imgWJg9IQ==/base.apk. target_sdk_version=36, uses_libraries=, library_path=/data/app/~~sKxOEzaH6pWiDHzYBj2j0w==/com.xamarin.android.helloworld-JZo5oEYOEeGK_imgWJg9IQ==/lib/arm64:/data/app/~~sKxOEzaH6pWiDHzYBj2j0w==/com.xamarin.android.helloworld-JZo5oEYOEeGK_imgWJg9IQ==/base.apk!/lib/arm64-v8a, permitted_path=/data:/mnt/expand:/data/user/0/com.xamarin.android.helloworld
01-22 00:30:27.111  1754  2441 W SearchServiceCore: Abort, client detached.
01-22 00:30:27.120   551   918 W ActivityTaskManager: takeTaskSnapshot: taskId=13 not found or not visible
01-22 00:30:27.200   551   551 W Looper  : Slow dispatch took 123ms main h=com.android.server.job.JobSchedulerService$JobHandler c=null m=3
01-22 00:30:27.214   833  1105 D EGL_emulation: app_time_stats: avg=22125.20ms min=2.04ms max=309447.47ms count=14
01-22 00:30:27.276  6785  6785 V GraphicsEnvironment: ANGLE Developer option for 'com.xamarin.android.helloworld' set to: 'default'
01-22 00:30:27.285  1754  2441 W SearchServiceCore: Abort, client detached.
01-22 00:30:27.346  1645  6813 I Auth    : [SupervisedAccountIntentOperation] onHandleIntent(): android.intent.action.PACKAGE_ADDED
01-22 00:30:27.347   551   634 E VerityUtils: Failed to measure fs-verity, errno 1: /data/app/~~sKxOEzaH6pWiDHzYBj2j0w==/com.xamarin.android.helloworld-JZo5oEYOEeGK_imgWJg9IQ==/base.apk
01-22 00:30:27.360  6785  6785 V GraphicsEnvironment: ANGLE GameManagerService for com.xamarin.android.helloworld: false
01-22 00:30:27.360  6785  6785 V GraphicsEnvironment: Neither updatable production driver nor prerelease driver is supported.
01-22 00:30:27.445  6785  6785 D NetworkSecurityConfig: No Network Security Config specified, using platform default
01-22 00:30:27.446  6785  6785 D NetworkSecurityConfig: No Network Security Config specified, using platform default
01-22 00:30:27.453   551  2382 D CompatibilityChangeReporter: Compat change id reported: 161252188; UID 10176; state: DISABLED
01-22 00:30:27.506  1645  1645 D BoundBrokerSvc: onBind: Intent { act=com.google.android.gms.common.BIND_SHARED_PREFS pkg=com.google.android.gms }
01-22 00:30:27.509   551  1004 D CompatibilityChangeReporter: Compat change id reported: 161145287; UID 10176; state: DISABLED
01-22 00:30:27.535  1645  1645 D BoundBrokerSvc: Loading bound service for intent: Intent { act=com.google.android.gms.common.BIND_SHARED_PREFS pkg=com.google.android.gms }
01-22 00:30:27.611  1538  2253 W ogle.android.as: Long monitor contention with owner aiai-min-shared-0 (2129) at java.lang.Object eao.b()(PG:2) waiters=0 in java.lang.Object eao.b() for 1.490s
01-22 00:30:27.659  1645  1645 D BoundBrokerSvc: onUnbind: Intent { act=com.google.android.gms.common.BIND_SHARED_PREFS pkg=com.google.android.gms }
01-22 00:30:27.679  1645  6813 W SQLiteLog: (28) double-quoted string literal: "com.xamarin.android.helloworld"
01-22 00:30:27.685  1341  6817 I ProximityAuth: [RecentAppsMediator] Package added: (user=UserHandle{0}) com.xamarin.android.helloworld
01-22 00:30:27.690  1341  6811 I Fitness : FitCleanupIntentOperation received Intent android.intent.action.PACKAGE_REMOVED [CONTEXT service_id=17 ]
01-22 00:30:27.786  1341  1423 W ChimeraUtils: Module com.google.android.gms.nearby_en missing resource null(0)
01-22 00:30:27.848  1341  6810 W .gms.persistent: Long monitor contention with owner [com.google.android.gms.chimera.container.intentoperation.PersistentIntentOperationChimeraService-Executor] processing com.google.android.gms.auth.proximity.exo.ExoPackageChangedIntentOperation for action android.intent.action.PACKAGE_ADDED (6817) at void hjm.run()(:com.google.android.gms@231818044@23.18.18 (190400-535401451):3) waiters=0 in void hjm.run() for 141ms
01-22 00:30:27.878  1341  1423 W ChimeraUtils: Module com.google.android.gms.nearby_en missing resource null(0)
01-22 00:30:28.086   551  2374 W Binder  : Caught a RuntimeException from the binder stub implementation.
01-22 00:30:28.086   551  2374 W Binder  : java.lang.ArrayIndexOutOfBoundsException: Array index out of range: 0
01-22 00:30:28.086   551  2374 W Binder  : 	at android.util.ArraySet.valueAt(ArraySet.java:422)
01-22 00:30:28.086   551  2374 W Binder  : 	at com.android.server.contentcapture.ContentCapturePerUserService$ContentCaptureServiceRemoteCallback.updateContentCaptureOptions(ContentCapturePerUserService.java:733)
01-22 00:30:28.086   551  2374 W Binder  : 	at com.android.server.contentcapture.ContentCapturePerUserService$ContentCaptureServiceRemoteCallback.setContentCaptureWhitelist(ContentCapturePerUserService.java:646)
01-22 00:30:28.086   551  2374 W Binder  : 	at android.service.contentcapture.IContentCaptureServiceCallback$Stub.onTransact(IContentCaptureServiceCallback.java:115)
01-22 00:30:28.086   551  2374 W Binder  : 	at android.os.Binder.execTransactInternal(Binder.java:1285)
01-22 00:30:28.086   551  2374 W Binder  : 	at android.os.Binder.execTransact(Binder.java:1244)
01-22 00:30:28.086   551  2374 W Binder  : Caught a RuntimeException from the binder stub implementation.
01-22 00:30:28.086   551  2374 W Binder  : java.lang.ArrayIndexOutOfBoundsException: Array index out of range: 0
01-22 00:30:28.086   551  2374 W Binder  : 	at android.util.ArraySet.valueAt(ArraySet.java:422)
01-22 00:30:28.086   551  2374 W Binder  : 	at com.android.server.contentcapture.ContentCapturePerUserService$ContentCaptureServiceRemoteCallback.updateContentCaptureOptions(ContentCapturePerUserService.java:733)
01-22 00:30:28.086   551  2374 W Binder  : 	at com.android.server.contentcapture.ContentCapturePerUserService$ContentCaptureServiceRemoteCallback.setContentCaptureWhitelist(ContentCapturePerUserService.java:646)
01-22 00:30:28.086   551  2374 W Binder  : 	at android.service.contentcapture.IContentCaptureServiceCallback$Stub.onTransact(IContentCaptureServiceCallback.java:115)
01-22 00:30:28.086   551  2374 W Binder  : 	at android.os.Binder.execTransactInternal(Binder.java:1285)
01-22 00:30:28.086   551  2374 W Binder  : 	at android.os.Binder.execTransact(Binder.java:1244)
01-22 00:30:28.086   551  2374 W Binder  : Caught a RuntimeException from the binder stub implementation.
01-22 00:30:28.086   551  2374 W Binder  : java.lang.ArrayIndexOutOfBoundsException: Array index out of range: 0
01-22 00:30:28.086   551  2374 W Binder  : 	at android.util.ArraySet.valueAt(ArraySet.java:422)
01-22 00:30:28.086   551  2374 W Binder  : 	at com.android.server.contentcapture.ContentCapturePerUserService$ContentCaptureServiceRemoteCallback.updateContentCaptureOptions(ContentCapturePerUserService.java:733)
01-22 00:30:28.086   551  2374 W Binder  : 	at com.android.server.contentcapture.ContentCapturePerUserService$ContentCaptureServiceRemoteCallback.setContentCaptureWhitelist(ContentCapturePerUserService.java:646)
01-22 00:30:28.086   551  2374 W Binder  : 	at android.service.contentcapture.IContentCaptureServiceCallback$Stub.onTransact(IContentCaptureServiceCallback.java:115)
01-22 00:30:28.086   551  2374 W Binder  : 	at android.os.Binder.execTransactInternal(Binder.java:1285)
01-22 00:30:28.086   551  2374 W Binder  : 	at android.os.Binder.execTransact(Binder.java:1244)
01-22 00:30:28.115   551   565 I system_server: Background concurrent copying GC freed 400016(18MB) AllocSpace objects, 41(2736KB) LOS objects, 48% free, 25MB/49MB, paused 48.980ms,90us total 2.452s
01-22 00:30:28.229   833  1105 D EGL_emulation: app_time_stats: avg=20.87ms min=5.45ms max=81.88ms count=25
01-22 00:30:28.257   551   634 E VerityUtils: Failed to measure fs-verity, errno 1: /data/app/~~sKxOEzaH6pWiDHzYBj2j0w==/com.xamarin.android.helloworld-JZo5oEYOEeGK_imgWJg9IQ==/base.apk
01-22 00:30:28.301  1645  3328 I Icing   : IndexChimeraService.getServiceInterface callingPackage=com.google.android.gms componentName=AppsCorpus serviceId=36
01-22 00:30:28.495  1645  1645 D BoundBrokerSvc: onBind: Intent { act=com.google.android.gms.feedback.internal.IFeedbackService dat=chimera-action:/... cmp=com.google.android.gms/.chimera.GmsBoundBrokerService }
01-22 00:30:28.495  1645  1645 D BoundBrokerSvc: Loading bound service for intent: Intent { act=com.google.android.gms.feedback.internal.IFeedbackService dat=chimera-action:/... cmp=com.google.android.gms/.chimera.GmsBoundBrokerService }
01-22 00:30:28.542  6785  6785 D DOTNET  : AndroidCryptoNative_InitLibraryOnLoad: jint AndroidCryptoNative_InitLibraryOnLoad(JavaVM *, void *) in /__w/1/s/src/runtime/src/native/libs/System.Security.Cryptography.Native.Android/pal_jni.c
01-22 00:30:28.543  1341  1341 D BoundBrokerSvc: onBind: Intent { act=com.google.android.gms.icing.LIGHTWEIGHT_INDEX_SERVICE dat=chimera-action:/... cmp=com.google.android.gms/.chimera.PersistentApiService }
01-22 00:30:28.546  6785  6785 D DOTNET  : GetOptionalClassGRef: optional class com/android/org/conscrypt/OpenSSLEngineImpl was not found
01-22 00:30:28.556  1341  1341 D BoundBrokerSvc: Loading bound service for intent: Intent { act=com.google.android.gms.icing.LIGHTWEIGHT_INDEX_SERVICE dat=chimera-action:/... cmp=com.google.android.gms/.chimera.PersistentApiService }
01-22 00:30:28.638  1645  6097 I Icing   : Usage reports ok 1, Failed Usage reports 0, indexed 0, rejected 0
01-22 00:30:28.737  1645  3328 I Icing   : IndexChimeraService.getServiceInterface callingPackage=com.google.android.gms componentName=null serviceId=30
01-22 00:30:28.755  6785  6785 I monodroid: JNIEnvInit: IsCoreClrRuntime=True, IsMonoRuntime=False
01-22 00:30:28.775  6785  6785 I monodroid-typemap: TypeMapAttributeTypeMap: Initializing...
01-22 00:30:28.837  6785  6785 I monodroid-typemap: TypeMapAttributeTypeMap: Initialized external and invoker type mappings
01-22 00:30:28.876  6785  6785 I monodroid: JNIEnvInit: Set getFunctionPointerFn to 0x6eb8d12988
01-22 00:30:28.919  1645  6097 I Icing   : Usage reports ok 0, Failed Usage reports 0, indexed 0, rejected 0
01-22 00:30:28.978  6785  6841 D libEGL  : loaded /vendor/lib64/egl/libEGL_emulation.so
01-22 00:30:28.987  6785  6841 D libEGL  : loaded /vendor/lib64/egl/libGLESv1_CM_emulation.so
01-22 00:30:29.009  6785  6841 D libEGL  : loaded /vendor/lib64/egl/libGLESv2_emulation.so
01-22 00:30:29.016  6785  6785 I monodroid-typemap: TryGetJniNameForType: HelloWorld.MainActivity -> 'example/MainActivity' (from [Register])
01-22 00:30:29.016  6785  6785 I monodroid: RegisterNativeMembers: type=HelloWorld.MainActivity, methods=n_onCreate:(Landroid/os/Bundle;)V:GetOnCreate_Landroid_os_Bundle_Handler
01-22 00:30:29.016  6785  6785 I monodroid: n_onResume:()V:GetOnResumeHandler
01-22 00:30:29.016  6785  6785 I monodroid: 
01-22 00:30:29.017  6785  6785 I monodroid: DynamicNativeMembersRegistration: registered n_onCreate for HelloWorld.MainActivity
01-22 00:30:29.017  6785  6785 I monodroid: DynamicNativeMembersRegistration: registered n_onResume for HelloWorld.MainActivity
01-22 00:30:29.017  6785  6785 I monodroid: DynamicNativeMembersRegistration: calling RegisterNatives with 2 methods
01-22 00:30:29.020  6785  6785 I monodroid-typemap: TryGetJniNameForType: Java.Interop.TypeManager+JavaTypeManager -> 'mono/android/TypeManager' (from [Register])
01-22 00:30:29.020  6785  6785 I monodroid: RegisterNativeMembers: type=Java.Interop.TypeManager+JavaTypeManager, methods=n_activate:(Ljava/lang/String;Ljava/lang/String;Ljava/lang/Object;[Ljava/lang/Object;)V:GetActivateHandler
01-22 00:30:29.020  6785  6785 I monodroid: 
01-22 00:30:29.020  6785  6785 I monodroid: DynamicNativeMembersRegistration: registered n_activate for Java.Interop.TypeManager+JavaTypeManager
01-22 00:30:29.020  6785  6785 I monodroid: DynamicNativeMembersRegistration: calling RegisterNatives with 1 methods
01-22 00:30:29.095  1645  6097 I Icing   : Indexing com.google.android.gms-apps from com.google.android.gms
01-22 00:30:29.106  1645  6097 I Icing   : Indexing done com.google.android.gms-apps
01-22 00:30:29.129  6785  6785 D CompatibilityChangeReporter: Compat change id reported: 210923482; UID 10176; state: ENABLED
01-22 00:30:29.131  6785  6785 I monodroid-typemap: CreatePeer: handle=0xcd, targetType=Android.Views.View
01-22 00:30:29.132  6785  6785 I monodroid-typemap: CreatePeer: Found type Android.Widget.Button for Java class 'android/widget/Button'
01-22 00:30:29.132  6785  6785 I monodroid-typemap: TryGetJniNameForType: Android.Widget.Button -> 'android/widget/Button' (from [Register])
01-22 00:30:29.133  6785  6785 I monodroid-typemap: CreatePeer: Activating instance of Android.Widget.Button...
01-22 00:30:29.134  6785  6785 I monodroid-typemap: CreatePeer: SUCCESS - Created Android.Widget.Button for Java class 'android/widget/Button'
01-22 00:30:29.137  6785  6785 I monodroid-typemap: TryGetJniNameForType: Android.Views.View+IOnClickListenerImplementor -> 'mono/android/view/View_OnClickListenerImplementor' (from [Register])
01-22 00:30:29.138  6785  6785 I monodroid-typemap: TryGetJniNameForType: Android.Views.View+IOnClickListenerImplementor -> 'mono/android/view/View_OnClickListenerImplementor' (from [Register])
01-22 00:30:29.138  6785  6785 I monodroid: RegisterNativeMembers: type=Android.Views.View+IOnClickListenerImplementor, methods=n_onClick:(Landroid/view/View;)V:GetOnClick_Landroid_view_View_Handler:Android.Views.View+IOnClickListenerInvoker, Mono.Android, Version=0.0.0.0, Culture=neutral, PublicKeyToken=null
01-22 00:30:29.138  6785  6785 I monodroid: 
01-22 00:30:29.138  6785  6785 I monodroid: DynamicNativeMembersRegistration: registered n_onClick for Android.Views.View+IOnClickListenerImplementor
01-22 00:30:29.138  6785  6785 I monodroid: DynamicNativeMembersRegistration: calling RegisterNatives with 1 methods
01-22 00:30:29.146  6785  6785 I monodroid-test: Calling native stub Java_example_MainActivity_n_1onCreate__Landroid_os_Bundle_2V...
01-22 00:30:29.147  6785  6785 I monodroid-typemap: GetFunctionPointer: class='example/MainActivity', methodIndex=0
01-22 00:30:29.147  6785  6785 I monodroid-typemap: GetFunctionPointer: Found type HelloWorld.MainActivity
01-22 00:30:29.147  6785  6785 I monodroid-typemap: GetFunctionPointer: No JavaPeerProxy attribute on HelloWorld.MainActivity, attempting reflection fallback...
01-22 00:30:29.149  6785  6785 I monodroid-typemap: ResolveUserTypeMethod: Resolved index 0 to n_onCreate
01-22 00:30:29.152  6785  6785 I monodroid-typemap: CreatePeer: handle=0xed, targetType=Android.Views.View
01-22 00:30:29.152  6785  6785 I monodroid-typemap: CreatePeer: Found type Android.Widget.Button for Java class 'android/widget/Button'
01-22 00:30:29.152  6785  6785 I monodroid-typemap: TryGetJniNameForType: Android.Widget.Button -> 'android/widget/Button' (from [Register])
01-22 00:30:29.152  6785  6785 I monodroid-typemap: CreatePeer: Activating instance of Android.Widget.Button...
01-22 00:30:29.152  6785  6785 I monodroid-typemap: CreatePeer: SUCCESS - Created Android.Widget.Button for Java class 'android/widget/Button'
01-22 00:30:29.152  6785  6785 I monodroid-test: Called native stub successfully!
01-22 00:30:29.162  6785  6785 D CompatibilityChangeReporter: Compat change id reported: 237531167; UID 10176; state: DISABLED
01-22 00:30:29.174  6785  6839 W Parcel  : Expecting binder but got null!
01-22 00:30:29.202   551   661 D CoreBackPreview: Window{78330a7 u0 com.xamarin.android.helloworld/example.MainActivity}: Setting back callback OnBackInvokedCallbackInfo{mCallback=android.window.IOnBackInvokedCallback$Stub$Proxy@b9d80fd, mPriority=0}
01-22 00:30:29.265  6785  6839 D HostConnection: HostComposition ext ANDROID_EMU_CHECKSUM_HELPER_v1 ANDROID_EMU_native_sync_v2 ANDROID_EMU_native_sync_v3 ANDROID_EMU_native_sync_v4 ANDROID_EMU_dma_v1 ANDROID_EMU_direct_mem ANDROID_EMU_host_composition_v1 ANDROID_EMU_host_composition_v2 ANDROID_EMU_vulkan ANDROID_EMU_deferred_vulkan_commands ANDROID_EMU_vulkan_null_optional_strings ANDROID_EMU_vulkan_create_resources_with_requirements ANDROID_EMU_YUV_Cache ANDROID_EMU_vulkan_ignored_handles ANDROID_EMU_has_shared_slots_host_memory_allocator ANDROID_EMU_vulkan_free_memory_sync ANDROID_EMU_vulkan_shader_float16_int8 ANDROID_EMU_vulkan_async_queue_submit ANDROID_EMU_vulkan_queue_submit_with_commands ANDROID_EMU_sync_buffer_data ANDROID_EMU_vulkan_async_qsri ANDROID_EMU_read_color_buffer_dma ANDROID_EMU_hwc_multi_configs GL_OES_EGL_image_external_essl3 GL_OES_vertex_array_object GL_KHR_texture_compression_astc_ldr ANDROID_EMU_host_side_tracing ANDROID_EMU_gles_max_version_3_0 
01-22 00:30:29.281   337   432 W TransactionTracing: Could not find layer handle 0xb4000073622e9d30
01-22 00:30:29.284   337   432 W TransactionTracing: Could not find layer handle 0xb4000073622eb050
01-22 00:30:29.293   833  1105 D EGL_emulation: app_time_stats: avg=24357.44ms min=24357.44ms max=24357.44ms count=1
01-22 00:30:29.308  6785  6839 W OpenGLRenderer: Failed to choose config with EGL_SWAP_BEHAVIOR_PRESERVED, retrying without...
01-22 00:30:29.314  6785  6839 W OpenGLRenderer: Failed to initialize 101010-2 format, error = EGL_SUCCESS
01-22 00:30:29.316  6785  6839 D EGL_emulation: eglCreateContext: 0xb400007008b54fd0: maj 3 min 0 rcv 3
01-22 00:30:29.328  6785  6839 D EGL_emulation: eglMakeCurrent: 0xb400007008b54fd0: ver 3 0 (tinfo 0x7236e35080) (first time)
01-22 00:30:29.486   149   149 I hwservicemanager: getTransport: Cannot find entry android.hardware.graphics.mapper@4.0::IMapper/default in either framework or device VINTF manifest.
01-22 00:30:29.487  6785  6839 I Gralloc4: mapper 4.x is not supported
01-22 00:30:29.492   149   149 I hwservicemanager: getTransport: Cannot find entry android.hardware.graphics.allocator@4.0::IAllocator/default in either framework or device VINTF manifest.
01-22 00:30:29.493   148   148 I servicemanager: Could not find android.hardware.graphics.allocator.IAllocator/default in the VINTF manifest.
01-22 00:30:29.493  6785  6839 W Gralloc4: allocator 4.x is not supported
01-22 00:30:29.500  6785  6839 D HostConnection: HostComposition ext ANDROID_EMU_CHECKSUM_HELPER_v1 ANDROID_EMU_native_sync_v2 ANDROID_EMU_native_sync_v3 ANDROID_EMU_native_sync_v4 ANDROID_EMU_dma_v1 ANDROID_EMU_direct_mem ANDROID_EMU_host_composition_v1 ANDROID_EMU_host_composition_v2 ANDROID_EMU_vulkan ANDROID_EMU_deferred_vulkan_commands ANDROID_EMU_vulkan_null_optional_strings ANDROID_EMU_vulkan_create_resources_with_requirements ANDROID_EMU_YUV_Cache ANDROID_EMU_vulkan_ignored_handles ANDROID_EMU_has_shared_slots_host_memory_allocator ANDROID_EMU_vulkan_free_memory_sync ANDROID_EMU_vulkan_shader_float16_int8 ANDROID_EMU_vulkan_async_queue_submit ANDROID_EMU_vulkan_queue_submit_with_commands ANDROID_EMU_sync_buffer_data ANDROID_EMU_vulkan_async_qsri ANDROID_EMU_read_color_buffer_dma ANDROID_EMU_hwc_multi_configs GL_OES_EGL_image_external_essl3 GL_OES_vertex_array_object GL_KHR_texture_compression_astc_ldr ANDROID_EMU_host_side_tracing ANDROID_EMU_gles_max_version_3_0 
01-22 00:30:29.503  6785  6839 E OpenGLRenderer: Unable to match the desired swap behavior.
01-22 00:30:29.689   551   593 I ActivityTaskManager: Displayed com.xamarin.android.helloworld/example.MainActivity: +3s775ms
01-22 00:30:29.705   935  1155 D BtGatt.ScanManager: uid 10112 isForeground true scanMode -1
01-22 00:30:29.759  1201  1718 D OneSearchSuggestProvider: Shut down the binder channel
01-22 00:30:29.786  1201  1600 I s.nexuslauncher: oneway function results for code 2 on binder at 0xb400006f98b9fe50 will be dropped but finished with status UNKNOWN_TRANSACTION
01-22 00:30:29.790  1754  2318 I earchbox:search: oneway function results for code 2 on binder at 0xb400006f98bb78e0 will be dropped but finished with status UNKNOWN_TRANSACTION
01-22 00:30:29.821   551  2376 D CompatibilityChangeReporter: Compat change id reported: 214016041; UID 10176; state: ENABLED
01-22 00:30:29.857   337   432 W TransactionTracing: Could not find layer handle 0xb4000073622e9010
01-22 00:30:29.857   337   432 W TransactionTracing: Could not find layer handle 0xb4000073622ec190
01-22 00:30:29.877  2899  2899 I GoogleInputMethodService: GoogleInputMethodService.onFinishInput():3227 
01-22 00:30:29.883  2899  2899 I GoogleInputMethodService: GoogleInputMethodService.updateDeviceLockedStatus():2087 repeatCheckTimes = 0, unlocked = true
01-22 00:30:29.884  2899  2899 I GoogleInputMethodService: GoogleInputMethodService.onStartInput():1877 onStartInput(EditorInfo{inputType=0x0(NULL) imeOptions=0x0 privateImeOptions=null actionName=UNSPECIFIED actionLabel=null actionId=0 initialSelStart=-1 initialSelEnd=-1 initialCapsMode=0x0 hintText=null label=null packageName=com.xamarin.android.helloworld fieldId=-1 fieldName=null extras=null}, false)
01-22 00:30:29.884  2899  2899 I GoogleInputMethodService: GoogleInputMethodService.shouldHideHeaderOnInitialState():4008 ShouldHideHeaderOnInitialState = false
01-22 00:30:29.897  2899  2899 I GoogleInputMethodService: GoogleInputMethodService.updateDeviceLockedStatus():2087 repeatCheckTimes = 2, unlocked = true
01-22 00:30:30.087   551  2369 D CoreBackPreview: Window{3ea6229 u0 Splash Screen com.xamarin.android.helloworld EXITING}: Setting back callback null
01-22 00:30:30.089   551  2376 W InputManager-JNI: Input channel object '3ea6229 Splash Screen com.xamarin.android.helloworld (client)' was disposed without first being removed with the input manager!
01-22 00:30:30.108   833  1105 D EGL_emulation: app_time_stats: avg=92.49ms min=6.52ms max=1197.29ms count=18
01-22 00:30:30.246   337   432 W TransactionTracing: Could not find layer handle 0xb4000073622ea8d0
01-22 00:30:30.248   337   432 W TransactionTracing: Could not find layer handle 0xb4000073622ec1f0
01-22 00:30:30.249   337   432 W TransactionTracing: Could not find layer handle 0xb4000073622eb710
