01-21 22:53:22.636  2009  2050 W BugleRcsEngine: [43] bemz.x: Unable to send diagnostic log
01-21 22:53:22.636  2009  2050 W BugleRcsEngine: [43] bemz.x: Unable to send diagnostic log
01-21 22:53:53.724   833  1105 D EGL_emulation: app_time_stats: avg=40031.75ms min=40031.75ms max=40031.75ms count=1
01-21 22:53:56.052   318   318 E android.hardware.power.stats@1.0-service-mock: Failed to getEnergyData
01-21 22:54:00.017  1538  2102 I AiAiEcho: Predicting[0]: 
01-21 22:54:00.018  1538  2102 I AiAiEcho: Ranked targets strategy: SORT, count: 0, ranking metadata: 
01-21 22:54:00.020  1538  2102 I AiAiEcho: #postPredictionTargets: Sending updates to UISurface lockscreen with targets# 0
01-21 22:54:00.021  1538  2102 I AiAiEcho: #postPredictionTargets: Sending updates to UISurface home with targets# 0
01-21 22:54:00.022  1538  2102 I AiAiEcho: #postPredictionTargets: Sending updates to UISurface media_data_manager with targets# 0
01-21 22:54:00.046   833   833 D SsMediaDataProvider: Forwarding Smartspace updates []
01-21 22:54:00.063   833  1105 D EGL_emulation: app_time_stats: avg=6339.34ms min=6339.34ms max=6339.34ms count=1
01-21 22:54:04.054   551   661 W BatteryExternalStatsWorker: error reading Bluetooth stats: 11
01-21 22:54:04.076   551   661 D TelephonyManager: requestModemActivityInfo: Sending result to app: ModemActivityInfo{ mTimestamp=197927 mSleepTimeMs=0 mIdleTimeMs=197837 mActivityStatsTechSpecificInfo=[{mRat=UNKNOWN,mFrequencyRange=UNKNOWN,mTxTimeMs[]=[0, 0, 0, 0, 0],mRxTimeMs=0}]}
01-21 22:54:04.158   293   293 I netd    : tetherGetStats() -> {[]} <3.64ms>
01-21 22:54:14.750   314   314 W healthd : battery l=100 v=5000 t=25.0 h=2 st=4 c=900000 fc=3000000 cc=10 chg=
01-21 22:54:32.405  1341  5359 I AlarmManager: setExactAndAllowWhileIdle [name: GCM_HB_ALARM type: 2 triggerAtMillis: 2448409]
01-21 22:54:32.407  1341  5359 I AlarmManager: setExactAndAllowWhileIdle [name: GCM_HB_ALARM type: 2 triggerAtMillis: 2448411]
01-21 22:54:32.410  1341  1341 D BoundBrokerSvc: onBind: Intent { act=com.google.android.gms.scheduler.ACTION_PROXY_SCHEDULE dat=chimera-action:/... cmp=com.google.android.gms/.chimera.PersistentApiService }
01-21 22:54:32.411  1341  1341 D BoundBrokerSvc: Loading bound service for intent: Intent { act=com.google.android.gms.scheduler.ACTION_PROXY_SCHEDULE dat=chimera-action:/... cmp=com.google.android.gms/.chimera.PersistentApiService }
01-21 22:54:47.458  1341  1341 D BoundBrokerSvc: onUnbind: Intent { act=com.google.android.gms.scheduler.ACTION_PROXY_SCHEDULE dat=chimera-action:/... cmp=com.google.android.gms/.chimera.PersistentApiService }
01-21 22:54:50.699   551   551 W Looper  : Slow delivery took 757ms main h=android.os.Handler c=com.android.internal.os.BinderCallsStats$1@962fc2d m=0
01-21 22:55:02.568  1538  2102 I AiAiEcho: Predicting[0]: 
01-21 22:55:02.571   551   551 W Looper  : Drained
01-21 22:55:02.572  1538  2102 I AiAiEcho: Ranked targets strategy: SORT, count: 0, ranking metadata: 
01-21 22:55:02.580  1538  2102 I AiAiEcho: #postPredictionTargets: Sending updates to UISurface lockscreen with targets# 0
01-21 22:55:02.580  1538  2102 I AiAiEcho: #postPredictionTargets: Sending updates to UISurface home with targets# 0
01-21 22:55:02.581  1538  2102 I AiAiEcho: #postPredictionTargets: Sending updates to UISurface media_data_manager with targets# 0
01-21 22:55:02.606   833   833 D SsMediaDataProvider: Forwarding Smartspace updates []
01-21 22:55:02.626   833  1105 D EGL_emulation: app_time_stats: avg=62562.77ms min=62562.77ms max=62562.77ms count=1
01-21 22:55:07.825   551   551 W Looper  : Slow delivery took 287ms main h=android.os.Handler c=com.android.internal.os.BinderCallsStats$1@962fc2d m=0
01-21 22:55:12.826   551   551 W Looper  : Drained
01-21 22:55:34.920   833  1105 D EGL_emulation: app_time_stats: avg=32293.92ms min=32293.92ms max=32293.92ms count=1
01-21 22:55:56.054   318   318 E android.hardware.power.stats@1.0-service-mock: Failed to getEnergyData
01-21 22:55:56.109   833  1107 D ControlsListingControllerImpl: Subscribing callback, service count: 0
01-21 22:55:56.120   833  1107 D ControlsListingControllerImpl: Unsubscribing callback
01-21 22:55:57.271   551  2379 D WifiNl80211Manager: Scan result ready event
01-21 22:55:57.273   551  2379 D WifiNative: Scan result ready event
01-21 22:56:00.207  1538  2102 I AiAiEcho: Predicting[0]: 
01-21 22:56:00.208  1538  2102 I AiAiEcho: Ranked targets strategy: SORT, count: 0, ranking metadata: 
01-21 22:56:00.210  1538  2102 I AiAiEcho: #postPredictionTargets: Sending updates to UISurface lockscreen with targets# 0
01-21 22:56:00.212  1538  2102 I AiAiEcho: #postPredictionTargets: Sending updates to UISurface home with targets# 0
01-21 22:56:00.214  1538  2102 I AiAiEcho: #postPredictionTargets: Sending updates to UISurface media_data_manager with targets# 0
01-21 22:56:00.221   833   833 D SsMediaDataProvider: Forwarding Smartspace updates []
01-21 22:56:00.238   833  1105 D EGL_emulation: app_time_stats: avg=25317.02ms min=25317.02ms max=25317.02ms count=1
01-21 22:56:07.590   935  1176 I bluetooth: packages/modules/Bluetooth/system/gd/hci/le_address_manager.cc:257 ack_pause: Client already in paused state
01-21 22:56:07.620   935  1176 I bluetooth: packages/modules/Bluetooth/system/gd/hci/le_address_manager.cc:576 OnCommandComplete: Received command complete with op_code LE_SET_RANDOM_ADDRESS
01-21 22:56:07.620   935  1176 I bluetooth: packages/modules/Bluetooth/system/gd/hci/le_address_manager.cc:595 OnCommandComplete: update random address : 7b:be:c2:03:af:c0
01-21 22:56:07.621   935  1176 I bluetooth: packages/modules/Bluetooth/system/gd/hci/le_address_manager.cc:286 resume_registered_clients: Resuming registered clients
01-21 22:56:14.918   833  1105 D EGL_emulation: app_time_stats: avg=14679.92ms min=14679.92ms max=14679.92ms count=1
01-21 22:56:19.783   551   551 W Looper  : Slow delivery took 1915ms main h=android.os.Handler c=com.android.internal.os.BinderCallsStats$1@962fc2d m=0
01-21 22:56:19.864   551   551 W Looper  : Drained
01-21 22:56:19.879   935  1155 D BtGatt.ScanManager: uid 10112 isForeground true scanMode -1
01-21 22:56:48.218  1341  5360 I NetworkScheduler.Stats: Task com.google.android.gms/com.google.android.gms.tapandpay.gcmtask.TapAndPayGcmTaskService started execution. cause:4 exec_start_elapsed_seconds: 1964 [CONTEXT service_id=218 ]
01-21 22:56:48.223   293   293 I netd    : tetherGetStats() -> {[]} <5.21ms>
01-21 22:56:48.238  1341  5526 W TapAndPay: NfcAdapter is null while obtaining CardEmulation instance. [CONTEXT service_id=79 ]
01-21 22:56:48.238  1341  5526 W TapAndPay: java.lang.NullPointerException: NfcAdapter is null
01-21 22:56:48.238  1341  5526 W TapAndPay: 	at android.nfc.cardemulation.CardEmulation.getInstance(CardEmulation.java:154)
01-21 22:56:48.238  1341  5526 W TapAndPay: 	at cdoy.<init>(:com.google.android.gms@231818044@23.18.18 (190400-535401451):0)
01-21 22:56:48.238  1341  5526 W TapAndPay: 	at com.google.android.gms.tapandpay.hce.task.TapAndPayAidRegistrationTaskOperation.a(:com.google.android.gms@231818044@23.18.18 (190400-535401451):5)
01-21 22:56:48.238  1341  5526 W TapAndPay: 	at com.google.android.gms.tapandpay.gcmtask.TapAndPayGcmTaskChimeraService.a(:com.google.android.gms@231818044@23.18.18 (190400-535401451):4)
01-21 22:56:48.238  1341  5526 W TapAndPay: 	at avzs.call(:com.google.android.gms@231818044@23.18.18 (190400-535401451):4)
01-21 22:56:48.238  1341  5526 W TapAndPay: 	at java.util.concurrent.FutureTask.run(FutureTask.java:264)
01-21 22:56:48.238  1341  5526 W TapAndPay: 	at aced.c(:com.google.android.gms@231818044@23.18.18 (190400-535401451):6)
01-21 22:56:48.238  1341  5526 W TapAndPay: 	at aced.run(:com.google.android.gms@231818044@23.18.18 (190400-535401451):7)
01-21 22:56:48.238  1341  5526 W TapAndPay: 	at java.util.concurrent.ThreadPoolExecutor.runWorker(ThreadPoolExecutor.java:1137)
01-21 22:56:48.238  1341  5526 W TapAndPay: 	at java.util.concurrent.ThreadPoolExecutor$Worker.run(ThreadPoolExecutor.java:637)
01-21 22:56:48.238  1341  5526 W TapAndPay: 	at acjn.run(:com.google.android.gms@231818044@23.18.18 (190400-535401451):0)
01-21 22:56:48.238  1341  5526 W TapAndPay: 	at java.lang.Thread.run(Thread.java:1012)
01-21 22:56:48.251   293   293 I netd    : bandwidthSetGlobalAlert(2097152) <2.09ms>
01-21 22:56:48.254  1341  5526 I NetworkScheduler.Stats: Task com.google.android.gms/com.google.android.gms.tapandpay.gcmtask.TapAndPayGcmTaskService finished executing. cause:4 result: 3 elapsed_millis: 76 uptime_millis: 76 exec_start_elapsed_seconds: 1964 [CONTEXT service_id=218 ]
01-21 22:56:48.264   293   293 I netd    : bandwidthRemoveInterfaceQuota(eth0) <8.63ms>
01-21 22:56:48.282   293   293 I netd    : bandwidthSetInterfaceQuota(eth0, 9223372036854775807) <17.69ms>
01-21 22:56:48.295   293   293 I netd    : bandwidthRemoveInterfaceQuota(eth0) <1.82ms>
01-21 22:56:48.298   293   293 I netd    : bandwidthSetInterfaceQuota(eth0, 9223372036854775807) <1.77ms>
01-21 22:56:48.312   551   832 D NetworkStatsObservers: Unregistering RequestInfo from pid/uid:551/1000(android) for DataUsageRequest [ requestId=5, networkTemplate=NetworkTemplate: matchRule=MOBILE, matchSubscriberIds=[310260...], matchWifiNetworkKeys=[], metered=YES, defaultNetwork=NO, thresholdInBytes=3337967 ] accessLevel:3
01-21 22:56:48.313   551   743 D NetworkStatsObservers: Registering observer for RequestInfo from pid/uid:551/1000(android) for DataUsageRequest [ requestId=6, networkTemplate=NetworkTemplate: matchRule=MOBILE, matchSubscriberIds=[310260...], matchWifiNetworkKeys=[], metered=YES, defaultNetwork=NO, thresholdInBytes=3333665 ] accessLevel:3
01-21 22:56:48.345   293   293 I netd    : tetherGetStats() -> {[]} <2.65ms>
01-21 22:56:48.369  1341  5360 I NetworkScheduler.Stats: Task com.google.android.gms/com.google.android.gms.checkin.EventLogService started execution. cause:5 exec_start_elapsed_seconds: 1964 [CONTEXT service_id=218 ]
01-21 22:56:48.390  1645  5357 I Checkin : [EventLogChimeraService] Opted in for usage reporting: false
01-21 22:56:48.406  1645  5357 I Checkin : [EventLogChimeraService] Aggregate from 1769031087244 (log), 1769030909570 (data)
01-21 22:56:48.493   157   157 I logd    : logdr: UID=10112 GID=10112 PID=1645 n tail=0 logMask=4 pid=0 start=0ns deadline=0ns
01-21 22:56:48.484   551  2369 I DropBoxManagerService: add tag=event_data isTagEnabled=true flags=0x2
01-21 22:56:48.487   551   606 W BroadcastQueue: Background execution not allowed: receiving Intent { act=android.intent.action.DROPBOX_ENTRY_ADDED flg=0x10 (has extras) } to com.google.android.gms/.stats.service.DropBoxEntryAddedReceiver
01-21 22:56:48.489   551   606 W BroadcastQueue: Background execution not allowed: receiving Intent { act=android.intent.action.DROPBOX_ENTRY_ADDED flg=0x10 (has extras) } to com.google.android.gms/.chimera.GmsIntentOperationService$PersistentTrustedReceiver
01-21 22:56:48.548  1341  5526 I NetworkScheduler.Stats: Task com.google.android.gms/com.google.android.gms.checkin.EventLogService finished executing. cause:5 result: 1 elapsed_millis: 218 uptime_millis: 218 exec_start_elapsed_seconds: 1964 [CONTEXT service_id=218 ]
01-21 22:56:56.902   833  1105 D EGL_emulation: app_time_stats: avg=41984.50ms min=41984.50ms max=41984.50ms count=1
01-21 22:56:59.944   935  1155 D BtGatt.ScanManager: uid 10112 isForeground true scanMode -1
01-21 22:57:00.036  1538  2102 I AiAiEcho: Predicting[0]: 
01-21 22:57:00.036  1538  2102 I AiAiEcho: Ranked targets strategy: SORT, count: 0, ranking metadata: 
01-21 22:57:00.038  1538  2102 I AiAiEcho: #postPredictionTargets: Sending updates to UISurface lockscreen with targets# 0
01-21 22:57:00.039  1538  2102 I AiAiEcho: #postPredictionTargets: Sending updates to UISurface home with targets# 0
01-21 22:57:00.052  1538  2102 I AiAiEcho: #postPredictionTargets: Sending updates to UISurface media_data_manager with targets# 0
01-21 22:57:00.083   833   833 D SsMediaDataProvider: Forwarding Smartspace updates []
01-21 22:57:00.088   833  1105 D EGL_emulation: app_time_stats: avg=3185.87ms min=3185.87ms max=3185.87ms count=1
01-21 22:57:15.020   935  1155 D BtGatt.ScanManager: uid 10112 isForeground true scanMode -1
01-21 22:57:19.605   551  1360 W BatteryExternalStatsWorker: error reading Bluetooth stats: 11
01-21 22:57:19.612   551  1360 D TelephonyManager: requestModemActivityInfo: Sending result to app: ModemActivityInfo{ mTimestamp=1995614 mSleepTimeMs=0 mIdleTimeMs=393382 mActivityStatsTechSpecificInfo=[{mRat=UNKNOWN,mFrequencyRange=UNKNOWN,mTxTimeMs[]=[0, 0, 0, 0, 0],mRxTimeMs=0}]}
01-21 22:57:19.727   293   293 I netd    : tetherGetStats() -> {[]} <1.27ms>
01-21 22:57:19.733   551   618 W CpuPowerCalculator: UID 50176 CPU cluster # mismatch: Power Profile # 2 actual # 4
01-21 22:57:19.733   551   618 W CpuPowerCalculator: UID 50176 CPU freq # mismatch: Power Profile # 2 actual # 8
01-21 22:57:19.733   551   618 W CpuPowerCalculator: UID 10176 CPU cluster # mismatch: Power Profile # 2 actual # 4
01-21 22:57:19.733   551   618 W CpuPowerCalculator: UID 10176 CPU freq # mismatch: Power Profile # 2 actual # 8
01-21 22:57:19.734   551   618 W CpuPowerCalculator: UID 10176 CPU freq # mismatch: Power Profile # 2 actual # 8
01-21 22:57:19.734   551   618 W CpuPowerCalculator: UID 10176 CPU freq # mismatch: Power Profile # 2 actual # 8
01-21 22:57:19.734   551   618 W CpuPowerCalculator: UID 10171 CPU cluster # mismatch: Power Profile # 2 actual # 4
01-21 22:57:19.734   551   618 W CpuPowerCalculator: UID 10171 CPU freq # mismatch: Power Profile # 2 actual # 8
01-21 22:57:19.734   551   618 W CpuPowerCalculator: UID 10171 CPU freq # mismatch: Power Profile # 2 actual # 8
01-21 22:57:19.734   551   618 W CpuPowerCalculator: UID 10171 CPU freq # mismatch: Power Profile # 2 actual # 8
01-21 22:57:19.734   551   618 W CpuPowerCalculator: UID 10165 CPU cluster # mismatch: Power Profile # 2 actual # 4
01-21 22:57:19.734   551   618 W CpuPowerCalculator: UID 10165 CPU freq # mismatch: Power Profile # 2 actual # 8
01-21 22:57:19.734   551   618 W CpuPowerCalculator: UID 10165 CPU freq # mismatch: Power Profile # 2 actual # 8
01-21 22:57:19.734   551   618 W CpuPowerCalculator: UID 10165 CPU freq # mismatch: Power Profile # 2 actual # 8
01-21 22:57:19.734   551   618 W CpuPowerCalculator: UID 10165 CPU freq # mismatch: Power Profile # 2 actual # 8
01-21 22:57:19.734   551   618 W CpuPowerCalculator: UID 10160 CPU cluster # mismatch: Power Profile # 2 actual # 4
01-21 22:57:19.734   551   618 W CpuPowerCalculator: UID 10160 CPU freq # mismatch: Power Profile # 2 actual # 8
01-21 22:57:19.734   551   618 W CpuPowerCalculator: UID 10160 CPU freq # mismatch: Power Profile # 2 actual # 8
01-21 22:57:19.734   551   618 W CpuPowerCalculator: UID 10160 CPU freq # mismatch: Power Profile # 2 actual # 8
01-21 22:57:19.734   551   618 W CpuPowerCalculator: UID 10160 CPU freq # mismatch: Power Profile # 2 actual # 8
01-21 22:57:19.734   551   618 W CpuPowerCalculator: UID 10158 CPU cluster # mismatch: Power Profile # 2 actual # 4
01-21 22:57:19.734   551   618 W CpuPowerCalculator: UID 10158 CPU freq # mismatch: Power Profile # 2 actual # 8
01-21 22:57:19.734   551   618 W CpuPowerCalculator: UID 10158 CPU freq # mismatch: Power Profile # 2 actual # 8
01-21 22:57:19.734   551   618 W CpuPowerCalculator: UID 10158 CPU freq # mismatch: Power Profile # 2 actual # 8
01-21 22:57:19.734   551   618 W CpuPowerCalculator: UID 10157 CPU cluster # mismatch: Power Profile # 2 actual # 4
01-21 22:57:19.734   551   618 W CpuPowerCalculator: UID 10157 CPU freq # mismatch: Power Profile # 2 actual # 8
01-21 22:57:19.734   551   618 W CpuPowerCalculator: UID 10157 CPU freq # mismatch: Power Profile # 2 actual # 8
01-21 22:57:19.734   551   618 W CpuPowerCalculator: UID 10157 CPU freq # mismatch: Power Profile # 2 actual # 8
01-21 22:57:19.734   551   618 W CpuPowerCalculator: UID 10156 CPU cluster # mismatch: Power Profile # 2 actual # 4
01-21 22:57:19.734   551   618 W CpuPowerCalculator: UID 10156 CPU freq # mismatch: Power Profile # 2 actual # 8
01-21 22:57:19.734   551   618 W CpuPowerCalculator: UID 10156 CPU freq # mismatch: Power Profile # 2 actual # 8
01-21 22:57:19.735   551   618 W CpuPowerCalculator: UID 10152 CPU cluster # mismatch: Power Profile # 2 actual # 4
01-21 22:57:19.735   551   618 W CpuPowerCalculator: UID 10152 CPU freq # mismatch: Power Profile # 2 actual # 8
01-21 22:57:19.735   551   618 W CpuPowerCalculator: UID 10152 CPU freq # mismatch: Power Profile # 2 actual # 8
01-21 22:57:19.735   551   618 W CpuPowerCalculator: UID 10152 CPU freq # mismatch: Power Profile # 2 actual # 8
01-21 22:57:19.735   551   618 W CpuPowerCalculator: UID 10151 CPU cluster # mismatch: Power Profile # 2 actual # 4
01-21 22:57:19.735   551   618 W CpuPowerCalculator: UID 10151 CPU freq # mismatch: Power Profile # 2 actual # 8
01-21 22:57:19.735   551   618 W CpuPowerCalculator: UID 10151 CPU freq # mismatch: Power Profile # 2 actual # 8
01-21 22:57:19.735   551   618 W CpuPowerCalculator: UID 10151 CPU freq # mismatch: Power Profile # 2 actual # 8
01-21 22:57:19.735   551   618 W CpuPowerCalculator: UID 10151 CPU freq # mismatch: Power Profile # 2 actual # 8
01-21 22:57:19.735   551   618 W CpuPowerCalculator: UID 10150 CPU cluster # mismatch: Power Profile # 2 actual # 4
01-21 22:57:19.735   551   618 W CpuPowerCalculator: UID 10150 CPU freq # mismatch: Power Profile # 2 actual # 8
01-21 22:57:19.735   551   618 W CpuPowerCalculator: UID 10150 CPU freq # mismatch: Power Profile # 2 actual # 8
01-21 22:57:19.735   551   618 W CpuPowerCalculator: UID 10150 CPU freq # mismatch: Power Profile # 2 actual # 8
01-21 22:57:19.735   551   618 W CpuPowerCalculator: UID 10146 CPU cluster # mismatch: Power Profile # 2 actual # 4
01-21 22:57:19.735   551   618 W CpuPowerCalculator: UID 10146 CPU freq # mismatch: Power Profile # 2 actual # 8
01-21 22:57:19.735   551   618 W CpuPowerCalculator: UID 10146 CPU freq # mismatch: Power Profile # 2 actual # 8
01-21 22:57:19.735   551   618 W CpuPowerCalculator: UID 10146 CPU freq # mismatch: Power Profile # 2 actual # 8
01-21 22:57:19.735   551   618 W CpuPowerCalculator: UID 10145 CPU cluster # mismatch: Power Profile # 2 actual # 4
01-21 22:57:19.735   551   618 W CpuPowerCalculator: UID 10145 CPU freq # mismatch: Power Profile # 2 actual # 8
01-21 22:57:19.735   551   618 W CpuPowerCalculator: UID 10145 CPU freq # mismatch: Power Profile # 2 actual # 8
01-21 22:57:19.735   551   618 W CpuPowerCalculator: UID 10145 CPU freq # mismatch: Power Profile # 2 actual # 8
01-21 22:57:19.735   551   618 W CpuPowerCalculator: UID 10144 CPU cluster # mismatch: Power Profile # 2 actual # 4
01-21 22:57:19.735   551   618 W CpuPowerCalculator: UID 10144 CPU freq # mismatch: Power Profile # 2 actual # 8
01-21 22:57:19.735   551   618 W CpuPowerCalculator: UID 10144 CPU freq # mismatch: Power Profile # 2 actual # 8
01-21 22:57:19.735   551   618 W CpuPowerCalculator: UID 10144 CPU freq # mismatch: Power Profile # 2 actual # 8
01-21 22:57:19.735   551   618 W CpuPowerCalculator: UID 10144 CPU freq # mismatch: Power Profile # 2 actual # 8
01-21 22:57:19.735   551   618 W CpuPowerCalculator: UID 10143 CPU cluster # mismatch: Power Profile # 2 actual # 4
01-21 22:57:19.735   551   618 W CpuPowerCalculator: UID 10143 CPU freq # mismatch: Power Profile # 2 actual # 8
01-21 22:57:19.738   551   618 W CpuPowerCalculator: UID 10143 CPU freq # mismatch: Power Profile # 2 actual # 8
01-21 22:57:19.738   551   618 W CpuPowerCalculator: UID 10143 CPU freq # mismatch: Power Profile # 2 actual # 8
01-21 22:57:19.738   551   618 W CpuPowerCalculator: UID 10142 CPU cluster # mismatch: Power Profile # 2 actual # 4
01-21 22:57:19.738   551   618 W CpuPowerCalculator: UID 10142 CPU freq # mismatch: Power Profile # 2 actual # 8
01-21 22:57:19.738   551   618 W CpuPowerCalculator: UID 10142 CPU freq # mismatch: Power Profile # 2 actual # 8
01-21 22:57:19.738   551   618 W CpuPowerCalculator: UID 10142 CPU freq # mismatch: Power Profile # 2 actual # 8
01-21 22:57:19.738   551   618 W CpuPowerCalculator: UID 10138 CPU cluster # mismatch: Power Profile # 2 actual # 4
01-21 22:57:19.738   551   618 W CpuPowerCalculator: UID 10138 CPU freq # mismatch: Power Profile # 2 actual # 8
01-21 22:57:19.739   551   618 W CpuPowerCalculator: UID 10138 CPU freq # mismatch: Power Profile # 2 actual # 8
01-21 22:57:19.739   551   618 W CpuPowerCalculator: UID 10138 CPU freq # mismatch: Power Profile # 2 actual # 8
01-21 22:57:19.739   551   618 W CpuPowerCalculator: UID 10138 CPU freq # mismatch: Power Profile # 2 actual # 8
01-21 22:57:19.739   551   618 W CpuPowerCalculator: UID 10134 CPU cluster # mismatch: Power Profile # 2 actual # 4
01-21 22:57:19.739   551   618 W CpuPowerCalculator: UID 10134 CPU freq # mismatch: Power Profile # 2 actual # 8
01-21 22:57:19.739   551   618 W CpuPowerCalculator: UID 10134 CPU freq # mismatch: Power Profile # 2 actual # 8
01-21 22:57:19.739   551   618 W CpuPowerCalculator: UID 10134 CPU freq # mismatch: Power Profile # 2 actual # 8
01-21 22:57:19.739   551   618 W CpuPowerCalculator: UID 10133 CPU cluster # mismatch: Power Profile # 2 actual # 4
01-21 22:57:19.739   551   618 W CpuPowerCalculator: UID 10133 CPU freq # mismatch: Power Profile # 2 actual # 8
01-21 22:57:19.739   551   618 W CpuPowerCalculator: UID 10133 CPU freq # mismatch: Power Profile # 2 actual # 8
01-21 22:57:19.739   551   618 W CpuPowerCalculator: UID 10131 CPU cluster # mismatch: Power Profile # 2 actual # 4
01-21 22:57:19.739   551   618 W CpuPowerCalculator: UID 10131 CPU freq # mismatch: Power Profile # 2 actual # 8
01-21 22:57:19.739   551   618 W CpuPowerCalculator: UID 10131 CPU freq # mismatch: Power Profile # 2 actual # 8
01-21 22:57:19.739   551   618 W CpuPowerCalculator: UID 10131 CPU freq # mismatch: Power Profile # 2 actual # 8
01-21 22:57:19.739   551   618 W CpuPowerCalculator: UID 10131 CPU freq # mismatch: Power Profile # 2 actual # 8
01-21 22:57:19.739   551   618 W CpuPowerCalculator: UID 10129 CPU cluster # mismatch: Power Profile # 2 actual # 4
01-21 22:57:19.739   551   618 W CpuPowerCalculator: UID 10129 CPU freq # mismatch: Power Profile # 2 actual # 8
01-21 22:57:19.739   551   618 W CpuPowerCalculator: UID 10129 CPU freq # mismatch: Power Profile # 2 actual # 8
01-21 22:57:19.739   551   618 W CpuPowerCalculator: UID 10129 CPU freq # mismatch: Power Profile # 2 actual # 8
01-21 22:57:19.739   551   618 W CpuPowerCalculator: UID 10129 CPU freq # mismatch: Power Profile # 2 actual # 8
01-21 22:57:19.739   551   618 W CpuPowerCalculator: UID 10127 CPU cluster # mismatch: Power Profile # 2 actual # 4
01-21 22:57:19.739   551   618 W CpuPowerCalculator: UID 10127 CPU freq # mismatch: Power Profile # 2 actual # 8
01-21 22:57:19.739   551   618 W CpuPowerCalculator: UID 10127 CPU freq # mismatch: Power Profile # 2 actual # 8
01-21 22:57:19.739   551   618 W CpuPowerCalculator: UID 10127 CPU freq # mismatch: Power Profile # 2 actual # 8
01-21 22:57:19.740   551   618 W CpuPowerCalculator: UID 10126 CPU cluster # mismatch: Power Profile # 2 actual # 4
01-21 22:57:19.749   551   618 W CpuPowerCalculator: UID 10126 CPU freq # mismatch: Power Profile # 2 actual # 8
01-21 22:57:19.750   551   618 W CpuPowerCalculator: UID 10126 CPU freq # mismatch: Power Profile # 2 actual # 8
01-21 22:57:19.750   551   618 W CpuPowerCalculator: UID 10126 CPU freq # mismatch: Power Profile # 2 actual # 8
01-21 22:57:19.750   551   618 W CpuPowerCalculator: UID 10125 CPU cluster # mismatch: Power Profile # 2 actual # 4
01-21 22:57:19.750   551   618 W CpuPowerCalculator: UID 10125 CPU freq # mismatch: Power Profile # 2 actual # 8
01-21 22:57:19.750   551   618 W CpuPowerCalculator: UID 10125 CPU freq # mismatch: Power Profile # 2 actual # 8
01-21 22:57:19.750   551   618 W CpuPowerCalculator: UID 10125 CPU freq # mismatch: Power Profile # 2 actual # 8
01-21 22:57:19.750   551   618 W CpuPowerCalculator: UID 10122 CPU cluster # mismatch: Power Profile # 2 actual # 4
01-21 22:57:19.750   551   618 W CpuPowerCalculator: UID 10122 CPU freq # mismatch: Power Profile # 2 actual # 8
01-21 22:57:19.750   551   618 W CpuPowerCalculator: UID 10122 CPU freq # mismatch: Power Profile # 2 actual # 8
01-21 22:57:19.750   551   618 W CpuPowerCalculator: UID 10122 CPU freq # mismatch: Power Profile # 2 actual # 8
01-21 22:57:19.750   551   618 W CpuPowerCalculator: UID 10120 CPU cluster # mismatch: Power Profile # 2 actual # 4
01-21 22:57:19.750   551   618 W CpuPowerCalculator: UID 10120 CPU freq # mismatch: Power Profile # 2 actual # 8
01-21 22:57:19.750   551   618 W CpuPowerCalculator: UID 10120 CPU freq # mismatch: Power Profile # 2 actual # 8
01-21 22:57:19.750   551   618 W CpuPowerCalculator: UID 10120 CPU freq # mismatch: Power Profile # 2 actual # 8
01-21 22:57:19.750   551   618 W CpuPowerCalculator: UID 10120 CPU freq # mismatch: Power Profile # 2 actual # 8
01-21 22:57:19.750   551   618 W CpuPowerCalculator: UID 10118 CPU cluster # mismatch: Power Profile # 2 actual # 4
01-21 22:57:19.750   551   618 W CpuPowerCalculator: UID 10118 CPU freq # mismatch: Power Profile # 2 actual # 8
01-21 22:57:19.750   551   618 W CpuPowerCalculator: UID 10118 CPU freq # mismatch: Power Profile # 2 actual # 8
01-21 22:57:19.750   551   618 W CpuPowerCalculator: UID 10118 CPU freq # mismatch: Power Profile # 2 actual # 8
01-21 22:57:19.750   551   618 W CpuPowerCalculator: UID 10118 CPU freq # mismatch: Power Profile # 2 actual # 8
01-21 22:57:19.750   551   618 W CpuPowerCalculator: UID 10117 CPU cluster # mismatch: Power Profile # 2 actual # 4
01-21 22:57:19.750   551   618 W CpuPowerCalculator: UID 10117 CPU freq # mismatch: Power Profile # 2 actual # 8
01-21 22:57:19.750   551   618 W CpuPowerCalculator: UID 10117 CPU freq # mismatch: Power Profile # 2 actual # 8
01-21 22:57:19.750   551   618 W CpuPowerCalculator: UID 10117 CPU freq # mismatch: Power Profile # 2 actual # 8
01-21 22:57:19.750   551   618 W CpuPowerCalculator: UID 10116 CPU cluster # mismatch: Power Profile # 2 actual # 4
01-21 22:57:19.750   551   618 W CpuPowerCalculator: UID 10116 CPU freq # mismatch: Power Profile # 2 actual # 8
01-21 22:57:19.750   551   618 W CpuPowerCalculator: UID 10116 CPU freq # mismatch: Power Profile # 2 actual # 8
01-21 22:57:19.750   551   618 W CpuPowerCalculator: UID 10116 CPU freq # mismatch: Power Profile # 2 actual # 8
01-21 22:57:19.750   551   618 W CpuPowerCalculator: UID 10115 CPU cluster # mismatch: Power Profile # 2 actual # 4
01-21 22:57:19.750   551   618 W CpuPowerCalculator: UID 10115 CPU freq # mismatch: Power Profile # 2 actual # 8
01-21 22:57:19.750   551   618 W CpuPowerCalculator: UID 10115 CPU freq # mismatch: Power Profile # 2 actual # 8
01-21 22:57:19.750   551   618 W CpuPowerCalculator: UID 10115 CPU freq # mismatch: Power Profile # 2 actual # 8
01-21 22:57:19.750   551   618 W CpuPowerCalculator: UID 10113 CPU cluster # mismatch: Power Profile # 2 actual # 4
01-21 22:57:19.751   551   618 W CpuPowerCalculator: UID 10113 CPU freq # mismatch: Power Profile # 2 actual # 8
01-21 22:57:19.751   551   618 W CpuPowerCalculator: UID 10113 CPU freq # mismatch: Power Profile # 2 actual # 8
01-21 22:57:19.751   551   618 W CpuPowerCalculator: UID 10113 CPU freq # mismatch: Power Profile # 2 actual # 8
01-21 22:57:19.751   551   618 W CpuPowerCalculator: UID 10112 CPU cluster # mismatch: Power Profile # 2 actual # 4
01-21 22:57:19.751   551   618 W CpuPowerCalculator: UID 10112 CPU freq # mismatch: Power Profile # 2 actual # 8
01-21 22:57:19.751   551   618 W CpuPowerCalculator: UID 10112 CPU freq # mismatch: Power Profile # 2 actual # 8
01-21 22:57:19.751   551   618 W CpuPowerCalculator: UID 10112 CPU freq # mismatch: Power Profile # 2 actual # 8
01-21 22:57:19.751   551   618 W CpuPowerCalculator: UID 10112 CPU freq # mismatch: Power Profile # 2 actual # 8
01-21 22:57:19.751   551   618 W CpuPowerCalculator: UID 10112 CPU freq # mismatch: Power Profile # 2 actual # 8
01-21 22:57:19.751   551   618 W CpuPowerCalculator: UID 10111 CPU cluster # mismatch: Power Profile # 2 actual # 4
01-21 22:57:19.751   551   618 W CpuPowerCalculator: UID 10111 CPU freq # mismatch: Power Profile # 2 actual # 8
01-21 22:57:19.751   551   618 W CpuPowerCalculator: UID 10111 CPU freq # mismatch: Power Profile # 2 actual # 8
01-21 22:57:19.751   551   618 W CpuPowerCalculator: UID 10111 CPU freq # mismatch: Power Profile # 2 actual # 8
01-21 22:57:19.751   551   618 W CpuPowerCalculator: UID 10111 CPU freq # mismatch: Power Profile # 2 actual # 8
01-21 22:57:19.751   551   618 W CpuPowerCalculator: UID 10110 CPU cluster # mismatch: Power Profile # 2 actual # 4
01-21 22:57:19.751   551   618 W CpuPowerCalculator: UID 10110 CPU freq # mismatch: Power Profile # 2 actual # 8
01-21 22:57:19.751   551   618 W CpuPowerCalculator: UID 10110 CPU freq # mismatch: Power Profile # 2 actual # 8
01-21 22:57:19.751   551   618 W CpuPowerCalculator: UID 10110 CPU freq # mismatch: Power Profile # 2 actual # 8
01-21 22:57:19.751   551   618 W CpuPowerCalculator: UID 10110 CPU freq # mismatch: Power Profile # 2 actual # 8
01-21 22:57:19.751   551   618 W CpuPowerCalculator: UID 10109 CPU cluster # mismatch: Power Profile # 2 actual # 4
01-21 22:57:19.751   551   618 W CpuPowerCalculator: UID 10109 CPU freq # mismatch: Power Profile # 2 actual # 8
01-21 22:57:19.751   551   618 W CpuPowerCalculator: UID 10109 CPU freq # mismatch: Power Profile # 2 actual # 8
01-21 22:57:19.751   551   618 W CpuPowerCalculator: UID 10109 CPU freq # mismatch: Power Profile # 2 actual # 8
01-21 22:57:19.751   551   618 W CpuPowerCalculator: UID 10109 CPU freq # mismatch: Power Profile # 2 actual # 8
01-21 22:57:19.751   551   618 W CpuPowerCalculator: UID 10109 CPU freq # mismatch: Power Profile # 2 actual # 8
01-21 22:57:19.751   551   618 W CpuPowerCalculator: UID 10108 CPU cluster # mismatch: Power Profile # 2 actual # 4
01-21 22:57:19.751   551   618 W CpuPowerCalculator: UID 10108 CPU freq # mismatch: Power Profile # 2 actual # 8
01-21 22:57:19.752   551   618 W CpuPowerCalculator: UID 10108 CPU freq # mismatch: Power Profile # 2 actual # 8
01-21 22:57:19.752   551   618 W CpuPowerCalculator: UID 10108 CPU freq # mismatch: Power Profile # 2 actual # 8
01-21 22:57:19.752   551   618 W CpuPowerCalculator: UID 10107 CPU cluster # mismatch: Power Profile # 2 actual # 4
01-21 22:57:19.752   551   618 W CpuPowerCalculator: UID 10107 CPU freq # mismatch: Power Profile # 2 actual # 8
01-21 22:57:19.752   551   618 W CpuPowerCalculator: UID 10107 CPU freq # mismatch: Power Profile # 2 actual # 8
01-21 22:57:19.752   551   618 W CpuPowerCalculator: UID 10107 CPU freq # mismatch: Power Profile # 2 actual # 8
01-21 22:57:19.752   551   618 W CpuPowerCalculator: UID 10107 CPU freq # mismatch: Power Profile # 2 actual # 8
01-21 22:57:19.752   551   618 W CpuPowerCalculator: UID 10106 CPU cluster # mismatch: Power Profile # 2 actual # 4
01-21 22:57:19.753   551   618 W CpuPowerCalculator: UID 10106 CPU freq # mismatch: Power Profile # 2 actual # 8
01-21 22:57:19.753   551   618 W CpuPowerCalculator: UID 10106 CPU freq # mismatch: Power Profile # 2 actual # 8
01-21 22:57:19.753   551   618 W CpuPowerCalculator: UID 10106 CPU freq # mismatch: Power Profile # 2 actual # 8
01-21 22:57:19.753   551   618 W CpuPowerCalculator: UID 10105 CPU cluster # mismatch: Power Profile # 2 actual # 4
01-21 22:57:19.753   551   618 W CpuPowerCalculator: UID 10105 CPU freq # mismatch: Power Profile # 2 actual # 8
01-21 22:57:19.753   551   618 W CpuPowerCalculator: UID 10105 CPU freq # mismatch: Power Profile # 2 actual # 8
01-21 22:57:19.753   551   618 W CpuPowerCalculator: UID 10105 CPU freq # mismatch: Power Profile # 2 actual # 8
01-21 22:57:19.753   551   618 W CpuPowerCalculator: UID 10104 CPU cluster # mismatch: Power Profile # 2 actual # 4
01-21 22:57:19.754   551   618 W CpuPowerCalculator: UID 10104 CPU freq # mismatch: Power Profile # 2 actual # 8
01-21 22:57:19.754   551   618 W CpuPowerCalculator: UID 10104 CPU freq # mismatch: Power Profile # 2 actual # 8
01-21 22:57:19.754   551   618 W CpuPowerCalculator: UID 10104 CPU freq # mismatch: Power Profile # 2 actual # 8
01-21 22:57:19.754   551   618 W CpuPowerCalculator: UID 10101 CPU cluster # mismatch: Power Profile # 2 actual # 4
01-21 22:57:19.754   551   618 W CpuPowerCalculator: UID 10101 CPU freq # mismatch: Power Profile # 2 actual # 8
01-21 22:57:19.754   551   618 W CpuPowerCalculator: UID 10101 CPU freq # mismatch: Power Profile # 2 actual # 8
01-21 22:57:19.755   551   618 W CpuPowerCalculator: UID 10101 CPU freq # mismatch: Power Profile # 2 actual # 8
01-21 22:57:19.755   551   618 W CpuPowerCalculator: UID 10100 CPU cluster # mismatch: Power Profile # 2 actual # 4
01-21 22:57:19.755   551   618 W CpuPowerCalculator: UID 10100 CPU freq # mismatch: Power Profile # 2 actual # 8
01-21 22:57:19.755   551   618 W CpuPowerCalculator: UID 10100 CPU freq # mismatch: Power Profile # 2 actual # 8
01-21 22:57:19.755   551   618 W CpuPowerCalculator: UID 10100 CPU freq # mismatch: Power Profile # 2 actual # 8
01-21 22:57:19.755   551   618 W CpuPowerCalculator: UID 10100 CPU freq # mismatch: Power Profile # 2 actual # 8
01-21 22:57:19.755   551   618 W CpuPowerCalculator: UID 10095 CPU cluster # mismatch: Power Profile # 2 actual # 4
01-21 22:57:19.755   551   618 W CpuPowerCalculator: UID 10095 CPU freq # mismatch: Power Profile # 2 actual # 8
01-21 22:57:19.755   551   618 W CpuPowerCalculator: UID 10095 CPU freq # mismatch: Power Profile # 2 actual # 8
01-21 22:57:19.755   551   618 W CpuPowerCalculator: UID 10095 CPU freq # mismatch: Power Profile # 2 actual # 8
01-21 22:57:19.755   551   618 W CpuPowerCalculator: UID 10079 CPU cluster # mismatch: Power Profile # 2 actual # 4
01-21 22:57:19.755   551   618 W CpuPowerCalculator: UID 10079 CPU freq # mismatch: Power Profile # 2 actual # 8
01-21 22:57:19.755   551   618 W CpuPowerCalculator: UID 10079 CPU freq # mismatch: Power Profile # 2 actual # 8
01-21 22:57:19.755   551   618 W CpuPowerCalculator: UID 10079 CPU freq # mismatch: Power Profile # 2 actual # 8
01-21 22:57:19.755   551   618 W CpuPowerCalculator: UID 10077 CPU cluster # mismatch: Power Profile # 2 actual # 4
01-21 22:57:19.755   551   618 W CpuPowerCalculator: UID 10077 CPU freq # mismatch: Power Profile # 2 actual # 8
01-21 22:57:19.755   551   618 W CpuPowerCalculator: UID 10077 CPU freq # mismatch: Power Profile # 2 actual # 8
01-21 22:57:19.755   551   618 W CpuPowerCalculator: UID 10077 CPU freq # mismatch: Power Profile # 2 actual # 8
01-21 22:57:19.755   551   618 W CpuPowerCalculator: UID 10077 CPU freq # mismatch: Power Profile # 2 actual # 8
01-21 22:57:19.755   551   618 W CpuPowerCalculator: UID 10075 CPU cluster # mismatch: Power Profile # 2 actual # 4
01-21 22:57:19.756   551   618 W CpuPowerCalculator: UID 10075 CPU freq # mismatch: Power Profile # 2 actual # 8
01-21 22:57:19.756   551   618 W CpuPowerCalculator: UID 10075 CPU freq # mismatch: Power Profile # 2 actual # 8
01-21 22:57:19.756   551   618 W CpuPowerCalculator: UID 10075 CPU freq # mismatch: Power Profile # 2 actual # 8
01-21 22:57:19.756   551   618 W CpuPowerCalculator: UID 10074 CPU cluster # mismatch: Power Profile # 2 actual # 4
01-21 22:57:19.756   551   618 W CpuPowerCalculator: UID 10074 CPU freq # mismatch: Power Profile # 2 actual # 8
01-21 22:57:19.756   551   618 W CpuPowerCalculator: UID 10074 CPU freq # mismatch: Power Profile # 2 actual # 8
01-21 22:57:19.756   551   618 W CpuPowerCalculator: UID 10074 CPU freq # mismatch: Power Profile # 2 actual # 8
01-21 22:57:19.756   551   618 W CpuPowerCalculator: UID 10074 CPU freq # mismatch: Power Profile # 2 actual # 8
01-21 22:57:19.756   551   618 W CpuPowerCalculator: UID 10074 CPU freq # mismatch: Power Profile # 2 actual # 8
01-21 22:57:19.756   551   618 W CpuPowerCalculator: UID 10073 CPU cluster # mismatch: Power Profile # 2 actual # 4
01-21 22:57:19.756   551   618 W CpuPowerCalculator: UID 10073 CPU freq # mismatch: Power Profile # 2 actual # 8
01-21 22:57:19.756   551   618 W CpuPowerCalculator: UID 10073 CPU freq # mismatch: Power Profile # 2 actual # 8
01-21 22:57:19.756   551   618 W CpuPowerCalculator: UID 10073 CPU freq # mismatch: Power Profile # 2 actual # 8
01-21 22:57:19.756   551   618 W CpuPowerCalculator: UID 10071 CPU cluster # mismatch: Power Profile # 2 actual # 4
01-21 22:57:19.756   551   618 W CpuPowerCalculator: UID 10071 CPU freq # mismatch: Power Profile # 2 actual # 8
01-21 22:57:19.756   551   618 W CpuPowerCalculator: UID 10071 CPU freq # mismatch: Power Profile # 2 actual # 8
01-21 22:57:19.756   551   618 W CpuPowerCalculator: UID 10071 CPU freq # mismatch: Power Profile # 2 actual # 8
01-21 22:57:19.756   551   618 W CpuPowerCalculator: UID 10070 CPU cluster # mismatch: Power Profile # 2 actual # 4
01-21 22:57:19.756   551   618 W CpuPowerCalculator: UID 10070 CPU freq # mismatch: Power Profile # 2 actual # 8
01-21 22:57:19.757   551   618 W CpuPowerCalculator: UID 10070 CPU freq # mismatch: Power Profile # 2 actual # 8
01-21 22:57:19.757   551   618 W CpuPowerCalculator: UID 10070 CPU freq # mismatch: Power Profile # 2 actual # 8
01-21 22:57:19.757   551   618 W CpuPowerCalculator: UID 10070 CPU freq # mismatch: Power Profile # 2 actual # 8
01-21 22:57:19.757   551   618 W CpuPowerCalculator: UID 9999 CPU cluster # mismatch: Power Profile # 2 actual # 4
01-21 22:57:19.757   551   618 W CpuPowerCalculator: UID 9999 CPU freq # mismatch: Power Profile # 2 actual # 8
01-21 22:57:19.757   551   618 W CpuPowerCalculator: UID 2000 CPU cluster # mismatch: Power Profile # 2 actual # 4
01-21 22:57:19.757   551   618 W CpuPowerCalculator: UID 2000 CPU freq # mismatch: Power Profile # 2 actual # 8
01-21 22:57:19.757   551   618 W CpuPowerCalculator: UID 2000 CPU freq # mismatch: Power Profile # 2 actual # 8
01-21 22:57:19.757   551   618 W CpuPowerCalculator: UID 2000 CPU freq # mismatch: Power Profile # 2 actual # 8
01-21 22:57:19.757   551   618 W CpuPowerCalculator: UID 1092 CPU cluster # mismatch: Power Profile # 2 actual # 4
01-21 22:57:19.757   551   618 W CpuPowerCalculator: UID 1092 CPU freq # mismatch: Power Profile # 2 actual # 8
01-21 22:57:19.757   551   618 W CpuPowerCalculator: UID 1073 CPU cluster # mismatch: Power Profile # 2 actual # 4
01-21 22:57:19.757   551   618 W CpuPowerCalculator: UID 1073 CPU freq # mismatch: Power Profile # 2 actual # 8
01-21 22:57:19.757   551   618 W CpuPowerCalculator: UID 1073 CPU freq # mismatch: Power Profile # 2 actual # 8
01-21 22:57:19.757   551   618 W CpuPowerCalculator: UID 1073 CPU freq # mismatch: Power Profile # 2 actual # 8
01-21 22:57:19.757   551   618 W CpuPowerCalculator: UID 1072 CPU cluster # mismatch: Power Profile # 2 actual # 4
01-21 22:57:19.757   551   618 W CpuPowerCalculator: UID 1072 CPU freq # mismatch: Power Profile # 2 actual # 8
01-21 22:57:19.757   551   618 W CpuPowerCalculator: UID 1069 CPU cluster # mismatch: Power Profile # 2 actual # 4
01-21 22:57:19.757   551   618 W CpuPowerCalculator: UID 1069 CPU freq # mismatch: Power Profile # 2 actual # 8
01-21 22:57:19.757   551   618 W CpuPowerCalculator: UID 1068 CPU cluster # mismatch: Power Profile # 2 actual # 4
01-21 22:57:19.757   551   618 W CpuPowerCalculator: UID 1068 CPU freq # mismatch: Power Profile # 2 actual # 8
01-21 22:57:19.757   551   618 W CpuPowerCalculator: UID 1068 CPU freq # mismatch: Power Profile # 2 actual # 8
01-21 22:57:19.757   551   618 W CpuPowerCalculator: UID 1068 CPU freq # mismatch: Power Profile # 2 actual # 8
01-21 22:57:19.757   551   618 W CpuPowerCalculator: UID 1067 CPU cluster # mismatch: Power Profile # 2 actual # 4
01-21 22:57:19.757   551   618 W CpuPowerCalculator: UID 1067 CPU freq # mismatch: Power Profile # 2 actual # 8
01-21 22:57:19.757   551   618 W CpuPowerCalculator: UID 1066 CPU cluster # mismatch: Power Profile # 2 actual # 4
01-21 22:57:19.757   551   618 W CpuPowerCalculator: UID 1066 CPU freq # mismatch: Power Profile # 2 actual # 8
01-21 22:57:19.757   551   618 W CpuPowerCalculator: UID 1058 CPU cluster # mismatch: Power Profile # 2 actual # 4
01-21 22:57:19.757   551   618 W CpuPowerCalculator: UID 1058 CPU freq # mismatch: Power Profile # 2 actual # 8
01-21 22:57:19.757   551   618 W CpuPowerCalculator: UID 1053 CPU cluster # mismatch: Power Profile # 2 actual # 4
01-21 22:57:19.757   551   618 W CpuPowerCalculator: UID 1053 CPU freq # mismatch: Power Profile # 2 actual # 8
01-21 22:57:19.757   551   618 W CpuPowerCalculator: UID 1047 CPU cluster # mismatch: Power Profile # 2 actual # 4
01-21 22:57:19.757   551   618 W CpuPowerCalculator: UID 1047 CPU freq # mismatch: Power Profile # 2 actual # 8
01-21 22:57:19.757   551   618 W CpuPowerCalculator: UID 1046 CPU cluster # mismatch: Power Profile # 2 actual # 4
01-21 22:57:19.757   551   618 W CpuPowerCalculator: UID 1046 CPU freq # mismatch: Power Profile # 2 actual # 8
01-21 22:57:19.757   551   618 W CpuPowerCalculator: UID 1041 CPU cluster # mismatch: Power Profile # 2 actual # 4
01-21 22:57:19.757   551   618 W CpuPowerCalculator: UID 1041 CPU freq # mismatch: Power Profile # 2 actual # 8
01-21 22:57:19.757   551   618 W CpuPowerCalculator: UID 1040 CPU cluster # mismatch: Power Profile # 2 actual # 4
01-21 22:57:19.757   551   618 W CpuPowerCalculator: UID 1040 CPU freq # mismatch: Power Profile # 2 actual # 8
01-21 22:57:19.757   551   618 W CpuPowerCalculator: UID 1036 CPU cluster # mismatch: Power Profile # 2 actual # 4
01-21 22:57:19.757   551   618 W CpuPowerCalculator: UID 1036 CPU freq # mismatch: Power Profile # 2 actual # 8
01-21 22:57:19.757   551   618 W CpuPowerCalculator: UID 1021 CPU cluster # mismatch: Power Profile # 2 actual # 4
01-21 22:57:19.758   551   618 W CpuPowerCalculator: UID 1021 CPU freq # mismatch: Power Profile # 2 actual # 8
01-21 22:57:19.758   551   618 W CpuPowerCalculator: UID 1020 CPU cluster # mismatch: Power Profile # 2 actual # 4
01-21 22:57:19.758   551   618 W CpuPowerCalculator: UID 1020 CPU freq # mismatch: Power Profile # 2 actual # 8
01-21 22:57:19.758   551   618 W CpuPowerCalculator: UID 1019 CPU cluster # mismatch: Power Profile # 2 actual # 4
01-21 22:57:19.758   551   618 W CpuPowerCalculator: UID 1019 CPU freq # mismatch: Power Profile # 2 actual # 8
01-21 22:57:19.758   551   618 W CpuPowerCalculator: UID 1017 CPU cluster # mismatch: Power Profile # 2 actual # 4
01-21 22:57:19.758   551   618 W CpuPowerCalculator: UID 1017 CPU freq # mismatch: Power Profile # 2 actual # 8
01-21 22:57:19.758   551   618 W CpuPowerCalculator: UID 1013 CPU cluster # mismatch: Power Profile # 2 actual # 4
01-21 22:57:19.758   551   618 W CpuPowerCalculator: UID 1013 CPU freq # mismatch: Power Profile # 2 actual # 8
01-21 22:57:19.758   551   618 W CpuPowerCalculator: UID 1010 CPU cluster # mismatch: Power Profile # 2 actual # 4
01-21 22:57:19.758   551   618 W CpuPowerCalculator: UID 1010 CPU freq # mismatch: Power Profile # 2 actual # 8
01-21 22:57:19.758   551   618 W CpuPowerCalculator: UID 1003 CPU cluster # mismatch: Power Profile # 2 actual # 4
01-21 22:57:19.758   551   618 W CpuPowerCalculator: UID 1003 CPU freq # mismatch: Power Profile # 2 actual # 8
01-21 22:57:19.758   551   618 W CpuPowerCalculator: UID 1002 CPU cluster # mismatch: Power Profile # 2 actual # 4
01-21 22:57:19.758   551   618 W CpuPowerCalculator: UID 1002 CPU freq # mismatch: Power Profile # 2 actual # 8
01-21 22:57:19.758   551   618 W CpuPowerCalculator: UID 1002 CPU freq # mismatch: Power Profile # 2 actual # 8
01-21 22:57:19.758   551   618 W CpuPowerCalculator: UID 1002 CPU freq # mismatch: Power Profile # 2 actual # 8
01-21 22:57:19.758   551   618 W CpuPowerCalculator: UID 1002 CPU freq # mismatch: Power Profile # 2 actual # 8
01-21 22:57:19.758   551   618 W CpuPowerCalculator: UID 1001 CPU cluster # mismatch: Power Profile # 2 actual # 4
01-21 22:57:19.758   551   618 W CpuPowerCalculator: UID 1001 CPU freq # mismatch: Power Profile # 2 actual # 8
01-21 22:57:19.758   551   618 W CpuPowerCalculator: UID 1001 CPU freq # mismatch: Power Profile # 2 actual # 8
01-21 22:57:19.758   551   618 W CpuPowerCalculator: UID 1001 CPU freq # mismatch: Power Profile # 2 actual # 8
01-21 22:57:19.758   551   618 W CpuPowerCalculator: UID 1000 CPU cluster # mismatch: Power Profile # 2 actual # 4
01-21 22:57:19.758   551   618 W CpuPowerCalculator: UID 1000 CPU freq # mismatch: Power Profile # 2 actual # 8
01-21 22:57:19.758   551   618 W CpuPowerCalculator: UID 1000 CPU freq # mismatch: Power Profile # 2 actual # 8
01-21 22:57:19.758   551   618 W CpuPowerCalculator: UID 1000 CPU freq # mismatch: Power Profile # 2 actual # 8
01-21 22:57:19.758   551   618 W CpuPowerCalculator: UID 0 CPU cluster # mismatch: Power Profile # 2 actual # 4
01-21 22:57:19.758   551   618 W CpuPowerCalculator: UID 0 CPU freq # mismatch: Power Profile # 2 actual # 8
01-21 22:57:25.058   551   551 W Looper  : Slow delivery took 245ms main h=android.os.Handler c=com.android.internal.os.BinderCallsStats$1@962fc2d m=0
01-21 22:57:30.061   551   551 W Looper  : Drained
01-21 22:57:41.202   551   699 D ActivityManager: freezing 1730 android.process.acore
01-21 22:57:41.244   551   699 D ActivityManager: freezing 4461 com.google.android.gms.ui
01-21 22:57:41.248   551   699 D ActivityManager: freezing 4678 com.android.remoteprovisioner
01-21 22:57:41.249   551   699 D ActivityManager: freezing 3393 com.google.android.gms.unstable
01-21 22:57:41.250   551   699 D ActivityManager: freezing 2101 com.google.process.gapps
01-21 22:57:41.252   551   699 D ActivityManager: freezing 4748 com.google.android.partnersetup
01-21 22:57:41.282   551   699 D ActivityManager: freezing 4937 com.google.android.projection.gearhead:shared
01-21 22:57:41.286   551   699 D ActivityManager: freezing 4938 com.google.android.dialer
01-21 22:57:41.287   551   699 D ActivityManager: freezing 1616 com.google.android.apps.photos
01-21 22:57:41.290   551   699 D ActivityManager: freezing 4040 com.google.android.configupdater
01-21 22:57:41.291   551   699 D ActivityManager: freezing 2459 com.google.android.permissioncontroller
01-21 22:57:41.317   551   699 D ActivityManager: freezing 5056 com.google.android.apps.wellbeing
01-21 22:57:41.355  1538  2128 I ogle.android.as: oneway function results for code 2 on binder at 0xb400006f98be9aa0 will be dropped but finished with status UNKNOWN_TRANSACTION
01-21 22:57:42.717   551   699 D ActivityManager: freezing 5037 com.android.keychain
01-21 22:57:46.407  2830  2840 W .android.as.oss: Reducing the number of considered missed Gc histogram windows from 182 to 100
01-21 22:57:54.480  2314  2314 I abb     : StartCommandInProcess(73657474696e67730067657400676c6f settings.get.glo [truncated])
01-21 22:57:54.488   551   551 W binder:551_17: type=1400 audit(0.0:44): avc: denied { getopt } for scontext=u:r:system_server:s0 tcontext=u:r:shell:s0 tclass=unix_stream_socket permissive=0
01-21 22:57:54.488   551   551 W binder:551_17: type=1400 audit(0.0:45): avc: denied { getopt } for scontext=u:r:system_server:s0 tcontext=u:r:shell:s0 tclass=unix_stream_socket permissive=0
01-21 22:57:54.488   551   551 W binder:551_17: type=1400 audit(0.0:46): avc: denied { getopt } for scontext=u:r:system_server:s0 tcontext=u:r:shell:s0 tclass=unix_stream_socket permissive=0
01-21 22:57:54.508  2314  2314 I abb     : StartCommandInProcess(7061636b61676500696e7374616c6c00 package.install. [truncated])
01-21 22:57:55.840   551   551 W binder:551_17: type=1400 audit(0.0:47): avc: denied { getopt } for scontext=u:r:system_server:s0 tcontext=u:r:shell:s0 tclass=unix_stream_socket permissive=0
01-21 22:57:56.033   551   637 I PackageManager: Integrity check passed for file:///data/app/vmdl1248836509.tmp
01-21 22:57:56.061   551   606 I ActivityManager: Force stopping com.xamarin.android.helloworld appid=10176 user=-1: installPackageLI
01-21 22:57:56.067   318   318 E android.hardware.power.stats@1.0-service-mock: Failed to getEnergyData
01-21 22:57:56.073   551   637 I PackageManager: Update package com.xamarin.android.helloworld code path from /data/app/~~s__UGu3z7UpQF60eUdrA1Q==/com.xamarin.android.helloworld-9ASKHy_GHjd9malbU1i6Zw== to /data/app/~~tk5HQebqB3miOZ_CThKtog==/com.xamarin.android.helloworld-xm5xS6Wh0YbTjYmxyffhzw==; Retain data and using new
01-21 22:57:56.073   551   637 I AppsFilter: interaction: PackageSetting{18a492c com.companyname.testminandroidapilevel/10174} -> PackageSetting{4541686 com.xamarin.android.helloworld/10176} BLOCKED
01-21 22:57:56.073   551   637 I AppsFilter: interaction: PackageSetting{18a492c com.companyname.testminandroidapilevel/10174} -> PackageSetting{b70918a com.xamarin.android.helloworld/10176} BLOCKED
01-21 22:57:56.148  3514  3514 I logd    : start watching /data/system/packages.list ...
01-21 22:57:56.149  3514  3514 I logd    : ReadPackageList, total packages: 183
01-21 22:57:56.116   551   637 D PackageManager: Instant App installer not found with android.intent.action.INSTALL_INSTANT_APP_PACKAGE
01-21 22:57:56.116   551   637 D PackageManager: Clear ephemeral installer activity
01-21 22:57:56.143   551   637 W ziparchive: Unable to open '/data/app/~~tk5HQebqB3miOZ_CThKtog==/com.xamarin.android.helloworld-xm5xS6Wh0YbTjYmxyffhzw==/base.dm': No such file or directory
01-21 22:57:56.143   551   637 I PackageDexOptimizer: Running dexopt (dexoptNeeded=1) on: /data/app/~~tk5HQebqB3miOZ_CThKtog==/com.xamarin.android.helloworld-xm5xS6Wh0YbTjYmxyffhzw==/base.apk pkg=com.xamarin.android.helloworld isa=arm64 dexoptFlags=boot_complete,profile_guided,public,enable_hidden_api_checks targetFilter=speed-profile oatDir=/data/app/~~tk5HQebqB3miOZ_CThKtog==/com.xamarin.android.helloworld-xm5xS6Wh0YbTjYmxyffhzw==/oat classLoaderContext=PCL[]{}
01-21 22:57:56.146   388   388 V installd: DexInv: --- BEGIN '/data/app/~~tk5HQebqB3miOZ_CThKtog==/com.xamarin.android.helloworld-xm5xS6Wh0YbTjYmxyffhzw==/base.apk' ---
