--------- beginning of system
01-22 00:37:40.237   551  2309 I ActivityTaskManager: START u0 {flg=0x10000000 cmp=com.xamarin.android.helloworld/example.MainActivity} from uid 2000
01-22 00:37:40.238   551  2309 D CompatibilityChangeReporter: Compat change id reported: 265464455; UID 10177; state: DISABLED
01-22 00:37:40.238   551  2309 D CompatibilityChangeReporter: Compat change id reported: 265452344; UID 10177; state: DISABLED
01-22 00:37:40.238   551  2309 D CompatibilityChangeReporter: Compat change id reported: 266124927; UID 10177; state: DISABLED
01-22 00:37:40.238   551  2309 D CompatibilityChangeReporter: Compat change id reported: 265451093; UID 10177; state: DISABLED
01-22 00:37:40.238   551  2309 D CompatibilityChangeReporter: Compat change id reported: 265456536; UID 10177; state: DISABLED
01-22 00:37:40.238   551  2309 D CompatibilityChangeReporter: Compat change id reported: 255940284; UID 10177; state: DISABLED
01-22 00:37:40.238   551  2309 D CompatibilityChangeReporter: Compat change id reported: 236283604; UID 10177; state: DISABLED
01-22 00:37:40.238   551  2309 D CompatibilityChangeReporter: Compat change id reported: 263959004; UID 10177; state: DISABLED
01-22 00:37:40.238   551  2309 D CompatibilityChangeReporter: Compat change id reported: 264304459; UID 10177; state: DISABLED
01-22 00:37:40.238   551  2309 D CompatibilityChangeReporter: Compat change id reported: 264301586; UID 10177; state: DISABLED
01-22 00:37:40.238   551  2309 D CompatibilityChangeReporter: Compat change id reported: 254631730; UID 10177; state: DISABLED
01-22 00:37:40.238   551  2309 D CompatibilityChangeReporter: Compat change id reported: 273509367; UID 10177; state: DISABLED
01-22 00:37:40.238   551  2309 D CompatibilityChangeReporter: Compat change id reported: 263259275; UID 10177; state: DISABLED
01-22 00:37:40.241   551  2309 D CompatibilityChangeReporter: Compat change id reported: 194480991; UID 10177; state: ENABLED
01-22 00:37:40.241   551  2309 D CompatibilityChangeReporter: Compat change id reported: 174042980; UID 10177; state: DISABLED
01-22 00:37:40.250   551  2309 D CompatibilityChangeReporter: Compat change id reported: 184838306; UID 10177; state: DISABLED
01-22 00:37:40.251   551  2309 D CompatibilityChangeReporter: Compat change id reported: 185004937; UID 10177; state: DISABLED
01-22 00:37:40.251   551  2309 D CompatibilityChangeReporter: Compat change id reported: 181136395; UID 10177; state: DISABLED
01-22 00:37:40.251   551  2309 D CompatibilityChangeReporter: Compat change id reported: 174042936; UID 10177; state: DISABLED
01-22 00:37:40.254   551  2309 D CompatibilityChangeReporter: Compat change id reported: 197654537; UID 10177; state: ENABLED
01-22 00:37:40.258   551  2309 D CompatibilityChangeReporter: Compat change id reported: 205907456; UID 10177; state: ENABLED
01-22 00:37:40.282   551   596 D CompatibilityChangeReporter: Compat change id reported: 135634846; UID 10177; state: DISABLED
01-22 00:37:40.282   551   596 D CompatibilityChangeReporter: Compat change id reported: 177438394; UID 10177; state: DISABLED
01-22 00:37:40.282   551   596 D CompatibilityChangeReporter: Compat change id reported: 135772972; UID 10177; state: DISABLED
01-22 00:37:40.282   551   596 D CompatibilityChangeReporter: Compat change id reported: 135754954; UID 10177; state: ENABLED
01-22 00:37:40.286   551   607 D CompatibilityChangeReporter: Compat change id reported: 143937733; UID 10177; state: ENABLED
--------- beginning of main
01-22 00:37:40.297   833  1105 W Parcel  : Expecting binder but got null!
01-22 00:37:40.320   833  1089 D SplashScreenView: Build android.window.SplashScreenView{53aa76e V.E...... ......ID 0,0-0,0}
01-22 00:37:40.320   833  1089 D SplashScreenView: Icon: view: android.widget.ImageView{610fe0f V.ED..... ......I. 0,0-0,0 #10204dd android:id/splashscreen_icon_view} drawable: com.android.wm.shell.startingsurface.SplashscreenIconDrawableFactory$ImmobileIconDrawable@13eee9c size: 440
01-22 00:37:40.320   833  1089 D SplashScreenView: Branding: view: android.view.View{d2750a5 G.ED..... ......I. 0,0-0,0 #10204dc android:id/splashscreen_branding_view} drawable: null size w: 0 h: 0
01-22 00:37:40.328   294   294 D Zygote  : Forked child process 7215
01-22 00:37:40.328   551   607 I ActivityManager: Start proc 7215:com.xamarin.android.helloworld/u0a177 for next-top-activity {com.xamarin.android.helloworld/example.MainActivity}
01-22 00:37:40.329   551   825 D CoreBackPreview: Window{7cc61a8 u0 Splash Screen com.xamarin.android.helloworld}: Setting back callback OnBackInvokedCallbackInfo{mCallback=android.window.IOnBackInvokedCallback$Stub$Proxy@14493a7, mPriority=0}
01-22 00:37:40.353  1201  1201 D MainContentCaptureSession: Flushing 1 event(s) for act:com.google.android.apps.nexuslauncher/.NexusLauncherActivity [state=2 (ACTIVE), disabled=false], reason=FULL
01-22 00:37:40.357  7215  7215 I roid.helloworld: Using CollectorTypeCC GC.
01-22 00:37:40.388   337   337 I BpBinder: onLastStrongRef automatically unlinking death recipients: <uncached descriptor>
01-22 00:37:40.388   833  1105 E OpenGLRenderer: Unable to match the desired swap behavior.
01-22 00:37:40.410   365   430 I adbd    : jdwp connection from 7215
01-22 00:37:40.428   551  1731 W Binder  : Caught a RuntimeException from the binder stub implementation.
01-22 00:37:40.428   551  1731 W Binder  : java.lang.ArrayIndexOutOfBoundsException: Array index out of range: 0
01-22 00:37:40.428   551  1731 W Binder  : 	at android.util.ArraySet.valueAt(ArraySet.java:422)
01-22 00:37:40.428   551  1731 W Binder  : 	at com.android.server.contentcapture.ContentCapturePerUserService$ContentCaptureServiceRemoteCallback.updateContentCaptureOptions(ContentCapturePerUserService.java:733)
01-22 00:37:40.428   551  1731 W Binder  : 	at com.android.server.contentcapture.ContentCapturePerUserService$ContentCaptureServiceRemoteCallback.setContentCaptureWhitelist(ContentCapturePerUserService.java:646)
01-22 00:37:40.428   551  1731 W Binder  : 	at android.service.contentcapture.IContentCaptureServiceCallback$Stub.onTransact(IContentCaptureServiceCallback.java:115)
01-22 00:37:40.428   551  1731 W Binder  : 	at android.os.Binder.execTransactInternal(Binder.java:1285)
01-22 00:37:40.428   551  1731 W Binder  : 	at android.os.Binder.execTransact(Binder.java:1244)
01-22 00:37:40.480   551   605 D IntervalStats: Unable to parse usage stats packages: [196]
01-22 00:37:40.485  7215  7215 D CompatibilityChangeReporter: Compat change id reported: 171979766; UID 10177; state: ENABLED
01-22 00:37:40.489  1201  1613 D EGL_emulation: app_time_stats: avg=2810.69ms min=414.37ms max=5207.00ms count=2
01-22 00:37:40.494  7215  7215 W ziparchive: Unable to open '/data/app/~~54l-zw3UhWhMQ8f4ImXGMQ==/com.xamarin.android.helloworld-KpPlAga-D8RqGyfVVjBnUA==/split_config.arm64_v8a.dm': No such file or directory
01-22 00:37:40.495  7215  7215 W ziparchive: Unable to open '/data/app/~~54l-zw3UhWhMQ8f4ImXGMQ==/com.xamarin.android.helloworld-KpPlAga-D8RqGyfVVjBnUA==/split_config.arm64_v8a.dm': No such file or directory
01-22 00:37:40.495  7215  7215 W roid.helloworld: Entry not found
01-22 00:37:40.497  7215  7215 D nativeloader: Configuring classloader-namespace for other apk /data/app/~~54l-zw3UhWhMQ8f4ImXGMQ==/com.xamarin.android.helloworld-KpPlAga-D8RqGyfVVjBnUA==/base.apk:/data/app/~~54l-zw3UhWhMQ8f4ImXGMQ==/com.xamarin.android.helloworld-KpPlAga-D8RqGyfVVjBnUA==/split_config.arm64_v8a.apk. target_sdk_version=36, uses_libraries=, library_path=/data/app/~~54l-zw3UhWhMQ8f4ImXGMQ==/com.xamarin.android.helloworld-KpPlAga-D8RqGyfVVjBnUA==/lib/arm64:/data/app/~~54l-zw3UhWhMQ8f4ImXGMQ==/com.xamarin.android.helloworld-KpPlAga-D8RqGyfVVjBnUA==/base.apk!/lib/arm64-v8a:/data/app/~~54l-zw3UhWhMQ8f4ImXGMQ==/com.xamarin.android.helloworld-KpPlAga-D8RqGyfVVjBnUA==/split_config.arm64_v8a.apk!/lib/arm64-v8a, permitted_path=/data:/mnt/expand:/data/user/0/com.xamarin.android.helloworld
01-22 00:37:40.498  7215  7215 W roid.helloworld: JIT profile information will not be recorded: profile file does not exist.
01-22 00:37:40.540  7215  7215 V GraphicsEnvironment: ANGLE Developer option for 'com.xamarin.android.helloworld' set to: 'default'
01-22 00:37:40.540  7215  7215 V GraphicsEnvironment: ANGLE GameManagerService for com.xamarin.android.helloworld: false
01-22 00:37:40.540  7215  7215 V GraphicsEnvironment: Neither updatable production driver nor prerelease driver is supported.
01-22 00:37:40.550  7215  7215 D NetworkSecurityConfig: No Network Security Config specified, using platform default
01-22 00:37:40.566  7215  7215 D NetworkSecurityConfig: No Network Security Config specified, using platform default
01-22 00:37:40.577   551  1731 D CompatibilityChangeReporter: Compat change id reported: 161145287; UID 10177; state: DISABLED
01-22 00:37:40.609   551  1731 W ActivityTaskManager: takeTaskSnapshot: taskId=13 not found or not visible
01-22 00:37:40.664   337   432 W TransactionTracing: Could not find layer handle 0xb4000073622eaa50
01-22 00:37:40.821   337   432 W TransactionTracing: Could not find layer handle 0xb4000073622eb770
01-22 00:37:40.821   337   432 W TransactionTracing: Could not find layer handle 0xb4000073622eb770
01-22 00:37:40.821   337   432 W TransactionTracing: Could not find layer handle 0xb4000073622ebe90
01-22 00:37:40.821   337   432 W TransactionTracing: Could not find layer handle 0xb4000073622eb770
01-22 00:37:40.821   337   432 W TransactionTracing: Could not find layer handle 0xb4000073622e88f0
01-22 00:37:40.821   337   432 W TransactionTracing: Could not find layer handle 0xb4000073622e88f0
01-22 00:37:40.821   337   432 W TransactionTracing: Could not find layer handle 0xb4000073622ebe90
01-22 00:37:40.943   833  1105 D EGL_emulation: app_time_stats: avg=28645.85ms min=3.27ms max=429281.56ms count=15
01-22 00:37:41.375  7215  7215 D DOTNET  : AndroidCryptoNative_InitLibraryOnLoad: jint AndroidCryptoNative_InitLibraryOnLoad(JavaVM *, void *) in /__w/1/s/src/runtime/src/native/libs/System.Security.Cryptography.Native.Android/pal_jni.c
01-22 00:37:41.376  7215  7215 D DOTNET  : GetOptionalClassGRef: optional class com/android/org/conscrypt/OpenSSLEngineImpl was not found
01-22 00:37:41.389  7010  7010 I ProvidersCache: Updating roots due to change on user 0at content://com.google.android.apps.docs.storage/root
01-22 00:37:41.497  7010  7241 I ProvidersCache: Provider returned no roots. Possibly naughty: com.google.android.apps.docs.storage
01-22 00:37:41.616  7215  7215 I monodroid: JNIEnvInit: IsCoreClrRuntime=True, IsMonoRuntime=False
01-22 00:37:41.629  7215  7215 I monodroid-typemap: TypeMapAttributeTypeMap: Initializing...
01-22 00:37:41.718  7215  7215 I monodroid-typemap: TypeMapAttributeTypeMap: Initialized external and invoker type mappings
01-22 00:37:41.754  7215  7215 I monodroid: JNIEnvInit: Set getFunctionPointerFn to 0x6eb8502988
01-22 00:37:41.802  7215  7247 D libEGL  : loaded /vendor/lib64/egl/libEGL_emulation.so
01-22 00:37:41.805  7215  7247 D libEGL  : loaded /vendor/lib64/egl/libGLESv1_CM_emulation.so
01-22 00:37:41.811  7215  7247 D libEGL  : loaded /vendor/lib64/egl/libGLESv2_emulation.so
01-22 00:37:41.865  7215  7215 I monodroid-typemap: TryGetJniNameForType: HelloWorld.MainActivity -> 'example/MainActivity' (from [Register])
01-22 00:37:41.865  7215  7215 I monodroid: RegisterNativeMembers: type=HelloWorld.MainActivity, methods=n_onCreate:(Landroid/os/Bundle;)V:GetOnCreate_Landroid_os_Bundle_Handler
01-22 00:37:41.866  7215  7215 I monodroid: n_onResume:()V:GetOnResumeHandler
01-22 00:37:41.866  7215  7215 I monodroid: 
01-22 00:37:41.867  7215  7215 I monodroid-typemap: TryGetJniNameForType: Java.Interop.TypeManager+JavaTypeManager -> 'mono/android/TypeManager' (from [Register])
01-22 00:37:41.867  7215  7215 I monodroid: RegisterNativeMembers: type=Java.Interop.TypeManager+JavaTypeManager, methods=n_activate:(Ljava/lang/String;Ljava/lang/String;Ljava/lang/Object;[Ljava/lang/Object;)V:GetActivateHandler
01-22 00:37:41.867  7215  7215 I monodroid: 
01-22 00:37:41.899  7215  7215 E roid.helloworld: No implementation found for void mono.android.TypeManager.n_activate(java.lang.String, java.lang.String, java.lang.Object, java.lang.Object[]) (tried Java_mono_android_TypeManager_n_1activate and Java_mono_android_TypeManager_n_1activate__Ljava_lang_String_2Ljava_lang_String_2Ljava_lang_Object_2_3Ljava_lang_Object_2)
01-22 00:37:41.899  7215  7215 D AndroidRuntime: Shutting down VM
--------- beginning of crash
01-22 00:37:41.905  7215  7215 E AndroidRuntime: FATAL EXCEPTION: main
01-22 00:37:41.905  7215  7215 E AndroidRuntime: Process: com.xamarin.android.helloworld, PID: 7215
01-22 00:37:41.905  7215  7215 E AndroidRuntime: java.lang.UnsatisfiedLinkError: No implementation found for void mono.android.TypeManager.n_activate(java.lang.String, java.lang.String, java.lang.Object, java.lang.Object[]) (tried Java_mono_android_TypeManager_n_1activate and Java_mono_android_TypeManager_n_1activate__Ljava_lang_String_2Ljava_lang_String_2Ljava_lang_Object_2_3Ljava_lang_Object_2)
01-22 00:37:41.905  7215  7215 E AndroidRuntime: 	at mono.android.TypeManager.n_activate(Native Method)
01-22 00:37:41.905  7215  7215 E AndroidRuntime: 	at mono.android.TypeManager.Activate(TypeManager.java:7)
01-22 00:37:41.905  7215  7215 E AndroidRuntime: 	at example.MainActivity.<init>(MainActivity.java:23)
01-22 00:37:41.905  7215  7215 E AndroidRuntime: 	at java.lang.Class.newInstance(Native Method)
01-22 00:37:41.905  7215  7215 E AndroidRuntime: 	at android.app.AppComponentFactory.instantiateActivity(AppComponentFactory.java:95)
01-22 00:37:41.905  7215  7215 E AndroidRuntime: 	at android.app.Instrumentation.newActivity(Instrumentation.java:1339)
01-22 00:37:41.905  7215  7215 E AndroidRuntime: 	at android.app.ActivityThread.performLaunchActivity(ActivityThread.java:3538)
01-22 00:37:41.905  7215  7215 E AndroidRuntime: 	at android.app.ActivityThread.handleLaunchActivity(ActivityThread.java:3782)
01-22 00:37:41.905  7215  7215 E AndroidRuntime: 	at android.app.servertransaction.LaunchActivityItem.execute(LaunchActivityItem.java:101)
01-22 00:37:41.905  7215  7215 E AndroidRuntime: 	at android.app.servertransaction.TransactionExecutor.executeCallbacks(TransactionExecutor.java:138)
01-22 00:37:41.905  7215  7215 E AndroidRuntime: 	at android.app.servertransaction.TransactionExecutor.execute(TransactionExecutor.java:95)
01-22 00:37:41.905  7215  7215 E AndroidRuntime: 	at android.app.ActivityThread$H.handleMessage(ActivityThread.java:2307)
01-22 00:37:41.905  7215  7215 E AndroidRuntime: 	at android.os.Handler.dispatchMessage(Handler.java:106)
01-22 00:37:41.905  7215  7215 E AndroidRuntime: 	at android.os.Looper.loopOnce(Looper.java:201)
01-22 00:37:41.905  7215  7215 E AndroidRuntime: 	at android.os.Looper.loop(Looper.java:288)
01-22 00:37:41.905  7215  7215 E AndroidRuntime: 	at android.app.ActivityThread.main(ActivityThread.java:7924)
01-22 00:37:41.905  7215  7215 E AndroidRuntime: 	at java.lang.reflect.Method.invoke(Native Method)
01-22 00:37:41.905  7215  7215 E AndroidRuntime: 	at com.android.internal.os.RuntimeInit$MethodAndArgsCaller.run(RuntimeInit.java:548)
01-22 00:37:41.905  7215  7215 E AndroidRuntime: 	at com.android.internal.os.ZygoteInit.main(ZygoteInit.java:936)
01-22 00:37:41.908  7215  7215 I monodroid-typemap: CreatePeer: handle=0x7ffbf161fc, targetType=Java.Lang.Throwable
01-22 00:37:41.909  7215  7215 I monodroid-typemap: CreatePeer: Found type Java.Lang.UnsatisfiedLinkError for Java class 'java/lang/UnsatisfiedLinkError'
01-22 00:37:41.909  7215  7215 I monodroid-typemap: TryGetJniNameForType: Java.Lang.UnsatisfiedLinkError -> 'java/lang/UnsatisfiedLinkError' (from [Register])
01-22 00:37:41.909  7215  7215 I monodroid-typemap: CreatePeer: Activating instance of Java.Lang.UnsatisfiedLinkError...
01-22 00:37:41.919  7215  7215 I monodroid-typemap: CreatePeer: SUCCESS - Created Java.Lang.UnsatisfiedLinkError for Java class 'java/lang/UnsatisfiedLinkError'
01-22 00:37:41.919  7215  7215 I MonoDroid: UNHANDLED EXCEPTION:
01-22 00:37:41.920  7215  7215 I MonoDroid: Java.Lang.UnsatisfiedLinkError: No implementation found for void mono.android.TypeManager.n_activate(java.lang.String, java.lang.String, java.lang.Object, java.lang.Object[]) (tried Java_mono_android_TypeManager_n_1activate and Java_mono_android_TypeManager_n_1activate__Ljava_lang_String_2Ljava_lang_String_2Ljava_lang_Object_2_3Ljava_lang_Object_2)
01-22 00:37:41.920  7215  7215 I MonoDroid: 
01-22 00:37:41.920  7215  7215 I MonoDroid:   --- End of managed Java.Lang.UnsatisfiedLinkError stack trace ---
01-22 00:37:41.920  7215  7215 I MonoDroid: java.lang.UnsatisfiedLinkError: No implementation found for void mono.android.TypeManager.n_activate(java.lang.String, java.lang.String, java.lang.Object, java.lang.Object[]) (tried Java_mono_android_TypeManager_n_1activate and Java_mono_android_TypeManager_n_1activate__Ljava_lang_String_2Ljava_lang_String_2Ljava_lang_Object_2_3Ljava_lang_Object_2)
01-22 00:37:41.920  7215  7215 I MonoDroid: 	at mono.android.TypeManager.n_activate(Native Method)
01-22 00:37:41.920  7215  7215 I MonoDroid: 	at mono.android.TypeManager.Activate(TypeManager.java:7)
01-22 00:37:41.920  7215  7215 I MonoDroid: 	at example.MainActivity.<init>(MainActivity.java:23)
01-22 00:37:41.920  7215  7215 I MonoDroid: 	at java.lang.Class.newInstance(Native Method)
01-22 00:37:41.920  7215  7215 I MonoDroid: 	at android.app.AppComponentFactory.instantiateActivity(AppComponentFactory.java:95)
01-22 00:37:41.920  7215  7215 I MonoDroid: 	at android.app.Instrumentation.newActivity(Instrumentation.java:1339)
01-22 00:37:41.920  7215  7215 I MonoDroid: 	at android.app.ActivityThread.performLaunchActivity(ActivityThread.java:3538)
01-22 00:37:41.920  7215  7215 I MonoDroid: 	at android.app.ActivityThread.handleLaunchActivity(ActivityThread.java:3782)
01-22 00:37:41.920  7215  7215 I MonoDroid: 	at android.app.servertransaction.LaunchActivityItem.execute(LaunchActivityItem.java:101)
01-22 00:37:41.920  7215  7215 I MonoDroid: 	at android.app.servertransaction.TransactionExecutor.executeCallbacks(TransactionExecutor.java:138)
01-22 00:37:41.920  7215  7215 I MonoDroid: 	at android.app.servertransaction.TransactionExecutor.execute(TransactionExecutor.java:95)
01-22 00:37:41.920  7215  7215 I MonoDroid: 	at android.app.ActivityThread$H.handleMessage(ActivityThread.java:2307)
01-22 00:37:41.920  7215  7215 I MonoDroid: 	at android.os.Handler.dispatchMessage(Handler.java:106)
01-22 00:37:41.920  7215  7215 I MonoDroid: 	at android.os.Looper.loopOnce(Looper.java:201)
01-22 00:37:41.920  7215  7215 I MonoDroid: 	at android.os.Looper.loop(Looper.java:288)
01-22 00:37:41.920  7215  7215 I MonoDroid: 	at android.app.ActivityThread.main(ActivityThread.java:7924)
01-22 00:37:41.920  7215  7215 I MonoDroid: 	at java.lang.reflect.Method.invoke(Native Method)
01-22 00:37:41.920  7215  7215 I MonoDroid: 	at com.android.internal.os.RuntimeInit$MethodAndArgsCaller.run(RuntimeInit.java:548)
01-22 00:37:41.920  7215  7215 I MonoDroid: 	at com.android.internal.os.ZygoteInit.main(ZygoteInit.java:936)
01-22 00:37:41.920  7215  7215 I MonoDroid: 
01-22 00:37:41.928   551  2373 W ActivityTaskManager:   Force finishing activity com.xamarin.android.helloworld/example.MainActivity
01-22 00:37:41.949   833  1105 D EGL_emulation: app_time_stats: avg=16.17ms min=2.93ms max=42.59ms count=33
01-22 00:37:41.952   551  7248 I DropBoxManagerService: add tag=data_app_crash isTagEnabled=true flags=0x2
01-22 00:37:42.004   551   606 W BroadcastQueue: Background execution not allowed: receiving Intent { act=android.intent.action.DROPBOX_ENTRY_ADDED flg=0x10 (has extras) } to com.google.android.gms/.stats.service.DropBoxEntryAddedReceiver
01-22 00:37:42.004   551   606 W BroadcastQueue: Background execution not allowed: receiving Intent { act=android.intent.action.DROPBOX_ENTRY_ADDED flg=0x10 (has extras) } to com.google.android.gms/.chimera.GmsIntentOperationService$PersistentTrustedReceiver
01-22 00:37:42.007   337   337 I BpBinder: onLastStrongRef automatically unlinking death recipients: <uncached descriptor>
01-22 00:37:42.012  7215  7215 I Process : Sending signal. PID: 7215 SIG: 9
01-22 00:37:42.097   551  1731 I ActivityManager: Process com.xamarin.android.helloworld (pid 7215) has died: fg  TOP 
01-22 00:37:42.097   294   294 I Zygote  : Process 7215 exited due to signal 9 (Killed)
01-22 00:37:42.098   551   610 I libprocessgroup: Successfully killed process cgroup uid 10177 pid 7215 in 0ms
01-22 00:37:42.124   551  1731 D ActivityManager: sync unfroze 6553 com.android.providers.calendar
01-22 00:37:42.127   551  1731 D ActivityManager: sync unfroze 6528 com.google.android.calendar
01-22 00:37:42.182  1538  1538 I AiAi    : onTrimMemory() with level 15
01-22 00:37:42.196  1201  1613 E OpenGLRenderer: Unable to match the desired swap behavior.
01-22 00:37:42.216  1754  2094 E OpenGLRenderer: Unable to match the desired swap behavior.
01-22 00:37:42.319   551   825 W InputManager-JNI: Input channel object '7cc61a8 Splash Screen com.xamarin.android.helloworld (client)' was disposed without first being removed with the input manager!
01-22 00:37:42.326  1201  1201 D MainContentCaptureSession: Flushing 1 event(s) for act:com.google.android.apps.nexuslauncher/.NexusLauncherActivity [state=2 (ACTIVE), disabled=false], reason=FULL
01-22 00:37:42.369  2899  2899 I AppBase : AppBase.onTrimMemory():497 onTrimMemory(): 15
01-22 00:37:42.375  2899  2899 I GoogleInputMethodService: GoogleInputMethodService.onTrimMemory():4406 onTrimMemory(): 15
01-22 00:37:42.399   551  1548 W AppSearchIcing: icing-search-engine.cc:217: Error: 5, Message: Document (com.google.android.googlequicksearchbox$OneSearchZeroStateGoogleSuggestions/default, zp) not found.
01-22 00:37:42.424  1201  1718 D OneSearchSuggestProvider: Established or reuse existing binder channel authority=com.google.android.googlequicksearchbox
01-22 00:37:42.483   551  2381 W WindowManager: Failed looking up window session=Session{79d51bc 833:u0a10157} callers=com.android.server.wm.WindowManagerService.windowForClientLocked:6050 com.android.server.wm.Session.setOnBackInvokedCallbackInfo:943 android.view.IWindowSession$Stub.onTransact:1180 
01-22 00:37:42.483   551  2381 E WindowManager: setOnBackInvokedCallback(): No window state for package:com.android.systemui
01-22 00:37:42.721   337   432 W TransactionTracing: Could not find layer handle 0xb4000073622ea570
01-22 00:37:42.721   337   432 W TransactionTracing: Could not find layer handle 0xb4000073622ebd10
01-22 00:37:42.721   337   432 W TransactionTracing: Could not find layer handle 0xb4000073622ea570
01-22 00:37:42.728   551   596 W ActivityTaskManager: Activity top resumed state loss timeout for ActivityRecord{fad5f53 u0 com.xamarin.android.helloworld/example.MainActivity} t-1 f}}
01-22 00:37:42.749   551   825 W system_server: Long monitor contention with owner binder:551_14 (2371) at android.content.ComponentName com.android.server.am.ActivityManagerService.startService(android.app.IApplicationThread, android.content.Intent, java.lang.String, boolean, java.lang.String, java.lang.String, int)(ActivityManagerService.java:12593) waiters=0 in int com.android.server.am.ActivityManagerService.broadcastIntentWithFeature(android.app.IApplicationThread, java.lang.String, android.content.Intent, java.lang.String, android.content.IIntentReceiver, int, java.lang.String, android.os.Bundle, java.lang.String[], java.lang.String[], java.lang.String[], int, android.os.Bundle, boolean, boolean, int) for 314ms
01-22 00:37:42.758  2899  2899 I GoogleInputMethodService: GoogleInputMethodService.onFinishInput():3227 
01-22 00:37:42.758  2899  2899 I GoogleInputMethodService: GoogleInputMethodService.updateDeviceLockedStatus():2087 repeatCheckTimes = 0, unlocked = true
01-22 00:37:42.759  2899  2899 I GoogleInputMethodService: GoogleInputMethodService.onStartInput():1877 onStartInput(EditorInfo{inputType=0x0(NULL) imeOptions=0x0 privateImeOptions=null actionName=UNSPECIFIED actionLabel=null actionId=0 initialSelStart=-1 initialSelEnd=-1 initialCapsMode=0x0 hintText=null label=null packageName=com.google.android.apps.nexuslauncher fieldId=-1 fieldName=null extras=null}, false)
01-22 00:37:42.759  2899  2899 I GoogleInputMethodService: GoogleInputMethodService.shouldHideHeaderOnInitialState():4008 ShouldHideHeaderOnInitialState = false
01-22 00:37:42.760  2899  2899 I GoogleInputMethodService: GoogleInputMethodService.updateDeviceLockedStatus():2087 repeatCheckTimes = 2, unlocked = true
01-22 00:37:42.778  1538  2102 I AiAiEcho: Predicting[0]: 
01-22 00:37:42.778  1538  2102 I AiAiEcho: Ranked targets strategy: SORT, count: 0, ranking metadata: 
01-22 00:37:42.781  1538  2102 I AiAiEcho: #postPredictionTargets: Sending updates to UISurface lockscreen with targets# 0
01-22 00:37:42.782  1538  2102 I AiAiEcho: #postPredictionTargets: Sending updates to UISurface home with targets# 0
01-22 00:37:42.782  1538  2102 I AiAiEcho: #postPredictionTargets: Sending updates to UISurface media_data_manager with targets# 0
01-22 00:37:42.830   833   833 D SsMediaDataProvider: Forwarding Smartspace updates []
01-22 00:37:42.981   833  1105 D EGL_emulation: app_time_stats: avg=65.29ms min=3.39ms max=277.57ms count=13
01-22 00:37:44.001   833  1105 D EGL_emulation: app_time_stats: avg=7.59ms min=1.69ms max=36.13ms count=47
