--------- beginning of main
01-22 01:00:43.333  1538  1538 I AiAiEcho: EchoSearch: AppFetcherImpl is initialized with [20] apps [time=189, reason=com.xamarin.android.helloworld is added]
01-22 01:00:43.333  1014  1014 D CarrierSvcBindHelper: No carrier app for: 0
--------- beginning of system
01-22 01:00:43.340   551   593 W Looper  : Slow delivery took 201ms android.fg h=android.os.Handler c=com.android.server.om.OverlayManagerService$$ExternalSyntheticLambda1@939a268 m=0
01-22 01:00:43.340   551   593 W Looper  : Slow dispatch took 854ms android.fg h=android.os.Handler c=com.android.server.om.OverlayManagerService$$ExternalSyntheticLambda1@939a268 m=0
01-22 01:00:43.342   551   551 I AppsFilter: interaction: PackageSetting{dcd3cb3 com.companyname.testminandroidapilevel/10174} -> PackageSetting{1760681 com.xamarin.android.helloworld/10182} BLOCKED
01-22 01:00:43.350   551   606 W BroadcastQueue: Background execution not allowed: receiving Intent { act=android.intent.action.PACKAGE_ADDED dat=package: flg=0x4000010 (has extras) } to com.google.android.googlequicksearchbox/com.google.android.apps.gsa.googlequicksearchbox.GelStubAppWatcher
01-22 01:00:43.352   551   634 E VerityUtils: Failed to measure fs-verity, errno 1: /data/app/~~Nzn9nFlsB7irt_giddKBQQ==/com.xamarin.android.helloworld-zAWzd_tHI6vkfM04LKIwLA==/base.apk
01-22 01:00:43.388   551   593 W Looper  : Drained
01-22 01:00:43.388   551  2309 D CompatibilityChangeReporter: Compat change id reported: 161252188; UID 10182; state: DISABLED
01-22 01:00:43.388   551  2309 I ActivityTaskManager: START u0 {flg=0x10000000 cmp=com.xamarin.android.helloworld/example.MainActivity} from uid 2000
01-22 01:00:43.389   551  2309 D CompatibilityChangeReporter: Compat change id reported: 265464455; UID 10182; state: DISABLED
01-22 01:00:43.389   551  2309 D CompatibilityChangeReporter: Compat change id reported: 265452344; UID 10182; state: DISABLED
01-22 01:00:43.389   551  2309 D CompatibilityChangeReporter: Compat change id reported: 266124927; UID 10182; state: DISABLED
01-22 01:00:43.389   551  2309 D CompatibilityChangeReporter: Compat change id reported: 265451093; UID 10182; state: DISABLED
01-22 01:00:43.389   551  2309 D CompatibilityChangeReporter: Compat change id reported: 265456536; UID 10182; state: DISABLED
01-22 01:00:43.389   551  2309 D CompatibilityChangeReporter: Compat change id reported: 255940284; UID 10182; state: DISABLED
01-22 01:00:43.389   551  2309 D CompatibilityChangeReporter: Compat change id reported: 236283604; UID 10182; state: DISABLED
01-22 01:00:43.389   551  2309 D CompatibilityChangeReporter: Compat change id reported: 263959004; UID 10182; state: DISABLED
01-22 01:00:43.389   551  2309 D CompatibilityChangeReporter: Compat change id reported: 264304459; UID 10182; state: DISABLED
01-22 01:00:43.389   551  2309 D CompatibilityChangeReporter: Compat change id reported: 264301586; UID 10182; state: DISABLED
01-22 01:00:43.390   551  2309 D CompatibilityChangeReporter: Compat change id reported: 254631730; UID 10182; state: DISABLED
01-22 01:00:43.390   551  2309 D CompatibilityChangeReporter: Compat change id reported: 273509367; UID 10182; state: DISABLED
01-22 01:00:43.390   551  2309 D CompatibilityChangeReporter: Compat change id reported: 263259275; UID 10182; state: DISABLED
01-22 01:00:43.393   551  2309 D CompatibilityChangeReporter: Compat change id reported: 194480991; UID 10182; state: ENABLED
01-22 01:00:43.394   551  2309 D CompatibilityChangeReporter: Compat change id reported: 174042980; UID 10182; state: DISABLED
01-22 01:00:43.398  6113  6147 I PermissionControllerServiceImpl: Updating user sensitive for uid 10182
01-22 01:00:43.400   551  2309 D CompatibilityChangeReporter: Compat change id reported: 184838306; UID 10182; state: DISABLED
01-22 01:00:43.400   551  2309 D CompatibilityChangeReporter: Compat change id reported: 185004937; UID 10182; state: DISABLED
01-22 01:00:43.401   551  2309 D CompatibilityChangeReporter: Compat change id reported: 181136395; UID 10182; state: DISABLED
01-22 01:00:43.401   551  2309 D CompatibilityChangeReporter: Compat change id reported: 174042936; UID 10182; state: DISABLED
01-22 01:00:43.422  1538  2127 I AiAiEcho: EchoSearch: WidgetFetcherImpl is initialized with [27] widgets [reason=package added for userId: 0]
01-22 01:00:43.423   551  2309 D CompatibilityChangeReporter: Compat change id reported: 197654537; UID 10182; state: ENABLED
01-22 01:00:43.428   551  2309 D CompatibilityChangeReporter: Compat change id reported: 205907456; UID 10182; state: ENABLED
01-22 01:00:43.486   833   978 W Looper  : Slow delivery took 39ms wmshell.main h=android.os.Handler c=android.window.TaskOrganizer$1$$ExternalSyntheticLambda5@4c2f5c5 m=0
01-22 01:00:43.486   833   978 W Looper  : Drained
01-22 01:00:43.523   833  1105 W Parcel  : Expecting binder but got null!
01-22 01:00:43.542   551   596 D CompatibilityChangeReporter: Compat change id reported: 135634846; UID 10182; state: DISABLED
01-22 01:00:43.542   551   596 D CompatibilityChangeReporter: Compat change id reported: 177438394; UID 10182; state: DISABLED
01-22 01:00:43.542   551   596 D CompatibilityChangeReporter: Compat change id reported: 135772972; UID 10182; state: DISABLED
01-22 01:00:43.542   551   596 D CompatibilityChangeReporter: Compat change id reported: 135754954; UID 10182; state: ENABLED
01-22 01:00:43.548   551   607 D CompatibilityChangeReporter: Compat change id reported: 143937733; UID 10182; state: ENABLED
01-22 01:00:43.558   294   294 D Zygote  : Forked child process 8373
01-22 01:00:43.562  1538  1666 I ogle.android.as: Background young concurrent copying GC freed 102403(4801KB) AllocSpace objects, 2(32KB) LOS objects, 42% free, 6474KB/11MB, paused 34us,25us total 148.157ms
01-22 01:00:43.574  1201  1201 D MainContentCaptureSession: Flushing 1 event(s) for act:com.google.android.apps.nexuslauncher/.NexusLauncherActivity [state=2 (ACTIVE), disabled=false], reason=FULL
01-22 01:00:43.588  1645  8310 I Auth    : [SupervisedAccountIntentOperation] onHandleIntent(): android.intent.action.PACKAGE_ADDED
01-22 01:00:43.595   833  1089 D SplashScreenView: Build android.window.SplashScreenView{467187d V.E...... ......ID 0,0-0,0}
01-22 01:00:43.595   833  1089 D SplashScreenView: Icon: view: android.widget.ImageView{709b372 V.ED..... ......I. 0,0-0,0 #10204dd android:id/splashscreen_icon_view} drawable: com.android.wm.shell.startingsurface.SplashscreenIconDrawableFactory$ImmobileIconDrawable@ffa53c3 size: 440
01-22 01:00:43.595   833  1089 D SplashScreenView: Branding: view: android.view.View{eed4440 G.ED..... ......I. 0,0-0,0 #10204dc android:id/splashscreen_branding_view} drawable: null size w: 0 h: 0
01-22 01:00:43.596  8373  8373 I roid.helloworld: Using CollectorTypeCC GC.
01-22 01:00:43.606  1645  8316 I BlockstoreStorage: Clearing Blockstore Data for package com.xamarin.android.helloworld [CONTEXT service_id=258 ]
01-22 01:00:43.606  1645  8316 I BlockstoreStorage: Keyless data not found or its IsLastInstallationData = false. [CONTEXT service_id=258 ]
01-22 01:00:43.627   365   430 I adbd    : jdwp connection from 8373
01-22 01:00:43.639   551   551 I Telecom : DefaultDialerCache: Refreshing default dialer for user 0: now com.google.android.dialer: DDC.oR@Ahc
01-22 01:00:43.642   551  1541 W BackupTransportManager: Package com.xamarin.android.helloworld enabled setting: 0
01-22 01:00:43.642  6113  6147 I PermissionControllerServiceImpl: Updating user sensitive for uid 10182
01-22 01:00:43.643   935   935 V MediaPlayerList: mPackageChangedBroadcastReceiver: action: android.intent.action.PACKAGE_CHANGED
01-22 01:00:43.643   935   935 D MediaPlayerList: Name of package changed: com.xamarin.android.helloworld
01-22 01:00:43.643   935   935 V MediaPlayerList: mPackageChangedBroadcastReceiver: action: android.intent.action.PACKAGE_CHANGED
01-22 01:00:43.644   935   935 D MediaPlayerList: Name of package changed: com.xamarin.android.helloworld
01-22 01:00:43.644  1645  8319 I Dck     : doesDeviceHaveSupportedWirelessCapabilities: wccSysProp:0, wccMendel:3, deviceWccOverride:false [CONTEXT service_id=289 ]
01-22 01:00:43.644  1645  8319 I Dck     : isDckModuleEligible: isAtLeastR:true, hasWccSupport:false, downloadAllowed:false [CONTEXT service_id=289 ]
01-22 01:00:43.644  1645  8319 W Dck     : Dck module not eligible for asynchronous downloading [CONTEXT service_id=289 ]
01-22 01:00:43.668   551   698 I RoleService: Granting default roles...
01-22 01:00:43.669  1201  1613 D EGL_emulation: app_time_stats: avg=429.13ms min=4.25ms max=4907.91ms count=12
01-22 01:00:43.674   551  2367 W Binder  : Caught a RuntimeException from the binder stub implementation.
01-22 01:00:43.674   551  2367 W Binder  : java.lang.ArrayIndexOutOfBoundsException: Array index out of range: 0
01-22 01:00:43.674   551  2367 W Binder  : 	at android.util.ArraySet.valueAt(ArraySet.java:422)
01-22 01:00:43.674   551  2367 W Binder  : 	at com.android.server.contentcapture.ContentCapturePerUserService$ContentCaptureServiceRemoteCallback.updateContentCaptureOptions(ContentCapturePerUserService.java:733)
01-22 01:00:43.674   551  2367 W Binder  : 	at com.android.server.contentcapture.ContentCapturePerUserService$ContentCaptureServiceRemoteCallback.setContentCaptureWhitelist(ContentCapturePerUserService.java:646)
01-22 01:00:43.674   551  2367 W Binder  : 	at android.service.contentcapture.IContentCaptureServiceCallback$Stub.onTransact(IContentCaptureServiceCallback.java:115)
01-22 01:00:43.674   551  2367 W Binder  : 	at android.os.Binder.execTransactInternal(Binder.java:1285)
01-22 01:00:43.674   551  2367 W Binder  : 	at android.os.Binder.execTransact(Binder.java:1244)
01-22 01:00:43.694   551   607 W ActivityManager: Slow operation: 152ms so far, now at startProcess: done updating battery stats
01-22 01:00:43.694   551   607 W ActivityManager: Slow operation: 152ms so far, now at startProcess: building log message
01-22 01:00:43.694   551   607 I ActivityManager: Start proc 8373:com.xamarin.android.helloworld/u0a182 for next-top-activity {com.xamarin.android.helloworld/example.MainActivity}
01-22 01:00:43.694   551   607 W ActivityManager: Slow operation: 152ms so far, now at startProcess: starting to update pids map
01-22 01:00:43.718   551  2371 D CoreBackPreview: Window{2021574 u0 Splash Screen com.xamarin.android.helloworld}: Setting back callback OnBackInvokedCallbackInfo{mCallback=android.window.IOnBackInvokedCallback$Stub$Proxy@9569c41, mPriority=0}
01-22 01:00:43.958   551   551 W Looper  : Slow dispatch took 247ms main h=android.app.PropertyInvalidatedCache$AutoCorker$1 c=null m=0
01-22 01:00:44.192   551   607 W ActivityManager: Slow operation: 650ms so far, now at startProcess: done updating pids map
01-22 01:00:44.220  7010  8358 I ProvidersCache: Provider returned no roots. Possibly naughty: com.google.android.apps.docs.storage
01-22 01:00:44.223   551   565 I system_server: Background concurrent copying GC freed 354683(15MB) AllocSpace objects, 38(1564KB) LOS objects, 48% free, 25MB/49MB, paused 2.292ms,131us total 2.013s
01-22 01:00:44.226   551  2371 W ActivityTaskManager: takeTaskSnapshot: taskId=13 not found or not visible
01-22 01:00:44.234   551  2371 W ActivityTaskManager: takeTaskSnapshot: taskId=43 not found or not visible
01-22 01:00:44.240   551   712 I InputReader: Reconfiguring input devices, changes=KEYBOARD_LAYOUTS | 
01-22 01:00:44.243  1341  8322 I ProximityAuth: [RecentAppsMediator] Package added: (user=UserHandle{0}) com.xamarin.android.helloworld
01-22 01:00:44.248   833  1105 E OpenGLRenderer: Unable to match the desired swap behavior.
01-22 01:00:44.250  1341  8322 W GCM     : Unexpected forwarded intent: Intent { act=android.intent.action.PACKAGE_ADDED dat=package: flg=0x4000010 pkg=com.google.android.gms cmp=com.google.android.gms/.chimera.PersistentIntentOperationService (has extras) }
01-22 01:00:44.251  1341  8323 W GCM     : Unexpected forwarded intent: Intent { act=android.intent.action.PACKAGE_ADDED dat=package: flg=0x4000010 pkg=com.google.android.gms cmp=com.google.android.gms/.chimera.PersistentIntentOperationService (has extras) }
01-22 01:00:44.294  1645  1645 D BoundBrokerSvc: onBind: Intent { act=com.google.android.gms.common.BIND_SHARED_PREFS pkg=com.google.android.gms }
01-22 01:00:44.295  1645  1645 D BoundBrokerSvc: Loading bound service for intent: Intent { act=com.google.android.gms.common.BIND_SHARED_PREFS pkg=com.google.android.gms }
01-22 01:00:44.419   833  6323 I OpenGLRenderer: Davey! duration=748ms; Flags=1, FrameTimelineVsyncId=40978, IntendedVsync=9399545549105, Vsync=9399712215765, InputEventId=0, HandleInputStart=9399723103231, AnimationStart=9399723103731, PerformTraversalsStart=9399723134648, DrawStart=9400252913482, FrameDeadline=9399562215771, FrameInterval=9399723100231, FrameStartTime=16666666, SyncQueued=9400253090898, SyncStart=9400260673023, IssueDrawCommandsStart=9400268720523, SwapBuffers=9400274088523, FrameCompleted=9400302019523, DequeueBufferDuration=4506125, QueueBufferDuration=212416, GpuCompleted=9400302019523, SwapBuffersCompleted=9400286743273, DisplayPresentTime=9108898049134, CommandSubmissionCompleted=9400274088523, 
01-22 01:00:44.438   833   978 W Looper  : Slow dispatch took 140ms wmshell.main h=android.os.Handler c=android.window.TaskOrganizer$1$$ExternalSyntheticLambda6@183eca m=0
01-22 01:00:44.460   551   551 W Looper  : Slow dispatch took 141ms main h=android.app.PropertyInvalidatedCache$AutoCorker$1 c=null m=0
01-22 01:00:44.610   551   593 W Looper  : Slow dispatch took 300ms android.fg h=android.os.Handler c=<recycled PooledLambda@b305f5f> m=0
01-22 01:00:44.612   551   593 W Looper  : Slow delivery took 394ms android.fg h=android.os.Handler c=<recycled PooledLambda@321bdac> m=0
01-22 01:00:44.639   833   833 D ControlsListingControllerImpl: ServiceConfig reloaded, count: 0
01-22 01:00:44.644  1014  1014 D CarrierSvcBindHelper: onPackageModified: com.xamarin.android.helloworld
01-22 01:00:44.644  1014  1014 D CarrierSvcBindHelper: No carrier app for: 0
01-22 01:00:44.674   551  2369 W system_server: Long monitor contention with owner android.anim (597) at void com.android.server.wm.WindowSurfacePlacer$Traverser.run()(WindowSurfacePlacer.java:58) waiters=0 in android.content.res.CompatibilityInfo com.android.server.wm.ActivityTaskManagerService$LocalService.compatibilityInfoForPackage(android.content.pm.ApplicationInfo) for 206ms
01-22 01:00:44.677   551  2371 W system_server: Long monitor contention with owner binder:551_12 (2369) at android.content.ComponentName com.android.server.am.ActivityManagerService.startService(android.app.IApplicationThread, android.content.Intent, java.lang.String, boolean, java.lang.String, java.lang.String, int)(ActivityManagerService.java:12593) waiters=9 in android.content.ComponentName com.android.server.am.ActivityManagerService.startService(android.app.IApplicationThread, android.content.Intent, java.lang.String, boolean, java.lang.String, java.lang.String, int) for 435ms
01-22 01:00:44.678   551  1152 W system_server: Long monitor contention with owner binder:551_12 (2369) at android.content.ComponentName com.android.server.am.ActivityManagerService.startService(android.app.IApplicationThread, android.content.Intent, java.lang.String, boolean, java.lang.String, java.lang.String, int)(ActivityManagerService.java:12593) waiters=10 in void com.android.server.am.ActivityManagerService.serviceDoneExecuting(android.os.IBinder, int, int, int) for 409ms
01-22 01:00:44.708  1201  1613 D EGL_emulation: app_time_stats: avg=155.20ms min=40.41ms max=312.45ms count=6
01-22 01:00:44.725  8373  8373 D CompatibilityChangeReporter: Compat change id reported: 171979766; UID 10182; state: ENABLED
01-22 01:00:44.731  8373  8373 W ziparchive: Unable to open '/data/app/~~Nzn9nFlsB7irt_giddKBQQ==/com.xamarin.android.helloworld-zAWzd_tHI6vkfM04LKIwLA==/split_config.arm64_v8a.dm': No such file or directory
01-22 01:00:44.731  8373  8373 W ziparchive: Unable to open '/data/app/~~Nzn9nFlsB7irt_giddKBQQ==/com.xamarin.android.helloworld-zAWzd_tHI6vkfM04LKIwLA==/split_config.arm64_v8a.dm': No such file or directory
01-22 01:00:44.731  8373  8373 W roid.helloworld: Entry not found
01-22 01:00:44.733  1645  1645 D BoundBrokerSvc: onUnbind: Intent { act=com.google.android.gms.common.BIND_SHARED_PREFS pkg=com.google.android.gms }
01-22 01:00:44.736  8373  8373 D nativeloader: Configuring classloader-namespace for other apk /data/app/~~Nzn9nFlsB7irt_giddKBQQ==/com.xamarin.android.helloworld-zAWzd_tHI6vkfM04LKIwLA==/base.apk:/data/app/~~Nzn9nFlsB7irt_giddKBQQ==/com.xamarin.android.helloworld-zAWzd_tHI6vkfM04LKIwLA==/split_config.arm64_v8a.apk. target_sdk_version=36, uses_libraries=, library_path=/data/app/~~Nzn9nFlsB7irt_giddKBQQ==/com.xamarin.android.helloworld-zAWzd_tHI6vkfM04LKIwLA==/lib/arm64:/data/app/~~Nzn9nFlsB7irt_giddKBQQ==/com.xamarin.android.helloworld-zAWzd_tHI6vkfM04LKIwLA==/base.apk!/lib/arm64-v8a:/data/app/~~Nzn9nFlsB7irt_giddKBQQ==/com.xamarin.android.helloworld-zAWzd_tHI6vkfM04LKIwLA==/split_config.arm64_v8a.apk!/lib/arm64-v8a, permitted_path=/data:/mnt/expand:/data/user/0/com.xamarin.android.helloworld
01-22 01:00:44.736  8373  8373 W roid.helloworld: JIT profile information will not be recorded: profile file does not exist.
01-22 01:00:44.768   551   593 W Looper  : Slow dispatch took 155ms android.fg h=android.os.Handler c=<recycled PooledLambda@3869ea6> m=0
01-22 01:00:44.794  8373  8373 V GraphicsEnvironment: ANGLE Developer option for 'com.xamarin.android.helloworld' set to: 'default'
01-22 01:00:44.795   551   593 W Looper  : Drained
01-22 01:00:44.796  8373  8373 V GraphicsEnvironment: ANGLE GameManagerService for com.xamarin.android.helloworld: false
01-22 01:00:44.796  8373  8373 V GraphicsEnvironment: Neither updatable production driver nor prerelease driver is supported.
01-22 01:00:44.797  8373  8373 D NetworkSecurityConfig: No Network Security Config specified, using platform default
01-22 01:00:44.797  8373  8373 D NetworkSecurityConfig: No Network Security Config specified, using platform default
01-22 01:00:44.847  6075  6091 I .apps.wellbeing: Background young concurrent copying GC freed 16216(886KB) AllocSpace objects, 0(0B) LOS objects, 44% free, 4936KB/8827KB, paused 26us,16us total 164.226ms
01-22 01:00:44.876   337   432 W TransactionTracing: Could not find layer handle 0xb4000073622ebcb0
01-22 01:00:45.018   551   594 W Looper  : Slow dispatch took 196ms android.ui h=com.android.server.am.ActivityManagerService$UiHandler c=com.android.server.am.UidObserverController$$ExternalSyntheticLambda0@8867a7e m=0
01-22 01:00:45.019   551   661 D CompatibilityChangeReporter: Compat change id reported: 161145287; UID 10182; state: DISABLED
01-22 01:00:45.040   551  2376 D CompatibilityChangeReporter: Compat change id reported: 161252188; UID 10182; state: DISABLED
01-22 01:00:45.041   337   432 W TransactionTracing: Could not find layer handle 0xb4000073622ec3d0
01-22 01:00:45.041   337   432 W TransactionTracing: Could not find layer handle 0xb4000073622eaf90
01-22 01:00:45.041   337   432 W TransactionTracing: Could not find layer handle 0xb4000073622eaf90
01-22 01:00:45.041   337   432 W TransactionTracing: Could not find layer handle 0xb4000073622ec3d0
01-22 01:00:45.057  1014  1014 D ImsResolver: maybeAddedImsService, packageName: com.xamarin.android.helloworld
01-22 01:00:45.058  1645  2212 W gle.android.gms: Long monitor contention with owner lowpool[8] (5357) at void asac.d()(:com.google.android.gms@231818044@23.18.18 (190400-535401451):2) waiters=0 in void asac.g(asae, long) for 369ms
01-22 01:00:45.064   337   432 W TransactionTracing: Could not find layer handle 0xb4000073622e97f0
01-22 01:00:45.071  1341  4656 W ChimeraUtils: Module com.google.android.gms.nearby_en missing resource null(0)
01-22 01:00:45.099  1341  4656 W ChimeraUtils: Module com.google.android.gms.nearby_en missing resource null(0)
01-22 01:00:45.112  1341  8393 I Fitness : OnPackageChangedOperation got intent: Intent { act=android.intent.action.PACKAGE_CHANGED dat=package: flg=0x5000010 pkg=com.google.android.gms cmp=com.google.android.gms/.chimera.PersistentIntentOperationService (has extras) } [CONTEXT service_id=17 ]
01-22 01:00:45.180   833  1105 D EGL_emulation: app_time_stats: avg=19223.33ms min=2.08ms max=287949.00ms count=15
01-22 01:00:45.204  1645  1645 W gle.android.gms: Long monitor contention with owner lowpool[8] (5357) at void asac.d()(:com.google.android.gms@231818044@23.18.18 (190400-535401451):2) waiters=1 in void asac.g(asae, long) for 470ms
01-22 01:00:45.210   551   605 D IntervalStats: Unable to parse usage stats packages: [196]
01-22 01:00:45.215  1341  8393 I Fitness : FitCleanupIntentOperation received Intent android.intent.action.PACKAGE_CHANGED [CONTEXT service_id=17 ]
01-22 01:00:45.255  1645  5357 I Icing   : Indexing com.google.android.gms-apps from com.google.android.gms
01-22 01:00:45.263  1341  8393 I Fitness : OnPackageChangedOperation got intent: Intent { act=android.intent.action.PACKAGE_CHANGED dat=package: flg=0x5000010 pkg=com.google.android.gms cmp=com.google.android.gms/.chimera.PersistentIntentOperationService (has extras) } [CONTEXT service_id=17 ]
01-22 01:00:45.292  1341  8396 I Fitness : FitCleanupIntentOperation received Intent android.intent.action.PACKAGE_CHANGED [CONTEXT service_id=17 ]
--------- beginning of kernel
01-22 01:00:45.416  3514  3514 I logd    : start watching /data/system/packages.list ...
01-22 01:00:45.417  3514  3514 I logd    : ReadPackageList, total packages: 183
01-22 01:00:45.405  1645  5357 I Icing   : Indexing done com.google.android.gms-apps
01-22 01:00:45.521  1341  5964 W ChimeraUtils: Module com.google.android.gms.nearby_en missing resource null(0)
01-22 01:00:45.554  1341  5964 W ChimeraUtils: Module com.google.android.gms.nearby_en missing resource null(0)
01-22 01:00:45.573  6113  6130 I ssioncontroller: Background concurrent copying GC freed 33467(2031KB) AllocSpace objects, 4(80KB) LOS objects, 49% free, 2230KB/4461KB, paused 37us,14us total 101.547ms
01-22 01:00:45.581  1645  1702 I gle.android.gms: Background young concurrent copying GC freed 65232(3567KB) AllocSpace objects, 21(804KB) LOS objects, 48% free, 13MB/26MB, paused 88us,42us total 127.123ms
01-22 01:00:45.674  8373  8373 D DOTNET  : AndroidCryptoNative_InitLibraryOnLoad: jint AndroidCryptoNative_InitLibraryOnLoad(JavaVM *, void *) in /__w/1/s/src/runtime/src/native/libs/System.Security.Cryptography.Native.Android/pal_jni.c
01-22 01:00:45.675  8373  8373 D DOTNET  : GetOptionalClassGRef: optional class com/android/org/conscrypt/OpenSSLEngineImpl was not found
01-22 01:00:45.692  6113  8304 W Role    : Default holder doesn't have required signing certificate: com.google.android.apps.work.clouddpc:23962F4B43B9857638EA66F4D419518EAE282491ACDA4B94707BD59003C45E58
01-22 01:00:45.783   551  2367 I ActivityManager: Background started FGS: Allowed [callingPackage: com.google.android.apps.wellbeing; callingUid: 10107; uidState: BTOP; intent: Intent { cmp=com.google.android.apps.wellbeing/com.google.apps.tiktok.concurrent.InternalForegroundService (has extras) }; code:BACKGROUND_ACTIVITY_PERMISSION; tempAllowListReason:<null>; targetSdkVersion:33; callerTargetSdkVersion:33; startForegroundCount:0; bindFromPackage:null]
01-22 01:00:45.784   551   606 I DropBoxManagerService: add tag=system_server_wtf isTagEnabled=true flags=0x2
01-22 01:00:45.804  1341  4656 W ChimeraUtils: Module com.google.android.gms.nearby_en missing resource null(0)
01-22 01:00:45.804  1341  4656 W ChimeraUtils: Module com.google.android.gms.nearby_en missing resource null(0)
01-22 01:00:45.879  8373  8373 I monodroid: JNIEnvInit: IsCoreClrRuntime=True, IsMonoRuntime=False
01-22 01:00:45.898  8373  8373 I monodroid-typemap: TypeMapAttributeTypeMap: Initializing...
01-22 01:00:46.023  8373  8373 I monodroid-typemap: TypeMapAttributeTypeMap: Initialized external and invoker type mappings
01-22 01:00:46.077  8373  8373 I monodroid: JNIEnvInit: Set getFunctionPointerFn to 0x6ebae42958
01-22 01:00:46.115  8373  8412 D libEGL  : loaded /vendor/lib64/egl/libEGL_emulation.so
01-22 01:00:46.117  8373  8412 D libEGL  : loaded /vendor/lib64/egl/libGLESv1_CM_emulation.so
01-22 01:00:46.119  8373  8412 D libEGL  : loaded /vendor/lib64/egl/libGLESv2_emulation.so
01-22 01:00:46.137  8373  8373 I monodroid-typemap: TryGetJniNameForType: HelloWorld.MainActivity -> 'example/MainActivity' (from [Register])
01-22 01:00:46.142  8373  8373 I monodroid: RegisterNativeMembers: type=HelloWorld.MainActivity, methods=n_onCreate:(Landroid/os/Bundle;)V:GetOnCreate_Landroid_os_Bundle_Handler
01-22 01:00:46.142  8373  8373 I monodroid: n_onResume:()V:GetOnResumeHandler
01-22 01:00:46.142  8373  8373 I monodroid: 
01-22 01:00:46.143  8373  8373 I monodroid-typemap: TryGetJniNameForType: Java.Interop.TypeManager+JavaTypeManager -> 'mono/android/TypeManager' (from [Register])
01-22 01:00:46.143  8373  8373 I monodroid: RegisterNativeMembers: type=Java.Interop.TypeManager+JavaTypeManager, methods=n_activate:(Ljava/lang/String;Ljava/lang/String;Ljava/lang/Object;[Ljava/lang/Object;)V:GetActivateHandler
01-22 01:00:46.143  8373  8373 I monodroid: 
01-22 01:00:46.143  8373  8373 I monodroid: DynamicNativeMembersRegistration: registered n_activate for Java.Interop.TypeManager+JavaTypeManager
01-22 01:00:46.143  8373  8373 I monodroid: DynamicNativeMembersRegistration: calling RegisterNatives with 1 methods
01-22 01:00:46.186  8373  8373 E roid.helloworld: No implementation found for void example.MainActivity.n_onCreate(android.os.Bundle) (tried Java_example_MainActivity_n_1onCreate and Java_example_MainActivity_n_1onCreate__Landroid_os_Bundle_2)
01-22 01:00:46.187  8373  8373 D AndroidRuntime: Shutting down VM
--------- beginning of crash
01-22 01:00:46.188  8373  8373 E AndroidRuntime: FATAL EXCEPTION: main
01-22 01:00:46.188  8373  8373 E AndroidRuntime: Process: com.xamarin.android.helloworld, PID: 8373
01-22 01:00:46.188  8373  8373 E AndroidRuntime: java.lang.UnsatisfiedLinkError: No implementation found for void example.MainActivity.n_onCreate(android.os.Bundle) (tried Java_example_MainActivity_n_1onCreate and Java_example_MainActivity_n_1onCreate__Landroid_os_Bundle_2)
01-22 01:00:46.188  8373  8373 E AndroidRuntime: 	at example.MainActivity.n_onCreate(Native Method)
01-22 01:00:46.188  8373  8373 E AndroidRuntime: 	at example.MainActivity.onCreate(MainActivity.java:29)
01-22 01:00:46.188  8373  8373 E AndroidRuntime: 	at android.app.Activity.performCreate(Activity.java:8342)
01-22 01:00:46.188  8373  8373 E AndroidRuntime: 	at android.app.Activity.performCreate(Activity.java:8321)
01-22 01:00:46.188  8373  8373 E AndroidRuntime: 	at android.app.Instrumentation.callActivityOnCreate(Instrumentation.java:1417)
01-22 01:00:46.188  8373  8373 E AndroidRuntime: 	at android.app.ActivityThread.performLaunchActivity(ActivityThread.java:3626)
01-22 01:00:46.188  8373  8373 E AndroidRuntime: 	at android.app.ActivityThread.handleLaunchActivity(ActivityThread.java:3782)
01-22 01:00:46.188  8373  8373 E AndroidRuntime: 	at android.app.servertransaction.LaunchActivityItem.execute(LaunchActivityItem.java:101)
01-22 01:00:46.188  8373  8373 E AndroidRuntime: 	at android.app.servertransaction.TransactionExecutor.executeCallbacks(TransactionExecutor.java:138)
01-22 01:00:46.188  8373  8373 E AndroidRuntime: 	at android.app.servertransaction.TransactionExecutor.execute(TransactionExecutor.java:95)
01-22 01:00:46.188  8373  8373 E AndroidRuntime: 	at android.app.ActivityThread$H.handleMessage(ActivityThread.java:2307)
01-22 01:00:46.188  8373  8373 E AndroidRuntime: 	at android.os.Handler.dispatchMessage(Handler.java:106)
01-22 01:00:46.188  8373  8373 E AndroidRuntime: 	at android.os.Looper.loopOnce(Looper.java:201)
01-22 01:00:46.188  8373  8373 E AndroidRuntime: 	at android.os.Looper.loop(Looper.java:288)
01-22 01:00:46.188  8373  8373 E AndroidRuntime: 	at android.app.ActivityThread.main(ActivityThread.java:7924)
01-22 01:00:46.188  8373  8373 E AndroidRuntime: 	at java.lang.reflect.Method.invoke(Native Method)
01-22 01:00:46.188  8373  8373 E AndroidRuntime: 	at com.android.internal.os.RuntimeInit$MethodAndArgsCaller.run(RuntimeInit.java:548)
01-22 01:00:46.188  8373  8373 E AndroidRuntime: 	at com.android.internal.os.ZygoteInit.main(ZygoteInit.java:936)
01-22 01:00:46.189  8373  8373 I monodroid-typemap: CreatePeer: handle=0x7ffbf161fc, targetType=Java.Lang.Throwable
01-22 01:00:46.190  8373  8373 I monodroid-typemap: CreatePeer: Found type Java.Lang.UnsatisfiedLinkError for Java class 'java/lang/UnsatisfiedLinkError'
01-22 01:00:46.190  8373  8373 I monodroid-typemap: TryGetJniNameForType: Java.Lang.UnsatisfiedLinkError -> 'java/lang/UnsatisfiedLinkError' (from [Register])
01-22 01:00:46.190  8373  8373 I monodroid-typemap: CreatePeer: Activating instance of Java.Lang.UnsatisfiedLinkError...
01-22 01:00:46.193  1645  5357 I Icing   : Indexing com.google.android.gms-apps from com.google.android.gms
01-22 01:00:46.196   833  1105 D EGL_emulation: app_time_stats: avg=18.04ms min=2.44ms max=65.71ms count=33
01-22 01:00:46.197  1645  2192 I Icing   : Indexing done com.google.android.gms-apps
01-22 01:00:46.197  1645  2192 I Icing   : Indexing com.google.android.gms-apps from com.google.android.gms
01-22 01:00:46.197  1645  2192 I Icing   : Indexing done com.google.android.gms-apps
01-22 01:00:46.198  8373  8373 I monodroid-typemap: CreatePeer: SUCCESS - Created Java.Lang.UnsatisfiedLinkError for Java class 'java/lang/UnsatisfiedLinkError'
01-22 01:00:46.198  8373  8373 I MonoDroid: UNHANDLED EXCEPTION:
01-22 01:00:46.199  8373  8373 I MonoDroid: Java.Lang.UnsatisfiedLinkError: No implementation found for void example.MainActivity.n_onCreate(android.os.Bundle) (tried Java_example_MainActivity_n_1onCreate and Java_example_MainActivity_n_1onCreate__Landroid_os_Bundle_2)
01-22 01:00:46.199  8373  8373 I MonoDroid: 
01-22 01:00:46.199  8373  8373 I MonoDroid:   --- End of managed Java.Lang.UnsatisfiedLinkError stack trace ---
01-22 01:00:46.199  8373  8373 I MonoDroid: java.lang.UnsatisfiedLinkError: No implementation found for void example.MainActivity.n_onCreate(android.os.Bundle) (tried Java_example_MainActivity_n_1onCreate and Java_example_MainActivity_n_1onCreate__Landroid_os_Bundle_2)
01-22 01:00:46.199  8373  8373 I MonoDroid: 	at example.MainActivity.n_onCreate(Native Method)
01-22 01:00:46.199  8373  8373 I MonoDroid: 	at example.MainActivity.onCreate(MainActivity.java:29)
01-22 01:00:46.199  8373  8373 I MonoDroid: 	at android.app.Activity.performCreate(Activity.java:8342)
01-22 01:00:46.199  8373  8373 I MonoDroid: 	at android.app.Activity.performCreate(Activity.java:8321)
01-22 01:00:46.199  8373  8373 I MonoDroid: 	at android.app.Instrumentation.callActivityOnCreate(Instrumentation.java:1417)
01-22 01:00:46.199  8373  8373 I MonoDroid: 	at android.app.ActivityThread.performLaunchActivity(ActivityThread.java:3626)
01-22 01:00:46.199  8373  8373 I MonoDroid: 	at android.app.ActivityThread.handleLaunchActivity(ActivityThread.java:3782)
01-22 01:00:46.199  8373  8373 I MonoDroid: 	at android.app.servertransaction.LaunchActivityItem.execute(LaunchActivityItem.java:101)
01-22 01:00:46.199  8373  8373 I MonoDroid: 	at android.app.servertransaction.TransactionExecutor.executeCallbacks(TransactionExecutor.java:138)
01-22 01:00:46.199  8373  8373 I MonoDroid: 	at android.app.servertransaction.TransactionExecutor.execute(TransactionExecutor.java:95)
01-22 01:00:46.199  8373  8373 I MonoDroid: 	at android.app.ActivityThread$H.handleMessage(ActivityThread.java:2307)
01-22 01:00:46.199  8373  8373 I MonoDroid: 	at android.os.Handler.dispatchMessage(Handler.java:106)
01-22 01:00:46.199  8373  8373 I MonoDroid: 	at android.os.Looper.loopOnce(Looper.java:201)
01-22 01:00:46.199  8373  8373 I MonoDroid: 	at android.os.Looper.loop(Looper.java:288)
01-22 01:00:46.199  8373  8373 I MonoDroid: 	at android.app.ActivityThread.main(ActivityThread.java:7924)
01-22 01:00:46.199  8373  8373 I MonoDroid: 	at java.lang.reflect.Method.invoke(Native Method)
01-22 01:00:46.199  8373  8373 I MonoDroid: 	at com.android.internal.os.RuntimeInit$MethodAndArgsCaller.run(RuntimeInit.java:548)
01-22 01:00:46.199  8373  8373 I MonoDroid: 	at com.android.internal.os.ZygoteInit.main(ZygoteInit.java:936)
01-22 01:00:46.199  8373  8373 I MonoDroid: 
01-22 01:00:46.210   551  2309 W ActivityTaskManager:   Force finishing activity com.xamarin.android.helloworld/example.MainActivity
01-22 01:00:46.211   551  8413 I DropBoxManagerService: add tag=data_app_crash isTagEnabled=true flags=0x2
01-22 01:00:46.319   551   593 W system_server: Long monitor contention with owner binder:551_F (2309) at void com.android.server.am.AppErrors.crashApplicationInner(com.android.server.am.ProcessRecord, android.app.ApplicationErrorReport$CrashInfo, int, int)(AppErrors.java:651) waiters=0 in int com.android.server.am.ActivityManagerService.broadcastIntentWithFeature(android.app.IApplicationThread, java.lang.String, android.content.Intent, java.lang.String, android.content.IIntentReceiver, int, java.lang.String, android.os.Bundle, java.lang.String[], java.lang.String[], java.lang.String[], int, android.os.Bundle, boolean, boolean, int) for 108ms
01-22 01:00:46.320   551   593 W Looper  : Slow dispatch took 109ms android.fg h=com.android.server.DropBoxManagerService$DropBoxManagerBroadcastHandler c=null m=1
01-22 01:00:46.320   551   606 W BroadcastQueue: Background execution not allowed: receiving Intent { act=android.intent.action.DROPBOX_ENTRY_ADDED flg=0x10 (has extras) } to com.google.android.gms/.stats.service.DropBoxEntryAddedReceiver
01-22 01:00:46.320   551   606 W BroadcastQueue: Background execution not allowed: receiving Intent { act=android.intent.action.DROPBOX_ENTRY_ADDED flg=0x10 (has extras) } to com.google.android.gms/.chimera.GmsIntentOperationService$PersistentTrustedReceiver
01-22 01:00:46.325  8373  8373 I Process : Sending signal. PID: 8373 SIG: 9
01-22 01:00:46.357   551  3877 D HostConnection: HostComposition ext ANDROID_EMU_CHECKSUM_HELPER_v1 ANDROID_EMU_native_sync_v2 ANDROID_EMU_native_sync_v3 ANDROID_EMU_native_sync_v4 ANDROID_EMU_dma_v1 ANDROID_EMU_direct_mem ANDROID_EMU_host_composition_v1 ANDROID_EMU_host_composition_v2 ANDROID_EMU_vulkan ANDROID_EMU_deferred_vulkan_commands ANDROID_EMU_vulkan_null_optional_strings ANDROID_EMU_vulkan_create_resources_with_requirements ANDROID_EMU_YUV_Cache ANDROID_EMU_vulkan_ignored_handles ANDROID_EMU_has_shared_slots_host_memory_allocator ANDROID_EMU_vulkan_free_memory_sync ANDROID_EMU_vulkan_shader_float16_int8 ANDROID_EMU_vulkan_async_queue_submit ANDROID_EMU_vulkan_queue_submit_with_commands ANDROID_EMU_sync_buffer_data ANDROID_EMU_vulkan_async_qsri ANDROID_EMU_read_color_buffer_dma ANDROID_EMU_hwc_multi_configs GL_OES_EGL_image_external_essl3 GL_OES_vertex_array_object GL_KHR_texture_compression_astc_ldr ANDROID_EMU_host_side_tracing ANDROID_EMU_gles_max_version_3_0 
01-22 01:00:46.398   551  3877 W OpenGLRenderer: Failed to choose config with EGL_SWAP_BEHAVIOR_PRESERVED, retrying without...
01-22 01:00:46.403   551  3877 W OpenGLRenderer: Failed to initialize 101010-2 format, error = EGL_SUCCESS
01-22 01:00:46.405   551  3877 D EGL_emulation: eglCreateContext: 0xb400007008b7f090: maj 3 min 0 rcv 3
01-22 01:00:46.412   551  3877 D EGL_emulation: eglMakeCurrent: 0xb400007008b7f090: ver 3 0 (tinfo 0x7236d60080) (first time)
01-22 01:00:46.430   551  2309 I ActivityManager: Process com.xamarin.android.helloworld (pid 8373) has died: fg  TOP 
01-22 01:00:46.430   551   610 I libprocessgroup: Successfully killed process cgroup uid 10182 pid 8373 in 0ms
01-22 01:00:46.433   294   294 I Zygote  : Process 8373 exited due to signal 9 (Killed)
01-22 01:00:46.522   551  2369 W InputManager-JNI: Input channel object '2021574 Splash Screen com.xamarin.android.helloworld (client)' was disposed without first being removed with the input manager!
01-22 01:00:46.576   551  1575 W system_server: Long monitor contention with owner binder:551_F (2309) at android.content.res.Configuration com.android.server.wm.ActivityTaskManagerService.getGlobalConfigurationForPid(int)(ActivityTaskManagerService.java:1128) waiters=1 in void com.android.server.wm.TaskPersister$TaskWriteQueueItem.process() for 143ms
01-22 01:00:46.582   833   978 W Looper  : Slow delivery took 56ms wmshell.main h=android.os.Handler c=com.android.systemui.scrim.ScrimView$$ExternalSyntheticLambda2@3e37d96 m=0
01-22 01:00:46.584  1754  2094 E OpenGLRenderer: Unable to match the desired swap behavior.
01-22 01:00:46.598   551   914 W WindowManager: Failed looking up window session=Session{79d51bc 833:u0a10157} callers=com.android.server.wm.WindowManagerService.windowForClientLocked:6050 com.android.server.wm.Session.setOnBackInvokedCallbackInfo:943 android.view.IWindowSession$Stub.onTransact:1180 
01-22 01:00:46.598   551   914 E WindowManager: setOnBackInvokedCallback(): No window state for package:com.android.systemui
01-22 01:00:46.599  1201  1613 E OpenGLRenderer: Unable to match the desired swap behavior.
01-22 01:00:46.645  1201  1201 D MainContentCaptureSession: Flushing 1 event(s) for act:com.google.android.apps.nexuslauncher/.NexusLauncherActivity [state=2 (ACTIVE), disabled=false], reason=FULL
01-22 01:00:46.671   551  1548 W AppSearchIcing: icing-search-engine.cc:217: Error: 5, Message: Document (com.google.android.googlequicksearchbox$OneSearchZeroStateGoogleSuggestions/default, zp) not found.
01-22 01:00:46.681   833   978 W Looper  : Drained
01-22 01:00:46.693  1538  2102 I AiAiEcho: Predicting[0]: 
01-22 01:00:46.694  1538  2102 I AiAiEcho: Ranked targets strategy: SORT, count: 0, ranking metadata: 
01-22 01:00:46.699  1538  2102 I AiAiEcho: #postPredictionTargets: Sending updates to UISurface lockscreen with targets# 0
01-22 01:00:46.700  1538  2102 I AiAiEcho: #postPredictionTargets: Sending updates to UISurface home with targets# 0
01-22 01:00:46.704  1201  1718 D OneSearchSuggestProvider: Established or reuse existing binder channel authority=com.google.android.googlequicksearchbox
01-22 01:00:46.705  1538  2102 I AiAiEcho: #postPredictionTargets: Sending updates to UISurface media_data_manager with targets# 0
01-22 01:00:46.733   833   833 D SsMediaDataProvider: Forwarding Smartspace updates []
01-22 01:00:46.766   337   432 W TransactionTracing: Could not find layer handle 0xb4000073622e96d0
01-22 01:00:46.766   337   432 W TransactionTracing: Could not find layer handle 0xb4000073622ea1b0
01-22 01:00:46.787   833   978 W Looper  : Slow dispatch took 36ms wmshell.main h=android.os.Handler c=android.window.TaskOrganizer$1$$ExternalSyntheticLambda8@245d17 m=0
01-22 01:00:46.805   551   596 W ActivityTaskManager: Activity top resumed state loss timeout for ActivityRecord{544bf0a u0 com.xamarin.android.helloworld/example.MainActivity} t-1 f}}
01-22 01:00:46.809  2899  2899 I GoogleInputMethodService: GoogleInputMethodService.onFinishInput():3227 
01-22 01:00:46.824  2899  2899 I GoogleInputMethodService: GoogleInputMethodService.updateDeviceLockedStatus():2087 repeatCheckTimes = 0, unlocked = true
01-22 01:00:46.829  2899  2899 I GoogleInputMethodService: GoogleInputMethodService.onStartInput():1877 onStartInput(EditorInfo{inputType=0x0(NULL) imeOptions=0x0 privateImeOptions=null actionName=UNSPECIFIED actionLabel=null actionId=0 initialSelStart=-1 initialSelEnd=-1 initialCapsMode=0x0 hintText=null label=null packageName=com.google.android.apps.nexuslauncher fieldId=-1 fieldName=null extras=null}, false)
01-22 01:00:46.829  2899  2899 I GoogleInputMethodService: GoogleInputMethodService.shouldHideHeaderOnInitialState():4008 ShouldHideHeaderOnInitialState = false
01-22 01:00:46.829  2899  2899 I GoogleInputMethodService: GoogleInputMethodService.updateDeviceLockedStatus():2087 repeatCheckTimes = 2, unlocked = true
01-22 01:00:47.239   833  1105 D EGL_emulation: app_time_stats: avg=14.91ms min=3.15ms max=127.33ms count=33
01-22 01:00:47.836   551   606 W BroadcastQueue: Background execution not allowed: receiving Intent { act=android.intent.action.DROPBOX_ENTRY_ADDED flg=0x10 (has extras) } to com.google.android.gms/.stats.service.DropBoxEntryAddedReceiver
01-22 01:00:47.836   551   606 W BroadcastQueue: Background execution not allowed: receiving Intent { act=android.intent.action.DROPBOX_ENTRY_ADDED flg=0x10 (has extras) } to com.google.android.gms/.chimera.GmsIntentOperationService$PersistentTrustedReceiver
01-22 01:00:48.265   833  1105 D EGL_emulation: app_time_stats: avg=9.57ms min=2.05ms max=66.81ms count=40
