--------- beginning of kernel
01-21 22:41:07.671   157   157 I logd    : logdr: UID=2000 GID=2000 PID=5122 n tail=0 logMask=99 pid=0 start=0ns deadline=0ns
--------- beginning of main
01-21 22:41:11.710   935  1155 D BtGatt.ScanManager: uid 10112 isForeground true scanMode -1
01-21 22:41:13.538   833  1105 D EGL_emulation: app_time_stats: avg=13457.13ms min=13457.13ms max=13457.13ms count=1
01-21 22:41:17.787   157   157 I logd    : logdr: UID=2000 GID=2000 PID=5128 b tail=0 logMask=99 pid=0 start=0ns deadline=0ns
01-21 22:41:19.606  1341  1341 D BoundBrokerSvc: onUnbind: Intent { act=com.google.android.gms.nearby.exposurenotification.START dat=chimera-action:/... cmp=com.google.android.gms/.chimera.PersistentApiServiceNoInstantApps }
01-21 22:41:19.885  1645  1645 D BoundBrokerSvc: onUnbind: Intent { act=com.google.android.gms.feedback.internal.IFeedbackService dat=chimera-action:/... cmp=com.google.android.gms/.chimera.GmsBoundBrokerService }
01-21 22:41:19.929  1341  1341 D BoundBrokerSvc: onUnbind: Intent { act=com.google.android.gms.icing.LIGHTWEIGHT_INDEX_SERVICE dat=chimera-action:/... cmp=com.google.android.gms/.chimera.PersistentApiService }
--------- beginning of system
01-21 22:41:22.732   551  2367 I ActivityTaskManager: START u0 {flg=0x10000000 cmp=com.xamarin.android.helloworld/example.MainActivity} from uid 2000
01-21 22:41:22.748   551  2367 D CompatibilityChangeReporter: Compat change id reported: 265464455; UID 10176; state: DISABLED
01-21 22:41:22.748   551  2367 D CompatibilityChangeReporter: Compat change id reported: 265452344; UID 10176; state: DISABLED
01-21 22:41:22.748   551  2367 D CompatibilityChangeReporter: Compat change id reported: 266124927; UID 10176; state: DISABLED
01-21 22:41:22.748   551  2367 D CompatibilityChangeReporter: Compat change id reported: 265451093; UID 10176; state: DISABLED
01-21 22:41:22.749   551  2367 D CompatibilityChangeReporter: Compat change id reported: 265456536; UID 10176; state: DISABLED
01-21 22:41:22.749   551  2367 D CompatibilityChangeReporter: Compat change id reported: 255940284; UID 10176; state: DISABLED
01-21 22:41:22.749   551  2367 D CompatibilityChangeReporter: Compat change id reported: 236283604; UID 10176; state: DISABLED
01-21 22:41:22.749   551  2367 D CompatibilityChangeReporter: Compat change id reported: 263959004; UID 10176; state: DISABLED
01-21 22:41:22.749   551  2367 D CompatibilityChangeReporter: Compat change id reported: 264304459; UID 10176; state: DISABLED
01-21 22:41:22.749   551  2367 D CompatibilityChangeReporter: Compat change id reported: 264301586; UID 10176; state: DISABLED
01-21 22:41:22.749   551  2367 D CompatibilityChangeReporter: Compat change id reported: 254631730; UID 10176; state: DISABLED
01-21 22:41:22.749   551  2367 D CompatibilityChangeReporter: Compat change id reported: 273509367; UID 10176; state: DISABLED
01-21 22:41:22.749   551  2367 D CompatibilityChangeReporter: Compat change id reported: 263259275; UID 10176; state: DISABLED
01-21 22:41:22.765   551  2367 D CompatibilityChangeReporter: Compat change id reported: 194480991; UID 10176; state: ENABLED
01-21 22:41:22.769   551  2367 D CompatibilityChangeReporter: Compat change id reported: 174042980; UID 10176; state: DISABLED
01-21 22:41:22.814   551  2367 D CompatibilityChangeReporter: Compat change id reported: 184838306; UID 10176; state: DISABLED
01-21 22:41:22.815   551  2367 D CompatibilityChangeReporter: Compat change id reported: 185004937; UID 10176; state: DISABLED
01-21 22:41:22.822   551  2367 D CompatibilityChangeReporter: Compat change id reported: 205907456; UID 10176; state: ENABLED
01-21 22:41:22.888   551   596 D CompatibilityChangeReporter: Compat change id reported: 135634846; UID 10176; state: DISABLED
01-21 22:41:22.889   551   596 D CompatibilityChangeReporter: Compat change id reported: 177438394; UID 10176; state: DISABLED
01-21 22:41:22.915   551   596 D CompatibilityChangeReporter: Compat change id reported: 135772972; UID 10176; state: DISABLED
01-21 22:41:22.915   551   596 D CompatibilityChangeReporter: Compat change id reported: 135754954; UID 10176; state: ENABLED
01-21 22:41:22.915   551   596 W ActivityManager: Slow operation: 54ms so far, now at startProcess: done starting proc!
01-21 22:41:22.923   551   607 D CompatibilityChangeReporter: Compat change id reported: 143937733; UID 10176; state: ENABLED
01-21 22:41:22.955   337   337 I BpBinder: onLastStrongRef automatically unlinking death recipients: <uncached descriptor>
01-21 22:41:22.971   294   294 D Zygote  : Forked child process 5137
01-21 22:41:22.992   833  1105 W Parcel  : Expecting binder but got null!
01-21 22:41:22.993   551   607 W ActivityManager: Slow operation: 105ms so far, now at startProcess: returned from zygote!
01-21 22:41:22.993   551   607 W ActivityManager: Slow operation: 105ms so far, now at startProcess: done updating battery stats
01-21 22:41:22.993   551   607 W ActivityManager: Slow operation: 105ms so far, now at startProcess: building log message
01-21 22:41:22.993   551   607 I ActivityManager: Start proc 5137:com.xamarin.android.helloworld/u0a176 for next-top-activity {com.xamarin.android.helloworld/example.MainActivity}
01-21 22:41:22.993   551   607 W ActivityManager: Slow operation: 105ms so far, now at startProcess: starting to update pids map
01-21 22:41:23.010   833  1089 D SplashScreenView: Build android.window.SplashScreenView{7a8316b V.E...... ......ID 0,0-0,0}
01-21 22:41:23.010   833  1089 D SplashScreenView: Icon: view: android.widget.ImageView{56dd4c8 V.ED..... ......I. 0,0-0,0 #10204dd android:id/splashscreen_icon_view} drawable: com.android.wm.shell.startingsurface.SplashscreenIconDrawableFactory$ImmobileIconDrawable@148b961 size: 440
01-21 22:41:23.010   833  1089 D SplashScreenView: Branding: view: android.view.View{678ac86 G.ED..... ......I. 0,0-0,0 #10204dc android:id/splashscreen_branding_view} drawable: null size w: 0 h: 0
01-21 22:41:23.012  5137  5137 I roid.helloworld: Using CollectorTypeCC GC.
01-21 22:41:23.031   365   430 I adbd    : jdwp connection from 5137
01-21 22:41:23.033   551   607 W ActivityManager: Slow operation: 145ms so far, now at startProcess: done updating pids map
01-21 22:41:23.043   551  2376 D CoreBackPreview: Window{731452d u0 Splash Screen com.xamarin.android.helloworld}: Setting back callback OnBackInvokedCallbackInfo{mCallback=android.window.IOnBackInvokedCallback$Stub$Proxy@b2887f3, mPriority=0}
01-21 22:41:23.060   551  1244 W ActivityTaskManager: takeTaskSnapshot: taskId=13 not found or not visible
01-21 22:41:23.073   551  1244 W ActivityTaskManager: takeTaskSnapshot: taskId=27 not found or not visible
01-21 22:41:23.087  5137  5137 D CompatibilityChangeReporter: Compat change id reported: 171979766; UID 10176; state: ENABLED
01-21 22:41:23.157  5137  5137 D nativeloader: Configuring classloader-namespace for other apk /data/app/~~aK1YeRqpVoyICmGO6SxYWw==/com.xamarin.android.helloworld-PncM76RCq6wgDbQPH6a18g==/base.apk. target_sdk_version=36, uses_libraries=, library_path=/data/app/~~aK1YeRqpVoyICmGO6SxYWw==/com.xamarin.android.helloworld-PncM76RCq6wgDbQPH6a18g==/lib/arm64:/data/app/~~aK1YeRqpVoyICmGO6SxYWw==/com.xamarin.android.helloworld-PncM76RCq6wgDbQPH6a18g==/base.apk!/lib/arm64-v8a, permitted_path=/data:/mnt/expand:/data/user/0/com.xamarin.android.helloworld
01-21 22:41:23.174  1201  1613 D EGL_emulation: app_time_stats: avg=185137.38ms min=77.10ms max=740211.94ms count=4
01-21 22:41:23.193  5137  5137 V GraphicsEnvironment: ANGLE Developer option for 'com.xamarin.android.helloworld' set to: 'default'
01-21 22:41:23.193  5137  5137 V GraphicsEnvironment: ANGLE GameManagerService for com.xamarin.android.helloworld: false
01-21 22:41:23.193  5137  5137 V GraphicsEnvironment: Neither updatable production driver nor prerelease driver is supported.
01-21 22:41:23.198  5137  5137 D NetworkSecurityConfig: No Network Security Config specified, using platform default
01-21 22:41:23.199  5137  5137 D NetworkSecurityConfig: No Network Security Config specified, using platform default
01-21 22:41:23.201   551  2367 D CompatibilityChangeReporter: Compat change id reported: 161145287; UID 10176; state: DISABLED
01-21 22:41:23.216   833  1105 E OpenGLRenderer: Unable to match the desired swap behavior.
01-21 22:41:23.494   337   432 W TransactionTracing: Could not find layer handle 0xb4000073622ea4b0
01-21 22:41:23.620   833  1105 D EGL_emulation: app_time_stats: avg=123288.96ms min=26.28ms max=739454.94ms count=6
01-21 22:41:23.719   833   978 W Looper  : Slow delivery took 58ms wmshell.main h=android.os.Handler c=com.android.wm.shell.common.DisplayController$DisplayWindowListenerImpl$$ExternalSyntheticLambda1@8b63399 m=0
01-21 22:41:23.743   337   432 W TransactionTracing: Could not find layer handle 0xb4000073622e9730
01-21 22:41:23.923   833   978 W Looper  : Drained
01-21 22:41:24.027  5137  5137 D DOTNET  : AndroidCryptoNative_InitLibraryOnLoad: jint AndroidCryptoNative_InitLibraryOnLoad(JavaVM *, void *) in /__w/1/s/src/runtime/src/native/libs/System.Security.Cryptography.Native.Android/pal_jni.c
01-21 22:41:24.046  5137  5137 D DOTNET  : GetOptionalClassGRef: optional class com/android/org/conscrypt/OpenSSLEngineImpl was not found
01-21 22:41:24.286  5137  5137 I monodroid-typemap: TypeMapAttributeTypeMap: Initializing...
01-21 22:41:24.382  5137  5137 I monodroid-typemap: TypeMapAttributeTypeMap: Initialized external and invoker type mappings
01-21 22:41:24.471  5137  5162 D libEGL  : loaded /vendor/lib64/egl/libEGL_emulation.so
01-21 22:41:24.477  5137  5162 D libEGL  : loaded /vendor/lib64/egl/libGLESv1_CM_emulation.so
01-21 22:41:24.480  5137  5162 D libEGL  : loaded /vendor/lib64/egl/libGLESv2_emulation.so
01-21 22:41:24.541  5137  5137 I monodroid-typemap: TryGetJniNameForType: HelloWorld.MainActivity -> 'example/MainActivity' (from [Register])
01-21 22:41:24.555  5137  5137 I monodroid: RegisterNativeMembers: type=HelloWorld.MainActivity, methods=n_onCreate:(Landroid/os/Bundle;)V:GetOnCreate_Landroid_os_Bundle_Handler
01-21 22:41:24.555  5137  5137 I monodroid: 
01-21 22:41:24.559  5137  5137 I monodroid: DynamicNativeMembersRegistration: registered n_onCreate for HelloWorld.MainActivity
01-21 22:41:24.563  5137  5137 I monodroid: DynamicNativeMembersRegistration: calling RegisterNatives with 1 methods
01-21 22:41:24.568  5137  5137 I monodroid-typemap: TryGetJniNameForType: Java.Interop.TypeManager+JavaTypeManager -> 'mono/android/TypeManager' (from [Register])
01-21 22:41:24.574  5137  5137 I monodroid: RegisterNativeMembers: type=Java.Interop.TypeManager+JavaTypeManager, methods=n_activate:(Ljava/lang/String;Ljava/lang/String;Ljava/lang/Object;[Ljava/lang/Object;)V:GetActivateHandler
01-21 22:41:24.574  5137  5137 I monodroid: 
01-21 22:41:24.574  5137  5137 I monodroid: DynamicNativeMembersRegistration: registered n_activate for Java.Interop.TypeManager+JavaTypeManager
01-21 22:41:24.574  5137  5137 I monodroid: DynamicNativeMembersRegistration: calling RegisterNatives with 1 methods
01-21 22:41:24.629   833  1105 D EGL_emulation: app_time_stats: avg=20.79ms min=6.46ms max=72.19ms count=30
01-21 22:41:24.786  5137  5137 D CompatibilityChangeReporter: Compat change id reported: 210923482; UID 10176; state: ENABLED
01-21 22:41:24.846  5137  5137 I monodroid-typemap: CreatePeer: handle=0xc9, targetType=Android.Views.View
01-21 22:41:24.858  5137  5137 I monodroid-typemap: CreatePeer: Found type Android.Widget.Button for Java class 'android/widget/Button'
01-21 22:41:24.866  5137  5137 I monodroid-typemap: TryGetJniNameForType: Android.Widget.Button -> 'android/widget/Button' (from [Register])
01-21 22:41:24.867  5137  5137 I monodroid-typemap: CreatePeer: Activating instance of Android.Widget.Button...
01-21 22:41:24.905  5137  5137 I monodroid-typemap: CreatePeer: SUCCESS - Created Android.Widget.Button for Java class 'android/widget/Button'
01-21 22:41:25.007  5137  5137 I monodroid-typemap: TryGetJniNameForType: Android.Views.View+IOnClickListenerImplementor -> 'mono/android/view/View_OnClickListenerImplementor' (from [Register])
01-21 22:41:25.018  5137  5137 I monodroid-typemap: TryGetJniNameForType: Android.Views.View+IOnClickListenerImplementor -> 'mono/android/view/View_OnClickListenerImplementor' (from [Register])
01-21 22:41:25.018  5137  5137 I monodroid: RegisterNativeMembers: type=Android.Views.View+IOnClickListenerImplementor, methods=n_onClick:(Landroid/view/View;)V:GetOnClick_Landroid_view_View_Handler:Android.Views.View+IOnClickListenerInvoker, Mono.Android, Version=0.0.0.0, Culture=neutral, PublicKeyToken=null
01-21 22:41:25.018  5137  5137 I monodroid: 
01-21 22:41:25.026  5137  5137 I monodroid: DynamicNativeMembersRegistration: registered n_onClick for Android.Views.View+IOnClickListenerImplementor
01-21 22:41:25.026  5137  5137 I monodroid: DynamicNativeMembersRegistration: calling RegisterNatives with 1 methods
01-21 22:41:25.117  5137  5137 D CompatibilityChangeReporter: Compat change id reported: 237531167; UID 10176; state: DISABLED
01-21 22:41:25.203  5137  5161 W Parcel  : Expecting binder but got null!
01-21 22:41:25.233   551  1244 D CoreBackPreview: Window{a7cde0d u0 com.xamarin.android.helloworld/example.MainActivity}: Setting back callback OnBackInvokedCallbackInfo{mCallback=android.window.IOnBackInvokedCallback$Stub$Proxy@ce0fbd3, mPriority=0}
01-21 22:41:25.279   337  1162 W ServiceManager: Permission failure: android.permission.ACCESS_SURFACE_FLINGER from uid=10176 pid=5137
01-21 22:41:25.279   337  1162 D PermissionCache: checking android.permission.ACCESS_SURFACE_FLINGER for uid=10176 => denied (468 us)
01-21 22:41:25.280   337   421 W ServiceManager: Permission failure: android.permission.ACCESS_SURFACE_FLINGER from uid=10176 pid=0
01-21 22:41:25.280   337   421 D PermissionCache: checking android.permission.ACCESS_SURFACE_FLINGER for uid=10176 => denied (1410 us)
01-21 22:41:25.280   337  1162 W ServiceManager: Permission failure: android.permission.ROTATE_SURFACE_FLINGER from uid=10176 pid=5137
01-21 22:41:25.281   337   421 W ServiceManager: Permission failure: android.permission.ROTATE_SURFACE_FLINGER from uid=10176 pid=0
01-21 22:41:25.281   337   421 D PermissionCache: checking android.permission.ROTATE_SURFACE_FLINGER for uid=10176 => denied (1318 us)
01-21 22:41:25.281   337  1162 D PermissionCache: checking android.permission.ROTATE_SURFACE_FLINGER for uid=10176 => denied (1712 us)
01-21 22:41:25.284   337  1162 W ServiceManager: Permission failure: android.permission.INTERNAL_SYSTEM_WINDOW from uid=10176 pid=5137
01-21 22:41:25.284   337  1162 D PermissionCache: checking android.permission.INTERNAL_SYSTEM_WINDOW for uid=10176 => denied (2998 us)
01-21 22:41:25.284   337   421 W ServiceManager: Permission failure: android.permission.INTERNAL_SYSTEM_WINDOW from uid=10176 pid=0
01-21 22:41:25.284   337   421 D PermissionCache: checking android.permission.INTERNAL_SYSTEM_WINDOW for uid=10176 => denied (3063 us)
01-21 22:41:25.302   337   432 W TransactionTracing: Could not find layer handle 0xb4000073622e6f70
01-21 22:41:25.302   337   432 W TransactionTracing: Could not find layer handle 0xb4000073622e6fd0
01-21 22:41:25.306  5137  5161 D HostConnection: HostComposition ext ANDROID_EMU_CHECKSUM_HELPER_v1 ANDROID_EMU_native_sync_v2 ANDROID_EMU_native_sync_v3 ANDROID_EMU_native_sync_v4 ANDROID_EMU_dma_v1 ANDROID_EMU_direct_mem ANDROID_EMU_host_composition_v1 ANDROID_EMU_host_composition_v2 ANDROID_EMU_vulkan ANDROID_EMU_deferred_vulkan_commands ANDROID_EMU_vulkan_null_optional_strings ANDROID_EMU_vulkan_create_resources_with_requirements ANDROID_EMU_YUV_Cache ANDROID_EMU_vulkan_ignored_handles ANDROID_EMU_has_shared_slots_host_memory_allocator ANDROID_EMU_vulkan_free_memory_sync ANDROID_EMU_vulkan_shader_float16_int8 ANDROID_EMU_vulkan_async_queue_submit ANDROID_EMU_vulkan_queue_submit_with_commands ANDROID_EMU_sync_buffer_data ANDROID_EMU_vulkan_async_qsri ANDROID_EMU_read_color_buffer_dma ANDROID_EMU_hwc_multi_configs GL_OES_EGL_image_external_essl3 GL_OES_vertex_array_object GL_KHR_texture_compression_astc_ldr ANDROID_EMU_host_side_tracing ANDROID_EMU_gles_max_version_3_0 
01-21 22:41:25.312  5137  5161 W OpenGLRenderer: Failed to choose config with EGL_SWAP_BEHAVIOR_PRESERVED, retrying without...
01-21 22:41:25.313  5137  5161 W OpenGLRenderer: Failed to initialize 101010-2 format, error = EGL_SUCCESS
01-21 22:41:25.314  5137  5161 D EGL_emulation: eglCreateContext: 0xb400007008b56a10: maj 3 min 0 rcv 3
01-21 22:41:25.318  5137  5161 D EGL_emulation: eglMakeCurrent: 0xb400007008b56a10: ver 3 0 (tinfo 0x7236e35080) (first time)
01-21 22:41:25.370   833  1105 D EGL_emulation: app_time_stats: avg=11826.60ms min=11826.60ms max=11826.60ms count=1
01-21 22:41:25.432   149   149 I hwservicemanager: getTransport: Cannot find entry android.hardware.graphics.mapper@4.0::IMapper/default in either framework or device VINTF manifest.
01-21 22:41:25.434  5137  5161 I Gralloc4: mapper 4.x is not supported
01-21 22:41:25.488   149   149 I hwservicemanager: getTransport: Cannot find entry android.hardware.graphics.allocator@4.0::IAllocator/default in either framework or device VINTF manifest.
01-21 22:41:25.501   148   148 I servicemanager: Could not find android.hardware.graphics.allocator.IAllocator/default in the VINTF manifest.
01-21 22:41:25.504  5137  5161 W Gralloc4: allocator 4.x is not supported
01-21 22:41:25.511  5137  5161 D HostConnection: HostComposition ext ANDROID_EMU_CHECKSUM_HELPER_v1 ANDROID_EMU_native_sync_v2 ANDROID_EMU_native_sync_v3 ANDROID_EMU_native_sync_v4 ANDROID_EMU_dma_v1 ANDROID_EMU_direct_mem ANDROID_EMU_host_composition_v1 ANDROID_EMU_host_composition_v2 ANDROID_EMU_vulkan ANDROID_EMU_deferred_vulkan_commands ANDROID_EMU_vulkan_null_optional_strings ANDROID_EMU_vulkan_create_resources_with_requirements ANDROID_EMU_YUV_Cache ANDROID_EMU_vulkan_ignored_handles ANDROID_EMU_has_shared_slots_host_memory_allocator ANDROID_EMU_vulkan_free_memory_sync ANDROID_EMU_vulkan_shader_float16_int8 ANDROID_EMU_vulkan_async_queue_submit ANDROID_EMU_vulkan_queue_submit_with_commands ANDROID_EMU_sync_buffer_data ANDROID_EMU_vulkan_async_qsri ANDROID_EMU_read_color_buffer_dma ANDROID_EMU_hwc_multi_configs GL_OES_EGL_image_external_essl3 GL_OES_vertex_array_object GL_KHR_texture_compression_astc_ldr ANDROID_EMU_host_side_tracing ANDROID_EMU_gles_max_version_3_0 
01-21 22:41:25.513  5137  5161 E OpenGLRenderer: Unable to match the desired swap behavior.
01-21 22:41:25.984  1201  1201 I ActivityThread: Schedule relaunch activity: com.google.android.apps.nexuslauncher.NexusLauncherActivity
01-21 22:41:25.985  1201  1201 I ActivityThread: Schedule relaunch activity: com.google.android.apps.nexuslauncher.NexusLauncherActivity
01-21 22:41:25.993   551   593 I ActivityTaskManager: Displayed com.xamarin.android.helloworld/example.MainActivity: +3s180ms
01-21 22:41:26.004   551  2380 D CompatibilityChangeReporter: Compat change id reported: 214016041; UID 10176; state: ENABLED
01-21 22:41:26.044  1201  1718 D OneSearchSuggestProvider: Shut down the binder channel
01-21 22:41:26.110  1201  1220 I s.nexuslauncher: oneway function results for code 2 on binder at 0xb400006f98bb5de0 will be dropped but finished with status UNKNOWN_TRANSACTION
01-21 22:41:26.115   551  2367 W WindowManager: Attempted to set replacing window on app token with no content Token{c57f15f ActivityRecord{b76e7ac u0 com.google.android.apps.nexuslauncher/.NexusLauncherActivity} t25}}
01-21 22:41:26.116  2899  2899 I GoogleInputMethodService: GoogleInputMethodService.onFinishInput():3227 
01-21 22:41:26.222  1201  1201 D b/254119092: clearActivity
01-21 22:41:26.222  1201  1201 D b/254119092: mActivity and mContext agree taskbarIsPresent=false
01-21 22:41:26.286  2899  2899 I GoogleInputMethodService: GoogleInputMethodService.updateDeviceLockedStatus():2087 repeatCheckTimes = 0, unlocked = true
01-21 22:41:26.311   551   917 D CoreBackPreview: Window{cad3be9 u0 com.google.android.apps.nexuslauncher/com.google.android.apps.nexuslauncher.NexusLauncherActivity}: Setting back callback null
01-21 22:41:26.333  1201  1201 W OnBackInvokedCallback: OnBackInvokedCallback is not enabled for the application.
01-21 22:41:26.333  1201  1201 W OnBackInvokedCallback: Set 'android:enableOnBackInvokedCallback="true"' in the application manifest.
01-21 22:41:26.333  2899  2899 I GoogleInputMethodService: GoogleInputMethodService.onStartInput():1877 onStartInput(EditorInfo{inputType=0x0(NULL) imeOptions=0x0 privateImeOptions=null actionName=UNSPECIFIED actionLabel=null actionId=0 initialSelStart=-1 initialSelEnd=-1 initialCapsMode=0x0 hintText=null label=null packageName=com.xamarin.android.helloworld fieldId=-1 fieldName=null extras=null}, false)
01-21 22:41:26.333  2899  2899 I GoogleInputMethodService: GoogleInputMethodService.shouldHideHeaderOnInitialState():4008 ShouldHideHeaderOnInitialState = false
01-21 22:41:26.334  2899  2899 I GoogleInputMethodService: GoogleInputMethodService.updateDeviceLockedStatus():2087 repeatCheckTimes = 2, unlocked = true
01-21 22:41:26.353   551  2380 D SearchUiPerUserService: Removing all callbacks for session Id=com.google.android.apps.nexuslauncher:bca69eb4-9ee2-4e41-8bb3-c2d227497c21,0 and 0 callbacks.
01-21 22:41:26.462   833  1105 D EGL_emulation: app_time_stats: avg=104.35ms min=6.58ms max=648.56ms count=10
01-21 22:41:26.523   551  2373 D CoreBackPreview: Window{731452d u0 Splash Screen com.xamarin.android.helloworld EXITING}: Setting back callback null
01-21 22:41:26.537   551  2380 W InputManager-JNI: Input channel object '731452d Splash Screen com.xamarin.android.helloworld (client)' was disposed without first being removed with the input manager!
01-21 22:41:26.558  1201  1201 D AutofillManager: Fill dialog is enabled:false, hints=[password, passwordAuto, creditCardNumber, creditCardSecurityCode, creditCardExpirationDate]
01-21 22:41:26.588  1201  1201 D DeviceSearchAlg: search timeout = %d200
01-21 22:41:26.609  1201  1258 I AiAiSuggestUi: Connecting to system intelligence module.
01-21 22:41:26.667   833  1105 D EGL_emulation: app_time_stats: avg=81.64ms min=4.19ms max=1316.46ms count=21
01-21 22:41:26.717  1201  1201 W PageIndicator: Total number of pages invalid: 0. Assuming 1 page.
01-21 22:41:26.717  1201  1201 W BcSmartspaceView: Current card is not present in the Adapter; cannot log.
01-21 22:41:26.728  1201  1201 I OverviewComponentObserver: updateOverviewTargets: mIsHomeDisabled=false, isDefaultHomeNull=false, mIsDefaultHome=true
01-21 22:41:26.757  1201  1220 I AiAiSuggestUi: Successfully connected to system intelligence: 
01-21 22:41:26.788   551   917 D SearchUiPerUserService: Creating SearchSessionInfo for session Id=com.google.android.apps.nexuslauncher:b5b1d0c3-eeb9-47b8-820a-cf3c42d20c4a,0
01-21 22:41:26.792  1538  1538 I AiAiEcho: SearchContextManagerImpl::setSearchContext resultTypes=[141151] extras=[Bundle[mParcelledData.dataSize=608]] sessionId=[com.google.android.apps.nexuslauncher:b5b1d0c3-eeb9-47b8-820a-cf3c42d20c4a,0]
01-21 22:41:26.818  1201  1201 W BcSmartspaceView: Unable to register Doze Always on content observer.
01-21 22:41:26.818  1201  1201 W BcSmartspaceView: java.lang.SecurityException: No access to content://settings/secure/doze_always_on: Neither user 10151 nor current process has android.permission.INTERACT_ACROSS_USERS_FULL.
01-21 22:41:26.818  1201  1201 W BcSmartspaceView: 	at android.os.Parcel.createExceptionOrNull(Parcel.java:3011)
01-21 22:41:26.818  1201  1201 W BcSmartspaceView: 	at android.os.Parcel.createException(Parcel.java:2995)
01-21 22:41:26.818  1201  1201 W BcSmartspaceView: 	at android.os.Parcel.readException(Parcel.java:2978)
01-21 22:41:26.818  1201  1201 W BcSmartspaceView: 	at android.os.Parcel.readException(Parcel.java:2920)
01-21 22:41:26.818  1201  1201 W BcSmartspaceView: 	at android.content.IContentService$Stub$Proxy.registerContentObserver(IContentService.java:1032)
01-21 22:41:26.818  1201  1201 W BcSmartspaceView: 	at android.content.ContentResolver.registerContentObserver(ContentResolver.java:2712)
01-21 22:41:26.818  1201  1201 W BcSmartspaceView: 	at com.google.android.systemui.smartspace.BcSmartspaceView.onAttachedToWindow(Unknown Source:222)
01-21 22:41:26.818  1201  1201 W BcSmartspaceView: 	at android.view.View.dispatchAttachedToWindow(View.java:21357)
01-21 22:41:26.818  1201  1201 W BcSmartspaceView: 	at android.view.ViewGroup.dispatchAttachedToWindow(ViewGroup.java:3491)
01-21 22:41:26.818  1201  1201 W BcSmartspaceView: 	at android.view.ViewGroup.dispatchAttachedToWindow(ViewGroup.java:3498)
01-21 22:41:26.818  1201  1201 W BcSmartspaceView: 	at android.view.ViewGroup.dispatchAttachedToWindow(ViewGroup.java:3498)
01-21 22:41:26.818  1201  1201 W BcSmartspaceView: 	at android.view.ViewGroup.dispatchAttachedToWindow(ViewGroup.java:3498)
01-21 22:41:26.818  1201  1201 W BcSmartspaceView: 	at android.view.ViewGroup.dispatchAttachedToWindow(ViewGroup.java:3498)
01-21 22:41:26.818  1201  1201 W BcSmartspaceView: 	at android.view.ViewGroup.dispatchAttachedToWindow(ViewGroup.java:3498)
01-21 22:41:26.818  1201  1201 W BcSmartspaceView: 	at android.view.ViewGroup.dispatchAttachedToWindow(ViewGroup.java:3498)
01-21 22:41:26.818  1201  1201 W BcSmartspaceView: 	at android.view.ViewGroup.addViewInner(ViewGroup.java:5291)
01-21 22:41:26.818  1201  1201 W BcSmartspaceView: 	at android.view.ViewGroup.addView(ViewGroup.java:5077)
01-21 22:41:26.818  1201  1201 W BcSmartspaceView: 	at android.view.ViewGroup.addView(ViewGroup.java:5049)
01-21 22:41:26.818  1201  1201 W BcSmartspaceView: 	at com.android.internal.policy.PhoneWindow.setContentView(PhoneWindow.java:507)
01-21 22:41:26.818  1201  1201 W BcSmartspaceView: 	at com.android.internal.policy.PhoneWindow.setContentView(PhoneWindow.java:488)
01-21 22:41:26.818  1201  1201 W BcSmartspaceView: 	at android.app.Activity.setContentView(Activity.java:3622)
01-21 22:41:26.818  1201  1201 W BcSmartspaceView: 	at com.android.launcher3.Launcher.onCreate(Unknown Source:345)
01-21 22:41:26.818  1201  1201 W BcSmartspaceView: 	at com.android.launcher3.uioverrides.QuickstepLauncher.onCreate(Unknown Source:0)
01-21 22:41:26.818  1201  1201 W BcSmartspaceView: 	at com.google.android.apps.nexuslauncher.NexusLauncherActivity.onCreate(Unknown Source:0)
01-21 22:41:26.818  1201  1201 W BcSmartspaceView: 	at android.app.Activity.performCreate(Activity.java:8342)
01-21 22:41:26.818  1201  1201 W BcSmartspaceView: 	at android.app.Activity.performCreate(Activity.java:8321)
01-21 22:41:26.818  1201  1201 W BcSmartspaceView: 	at android.app.Instrumentation.callActivityOnCreate(Instrumentation.java:1417)
01-21 22:41:26.818  1201  1201 W BcSmartspaceView: 	at android.app.ActivityThread.performLaunchActivity(ActivityThread.java:3626)
01-21 22:41:26.818  1201  1201 W BcSmartspaceView: 	at android.app.ActivityThread.handleLaunchActivity(ActivityThread.java:3782)
01-21 22:41:26.818  1201  1201 W BcSmartspaceView: 	at android.app.ActivityThread.handleRelaunchActivityInner(ActivityThread.java:5783)
01-21 22:41:26.818  1201  1201 W BcSmartspaceView: 	at android.app.ActivityThread.handleRelaunchActivity(ActivityThread.java:5674)
01-21 22:41:26.818  1201  1201 W BcSmartspaceView: 	at android.app.servertransaction.ActivityRelaunchItem.execute(ActivityRelaunchItem.java:71)
01-21 22:41:26.818  1201  1201 W BcSmartspaceView: 	at android.app.servertransaction.ActivityTransactionItem.execute(ActivityTransactionItem.java:45)
01-21 22:41:26.818  1201  1201 W BcSmartspaceView: 	at android.app.servertransaction.TransactionExecutor.executeCallbacks(TransactionExecutor.java:138)
01-21 22:41:26.818  1201  1201 W BcSmartspaceView: 	at android.app.servertransaction.TransactionExecutor.execute(TransactionExecutor.java:95)
01-21 22:41:26.818  1201  1201 W BcSmartspaceView: 	at android.app.ClientTransactionHandler.executeTransaction(ClientTransactionHandler.java:61)
01-21 22:41:26.818  1201  1201 W BcSmartspaceView: 	at android.app.ActivityThread.handleRelaunchActivityLocally(ActivityThread.java:5742)
01-21 22:41:26.818  1201  1201 W BcSmartspaceView: 	at android.app.ActivityThread$H.handleMessage(ActivityThread.java:2317)
01-21 22:41:26.818  1201  1201 W BcSmartspaceView: 	at android.os.Handler.dispatchMessage(Handler.java:106)
01-21 22:41:26.818  1201  1201 W BcSmartspaceView: 	at android.os.Looper.loopOnce(Looper.java:201)
01-21 22:41:26.818  1201  1201 W BcSmartspaceView: 	at android.os.Looper.loop(Looper.java:288)
01-21 22:41:26.818  1201  1201 W BcSmartspaceView: 	at android.app.ActivityThread.main(ActivityThread.java:7924)
01-21 22:41:26.818  1201  1201 W BcSmartspaceView: 	at java.lang.reflect.Method.invoke(Native Method)
01-21 22:41:26.818  1201  1201 W BcSmartspaceView: 	at com.android.internal.os.RuntimeInit$MethodAndArgsCaller.run(RuntimeInit.java:548)
01-21 22:41:26.818  1201  1201 W BcSmartspaceView: 	at com.android.internal.os.ZygoteInit.main(ZygoteInit.java:936)
01-21 22:41:26.818  1201  1201 W BcSmartspaceView: Caused by: android.os.RemoteException: Remote stack trace:
01-21 22:41:26.818  1201  1201 W BcSmartspaceView: 	at android.app.ContextImpl.enforce(ContextImpl.java:2240)
01-21 22:41:26.818  1201  1201 W BcSmartspaceView: 	at android.app.ContextImpl.enforceCallingOrSelfPermission(ContextImpl.java:2268)
01-21 22:41:26.818  1201  1201 W BcSmartspaceView: 	at com.android.server.content.ContentService.handleIncomingUser(ContentService.java:1397)
01-21 22:41:26.818  1201  1201 W BcSmartspaceView: 	at com.android.server.content.ContentService.registerContentObserver(ContentService.java:369)
01-21 22:41:26.818  1201  1201 W BcSmartspaceView: 	at android.content.IContentService$Stub.onTransact(IContentService.java:486)
01-21 22:41:26.818  1201  1201 W BcSmartspaceView: 
01-21 22:41:26.841  1201  1201 I ContentCaptureHelper: Setting logging level to DEBUG
01-21 22:41:26.843  1201  1201 D ContentCaptureManager: setFlushViewTreeAppearingEventDisabled(): setting to false
01-21 22:41:26.843  1201  1201 D ContentCaptureManager: updateWindowAttributes(): window flags=-2137980672
01-21 22:41:26.851  1201  1201 D ContentCaptureManager: updateWindowAttributes(): window flags=-2137980672
01-21 22:41:26.882  1201  1201 I Choreographer: Skipped 40 frames!  The application may be doing too much work on its main thread.
01-21 22:41:26.920   337   432 W TransactionTracing: Could not find layer handle 0xb4000073622e7e70
01-21 22:41:26.964  1201  1201 W BcSmartspaceCard: No title view to update
01-21 22:41:26.965  1201  1201 I BcSmartspaceCard: setFormattedContentDescription: textView=SUBTITLE, text=null, iconDescription=null, contentDescription=null
01-21 22:41:27.014  1201  1201 D TISBindHelper: TIS service connected
01-21 22:41:27.014  1201  1201 D b/254119092: Set mActivity=com.google.android.apps.nexuslauncher.NexusLauncherActivity@f747a82
01-21 22:41:27.014  1201  1201 D b/254119092: mActivity and mContext agree taskbarIsPresent=false
01-21 22:41:27.015  1201  1201 D MainContentCaptureSession: handleScheduleFlush(act:com.google.android.apps.nexuslauncher/.NexusLauncherActivity [state=1 (WAITING_FOR_SERVER), disabled=false], reason=FULL): not a timeout reason because mDirectServiceInterface is not ready yet
01-21 22:41:27.028   551   917 I ActivityTaskManager: Activity reported stop, but no longer stopping: ActivityRecord{b76e7ac u0 com.google.android.apps.nexuslauncher/.NexusLauncherActivity} t25} STOPPED
01-21 22:41:27.182  1201  1201 D MainContentCaptureSession: Flushing 2 event(s) for act:com.google.android.apps.nexuslauncher/.NexusLauncherActivity [state=2 (ACTIVE), disabled=false], reason=CONNECTED
01-21 22:41:27.277  1538  2129 I AiAiStatsd: Successfully logged feature usage for VISUAL_CORTEX.
01-21 22:41:27.723   833  1105 D EGL_emulation: app_time_stats: avg=13.75ms min=3.12ms max=48.04ms count=30
01-21 22:41:27.842  1754  2094 W Parcel  : Expecting binder but got null!
01-21 22:41:27.851   551  2380 D CoreBackPreview: Window{bb12ed2 u0 Acetone}: Setting back callback OnBackInvokedCallbackInfo{mCallback=android.window.IOnBackInvokedCallback$Stub$Proxy@a969ea0, mPriority=0}
01-21 22:41:27.933  1754  2094 W Parcel  : Expecting binder but got null!
01-21 22:41:27.938   551  2380 D CoreBackPreview: Window{41fceff u0 Acetone}: Setting back callback OnBackInvokedCallbackInfo{mCallback=android.window.IOnBackInvokedCallback$Stub$Proxy@2cb6315, mPriority=0}
01-21 22:41:27.988   551  2373 W InputManager-JNI: Input channel object '2fb05c6 com.google.android.apps.nexuslauncher/com.google.android.apps.nexuslauncher.NexusLauncherActivity (client)' was disposed without first being removed with the input manager!
01-21 22:41:28.040   337   432 W TransactionTracing: Could not find layer handle 0xb4000073622e75d0
01-21 22:41:28.078   551  2380 W WindowManager: Failed looking up window session=Session{4d415b5 1754:u0a10120} callers=com.android.server.wm.WindowManagerService.windowForClientLocked:6050 com.android.server.wm.Session.setOnBackInvokedCallbackInfo:943 android.view.IWindowSession$Stub.onTransact:1180 
01-21 22:41:28.078   551  2380 E WindowManager: setOnBackInvokedCallback(): No window state for package:com.google.android.googlequicksearchbox
01-21 22:41:28.112   551  2380 D CoreBackPreview: Window{bb12ed2 u0 Acetone}: Setting back callback null
01-21 22:41:28.113   551  2381 W InputManager-JNI: Input channel object 'bb12ed2 Acetone (client)' was disposed without first being removed with the input manager!
01-21 22:41:28.138   337   432 W TransactionTracing: Could not find layer handle 0xb4000073622ea090
01-21 22:41:32.623   551   684 I ActivityManager: Killing 4304:com.google.android.settings.intelligence/u0a108 (adj 985): empty #17
01-21 22:41:32.629   551   610 I libprocessgroup: Successfully killed process cgroup uid 10108 pid 4304 in 0ms
01-21 22:41:32.665   294   294 I Zygote  : Process 4304 exited due to signal 9 (Killed)
