01-21 22:24:07.634     1     1 I init    : Service 'vendor.dlkm_loader' (pid 135) exited with status 0 oneshot service took 1.251000 seconds in background
01-21 22:24:07.634     1     1 I init    : Sending signal 9 to service 'vendor.dlkm_loader' (pid 135) process group...
01-21 22:24:07.635     1     1 I libprocessgroup: Successfully killed process cgroup uid 0 pid 135 in 0ms
01-21 22:24:07.636     1     1 I init    : Service 'exec 4 (/system/bin/fsverity_init --load-verified-keys)' (pid 173) exited with status 0 waiting took 0.433000 seconds
01-21 22:24:07.636     1     1 I init    : Sending signal 9 to service 'exec 4 (/system/bin/fsverity_init --load-verified-keys)' (pid 173) process group...
01-21 22:24:07.636     1     1 I libprocessgroup: Successfully killed process cgroup uid 0 pid 173 in 0ms
01-21 22:24:07.666   170   170 I keystore2: keystore2_main: Keystore2 is starting.
01-21 22:24:07.667   170   170 I keystore2: keystore2_main: Setting up sqlite logging for keystore2
01-21 22:24:07.673   170   170 W keystore2: keystore2::metrics_store: In update_keystore_crash_sysprop: Failed to read the existing system property due to: In read_keystore_crash_count: Property not set..Therefore, keystore crashes will not be logged.
01-21 22:24:07.677   170   170 I keystore2: keystore2_main: Starting thread pool now.
01-21 22:24:07.680   170   176 I keystore2: getDeviceHalManifest: Reading VINTF information.
01-21 22:24:07.685   170   176 I keystore2: getDeviceHalManifest: Successfully processed VINTF information
01-21 22:24:07.694   170   170 I keystore2: keystore2::globals: KeyMint device is current version (Some(200)) for security level: SecurityLevel(1)
01-21 22:24:07.703   149   149 I hwservicemanager: getTransport: Cannot find entry android.hardware.keymaster@4.0::IKeymasterDevice/default in either framework or device VINTF manifest.
01-21 22:24:07.705   170   176 I keystore2: keystore2::shared_secret_negotiation: Shared secret negotiation concluded successfully.
01-21 22:24:07.706   149   149 I hwservicemanager: getTransport: Cannot find entry android.hardware.keymaster@3.0::IKeymasterDevice/default in either framework or device VINTF manifest.
01-21 22:24:07.708   148   148 I servicemanager: Found android.system.keystore2.IKeystoreService/default in framework VINTF manifest.
01-21 22:24:07.718   149   149 I hwservicemanager: getTransport: Cannot find entry android.hardware.keymaster@4.0::IKeymasterDevice/default in either framework or device VINTF manifest.
01-21 22:24:07.721   149   149 I hwservicemanager: getTransport: Cannot find entry android.hardware.keymaster@3.0::IKeymasterDevice/default in either framework or device VINTF manifest.
01-21 22:24:07.721   170   176 I keystore2: keystore2::shared_secret_negotiation: No StrongBox Keymint available, so no RoT transfer
01-21 22:24:07.725   170   170 I keystore2: keystore2_main: Successfully registered Keystore 2.0 service.
01-21 22:24:07.725   170   170 I keystore2: keystore2_main: Joining thread pool now.
01-21 22:24:07.938     1     1 I init    : processing action (late-fs) from (/system/etc/init/hw/init.rc:649)
01-21 22:24:07.940     1     1 I init    : processing action (late-fs) from (/vendor/etc/init/hw/init.ranchu.rc:7)
01-21 22:24:07.943     1     1 I init    : [libfs_mgr]Invalid ext4 superblock on '/dev/block/vdc'
01-21 22:24:07.944     1     1 E init    : [libfs_mgr]mount_with_alternatives(): skipping mount due to invalid magic, mountpoint=/data blk_dev=/dev/block/vdc rec[5].fs_type=ext4
01-21 22:24:07.945     1     1 I init    : Calling: /system/bin/vdc cryptfs mountFstab /dev/block/vdc /data
01-21 22:24:07.922   156   156 D vold    : fscrypt_mount_metadata_encrypted: /data encrypt: 0 format: 0 with null
01-21 22:24:07.922   156   156 D vold    : metadata_key_dir/key: /metadata/vold/metadata_encryption/key
01-21 22:24:07.963   181   181 D vdc     : Waited 0ms for vold
01-21 22:24:07.924   156   156 D vold    : Key exists, using: /metadata/vold/metadata_encryption/key
01-21 22:24:07.936   170   170 I SELinux : SELinux: Loaded keystore2_key_contexts from:
01-21 22:24:07.937   170   170 I SELinux :     /system/etc/selinux/plat_keystore2_key_contexts
01-21 22:24:07.968   156   156 D vold    : Mounting metadata-encrypted filesystem:/data
01-21 22:24:07.968   149   149 I hwservicemanager: getTransport: Cannot find entry android.hardware.boot@1.0::IBootControl/default in either framework or device VINTF manifest.
01-21 22:24:07.971   156   156 I vold    : [libfs_mgr]superblock s_max_mnt_count:65535,/dev/block/dm-33
01-21 22:24:07.972   156   156 I vold    : [libfs_mgr]Filesystem on /dev/block/dm-33 was not cleanly shutdown; state flags: 0x1, incompat feature flags: 0x30046
01-21 22:24:08.014   156   156 W EXT4-fs (dm-33): Ignoring removed nomblk_io_submit option
01-21 22:24:08.014   156   156 I EXT4-fs (dm-33): Using encoding defined by superblock: utf8-12.1.0 with flags 0x0
01-21 22:24:08.171   156   156 I vold    : [libfs_mgr]check_fs(): mount(/dev/block/dm-33,/data,ext4)=0: Success
01-21 22:24:08.211   156   156 I EXT4-fs (dm-33): recovery complete
01-21 22:24:08.212   156   156 I EXT4-fs (dm-33): mounted filesystem with ordered data mode. Opts: errors=remount-ro,nomblk_io_submit. Quota mode: journalled.
01-21 22:24:08.200   156   156 I vold    : [libfs_mgr]umount_retry(): unmount(/data) succeeded
01-21 22:24:08.200   156   156 I vold    : [libfs_mgr]Running /system/bin/e2fsck on /dev/block/dm-33
01-21 22:24:08.271   156   156 I e2fsck  : e2fsck 1.46.2 (28-Feb-2021)
01-21 22:24:08.290   156   156 I e2fsck  : Pass 1: Checking inodes, blocks, and sizes
01-21 22:24:09.379   156   156 I e2fsck  : Pass 2: Checking directory structure
01-21 22:24:09.635   156   156 I e2fsck  : Pass 3: Checking directory connectivity
01-21 22:24:09.642   156   156 I e2fsck  : Pass 4: Checking reference counts
01-21 22:24:09.652   156   156 I e2fsck  : Pass 5: Checking group summary information
01-21 22:24:09.702   156   156 I e2fsck  : /dev/block/dm-33: 9126/393216 files (6.4% non-contiguous), 364264/1572864 blocks
01-21 22:24:09.670   156   156 I vold    : [libfs_mgr]superblock s_max_mnt_count:65535,/dev/block/dm-33
01-21 22:24:09.670   156   156 W vold    : [libfs_mgr]Reserved blocks 32768 is too large; capping to 31457
01-21 22:24:09.711   156   156 W vold    : [libfs_mgr]Reserved blocks 32768 is too large; capping to 31457
01-21 22:24:09.712   156   156 W EXT4-fs (dm-33): Ignoring removed nomblk_io_submit option
01-21 22:24:09.712   156   156 I EXT4-fs (dm-33): Using encoding defined by superblock: utf8-12.1.0 with flags 0x0
01-21 22:24:09.687   156   156 I vold    : [libfs_mgr]__mount(source=/dev/block/dm-33,target=/data,type=ext4)=0: Success
01-21 22:24:09.728   156   156 I EXT4-fs (dm-33): mounted filesystem with ordered data mode. Opts: nomblk_io_submit,errors=panic. Quota mode: journalled.
01-21 22:24:09.689   156   156 D vold    : Mounted /data
01-21 22:24:09.755     1     1 I init    : Userdata mounted using /vendor/etc/fstab.ranchu result : 7
01-21 22:24:09.755     1     1 I init    : Keyring created with id 1025309016 in process 1
01-21 22:24:09.756     1     1 I init    : Command 'mount_all /vendor/etc/fstab.ranchu --late' action=late-fs (/vendor/etc/init/hw/init.ranchu.rc:9) took 1815ms and succeeded
01-21 22:24:09.757     1     1 I init    : processing action (post-fs-data) from (/system/etc/init/hw/init.rc:663)
01-21 22:24:09.757     1     1 I init    : starting service 'exec 5 (/system/bin/vdc checkpoint prepareCheckpoint)'...
01-21 22:24:09.759     1     1 I init    : SVC_EXEC service 'exec 5 (/system/bin/vdc checkpoint prepareCheckpoint)' pid 192 (uid 1000 gid 1000+0 context default) started; waiting...
01-21 22:24:09.732   156   156 I Checkpoint: cp_prepareCheckpoint called
01-21 22:24:09.777     1     1 I init    : Service 'exec 5 (/system/bin/vdc checkpoint prepareCheckpoint)' (pid 192) exited with status 0 waiting took 0.018000 seconds
01-21 22:24:09.777     1     1 I init    : Sending signal 9 to service 'exec 5 (/system/bin/vdc checkpoint prepareCheckpoint)' (pid 192) process group...
01-21 22:24:09.777     1     1 I libprocessgroup: Successfully killed process cgroup uid 1000 pid 192 in 0ms
01-21 22:24:09.785     1     1 I init    : starting service 'exec 6 (/system/bin/vdc --wait cryptfs enablefilecrypto)'...
01-21 22:24:09.786     1     1 I init    : SVC_EXEC service 'exec 6 (/system/bin/vdc --wait cryptfs enablefilecrypto)' pid 193 (uid 0 gid 0+0 context default) started; waiting...
01-21 22:24:09.760   156   156 I vold    : fscrypt_initialize_systemwide_keys
01-21 22:24:09.763   156   156 D vold    : Key exists, using: /data/unencrypted/key
01-21 22:24:09.801   193   193 D vdc     : Waited 0ms for vold
01-21 22:24:09.780   156   156 D vold    : Installed fscrypt key with ref d876815e3f00224e299a60e40296e19c to /data
01-21 22:24:09.781   156   156 D vold    : Added fscrypt-provisioning key for d876815e3f00224e299a60e40296e19c to session keyring
01-21 22:24:09.809   156   156 I vold    : Wrote system DE key reference to:/data/unencrypted/ref
01-21 22:24:09.809   156   156 D vold    : Generating standard storage key
01-21 22:24:09.809   156   156 D vold    : Installed fscrypt key with ref 3576185f34e2fdbbb55646bda8854e9d to /data
01-21 22:24:09.809   156   156 D vold    : Added fscrypt-provisioning key for 3576185f34e2fdbbb55646bda8854e9d to session keyring
01-21 22:24:09.813   156   156 I vold    : Wrote per boot key reference to:/data/unencrypted/per_boot_ref
01-21 22:24:09.856     1     1 I init    : Service 'exec 6 (/system/bin/vdc --wait cryptfs enablefilecrypto)' (pid 193) exited with status 0 waiting took 0.071000 seconds
01-21 22:24:09.856     1     1 I init    : Sending signal 9 to service 'exec 6 (/system/bin/vdc --wait cryptfs enablefilecrypto)' (pid 193) process group...
01-21 22:24:09.857     1     1 I libprocessgroup: Successfully killed process cgroup uid 0 pid 193 in 0ms
01-21 22:24:09.859     1     1 I init    : Verified that /data/bootchart has the encryption policy d876815e3f00224e299a60e40296e19c v2 modes 1/4 flags 0x2
01-21 22:24:09.859     1     1 I fscrypt : AES-256-CTS-CBC using implementation "cts-cbc-aes-ce"
01-21 22:24:09.864     1     1 I fscrypt : AES-256-XTS using implementation "xts-aes-ce"
01-21 22:24:09.868     1     1 I init    : Verified that /data/vendor has the encryption policy d876815e3f00224e299a60e40296e19c v2 modes 1/4 flags 0x2
01-21 22:24:09.869     1     1 I init    : Not setting encryption policy on: /data/vendor_ce
01-21 22:24:09.870     1     1 I init    : Not setting encryption policy on: /data/vendor_de
01-21 22:24:09.874     1     1 I init    : Verified that /data/anr has the encryption policy d876815e3f00224e299a60e40296e19c v2 modes 1/4 flags 0x2
01-21 22:24:09.877     1     1 I init    : Verified that /data/tombstones has the encryption policy d876815e3f00224e299a60e40296e19c v2 modes 1/4 flags 0x2
01-21 22:24:09.879     1     1 I init    : starting service 'tombstoned'...
01-21 22:24:09.879     1     1 I init    : Created socket '/dev/socket/tombstoned_crash', mode 666, user 1000, group 1000
01-21 22:24:09.879     1     1 I init    : Created socket '/dev/socket/tombstoned_intercept', mode 666, user 1000, group 1000
01-21 22:24:09.879     1     1 I init    : Created socket '/dev/socket/tombstoned_java_trace', mode 666, user 1000, group 1000
01-21 22:24:09.886     1     1 I init    : Switched to default mount namespace
01-21 22:24:09.894     1     1 E init    : Failed to set encryption policy of /data/misc to d876815e3f00224e299a60e40296e19c v2 modes 1/4 flags 0x2: Directory not empty
01-21 22:24:09.856   196   196 W init    : type=1400 audit(0.0:4): avc: denied { execute_no_trans } for path="/vendor/bin/toybox_vendor" dev="dm-4" ino=222 scontext=u:r:init:s0 tcontext=u:object_r:vendor_toolbox_exec:s0 tclass=file permissive=0 bug=b/183668221
01-21 22:24:09.903   196   196 E logwrapper: executing ls failed: Permission denied
01-21 22:24:09.903   196   196 E logwrapper:  
01-21 22:24:09.905     1     1 I ls      : executing ls failed: Permission denied
01-21 22:24:09.905     1     1 I ls      : ls terminated by exit(255)
01-21 22:24:09.905     1     1 I ls      :  
01-21 22:24:09.905     1     1 E init    : ls -laZ /data/misc returned failure: 255
01-21 22:24:09.905     1     1 E init    : Setting d876815e3f00224e299a60e40296e19c policy on /data/misc failed!
01-21 22:24:09.905     1     1 E init    : Rebooting into recovery
01-21 22:24:09.906     1     1 I init    : Command 'mkdir /data/misc 01771 system misc encryption=Require' action=post-fs-data (/system/etc/init/hw/init.rc:704) took 19ms and failed: Failed to set bootloader message: failed to find /misc partition
01-21 22:24:09.910     1     1 I init    : starting service 'exec 7 (/system/bin/vdc keymaster earlyBootEnded)'...
01-21 22:24:09.911     1     1 I init    : SVC_EXEC service 'exec 7 (/system/bin/vdc keymaster earlyBootEnded)' pid 197 (uid 1000 gid 1000+0 context default) started; waiting...
01-21 22:24:09.886   156   156 I incfs   : Initial API level of the device: 33
01-21 22:24:09.887   156   156 I incfs   : ro.incremental.enable: yes
01-21 22:24:09.887   156   156 I incfs   : isFsAvailable: true
01-21 22:24:09.887   156   156 I incfs   : isFsAvailable: true
01-21 22:24:09.887   156   156 I incfs   : IncFs_Features: v2
01-21 22:24:09.892   170   170 I keystore2: keystore2::maintenance: In early_boot_ended.
01-21 22:24:09.898   195   195 I tombstoned: tombstoned successfully initialized
01-21 22:24:09.908   170   170 I keystore2: keystore2::globals: Touching Keystore 2.0 database for this first time since boot.
01-21 22:24:09.908   170   170 I keystore2: keystore2::globals: Calling cleanup leftovers.
01-21 22:24:09.924   170   170 I keystore2: keystore2::super_key: Starting boot level watcher.
01-21 22:24:09.924   170   170 I keystore2: keystore2::maintenance: Call to earlyBootEnded succeeded for security level TRUSTED_ENVIRONMENT.
01-21 22:24:09.925   170   199 I keystore2: keystore2::super_key: Read keystore.boot_level value 30
01-21 22:24:09.925   170   199 I keystore2: keystore2::super_key: Read keystore.boot_level value 30
01-21 22:24:09.927   149   149 I hwservicemanager: getTransport: Cannot find entry android.hardware.keymaster@4.0::IKeymasterDevice/default in either framework or device VINTF manifest.
01-21 22:24:09.928   149   149 I hwservicemanager: getTransport: Cannot find entry android.hardware.keymaster@3.0::IKeymasterDevice/default in either framework or device VINTF manifest.
01-21 22:24:09.929   170   170 E keystore2: keystore2::maintenance: Call to earlyBootEnded failed for security level STRONGBOX: In call_with_watchdog: getting keymint device.
01-21 22:24:09.929   170   170 E keystore2: keystore2::error: In call_with_watchdog: getting keymint device
01-21 22:24:09.929   170   170 E keystore2: 
01-21 22:24:09.929   170   170 E keystore2: Caused by:
01-21 22:24:09.929   170   170 E keystore2:     0: In get_keymint_device.
01-21 22:24:09.929   170   170 E keystore2:     1: In connect_keymint: Trying to get Legacy wrapper.
01-21 22:24:09.929   170   170 E keystore2:     2: Error::Km(ErrorCode(-68))
01-21 22:24:09.929   156   156 E vold    : keystore2 Keystore earlyBootEnded returned service specific error: -68
01-21 22:24:09.970   156   156 E vold    : keystore2 Keystore earlyBootEnded returned service specific error: -68
01-21 22:24:09.973     1     1 I init    : Service 'exec 7 (/system/bin/vdc keymaster earlyBootEnded)' (pid 197) exited with status 0 waiting took 0.062000 seconds
01-21 22:24:09.973     1     1 I init    : Sending signal 9 to service 'exec 7 (/system/bin/vdc keymaster earlyBootEnded)' (pid 197) process group...
01-21 22:24:09.973     1     1 I libprocessgroup: Successfully killed process cgroup uid 1000 pid 197 in 0ms
01-21 22:24:09.976     1     1 I init    : Verified that /data/property has the encryption policy d876815e3f00224e299a60e40296e19c v2 modes 1/4 flags 0x2
01-21 22:24:09.978    89    89 E init    : Could not set 'ro.logd.size' to '2M' in /data/local.prop: Read-only property was already set
01-21 22:24:09.981    89    89 I init    : Wait for property 'ro.persistent_properties.ready=true' took 4ms
01-21 22:24:09.982     1     1 I init    : service 'logd' requested start, but it is already running (flags: 4)
01-21 22:24:09.982     1     1 I init    : starting service 'logd-reinit'...
01-21 22:24:09.989     1     1 I init    : Not setting encryption policy on: /data/apex
01-21 22:24:09.997     1     1 W init    : Inferred action different from explicit one, expected 0 but got 2
01-21 22:24:09.998     1     1 I init    : Verified that /data/apex/decompressed has the encryption policy d876815e3f00224e299a60e40296e19c v2 modes 1/4 flags 0x2
01-21 22:24:09.999     1     1 W init    : Inferred action different from explicit one, expected 0 but got 3
01-21 22:24:09.999   159   159 I logd    : logd reinit
01-21 22:24:10.003     1     1 I init    : Verified that /data/app-staging has the encryption policy d876815e3f00224e299a60e40296e19c v2 modes 1/4 flags 0x2
01-21 22:24:10.003     1     1 W init    : Inferred action different from explicit one, expected 0 but got 2
01-21 22:24:10.004   159   159 E logd    : FrameworkListener: read() failed (Connection reset by peer)
01-21 22:24:10.006     1     1 I init    : Verified that /data/apex/ota_reserved has the encryption policy d876815e3f00224e299a60e40296e19c v2 modes 1/4 flags 0x2
01-21 22:24:10.006     1     1 I init    : Service 'logd-reinit' (pid 200) exited with status 0 oneshot service took 0.023000 seconds in background
01-21 22:24:10.006     1     1 I init    : Sending signal 9 to service 'logd-reinit' (pid 200) process group...
01-21 22:24:10.006     1     1 I libprocessgroup: Successfully killed process cgroup uid 1036 pid 200 in 0ms
01-21 22:24:10.008     1     1 I init    : starting service 'apexd'...
01-21 22:24:10.038   201   201 I apexd   : Scanning /system/apex for pre-installed ApexFiles
01-21 22:24:10.038   201   201 I apexd   : Found pre-installed APEX /system/apex/com.google.android.tethering.apex
01-21 22:24:10.038   201   201 I apexd   : Found pre-installed APEX /system/apex/com.google.android.art.apex
01-21 22:24:10.038   201   201 I apexd   : Found pre-installed APEX /system/apex/com.google.android.media.apex
01-21 22:24:10.038   201   201 I apexd   : Found pre-installed APEX /system/apex/com.google.android.neuralnetworks.apex
01-21 22:24:10.039   201   201 I apexd   : Found pre-installed APEX /system/apex/com.google.android.conscrypt.apex
01-21 22:24:10.039   201   201 I apexd   : Found pre-installed APEX /system/apex/com.google.android.cellbroadcast.apex
01-21 22:24:10.039   201   201 I apexd   : Found pre-installed APEX /system/apex/com.google.android.ondevicepersonalization.apex
01-21 22:24:10.039   201   201 I apexd   : Found pre-installed APEX /system/apex/com.google.android.sdkext.apex
01-21 22:24:10.039   201   201 I apexd   : Found pre-installed APEX /system/apex/com.google.android.btservices.apex
01-21 22:24:10.039   201   201 I apexd   : Found pre-installed APEX /system/apex/com.google.android.appsearch.apex
01-21 22:24:10.039   201   201 I apexd   : Found pre-installed APEX /system/apex/com.google.android.media.swcodec.apex
01-21 22:24:10.040   201   201 I apexd   : Found pre-installed APEX /system/apex/com.google.android.ipsec.apex
01-21 22:24:10.040   201   201 I apexd   : Found pre-installed APEX /system/apex/com.google.android.scheduling.apex
01-21 22:24:10.040   201   201 I apexd   : Found pre-installed APEX /system/apex/com.google.android.resolv.apex
01-21 22:24:10.040   201   201 I apexd   : Found pre-installed APEX /system/apex/com.google.android.adbd.apex
01-21 22:24:10.041   201   201 I apexd   : Found pre-installed APEX /system/apex/com.google.android.adservices.apex
01-21 22:24:10.041   201   201 I apexd   : Found pre-installed APEX /system/apex/com.google.android.uwb.apex
01-21 22:24:10.041   201   201 I apexd   : Found pre-installed APEX /system/apex/com.google.mainline.primary.libs.apex
01-21 22:24:10.041   201   201 I apexd   : Found pre-installed APEX /system/apex/com.google.android.permission.apex
01-21 22:24:10.042   201   201 I apexd   : Found pre-installed APEX /system/apex/com.android.i18n.apex
01-21 22:24:10.042   201   201 I apexd   : Found pre-installed APEX /system/apex/com.google.android.mediaprovider.apex
01-21 22:24:10.042   201   201 I apexd   : Found pre-installed APEX /system/apex/com.google.android.extservices.apex
01-21 22:24:10.042   201   201 I apexd   : Found pre-installed APEX /system/apex/com.android.vndk.current.apex
01-21 22:24:10.042   201   201 I apexd   : Found pre-installed APEX /system/apex/com.google.android.wifi.apex
01-21 22:24:10.042   201   201 I apexd   : Found pre-installed APEX /system/apex/com.google.android.tzdata4.apex
01-21 22:24:10.042   201   201 I apexd   : Found pre-installed APEX /system/apex/com.google.android.os.statsd.apex
01-21 22:24:10.042   201   201 I apexd   : Found pre-installed APEX /system/apex/com.android.apex.cts.shim.apex
01-21 22:24:10.042   201   201 I apexd   : Found pre-installed APEX /system/apex/com.android.runtime.apex
01-21 22:24:10.043   201   201 I apexd   : Scanning /system_ext/apex for pre-installed ApexFiles
01-21 22:24:10.043   201   201 W apexd   : /system_ext/apex does not exist. Skipping
01-21 22:24:10.043   201   201 I apexd   : Scanning /product/apex for pre-installed ApexFiles
01-21 22:24:10.043   201   201 W apexd   : /product/apex does not exist. Skipping
01-21 22:24:10.043   201   201 I apexd   : Scanning /vendor/apex for pre-installed ApexFiles
01-21 22:24:10.043   201   201 W apexd   : /vendor/apex does not exist. Skipping
01-21 22:24:10.043   201   201 I apexd   : No block apex metadata partition found, not adding block apexes
01-21 22:24:10.043   201   201 I apexd   : Populating APEX database from mounts...
01-21 22:24:10.043   201   201 I apexd   : 0 packages restored.
01-21 22:24:10.049   201   201 I apexd   : Marking APEXd as starting
01-21 22:24:10.050   201   201 I apexd   : Scanning /metadata/apex/sessions looking for sessions to be activated.
01-21 22:24:10.052   201   201 I apexd   : Scanning /data/apex/active for data ApexFiles
01-21 22:24:10.053   201   201 I apexd   : Selecting APEX for activation
01-21 22:24:10.053   201   201 I apexd   : Processing compressed APEX
01-21 22:24:10.053   201   201 I apexd   : Processing compressed APEX /system/apex/com.google.android.art.apex
01-21 22:24:10.067     1     1 I init    : Verified that /data/local has the encryption policy d876815e3f00224e299a60e40296e19c v2 modes 1/4 flags 0x2
01-21 22:24:10.076   201   201 I apexd   : Skipping decompression for /system/apex/com.google.android.art.apex
01-21 22:24:10.076   201   201 I apexd   : Processing compressed APEX /system/apex/com.google.android.permission.apex
01-21 22:24:10.082     1     1 I init    : starting service 'exec 8 (/bin/rm -rf /data/misc/virtualizationservice)'...
01-21 22:24:10.103     1     1 I init    : SVC_EXEC service 'exec 8 (/bin/rm -rf /data/misc/virtualizationservice)' pid 202 (uid 1081 gid 1000+0 context default) started; waiting...
01-21 22:24:10.119   201   201 I apexd   : Skipping decompression for /system/apex/com.google.android.permission.apex
01-21 22:24:10.119   201   201 I apexd   : Processing compressed APEX /system/apex/com.google.android.extservices.apex
01-21 22:24:10.126     1     1 I init    : Service 'exec 8 (/bin/rm -rf /data/misc/virtualizationservice)' (pid 202) exited with status 1 waiting took 0.042000 seconds
01-21 22:24:10.126     1     1 I init    : Sending signal 9 to service 'exec 8 (/bin/rm -rf /data/misc/virtualizationservice)' (pid 202) process group...
01-21 22:24:10.126     1     1 I libprocessgroup: Successfully killed process cgroup uid 1081 pid 202 in 0ms
01-21 22:24:10.126     1     1 I init    : Not setting encryption policy on: /data/preloads
01-21 22:24:10.135   201   201 I apexd   : Skipping decompression for /system/apex/com.google.android.extservices.apex
01-21 22:24:10.135   201   201 I apexd   : Processing compressed APEX /system/apex/com.google.android.uwb.apex
01-21 22:24:10.136     1     1 I init    : Not setting encryption policy on: /data/data
01-21 22:24:10.147     1     1 I init    : Verified that /data/app-private has the encryption policy d876815e3f00224e299a60e40296e19c v2 modes 1/4 flags 0x2
01-21 22:24:10.151   201   201 I apexd   : Skipping decompression for /system/apex/com.google.android.uwb.apex
01-21 22:24:10.151   201   201 I apexd   : Processing compressed APEX /system/apex/com.google.android.mediaprovider.apex
01-21 22:24:10.152     1     1 I init    : Verified that /data/app-ephemeral has the encryption policy d876815e3f00224e299a60e40296e19c v2 modes 1/4 flags 0x2
01-21 22:24:10.159     1     1 I init    : Verified that /data/app-asec has the encryption policy d876815e3f00224e299a60e40296e19c v2 modes 1/4 flags 0x2
01-21 22:24:10.164     1     1 I init    : Verified that /data/app-lib has the encryption policy d876815e3f00224e299a60e40296e19c v2 modes 1/4 flags 0x2
01-21 22:24:10.168   201   201 I apexd   : Skipping decompression for /system/apex/com.google.android.mediaprovider.apex
01-21 22:24:10.168   201   201 I apexd   : Processing compressed APEX /system/apex/com.google.android.ondevicepersonalization.apex
01-21 22:24:10.171     1     1 I init    : Verified that /data/app has the encryption policy d876815e3f00224e299a60e40296e19c v2 modes 1/4 flags 0x2
01-21 22:24:10.171     1     1 W init    : Inferred action different from explicit one, expected 0 but got 2
01-21 22:24:10.175     1     1 I init    : Verified that /data/fonts/ has the encryption policy d876815e3f00224e299a60e40296e19c v2 modes 1/4 flags 0x2
01-21 22:24:10.181   201   201 I apexd   : Skipping decompression for /system/apex/com.google.android.ondevicepersonalization.apex
01-21 22:24:10.181   201   201 I apexd   : Processing compressed APEX /system/apex/com.google.android.conscrypt.apex
01-21 22:24:10.189     1     1 I init    : Verified that /data/dalvik-cache has the encryption policy d876815e3f00224e299a60e40296e19c v2 modes 1/4 flags 0x2
01-21 22:24:10.191     1     1 I init    : Verified that /data/ota has the encryption policy d876815e3f00224e299a60e40296e19c v2 modes 1/4 flags 0x2
01-21 22:24:10.195   201   201 I apexd   : Skipping decompression for /system/apex/com.google.android.conscrypt.apex
01-21 22:24:10.195   201   201 I apexd   : Processing compressed APEX /system/apex/com.google.android.scheduling.apex
01-21 22:24:10.197     1     1 I init    : Verified that /data/ota_package has the encryption policy d876815e3f00224e299a60e40296e19c v2 modes 1/4 flags 0x2
01-21 22:24:10.201     1     1 I init    : Verified that /data/resource-cache has the encryption policy d876815e3f00224e299a60e40296e19c v2 modes 1/4 flags 0x2
01-21 22:24:10.201     1     1 I init    : Not setting encryption policy on: /data/lost+found
01-21 22:24:10.205   201   201 I apexd   : Skipping decompression for /system/apex/com.google.android.scheduling.apex
01-21 22:24:10.205   201   201 I apexd   : Processing compressed APEX /system/apex/com.google.android.neuralnetworks.apex
01-21 22:24:10.206     1     1 I init    : Verified that /data/drm has the encryption policy d876815e3f00224e299a60e40296e19c v2 modes 1/4 flags 0x2
01-21 22:24:10.210     1     1 I init    : Verified that /data/mediadrm has the encryption policy d876815e3f00224e299a60e40296e19c v2 modes 1/4 flags 0x2
01-21 22:24:10.215     1     1 I init    : Verified that /data/nfc has the encryption policy d876815e3f00224e299a60e40296e19c v2 modes 1/4 flags 0x2
01-21 22:24:10.221   201   201 I apexd   : Skipping decompression for /system/apex/com.google.android.neuralnetworks.apex
01-21 22:24:10.221   201   201 I apexd   : Processing compressed APEX /system/apex/com.google.android.cellbroadcast.apex
01-21 22:24:10.223     1     1 I init    : Verified that /data/backup has the encryption policy d876815e3f00224e299a60e40296e19c v2 modes 1/4 flags 0x2
01-21 22:24:10.229     1     1 I init    : Verified that /data/ss has the encryption policy d876815e3f00224e299a60e40296e19c v2 modes 1/4 flags 0x2
01-21 22:24:10.229     1     1 I init    : Verified that /data/system has the encryption policy d876815e3f00224e299a60e40296e19c v2 modes 1/4 flags 0x2
01-21 22:24:10.235   201   201 I apexd   : Skipping decompression for /system/apex/com.google.android.cellbroadcast.apex
01-21 22:24:10.235   201   201 I apexd   : Processing compressed APEX /system/apex/com.google.android.adservices.apex
01-21 22:24:10.238     1     1 I init    : Not setting encryption policy on: /data/system_de
01-21 22:24:10.240     1     1 I init    : Not setting encryption policy on: /data/system_ce
01-21 22:24:10.240     1     1 I init    : Not setting encryption policy on: /data/misc_de
01-21 22:24:10.242     1     1 I init    : Not setting encryption policy on: /data/misc_ce
01-21 22:24:10.243     1     1 I init    : Not setting encryption policy on: /data/user
01-21 22:24:10.246     1     1 I init    : Not setting encryption policy on: /data/user_de
01-21 22:24:10.250   201   201 I apexd   : Skipping decompression for /system/apex/com.google.android.adservices.apex
01-21 22:24:10.250   201   201 I apexd   : Processing compressed APEX /system/apex/com.google.android.appsearch.apex
01-21 22:24:10.254     1     1 I init    : Command 'rm /data/user/0' action=post-fs-data (/system/etc/init/hw/init.rc:919) took 6ms and failed: unlink() failed: Is a directory
01-21 22:24:10.277   201   201 I apexd   : Skipping decompression for /system/apex/com.google.android.appsearch.apex
01-21 22:24:10.277   201   201 I apexd   : Processing compressed APEX /system/apex/com.google.android.sdkext.apex
01-21 22:24:10.278     1     1 I init    : Verified that /data/cache has the encryption policy d876815e3f00224e299a60e40296e19c v2 modes 1/4 flags 0x2
01-21 22:24:10.289     1     1 I init    : Verified that /data/rollback has the encryption policy d876815e3f00224e299a60e40296e19c v2 modes 1/4 flags 0x2
01-21 22:24:10.291   201   201 I apexd   : Skipping decompression for /system/apex/com.google.android.sdkext.apex
01-21 22:24:10.291   201   201 I apexd   : Processing compressed APEX /system/apex/com.google.android.tethering.apex
01-21 22:24:10.294     1     1 I init    : Verified that /data/rollback-observer has the encryption policy d876815e3f00224e299a60e40296e19c v2 modes 1/4 flags 0x2
01-21 22:24:10.294     1     1 W init    : Inferred action different from explicit one, expected 2 but got 3
01-21 22:24:10.297     1     1 I init    : Verified that /data/rollback-history has the encryption policy d876815e3f00224e299a60e40296e19c v2 modes 1/4 flags 0x2
01-21 22:24:10.299     1     1 I init    : Verified that /data/incremental has the encryption policy d876815e3f00224e299a60e40296e19c v2 modes 1/4 flags 0x2
01-21 22:24:10.304   201   201 I apexd   : Skipping decompression for /system/apex/com.google.android.tethering.apex
01-21 22:24:10.304   201   201 I apexd   : Processing compressed APEX /system/apex/com.google.android.media.swcodec.apex
01-21 22:24:10.312   201   201 I apexd   : Skipping decompression for /system/apex/com.google.android.media.swcodec.apex
01-21 22:24:10.312   201   201 I apexd   : Processing compressed APEX /system/apex/com.google.android.adbd.apex
01-21 22:24:10.321   201   201 I apexd   : Skipping decompression for /system/apex/com.google.android.adbd.apex
01-21 22:24:10.321   201   201 I apexd   : Processing compressed APEX /system/apex/com.google.android.os.statsd.apex
01-21 22:24:10.329   201   201 I apexd   : Skipping decompression for /system/apex/com.google.android.os.statsd.apex
01-21 22:24:10.329   201   201 I apexd   : Processing compressed APEX /system/apex/com.google.android.media.apex
01-21 22:24:10.336   201   201 I apexd   : Skipping decompression for /system/apex/com.google.android.media.apex
01-21 22:24:10.336   201   201 I apexd   : Processing compressed APEX /system/apex/com.google.android.wifi.apex
01-21 22:24:10.357   201   201 I apexd   : Skipping decompression for /system/apex/com.google.android.wifi.apex
01-21 22:24:10.357   201   201 I apexd   : Processing compressed APEX /system/apex/com.google.android.ipsec.apex
01-21 22:24:10.362   201   201 I apexd   : Skipping decompression for /system/apex/com.google.android.ipsec.apex
01-21 22:24:10.362   201   201 I apexd   : Processing compressed APEX /system/apex/com.google.android.resolv.apex
01-21 22:24:10.370   201   201 I apexd   : Skipping decompression for /system/apex/com.google.android.resolv.apex
01-21 22:24:10.371   203   203 I loop4   : detected capacity change from 0 to 1656
01-21 22:24:10.382   204   204 I loop5   : detected capacity change from 0 to 55808
01-21 22:24:10.449   203   203 I EXT4-fs (loop4): mounted filesystem without journal. Opts: (null). Quota mode: none.
01-21 22:24:10.449   203   203 I apexd   : Successfully mounted package /system/apex/com.google.android.tzdata4.apex on /apex/com.android.tzdata@331314030 duration=78
01-21 22:24:10.455   203   203 I loop6   : detected capacity change from 0 to 45968
01-21 22:24:10.457   204   204 I EXT4-fs (loop5): mounted filesystem without journal. Opts: (null). Quota mode: none.
01-21 22:24:10.457   204   204 I apexd   : Successfully mounted package /system/apex/com.android.vndk.current.apex on /apex/com.android.vndk.v33@1 duration=85
01-21 22:24:10.470   204   204 I loop7   : detected capacity change from 0 to 67520
01-21 22:24:10.524   203   203 I EXT4-fs (loop6): mounted filesystem without journal. Opts: (null). Quota mode: none.
01-21 22:24:10.525   203   203 I apexd   : Successfully mounted package /system/apex/com.google.android.btservices.apex on /apex/com.android.btservices@331911000 duration=69
01-21 22:24:10.539   203   203 I loop8   : detected capacity change from 0 to 2056
01-21 22:24:10.540   204   204 I EXT4-fs (loop7): mounted filesystem without journal. Opts: (null). Quota mode: none.
01-21 22:24:10.540   204   204 I apexd   : Successfully mounted package /system/apex/com.android.i18n.apex on /apex/com.android.i18n@1 duration=70
01-21 22:24:10.544   204   204 I loop9   : detected capacity change from 0 to 10384
01-21 22:24:10.620   204   204 I EXT4-fs (loop9): mounted filesystem without journal. Opts: (null). Quota mode: none.
01-21 22:24:10.620   204   204 I apexd   : Successfully mounted package /system/apex/com.android.runtime.apex on /apex/com.android.runtime@1 duration=75
01-21 22:24:10.625   204   204 I loop10  : detected capacity change from 0 to 536
01-21 22:24:10.631   203   203 I EXT4-fs (loop8): mounted filesystem without journal. Opts: (null). Quota mode: none.
01-21 22:24:10.631   203   203 I apexd   : Successfully mounted package /system/apex/com.google.mainline.primary.libs.apex on /apex/com.google.mainline.primary.libs@331731000 duration=92
01-21 22:24:10.639   203   203 I loop11  : detected capacity change from 0 to 66744
01-21 22:24:10.694   203   203 I device-mapper: verity: sha256 using implementation "sha256-ce"
01-21 22:24:10.700   204   204 I EXT4-fs (loop10): mounted filesystem without journal. Opts: (null). Quota mode: none.
01-21 22:24:10.701   204   204 I apexd   : Successfully mounted package /system/apex/com.android.apex.cts.shim.apex on /apex/com.android.apex.cts.shim@1 duration=76
01-21 22:24:10.716   204   204 I loop12  : detected capacity change from 0 to 33416
01-21 22:24:10.725   203   203 I EXT4-fs (dm-32): mounted filesystem without journal. Opts: (null). Quota mode: none.
01-21 22:24:10.725   203   203 I apexd   : Successfully mounted package /data/apex/decompressed/com.android.art@331711080.decompressed.apex on /apex/com.android.art@331711080 duration=90
01-21 22:24:10.729   203   203 I loop13  : detected capacity change from 0 to 11912
01-21 22:24:10.791   203   203 I device-mapper: verity: sha256 using implementation "sha256-ce"
01-21 22:24:10.791   204   204 I device-mapper: verity: sha256 using implementation "sha256-ce"
01-21 22:24:10.825   203   203 I EXT4-fs (dm-30): mounted filesystem without journal. Opts: (null). Quota mode: none.
01-21 22:24:10.825   203   203 I apexd   : Successfully mounted package /data/apex/decompressed/com.android.extservices@331412000.decompressed.apex on /apex/com.android.extservices@331412000 duration=96
01-21 22:24:10.825   204   204 I EXT4-fs (dm-31): mounted filesystem without journal. Opts: (null). Quota mode: none.
01-21 22:24:10.825   204   204 I apexd   : Successfully mounted package /data/apex/decompressed/com.android.permission@331710050.decompressed.apex on /apex/com.android.permission@331710050 duration=110
01-21 22:24:10.831   204   204 I loop14  : detected capacity change from 0 to 6704
01-21 22:24:10.833   203   203 I loop15  : detected capacity change from 0 to 20824
01-21 22:24:10.900   204   204 I device-mapper: verity: sha256 using implementation "sha256-ce"
01-21 22:24:10.903   203   203 I device-mapper: verity: sha256 using implementation "sha256-ce"
01-21 22:24:10.934   204   204 I EXT4-fs (dm-29): mounted filesystem without journal. Opts: (null). Quota mode: none.
01-21 22:24:10.934   204   204 I apexd   : Successfully mounted package /data/apex/decompressed/com.android.uwb@331613010.decompressed.apex on /apex/com.android.uwb@331613010 duration=104
01-21 22:24:10.935   203   203 I EXT4-fs (dm-28): mounted filesystem without journal. Opts: (null). Quota mode: none.
01-21 22:24:10.935   203   203 I apexd   : Successfully mounted package /data/apex/decompressed/com.android.mediaprovider@331711020.decompressed.apex on /apex/com.android.mediaprovider@331711020 duration=103
01-21 22:24:10.939   204   204 I loop16  : detected capacity change from 0 to 536
01-21 22:24:10.942   203   203 I loop17  : detected capacity change from 0 to 6232
01-21 22:24:10.997   203   203 I device-mapper: verity: sha256 using implementation "sha256-ce"
01-21 22:24:11.012   204   204 I device-mapper: verity: sha256 using implementation "sha256-ce"
01-21 22:24:11.025   203   203 I EXT4-fs (dm-25): mounted filesystem without journal. Opts: (null). Quota mode: none.
01-21 22:24:11.025   203   203 I apexd   : Successfully mounted package /data/apex/decompressed/com.android.conscrypt@331413000.decompressed.apex on /apex/com.android.conscrypt@331413000 duration=85
01-21 22:24:11.029   203   203 I loop18  : detected capacity change from 0 to 536
01-21 22:24:11.038   204   204 I EXT4-fs (dm-26): mounted filesystem without journal. Opts: (null). Quota mode: none.
01-21 22:24:11.038   204   204 I apexd   : Successfully mounted package /data/apex/decompressed/com.android.ondevicepersonalization@330442040.decompressed.apex on /apex/com.android.ondevicepersonalization@330442040 duration=99
01-21 22:24:11.041   204   204 I loop19  : detected capacity change from 0 to 8856
01-21 22:24:11.094   203   203 I device-mapper: verity: sha256 using implementation "sha256-ce"
01-21 22:24:11.110   204   204 I device-mapper: verity: sha256 using implementation "sha256-ce"
01-21 22:24:11.124   203   203 I EXT4-fs (dm-23): mounted filesystem without journal. Opts: (null). Quota mode: none.
01-21 22:24:11.124   203   203 I apexd   : Successfully mounted package /data/apex/decompressed/com.android.scheduling@331113000.decompressed.apex on /apex/com.android.scheduling@331113000 duration=95
01-21 22:24:11.127   203   203 I loop20  : detected capacity change from 0 to 29784
01-21 22:24:11.166   204   204 I EXT4-fs (dm-21): mounted filesystem without journal. Opts: (null). Quota mode: none.
01-21 22:24:11.166   204   204 I apexd   : Successfully mounted package /data/apex/decompressed/com.android.neuralnetworks@331310000.decompressed.apex on /apex/com.android.neuralnetworks@331310000 duration=125
01-21 22:24:11.170   204   204 I loop21  : detected capacity change from 0 to 43896
01-21 22:24:11.207   203   203 I device-mapper: verity: sha256 using implementation "sha256-ce"
01-21 22:24:11.241   203   203 I EXT4-fs (dm-22): mounted filesystem without journal. Opts: (null). Quota mode: none.
01-21 22:24:11.241   203   203 I apexd   : Successfully mounted package /data/apex/decompressed/com.android.cellbroadcast@331710020.decompressed.apex on /apex/com.android.cellbroadcast@331710020 duration=114
01-21 22:24:11.246   203   203 I loop22  : detected capacity change from 0 to 6920
01-21 22:24:11.256   204   204 I device-mapper: verity: sha256 using implementation "sha256-ce"
01-21 22:24:11.309   203   203 I device-mapper: verity: sha256 using implementation "sha256-ce"
01-21 22:24:11.322   204   204 I EXT4-fs (dm-20): mounted filesystem without journal. Opts: (null). Quota mode: none.
01-21 22:24:11.322   204   204 I apexd   : Successfully mounted package /data/apex/decompressed/com.android.adservices@331710270.decompressed.apex on /apex/com.android.adservices@331710270 duration=153
01-21 22:24:11.329   204   204 I loop23  : detected capacity change from 0 to 1536
01-21 22:24:11.339   203   203 I EXT4-fs (dm-19): mounted filesystem without journal. Opts: (null). Quota mode: none.
01-21 22:24:11.339   203   203 I apexd   : Successfully mounted package /data/apex/decompressed/com.android.appsearch@331311020.decompressed.apex on /apex/com.android.appsearch@331311020 duration=93
01-21 22:24:11.343   203   203 I loop24  : detected capacity change from 0 to 17016
01-21 22:24:11.382   204   204 I device-mapper: verity: sha256 using implementation "sha256-ce"
01-21 22:24:11.388   203   203 I device-mapper: verity: sha256 using implementation "sha256-ce"
01-21 22:24:11.419   204   204 I EXT4-fs (dm-18): mounted filesystem without journal. Opts: (null). Quota mode: none.
01-21 22:24:11.419   204   204 I apexd   : Successfully mounted package /data/apex/decompressed/com.android.sdkext@331412000.decompressed.apex on /apex/com.android.sdkext@331412000 duration=90
01-21 22:24:11.425   203   203 I EXT4-fs (dm-27): mounted filesystem without journal. Opts: (null). Quota mode: none.
01-21 22:24:11.425   203   203 I apexd   : Successfully mounted package /data/apex/decompressed/com.android.tethering@331711040.decompressed.apex on /apex/com.android.tethering@331711040 duration=82
01-21 22:24:11.429   203   203 I loop25  : detected capacity change from 0 to 38792
01-21 22:24:11.431   204   204 I loop26  : detected capacity change from 0 to 9704
01-21 22:24:11.491   204   204 I device-mapper: verity: sha256 using implementation "sha256-ce"
01-21 22:24:11.493   203   203 I device-mapper: verity: sha256 using implementation "sha256-ce"
01-21 22:24:11.520   204   204 I EXT4-fs (dm-16): mounted filesystem without journal. Opts: (null). Quota mode: none.
01-21 22:24:11.520   204   204 I apexd   : Successfully mounted package /data/apex/decompressed/com.android.adbd@331610002.decompressed.apex on /apex/com.android.adbd@331610002 duration=91
01-21 22:24:11.524   203   203 I EXT4-fs (dm-17): mounted filesystem without journal. Opts: (null). Quota mode: none.
01-21 22:24:11.524   203   203 I apexd   : Successfully mounted package /data/apex/decompressed/com.android.media.swcodec@331712000.decompressed.apex on /apex/com.android.media.swcodec@331712000 duration=95
01-21 22:24:11.526   204   204 I loop27  : detected capacity change from 0 to 3536
01-21 22:24:11.528   203   203 I loop28  : detected capacity change from 0 to 10216
01-21 22:24:11.580   204   204 I device-mapper: verity: sha256 using implementation "sha256-ce"
01-21 22:24:11.580   203   203 I device-mapper: verity: sha256 using implementation "sha256-ce"
01-21 22:24:11.608   204   204 I EXT4-fs (dm-7): mounted filesystem without journal. Opts: (null). Quota mode: none.
01-21 22:24:11.608   204   204 I apexd   : Successfully mounted package /data/apex/decompressed/com.android.os.statsd@331711010.decompressed.apex on /apex/com.android.os.statsd@331711010 duration=83
01-21 22:24:11.613   203   203 I EXT4-fs (dm-8): mounted filesystem without journal. Opts: (null). Quota mode: none.
01-21 22:24:11.613   203   203 I apexd   : Successfully mounted package /data/apex/decompressed/com.android.media@331712010.decompressed.apex on /apex/com.android.media@331712010 duration=85
01-21 22:24:11.614   204   204 I loop29  : detected capacity change from 0 to 15040
01-21 22:24:11.616   203   203 I loop30  : detected capacity change from 0 to 1600
01-21 22:24:11.683   203   203 I device-mapper: verity: sha256 using implementation "sha256-ce"
01-21 22:24:11.683   204   204 I device-mapper: verity: sha256 using implementation "sha256-ce"
01-21 22:24:11.722   204   204 I EXT4-fs (dm-14): mounted filesystem without journal. Opts: (null). Quota mode: none.
01-21 22:24:11.722   204   204 I apexd   : Successfully mounted package /data/apex/decompressed/com.android.wifi@331710030.decompressed.apex on /apex/com.android.wifi@331710030 duration=108
01-21 22:24:11.724   203   203 I EXT4-fs (dm-13): mounted filesystem without journal. Opts: (null). Quota mode: none.
01-21 22:24:11.724   203   203 I apexd   : Successfully mounted package /data/apex/decompressed/com.android.ipsec@331312000.decompressed.apex on /apex/com.android.ipsec@331312000 duration=107
01-21 22:24:11.730   204   204 I loop31  : detected capacity change from 0 to 8056
01-21 22:24:11.799   204   204 I device-mapper: verity: sha256 using implementation "sha256-ce"
01-21 22:24:11.827   204   204 I EXT4-fs (dm-12): mounted filesystem without journal. Opts: (null). Quota mode: none.
01-21 22:24:11.827   204   204 I apexd   : Successfully mounted package /data/apex/decompressed/com.android.resolv@331611010.decompressed.apex on /apex/com.android.resolv@331611010 duration=98
01-21 22:24:11.830   201   201 I apexd   : Activated 28 packages.
01-21 22:24:11.830   201   201 I apexd   : OnStart done, duration=1781
01-21 22:24:11.831   201   201 I AidlLazyServiceRegistrar: Registering service apexservice
01-21 22:24:11.842   201   201 E apexd   : Can't open /system_ext/apex for reading : No such file or directory
01-21 22:24:11.842   201   201 E apexd   : Can't open /product/apex for reading : No such file or directory
01-21 22:24:11.842   201   201 E apexd   : Can't open /vendor/apex for reading : No such file or directory
01-21 22:24:11.846   201   201 I apexd   : Marking APEXd as activated
01-21 22:24:11.846    89    89 I init    : Wait for property 'apexd.status=activated' took 1546ms
01-21 22:24:11.865     1     1 I init    : Parsing file /apex/com.android.adbd/etc/init.rc...
01-21 22:24:11.866     1     1 I init    : Parsing file /apex/com.android.art/etc/init.rc...
01-21 22:24:11.866     1     1 I init    : Parsing file /apex/com.android.media.swcodec/etc/mediaswcodec.32rc...
01-21 22:24:11.867     1     1 I init    : Parsing file /apex/com.android.media/etc/mediatranscoding.32rc...
01-21 22:24:11.867     1     1 I init    : Parsing file /apex/com.android.os.statsd/etc/init.rc...
01-21 22:24:11.868     1     1 I init    : Parsing file /apex/com.android.sdkext/etc/derive_classpath.rc...
01-21 22:24:11.869     1     1 I init    : Parsing file /apex/com.android.sdkext/etc/derive_sdk.rc...
01-21 22:24:11.897     1     1 I init    : linkerconfig generated /linkerconfig with mounted APEX modules info
01-21 22:24:11.897     1     1 I init    : Not setting encryption policy on: /data/media
01-21 22:24:11.898     1     1 I init    : starting service 'exec 9 (/system/bin/chattr +F /data/media)'...
01-21 22:24:11.899     1     1 I init    : SVC_EXEC service 'exec 9 (/system/bin/chattr +F /data/media)' pid 258 (uid 1023 gid 1023+0 context default) started; waiting...
01-21 22:24:11.931     1     1 I init    : Service 'exec 9 (/system/bin/chattr +F /data/media)' (pid 258) exited with status 0 waiting took 0.031000 seconds
01-21 22:24:11.931     1     1 I init    : Sending signal 9 to service 'exec 9 (/system/bin/chattr +F /data/media)' (pid 258) process group...
01-21 22:24:11.931     1     1 I libprocessgroup: Successfully killed process cgroup uid 1023 pid 258 in 0ms
01-21 22:24:11.936     1     1 I init    : Verified that /data/media/obb has the encryption policy d876815e3f00224e299a60e40296e19c v2 modes 1/4 flags 0x2
01-21 22:24:11.936     1     1 W init    : Inferred action different from explicit one, expected 2 but got 3
01-21 22:24:11.938     1     1 I init    : Verified that /data/bootanim has the encryption policy d876815e3f00224e299a60e40296e19c v2 modes 1/4 flags 0x2
01-21 22:24:11.939     1     1 I init    : starting service 'derive_sdk'...
01-21 22:24:11.943     1     1 I init    : SVC_EXEC service 'derive_sdk' pid 259 (uid 9999 gid 9999+0 context default) started; waiting...
01-21 22:24:11.914   259   259 I derive_sdk: Read version 4 from 1
01-21 22:24:11.915   259   259 I derive_sdk: Read version 6 from 2
01-21 22:24:11.916   259   259 I derive_sdk: Read version 6 from 6
01-21 22:24:11.917   259   259 I derive_sdk: Read version 5 from 5
01-21 22:24:11.919   259   259 I derive_sdk: Read version 6 from 7
01-21 22:24:11.923   259   259 I derive_sdk: Read version 4 from 12
01-21 22:24:11.924   259   259 I derive_sdk: Read version 5 from 11
01-21 22:24:11.925   259   259 I derive_sdk: Read version 4 from 9
01-21 22:24:11.927   259   259 I derive_sdk: Read version 3 from 13
01-21 22:24:11.927   259   259 I derive_sdk: Read version 5 from 10
01-21 22:24:11.929   259   259 I derive_sdk: Read version 6 from 3
01-21 22:24:11.930   259   259 I derive_sdk: Read version 5 from 4
01-21 22:24:11.930   259   259 I derive_sdk: Read version 6 from 8
01-21 22:24:11.930   259   259 I derive_sdk: extension r version is 5
01-21 22:24:11.931   259   259 I derive_sdk: extension s version is 5
01-21 22:24:11.932   259   259 I derive_sdk: extension t version is 5
01-21 22:24:11.933   259   259 I derive_sdk: extension ad_services version is 5
01-21 22:24:11.975     1     1 I init    : Service 'derive_sdk' (pid 259) exited with status 0 waiting took 0.035000 seconds
