--------- beginning of kernel
01-21 22:44:54.461   157   157 I logd    : logdr: UID=2000 GID=2000 PID=5240 b tail=0 logMask=99 pid=0 start=0ns deadline=0ns
--------- beginning of main
01-21 22:44:54.570  1645  1645 D BoundBrokerSvc: onUnbind: Intent { act=com.google.android.gms.feedback.internal.IFeedbackService dat=chimera-action:/... cmp=com.google.android.gms/.chimera.GmsBoundBrokerService }
01-21 22:45:00.339   551   629 W system_server: Long monitor contention with owner AlarmManager (702) at void com.android.server.power.PowerManagerService.acquireWakeLockInternal(android.os.IBinder, int, int, java.lang.String, java.lang.String, android.os.WorkSource, java.lang.String, int, int, android.os.IWakeLockCallback)(PowerManagerService.java:1559) waiters=0 in void com.android.server.power.PowerManagerService.handleSandman(int) for 333ms
01-21 22:45:00.345   551   551 W system_server: Long monitor contention with owner AlarmManager (702) at void com.android.server.alarm.AlarmManagerService$AlarmThread.run()(AlarmManagerService.java:4773) waiters=0 in void com.android.server.alarm.AlarmManagerService$DeliveryTracker.alarmComplete(android.os.IBinder) for 331ms
--------- beginning of system
01-21 22:45:00.346   551   551 W Looper  : Slow dispatch took 338ms main h=com.android.server.alarm.AlarmManagerService$AlarmHandler c=com.android.server.alarm.AlarmManagerService$3$$ExternalSyntheticLambda0@a0313ce m=0
01-21 22:45:00.346   551   551 W Looper  : Slow delivery took 341ms main h=com.android.server.power.Notifier$NotifierHandler c=null m=7
01-21 22:45:00.346   551   551 W Looper  : Drained
01-21 22:45:00.348  1538  2102 I AiAiEcho: Predicting[0]: 
01-21 22:45:00.349  1538  2102 I AiAiEcho: Ranked targets strategy: SORT, count: 0, ranking metadata: 
01-21 22:45:00.350  1538  2102 I AiAiEcho: #postPredictionTargets: Sending updates to UISurface lockscreen with targets# 0
01-21 22:45:00.351  1538  2102 I AiAiEcho: #postPredictionTargets: Sending updates to UISurface home with targets# 0
01-21 22:45:00.352  1538  2102 I AiAiEcho: #postPredictionTargets: Sending updates to UISurface media_data_manager with targets# 0
01-21 22:45:00.366   833   833 D SsMediaDataProvider: Forwarding Smartspace updates []
01-21 22:45:00.373   833  1105 D EGL_emulation: app_time_stats: avg=6838.72ms min=6838.72ms max=6838.72ms count=1
01-21 22:45:01.254   551   661 I ActivityTaskManager: START u0 {flg=0x10000000 cmp=com.xamarin.android.helloworld/example.MainActivity} from uid 2000
01-21 22:45:01.255   551   661 D CompatibilityChangeReporter: Compat change id reported: 265464455; UID 10176; state: DISABLED
01-21 22:45:01.255   551   661 D CompatibilityChangeReporter: Compat change id reported: 265452344; UID 10176; state: DISABLED
01-21 22:45:01.255   551   661 D CompatibilityChangeReporter: Compat change id reported: 266124927; UID 10176; state: DISABLED
01-21 22:45:01.255   551   661 D CompatibilityChangeReporter: Compat change id reported: 265451093; UID 10176; state: DISABLED
01-21 22:45:01.255   551   661 D CompatibilityChangeReporter: Compat change id reported: 265456536; UID 10176; state: DISABLED
01-21 22:45:01.256   551   661 D CompatibilityChangeReporter: Compat change id reported: 255940284; UID 10176; state: DISABLED
01-21 22:45:01.256   551   661 D CompatibilityChangeReporter: Compat change id reported: 236283604; UID 10176; state: DISABLED
01-21 22:45:01.256   551   661 D CompatibilityChangeReporter: Compat change id reported: 263959004; UID 10176; state: DISABLED
01-21 22:45:01.256   551   661 D CompatibilityChangeReporter: Compat change id reported: 264304459; UID 10176; state: DISABLED
01-21 22:45:01.256   551   661 D CompatibilityChangeReporter: Compat change id reported: 264301586; UID 10176; state: DISABLED
01-21 22:45:01.256   551   661 D CompatibilityChangeReporter: Compat change id reported: 254631730; UID 10176; state: DISABLED
01-21 22:45:01.256   551   661 D CompatibilityChangeReporter: Compat change id reported: 273509367; UID 10176; state: DISABLED
01-21 22:45:01.256   551   661 D CompatibilityChangeReporter: Compat change id reported: 263259275; UID 10176; state: DISABLED
01-21 22:45:01.266   551   661 D CompatibilityChangeReporter: Compat change id reported: 194480991; UID 10176; state: ENABLED
01-21 22:45:01.266   551   661 D CompatibilityChangeReporter: Compat change id reported: 174042980; UID 10176; state: DISABLED
01-21 22:45:01.269   551   661 D CompatibilityChangeReporter: Compat change id reported: 184838306; UID 10176; state: DISABLED
01-21 22:45:01.270   551   661 D CompatibilityChangeReporter: Compat change id reported: 185004937; UID 10176; state: DISABLED
01-21 22:45:01.270   551   661 D CompatibilityChangeReporter: Compat change id reported: 181136395; UID 10176; state: DISABLED
01-21 22:45:01.270   551   661 D CompatibilityChangeReporter: Compat change id reported: 174042936; UID 10176; state: DISABLED
01-21 22:45:01.289   551   661 D CompatibilityChangeReporter: Compat change id reported: 197654537; UID 10176; state: ENABLED
01-21 22:45:01.306   551   661 D CompatibilityChangeReporter: Compat change id reported: 205907456; UID 10176; state: ENABLED
01-21 22:45:01.360   551   596 D CompatibilityChangeReporter: Compat change id reported: 135634846; UID 10176; state: DISABLED
01-21 22:45:01.361   551   596 D CompatibilityChangeReporter: Compat change id reported: 177438394; UID 10176; state: DISABLED
01-21 22:45:01.361   551   596 D CompatibilityChangeReporter: Compat change id reported: 135772972; UID 10176; state: DISABLED
01-21 22:45:01.361   551   596 D CompatibilityChangeReporter: Compat change id reported: 135754954; UID 10176; state: ENABLED
01-21 22:45:01.368   551   607 D CompatibilityChangeReporter: Compat change id reported: 143937733; UID 10176; state: ENABLED
01-21 22:45:01.374   833  1089 D SplashScreenView: Build android.window.SplashScreenView{6b66a8f V.E...... ......ID 0,0-0,0}
01-21 22:45:01.374   833  1089 D SplashScreenView: Icon: view: android.widget.ImageView{9bd211c V.ED..... ......I. 0,0-0,0 #10204dd android:id/splashscreen_icon_view} drawable: com.android.wm.shell.startingsurface.SplashscreenIconDrawableFactory$ImmobileIconDrawable@d45d125 size: 440
01-21 22:45:01.374   833  1089 D SplashScreenView: Branding: view: android.view.View{41182fa G.ED..... ......I. 0,0-0,0 #10204dc android:id/splashscreen_branding_view} drawable: null size w: 0 h: 0
01-21 22:45:01.380  1201  1201 D MainContentCaptureSession: Flushing 1 event(s) for act:com.google.android.apps.nexuslauncher/.NexusLauncherActivity [state=2 (ACTIVE), disabled=false], reason=FULL
01-21 22:45:01.385   294   294 D Zygote  : Forked child process 5248
01-21 22:45:01.386   833  1105 W Parcel  : Expecting binder but got null!
01-21 22:45:01.389   551   607 I ActivityManager: Start proc 5248:com.xamarin.android.helloworld/u0a176 for next-top-activity {com.xamarin.android.helloworld/example.MainActivity}
01-21 22:45:01.390   551  2379 D CoreBackPreview: Window{b21af93 u0 Splash Screen com.xamarin.android.helloworld}: Setting back callback OnBackInvokedCallbackInfo{mCallback=android.window.IOnBackInvokedCallback$Stub$Proxy@95187c9, mPriority=0}
01-21 22:45:01.406  5248  5248 I roid.helloworld: Using CollectorTypeCC GC.
01-21 22:45:01.409   337   337 I BpBinder: onLastStrongRef automatically unlinking death recipients: <uncached descriptor>
01-21 22:45:01.441   365   430 I adbd    : jdwp connection from 5248
01-21 22:45:01.458  1201  1613 D EGL_emulation: app_time_stats: avg=2999.88ms min=7.37ms max=23807.17ms count=8
01-21 22:45:01.458   833  1105 E OpenGLRenderer: Unable to match the desired swap behavior.
01-21 22:45:01.470  5248  5248 D CompatibilityChangeReporter: Compat change id reported: 171979766; UID 10176; state: ENABLED
01-21 22:45:01.507  5248  5248 D nativeloader: Configuring classloader-namespace for other apk /data/app/~~lYWIKWUfBgQx1yba1CHRPA==/com.xamarin.android.helloworld-2PTrbQDZ0f4XUOrCPDYWOA==/base.apk. target_sdk_version=36, uses_libraries=, library_path=/data/app/~~lYWIKWUfBgQx1yba1CHRPA==/com.xamarin.android.helloworld-2PTrbQDZ0f4XUOrCPDYWOA==/lib/arm64:/data/app/~~lYWIKWUfBgQx1yba1CHRPA==/com.xamarin.android.helloworld-2PTrbQDZ0f4XUOrCPDYWOA==/base.apk!/lib/arm64-v8a, permitted_path=/data:/mnt/expand:/data/user/0/com.xamarin.android.helloworld
01-21 22:45:01.522   551  2369 W Binder  : Caught a RuntimeException from the binder stub implementation.
01-21 22:45:01.522   551  2369 W Binder  : java.lang.ArrayIndexOutOfBoundsException: Array index out of range: 0
01-21 22:45:01.522   551  2369 W Binder  : 	at android.util.ArraySet.valueAt(ArraySet.java:422)
01-21 22:45:01.522   551  2369 W Binder  : 	at com.android.server.contentcapture.ContentCapturePerUserService$ContentCaptureServiceRemoteCallback.updateContentCaptureOptions(ContentCapturePerUserService.java:733)
01-21 22:45:01.522   551  2369 W Binder  : 	at com.android.server.contentcapture.ContentCapturePerUserService$ContentCaptureServiceRemoteCallback.setContentCaptureWhitelist(ContentCapturePerUserService.java:646)
01-21 22:45:01.522   551  2369 W Binder  : 	at android.service.contentcapture.IContentCaptureServiceCallback$Stub.onTransact(IContentCaptureServiceCallback.java:115)
01-21 22:45:01.522   551  2369 W Binder  : 	at android.os.Binder.execTransactInternal(Binder.java:1285)
01-21 22:45:01.522   551  2369 W Binder  : 	at android.os.Binder.execTransact(Binder.java:1244)
01-21 22:45:01.553   551  2369 W ActivityTaskManager: takeTaskSnapshot: taskId=13 not found or not visible
01-21 22:45:01.572  5248  5248 V GraphicsEnvironment: ANGLE Developer option for 'com.xamarin.android.helloworld' set to: 'default'
01-21 22:45:01.601  5248  5248 V GraphicsEnvironment: ANGLE GameManagerService for com.xamarin.android.helloworld: false
01-21 22:45:01.602  5248  5248 V GraphicsEnvironment: Neither updatable production driver nor prerelease driver is supported.
01-21 22:45:01.605  5248  5248 D NetworkSecurityConfig: No Network Security Config specified, using platform default
01-21 22:45:01.606  5248  5248 D NetworkSecurityConfig: No Network Security Config specified, using platform default
01-21 22:45:01.613   551   914 D CompatibilityChangeReporter: Compat change id reported: 161145287; UID 10176; state: DISABLED
01-21 22:45:01.707   337   432 W TransactionTracing: Could not find layer handle 0xb4000073622e97f0
01-21 22:45:01.884   833  1105 D EGL_emulation: app_time_stats: avg=15280.72ms min=3.50ms max=213696.30ms count=14
01-21 22:45:01.953  5248  5248 D DOTNET  : AndroidCryptoNative_InitLibraryOnLoad: jint AndroidCryptoNative_InitLibraryOnLoad(JavaVM *, void *) in /__w/1/s/src/runtime/src/native/libs/System.Security.Cryptography.Native.Android/pal_jni.c
01-21 22:45:01.953  5248  5248 D DOTNET  : GetOptionalClassGRef: optional class com/android/org/conscrypt/OpenSSLEngineImpl was not found
01-21 22:45:02.086  5248  5248 I monodroid-typemap: TypeMapAttributeTypeMap: Initializing...
01-21 22:45:02.141  5248  5248 I monodroid-typemap: TypeMapAttributeTypeMap: Initialized external and invoker type mappings
01-21 22:45:02.205  5248  5275 D libEGL  : loaded /vendor/lib64/egl/libEGL_emulation.so
01-21 22:45:02.214  5248  5275 D libEGL  : loaded /vendor/lib64/egl/libGLESv1_CM_emulation.so
01-21 22:45:02.220  5248  5275 D libEGL  : loaded /vendor/lib64/egl/libGLESv2_emulation.so
01-21 22:45:02.241  5248  5248 I monodroid-typemap: TryGetJniNameForType: HelloWorld.MainActivity -> 'example/MainActivity' (from [Register])
01-21 22:45:02.246  5248  5248 I monodroid: RegisterNativeMembers: type=HelloWorld.MainActivity, methods=n_onCreate:(Landroid/os/Bundle;)V:GetOnCreate_Landroid_os_Bundle_Handler
01-21 22:45:02.246  5248  5248 I monodroid: 
01-21 22:45:02.247  5248  5248 I monodroid: DynamicNativeMembersRegistration: registered n_onCreate for HelloWorld.MainActivity
01-21 22:45:02.247  5248  5248 I monodroid: DynamicNativeMembersRegistration: calling RegisterNatives with 1 methods
01-21 22:45:02.248  5248  5248 I monodroid-typemap: TryGetJniNameForType: Java.Interop.TypeManager+JavaTypeManager -> 'mono/android/TypeManager' (from [Register])
01-21 22:45:02.248  5248  5248 I monodroid: RegisterNativeMembers: type=Java.Interop.TypeManager+JavaTypeManager, methods=n_activate:(Ljava/lang/String;Ljava/lang/String;Ljava/lang/Object;[Ljava/lang/Object;)V:GetActivateHandler
01-21 22:45:02.248  5248  5248 I monodroid: 
01-21 22:45:02.248  5248  5248 I monodroid: DynamicNativeMembersRegistration: registered n_activate for Java.Interop.TypeManager+JavaTypeManager
01-21 22:45:02.248  5248  5248 I monodroid: DynamicNativeMembersRegistration: calling RegisterNatives with 1 methods
01-21 22:45:02.435  5248  5248 D CompatibilityChangeReporter: Compat change id reported: 210923482; UID 10176; state: ENABLED
01-21 22:45:02.438  5248  5248 I monodroid-typemap: CreatePeer: handle=0xcd, targetType=Android.Views.View
01-21 22:45:02.441  5248  5248 I monodroid-typemap: CreatePeer: Found type Android.Widget.Button for Java class 'android/widget/Button'
01-21 22:45:02.442  5248  5248 I monodroid-typemap: TryGetJniNameForType: Android.Widget.Button -> 'android/widget/Button' (from [Register])
01-21 22:45:02.443  5248  5248 I monodroid-typemap: CreatePeer: Activating instance of Android.Widget.Button...
01-21 22:45:02.444  5248  5248 I monodroid-typemap: CreatePeer: SUCCESS - Created Android.Widget.Button for Java class 'android/widget/Button'
01-21 22:45:02.450  5248  5248 I monodroid-typemap: TryGetJniNameForType: Android.Views.View+IOnClickListenerImplementor -> 'mono/android/view/View_OnClickListenerImplementor' (from [Register])
01-21 22:45:02.453  5248  5248 I monodroid-typemap: TryGetJniNameForType: Android.Views.View+IOnClickListenerImplementor -> 'mono/android/view/View_OnClickListenerImplementor' (from [Register])
01-21 22:45:02.453  5248  5248 I monodroid: RegisterNativeMembers: type=Android.Views.View+IOnClickListenerImplementor, methods=n_onClick:(Landroid/view/View;)V:GetOnClick_Landroid_view_View_Handler:Android.Views.View+IOnClickListenerInvoker, Mono.Android, Version=0.0.0.0, Culture=neutral, PublicKeyToken=null
01-21 22:45:02.453  5248  5248 I monodroid: 
01-21 22:45:02.454  5248  5248 I monodroid: DynamicNativeMembersRegistration: registered n_onClick for Android.Views.View+IOnClickListenerImplementor
01-21 22:45:02.454  5248  5248 I monodroid: DynamicNativeMembersRegistration: calling RegisterNatives with 1 methods
01-21 22:45:02.482  5248  5248 D CompatibilityChangeReporter: Compat change id reported: 237531167; UID 10176; state: DISABLED
01-21 22:45:02.493  5248  5273 W Parcel  : Expecting binder but got null!
01-21 22:45:02.507   551  1004 D CoreBackPreview: Window{dfa9ea9 u0 com.xamarin.android.helloworld/example.MainActivity}: Setting back callback OnBackInvokedCallbackInfo{mCallback=android.window.IOnBackInvokedCallback$Stub$Proxy@c0ad3cf, mPriority=0}
01-21 22:45:02.569  5248  5273 D HostConnection: HostComposition ext ANDROID_EMU_CHECKSUM_HELPER_v1 ANDROID_EMU_native_sync_v2 ANDROID_EMU_native_sync_v3 ANDROID_EMU_native_sync_v4 ANDROID_EMU_dma_v1 ANDROID_EMU_direct_mem ANDROID_EMU_host_composition_v1 ANDROID_EMU_host_composition_v2 ANDROID_EMU_vulkan ANDROID_EMU_deferred_vulkan_commands ANDROID_EMU_vulkan_null_optional_strings ANDROID_EMU_vulkan_create_resources_with_requirements ANDROID_EMU_YUV_Cache ANDROID_EMU_vulkan_ignored_handles ANDROID_EMU_has_shared_slots_host_memory_allocator ANDROID_EMU_vulkan_free_memory_sync ANDROID_EMU_vulkan_shader_float16_int8 ANDROID_EMU_vulkan_async_queue_submit ANDROID_EMU_vulkan_queue_submit_with_commands ANDROID_EMU_sync_buffer_data ANDROID_EMU_vulkan_async_qsri ANDROID_EMU_read_color_buffer_dma ANDROID_EMU_hwc_multi_configs GL_OES_EGL_image_external_essl3 GL_OES_vertex_array_object GL_KHR_texture_compression_astc_ldr ANDROID_EMU_host_side_tracing ANDROID_EMU_gles_max_version_3_0 
01-21 22:45:02.572  5248  5273 W OpenGLRenderer: Failed to choose config with EGL_SWAP_BEHAVIOR_PRESERVED, retrying without...
01-21 22:45:02.573  5248  5273 W OpenGLRenderer: Failed to initialize 101010-2 format, error = EGL_SUCCESS
01-21 22:45:02.574  5248  5273 D EGL_emulation: eglCreateContext: 0xb400007008b56a10: maj 3 min 0 rcv 3
01-21 22:45:02.579  5248  5273 D EGL_emulation: eglMakeCurrent: 0xb400007008b56a10: ver 3 0 (tinfo 0x7236e72080) (first time)
01-21 22:45:02.618   833  1105 D EGL_emulation: app_time_stats: avg=2244.54ms min=2244.54ms max=2244.54ms count=1
01-21 22:45:02.644   149   149 I hwservicemanager: getTransport: Cannot find entry android.hardware.graphics.mapper@4.0::IMapper/default in either framework or device VINTF manifest.
01-21 22:45:02.646  5248  5273 I Gralloc4: mapper 4.x is not supported
01-21 22:45:02.651   149   149 I hwservicemanager: getTransport: Cannot find entry android.hardware.graphics.allocator@4.0::IAllocator/default in either framework or device VINTF manifest.
01-21 22:45:02.654   148   148 I servicemanager: Could not find android.hardware.graphics.allocator.IAllocator/default in the VINTF manifest.
01-21 22:45:02.655  5248  5273 W Gralloc4: allocator 4.x is not supported
01-21 22:45:02.671  5248  5273 D HostConnection: HostComposition ext ANDROID_EMU_CHECKSUM_HELPER_v1 ANDROID_EMU_native_sync_v2 ANDROID_EMU_native_sync_v3 ANDROID_EMU_native_sync_v4 ANDROID_EMU_dma_v1 ANDROID_EMU_direct_mem ANDROID_EMU_host_composition_v1 ANDROID_EMU_host_composition_v2 ANDROID_EMU_vulkan ANDROID_EMU_deferred_vulkan_commands ANDROID_EMU_vulkan_null_optional_strings ANDROID_EMU_vulkan_create_resources_with_requirements ANDROID_EMU_YUV_Cache ANDROID_EMU_vulkan_ignored_handles ANDROID_EMU_has_shared_slots_host_memory_allocator ANDROID_EMU_vulkan_free_memory_sync ANDROID_EMU_vulkan_shader_float16_int8 ANDROID_EMU_vulkan_async_queue_submit ANDROID_EMU_vulkan_queue_submit_with_commands ANDROID_EMU_sync_buffer_data ANDROID_EMU_vulkan_async_qsri ANDROID_EMU_read_color_buffer_dma ANDROID_EMU_hwc_multi_configs GL_OES_EGL_image_external_essl3 GL_OES_vertex_array_object GL_KHR_texture_compression_astc_ldr ANDROID_EMU_host_side_tracing ANDROID_EMU_gles_max_version_3_0 
01-21 22:45:02.673  5248  5273 E OpenGLRenderer: Unable to match the desired swap behavior.
01-21 22:45:02.883   551   593 I ActivityTaskManager: Displayed com.xamarin.android.helloworld/example.MainActivity: +1s626ms
01-21 22:45:02.917   833  1105 D EGL_emulation: app_time_stats: avg=14.27ms min=2.33ms max=48.57ms count=43
01-21 22:45:02.918   935  1155 D BtGatt.ScanManager: uid 10112 isForeground true scanMode -1
01-21 22:45:02.941  1201  1718 D OneSearchSuggestProvider: Shut down the binder channel
01-21 22:45:02.942  1201  1383 I s.nexuslauncher: oneway function results for code 2 on binder at 0xb400006f98bb5db0 will be dropped but finished with status UNKNOWN_TRANSACTION
01-21 22:45:02.974   551  1152 D CompatibilityChangeReporter: Compat change id reported: 214016041; UID 10176; state: ENABLED
01-21 22:45:02.994   337   432 W TransactionTracing: Could not find layer handle 0xb4000073622eabd0
01-21 22:45:02.994   337   432 W TransactionTracing: Could not find layer handle 0xb4000073622e8170
01-21 22:45:03.056  2899  2899 I GoogleInputMethodService: GoogleInputMethodService.onFinishInput():3227 
01-21 22:45:03.060  2899  2899 I GoogleInputMethodService: GoogleInputMethodService.updateDeviceLockedStatus():2087 repeatCheckTimes = 0, unlocked = true
01-21 22:45:03.060  2899  2899 I GoogleInputMethodService: GoogleInputMethodService.onStartInput():1877 onStartInput(EditorInfo{inputType=0x0(NULL) imeOptions=0x0 privateImeOptions=null actionName=UNSPECIFIED actionLabel=null actionId=0 initialSelStart=-1 initialSelEnd=-1 initialCapsMode=0x0 hintText=null label=null packageName=com.xamarin.android.helloworld fieldId=-1 fieldName=null extras=null}, false)
01-21 22:45:03.060  2899  2899 I GoogleInputMethodService: GoogleInputMethodService.shouldHideHeaderOnInitialState():4008 ShouldHideHeaderOnInitialState = false
01-21 22:45:03.060  2899  2899 I GoogleInputMethodService: GoogleInputMethodService.updateDeviceLockedStatus():2087 repeatCheckTimes = 2, unlocked = true
01-21 22:45:03.094   337   432 W TransactionTracing: Could not find layer handle 0xb4000073622e7450
01-21 22:45:03.385   551   914 W InputManager-JNI: Input channel object 'b21af93 Splash Screen com.xamarin.android.helloworld (client)' was disposed without first being removed with the input manager!
01-21 22:45:03.391   551   918 D CoreBackPreview: Window{b21af93 u0 Splash Screen com.xamarin.android.helloworld EXITING}: Setting back callback null
01-21 22:45:03.929   833  1105 D EGL_emulation: app_time_stats: avg=15.89ms min=1.87ms max=120.64ms count=37
01-21 22:45:08.114  1754  1771 W earchbox:search: Cleared Reference was only reachable from finalizer (only reported once)
01-21 22:45:08.292  1754  1794 V ClearcutMetricXmitter: Transmission is done.
01-21 22:45:11.817  1201  1201 D TaplEvents: TIS / TouchInteractionService.onInputEvent: MotionEvent { action=ACTION_DOWN, actionButton=0, id[0]=0, x[0]=540.0, y[0]=1140.0, toolType[0]=TOOL_TYPE_FINGER, buttonState=0, classification=NONE, metaState=0, flags=0x0, edgeFlags=0x0, pointerCount=1, historySize=0, eventTime=1267806, downTime=1267806, deviceId=-1, source=0x1002, displayId=0, eventId=-806111783 }
01-21 22:45:11.843  1201  1201 D TaplEvents: TIS / TouchInteractionService.onInputEvent: MotionEvent { action=ACTION_UP, actionButton=0, id[0]=0, x[0]=540.0, y[0]=1140.0, toolType[0]=TOOL_TYPE_FINGER, buttonState=0, classification=NONE, metaState=0, flags=0x0, edgeFlags=0x0, pointerCount=1, historySize=0, eventTime=1267806, downTime=1267806, deviceId=-1, source=0x1002, displayId=0, eventId=-683921568 }
01-21 22:45:17.269   551   914 D WifiNl80211Manager: Scan result ready event
01-21 22:45:17.269   551   914 D WifiNative: Scan result ready event
01-21 22:45:17.814   551   605 I UsageStatsService: User[0] Flushing usage stats to disk
