--------- beginning of system
01-22 00:24:49.602   551   917 I ActivityTaskManager: START u0 {flg=0x10000000 cmp=com.xamarin.android.helloworld/.MainActivity} from uid 2000
--------- beginning of main
01-22 00:24:53.887  1645  1645 D BoundBrokerSvc: onUnbind: Intent { act=com.google.android.gms.feedback.internal.IFeedbackService dat=chimera-action:/... cmp=com.google.android.gms/.chimera.GmsBoundBrokerService }
01-22 00:24:53.914  1341  1341 D BoundBrokerSvc: onUnbind: Intent { act=com.google.android.gms.icing.LIGHTWEIGHT_INDEX_SERVICE dat=chimera-action:/... cmp=com.google.android.gms/.chimera.PersistentApiService }
--------- beginning of kernel
01-22 00:24:54.741   157   157 I logd    : logdr: UID=2000 GID=2000 PID=6680 n tail=0 logMask=99 pid=0 start=0ns deadline=0ns
01-22 00:24:58.958   551   699 D ActivityManager: freezing 5649 com.google.android.settings.intelligence
01-22 00:25:00.018  1538  2102 I AiAiEcho: Predicting[0]: 
01-22 00:25:00.019  1538  2102 I AiAiEcho: Ranked targets strategy: SORT, count: 0, ranking metadata: 
01-22 00:25:00.021  1538  2102 I AiAiEcho: #postPredictionTargets: Sending updates to UISurface lockscreen with targets# 0
01-22 00:25:00.022  1538  2102 I AiAiEcho: #postPredictionTargets: Sending updates to UISurface home with targets# 0
01-22 00:25:00.025  1538  2102 I AiAiEcho: #postPredictionTargets: Sending updates to UISurface media_data_manager with targets# 0
01-22 00:25:00.041   833   833 D SsMediaDataProvider: Forwarding Smartspace updates []
01-22 00:25:00.061   833  1105 D EGL_emulation: app_time_stats: avg=56792.28ms min=56792.28ms max=56792.28ms count=1
01-22 00:25:01.148   551  1244 I ActivityTaskManager: START u0 {flg=0x10000000 cmp=com.xamarin.android.helloworld/.MainActivity} from uid 2000
01-22 00:25:02.361   551  1244 D WifiNl80211Manager: Scan result ready event
01-22 00:25:02.361   551  1244 D WifiNative: Scan result ready event
01-22 00:25:13.428   551  1244 I ActivityTaskManager: START u0 {flg=0x10000000 cmp=com.xamarin.android.helloworld/example.MainActivity} from uid 2000
01-22 00:25:13.429   551  1244 D CompatibilityChangeReporter: Compat change id reported: 265464455; UID 10176; state: DISABLED
01-22 00:25:13.429   551  1244 D CompatibilityChangeReporter: Compat change id reported: 265452344; UID 10176; state: DISABLED
01-22 00:25:13.429   551  1244 D CompatibilityChangeReporter: Compat change id reported: 266124927; UID 10176; state: DISABLED
01-22 00:25:13.429   551  1244 D CompatibilityChangeReporter: Compat change id reported: 265451093; UID 10176; state: DISABLED
01-22 00:25:13.429   551  1244 D CompatibilityChangeReporter: Compat change id reported: 265456536; UID 10176; state: DISABLED
01-22 00:25:13.429   551  1244 D CompatibilityChangeReporter: Compat change id reported: 255940284; UID 10176; state: DISABLED
01-22 00:25:13.429   551  1244 D CompatibilityChangeReporter: Compat change id reported: 236283604; UID 10176; state: DISABLED
01-22 00:25:13.429   551  1244 D CompatibilityChangeReporter: Compat change id reported: 263959004; UID 10176; state: DISABLED
01-22 00:25:13.429   551  1244 D CompatibilityChangeReporter: Compat change id reported: 264304459; UID 10176; state: DISABLED
01-22 00:25:13.429   551  1244 D CompatibilityChangeReporter: Compat change id reported: 264301586; UID 10176; state: DISABLED
01-22 00:25:13.430   551  1244 D CompatibilityChangeReporter: Compat change id reported: 254631730; UID 10176; state: DISABLED
01-22 00:25:13.430   551  1244 D CompatibilityChangeReporter: Compat change id reported: 273509367; UID 10176; state: DISABLED
01-22 00:25:13.430   551  1244 D CompatibilityChangeReporter: Compat change id reported: 263259275; UID 10176; state: DISABLED
01-22 00:25:13.434   551  1244 D CompatibilityChangeReporter: Compat change id reported: 194480991; UID 10176; state: ENABLED
01-22 00:25:13.434   551  1244 D CompatibilityChangeReporter: Compat change id reported: 174042980; UID 10176; state: DISABLED
01-22 00:25:13.439   551  1244 D CompatibilityChangeReporter: Compat change id reported: 184838306; UID 10176; state: DISABLED
01-22 00:25:13.440   551  1244 D CompatibilityChangeReporter: Compat change id reported: 185004937; UID 10176; state: DISABLED
01-22 00:25:13.440   551  1244 D CompatibilityChangeReporter: Compat change id reported: 181136395; UID 10176; state: DISABLED
01-22 00:25:13.440   551  1244 D CompatibilityChangeReporter: Compat change id reported: 174042936; UID 10176; state: DISABLED
01-22 00:25:13.443   551  1244 D CompatibilityChangeReporter: Compat change id reported: 197654537; UID 10176; state: ENABLED
01-22 00:25:13.450   551  1244 D CompatibilityChangeReporter: Compat change id reported: 205907456; UID 10176; state: ENABLED
01-22 00:25:13.482   833  1105 W Parcel  : Expecting binder but got null!
01-22 00:25:13.514   833  1089 D SplashScreenView: Build android.window.SplashScreenView{718be98 V.E...... ......ID 0,0-0,0}
01-22 00:25:13.514   833  1089 D SplashScreenView: Icon: view: android.widget.ImageView{12ba6f1 V.ED..... ......I. 0,0-0,0 #10204dd android:id/splashscreen_icon_view} drawable: com.android.wm.shell.startingsurface.SplashscreenIconDrawableFactory$ImmobileIconDrawable@bd9b2d6 size: 440
01-22 00:25:13.514   833  1089 D SplashScreenView: Branding: view: android.view.View{7b28957 G.ED..... ......I. 0,0-0,0 #10204dc android:id/splashscreen_branding_view} drawable: null size w: 0 h: 0
01-22 00:25:13.530   551   596 D CompatibilityChangeReporter: Compat change id reported: 135634846; UID 10176; state: DISABLED
01-22 00:25:13.530   551   596 D CompatibilityChangeReporter: Compat change id reported: 177438394; UID 10176; state: DISABLED
01-22 00:25:13.530   551   596 D CompatibilityChangeReporter: Compat change id reported: 135772972; UID 10176; state: DISABLED
01-22 00:25:13.530   551   596 D CompatibilityChangeReporter: Compat change id reported: 135754954; UID 10176; state: ENABLED
01-22 00:25:13.548   551   607 D CompatibilityChangeReporter: Compat change id reported: 143937733; UID 10176; state: ENABLED
01-22 00:25:13.558   294   294 D Zygote  : Forked child process 6693
01-22 00:25:13.559   551  2376 D CoreBackPreview: Window{d79261b u0 Splash Screen com.xamarin.android.helloworld}: Setting back callback OnBackInvokedCallbackInfo{mCallback=android.window.IOnBackInvokedCallback$Stub$Proxy@d6ecf6, mPriority=0}
01-22 00:25:13.563   551   607 I ActivityManager: Start proc 6693:com.xamarin.android.helloworld/u0a176 for next-top-activity {com.xamarin.android.helloworld/example.MainActivity}
01-22 00:25:13.575   833  1105 E OpenGLRenderer: Unable to match the desired swap behavior.
01-22 00:25:13.580  6693  6693 I roid.helloworld: Using CollectorTypeCC GC.
01-22 00:25:13.585  1201  1201 D MainContentCaptureSession: Flushing 1 event(s) for act:com.google.android.apps.nexuslauncher/.NexusLauncherActivity [state=2 (ACTIVE), disabled=false], reason=FULL
01-22 00:25:13.611   551  2376 W Binder  : Caught a RuntimeException from the binder stub implementation.
01-22 00:25:13.611   551  2376 W Binder  : java.lang.ArrayIndexOutOfBoundsException: Array index out of range: 0
01-22 00:25:13.611   551  2376 W Binder  : 	at android.util.ArraySet.valueAt(ArraySet.java:422)
01-22 00:25:13.611   551  2376 W Binder  : 	at com.android.server.contentcapture.ContentCapturePerUserService$ContentCaptureServiceRemoteCallback.updateContentCaptureOptions(ContentCapturePerUserService.java:733)
01-22 00:25:13.611   551  2376 W Binder  : 	at com.android.server.contentcapture.ContentCapturePerUserService$ContentCaptureServiceRemoteCallback.setContentCaptureWhitelist(ContentCapturePerUserService.java:646)
01-22 00:25:13.611   551  2376 W Binder  : 	at android.service.contentcapture.IContentCaptureServiceCallback$Stub.onTransact(IContentCaptureServiceCallback.java:115)
01-22 00:25:13.611   551  2376 W Binder  : 	at android.os.Binder.execTransactInternal(Binder.java:1285)
01-22 00:25:13.611   551  2376 W Binder  : 	at android.os.Binder.execTransact(Binder.java:1244)
01-22 00:25:13.615   365   430 I adbd    : jdwp connection from 6693
01-22 00:25:13.651   337   337 I BpBinder: onLastStrongRef automatically unlinking death recipients: <uncached descriptor>
01-22 00:25:13.678  6693  6693 D CompatibilityChangeReporter: Compat change id reported: 171979766; UID 10176; state: ENABLED
01-22 00:25:13.690  1201  1613 D EGL_emulation: app_time_stats: avg=45572.77ms min=9.19ms max=546288.25ms count=12
01-22 00:25:13.709  6693  6693 D nativeloader: Configuring classloader-namespace for other apk /data/app/~~U8WVjAVuJrxfyAVpmXMvRA==/com.xamarin.android.helloworld-Gmy40mFvoJZsL47PbJPkaA==/base.apk. target_sdk_version=36, uses_libraries=, library_path=/data/app/~~U8WVjAVuJrxfyAVpmXMvRA==/com.xamarin.android.helloworld-Gmy40mFvoJZsL47PbJPkaA==/lib/arm64:/data/app/~~U8WVjAVuJrxfyAVpmXMvRA==/com.xamarin.android.helloworld-Gmy40mFvoJZsL47PbJPkaA==/base.apk!/lib/arm64-v8a, permitted_path=/data:/mnt/expand:/data/user/0/com.xamarin.android.helloworld
01-22 00:25:13.762  6693  6693 V GraphicsEnvironment: ANGLE Developer option for 'com.xamarin.android.helloworld' set to: 'default'
01-22 00:25:13.762  6693  6693 V GraphicsEnvironment: ANGLE GameManagerService for com.xamarin.android.helloworld: false
01-22 00:25:13.762  6693  6693 V GraphicsEnvironment: Neither updatable production driver nor prerelease driver is supported.
01-22 00:25:13.763  6693  6693 D NetworkSecurityConfig: No Network Security Config specified, using platform default
01-22 00:25:13.765  6693  6693 D NetworkSecurityConfig: No Network Security Config specified, using platform default
01-22 00:25:13.767   551   914 D CompatibilityChangeReporter: Compat change id reported: 161145287; UID 10176; state: DISABLED
01-22 00:25:13.780   551   914 W ActivityTaskManager: takeTaskSnapshot: taskId=13 not found or not visible
01-22 00:25:13.875   337   432 W TransactionTracing: Could not find layer handle 0xb4000073622eb6b0
01-22 00:25:14.028   337   432 W TransactionTracing: Could not find layer handle 0xb4000073622e75d0
01-22 00:25:14.028   337   432 W TransactionTracing: Could not find layer handle 0xb4000073622eb2f0
01-22 00:25:14.028   337   432 W TransactionTracing: Could not find layer handle 0xb4000073622eb2f0
01-22 00:25:14.028   337   432 W TransactionTracing: Could not find layer handle 0xb4000073622e75d0
01-22 00:25:14.072   337   432 W TransactionTracing: Could not find layer handle 0xb4000073622ec1f0
01-22 00:25:14.080   337   432 W TransactionTracing: Could not find layer handle 0xb4000073622ec1f0
01-22 00:25:14.082   337   432 W TransactionTracing: Could not find layer handle 0xb4000073622ec1f0
01-22 00:25:14.192   833  1105 D EGL_emulation: app_time_stats: avg=90977.62ms min=46.31ms max=545411.56ms count=6
01-22 00:25:14.216  6693  6693 D DOTNET  : AndroidCryptoNative_InitLibraryOnLoad: jint AndroidCryptoNative_InitLibraryOnLoad(JavaVM *, void *) in /__w/1/s/src/runtime/src/native/libs/System.Security.Cryptography.Native.Android/pal_jni.c
01-22 00:25:14.217  6693  6693 D DOTNET  : GetOptionalClassGRef: optional class com/android/org/conscrypt/OpenSSLEngineImpl was not found
01-22 00:25:14.393  6693  6693 I monodroid: JNIEnvInit: IsCoreClrRuntime=True, IsMonoRuntime=False
01-22 00:25:14.400  6693  6693 I monodroid-typemap: TypeMapAttributeTypeMap: Initializing...
01-22 00:25:14.487  6693  6693 I monodroid-typemap: TypeMapAttributeTypeMap: Initialized external and invoker type mappings
01-22 00:25:14.521  6693  6693 I monodroid: JNIEnvInit: Set getFunctionPointerFn to 0x6eb1d52958
01-22 00:25:14.635  6693  6693 I monodroid-typemap: TryGetJniNameForType: HelloWorld.MainActivity -> 'example/MainActivity' (from [Register])
01-22 00:25:14.638  6693  6693 I monodroid: RegisterNativeMembers: type=HelloWorld.MainActivity, methods=n_onCreate:(Landroid/os/Bundle;)V:GetOnCreate_Landroid_os_Bundle_Handler
01-22 00:25:14.638  6693  6693 I monodroid: n_onResume:()V:GetOnResumeHandler
01-22 00:25:14.638  6693  6693 I monodroid: 
01-22 00:25:14.639  6693  6693 I monodroid: DynamicNativeMembersRegistration: registered n_onCreate for HelloWorld.MainActivity
01-22 00:25:14.639  6693  6693 I monodroid: DynamicNativeMembersRegistration: registered n_onResume for HelloWorld.MainActivity
01-22 00:25:14.639  6693  6693 I monodroid: DynamicNativeMembersRegistration: calling RegisterNatives with 2 methods
01-22 00:25:14.640  6693  6693 I monodroid-typemap: TryGetJniNameForType: Java.Interop.TypeManager+JavaTypeManager -> 'mono/android/TypeManager' (from [Register])
01-22 00:25:14.640  6693  6693 I monodroid: RegisterNativeMembers: type=Java.Interop.TypeManager+JavaTypeManager, methods=n_activate:(Ljava/lang/String;Ljava/lang/String;Ljava/lang/Object;[Ljava/lang/Object;)V:GetActivateHandler
01-22 00:25:14.640  6693  6693 I monodroid: 
01-22 00:25:14.641  6693  6693 I monodroid: DynamicNativeMembersRegistration: registered n_activate for Java.Interop.TypeManager+JavaTypeManager
01-22 00:25:14.641  6693  6693 I monodroid: DynamicNativeMembersRegistration: calling RegisterNatives with 1 methods
01-22 00:25:14.646  6693  6720 D libEGL  : loaded /vendor/lib64/egl/libEGL_emulation.so
01-22 00:25:14.665  6693  6720 D libEGL  : loaded /vendor/lib64/egl/libGLESv1_CM_emulation.so
01-22 00:25:14.677  6693  6720 D libEGL  : loaded /vendor/lib64/egl/libGLESv2_emulation.so
01-22 00:25:14.938  6693  6693 D CompatibilityChangeReporter: Compat change id reported: 210923482; UID 10176; state: ENABLED
01-22 00:25:14.945  6693  6693 I monodroid-typemap: CreatePeer: handle=0xcd, targetType=Android.Views.View
01-22 00:25:14.945  6693  6693 I monodroid-typemap: CreatePeer: Found type Android.Widget.Button for Java class 'android/widget/Button'
01-22 00:25:14.946  6693  6693 I monodroid-typemap: TryGetJniNameForType: Android.Widget.Button -> 'android/widget/Button' (from [Register])
01-22 00:25:14.946  6693  6693 I monodroid-typemap: CreatePeer: Activating instance of Android.Widget.Button...
01-22 00:25:14.951  6693  6693 I monodroid-typemap: CreatePeer: SUCCESS - Created Android.Widget.Button for Java class 'android/widget/Button'
01-22 00:25:14.954  6693  6693 I monodroid-typemap: TryGetJniNameForType: Android.Views.View+IOnClickListenerImplementor -> 'mono/android/view/View_OnClickListenerImplementor' (from [Register])
01-22 00:25:14.955  6693  6693 I monodroid-typemap: TryGetJniNameForType: Android.Views.View+IOnClickListenerImplementor -> 'mono/android/view/View_OnClickListenerImplementor' (from [Register])
01-22 00:25:14.955  6693  6693 I monodroid: RegisterNativeMembers: type=Android.Views.View+IOnClickListenerImplementor, methods=n_onClick:(Landroid/view/View;)V:GetOnClick_Landroid_view_View_Handler:Android.Views.View+IOnClickListenerInvoker, Mono.Android, Version=0.0.0.0, Culture=neutral, PublicKeyToken=null
01-22 00:25:14.955  6693  6693 I monodroid: 
01-22 00:25:14.956  6693  6693 I monodroid: DynamicNativeMembersRegistration: registered n_onClick for Android.Views.View+IOnClickListenerImplementor
01-22 00:25:14.956  6693  6693 I monodroid: DynamicNativeMembersRegistration: calling RegisterNatives with 1 methods
01-22 00:25:14.973  6693  6693 I monodroid-test: Calling native stub Java_example_MainActivity_n_1onCreate__Landroid_os_Bundle_2V...
01-22 00:25:14.975  6693  6693 I monodroid-typemap: GetFunctionPointer: class='example/MainActivity', methodIndex=0
01-22 00:25:14.975  6693  6693 I monodroid-typemap: GetFunctionPointer: Found type HelloWorld.MainActivity
01-22 00:25:14.977  6693  6693 I monodroid-typemap: GetFunctionPointer: No JavaPeerProxy attribute on HelloWorld.MainActivity
--------- beginning of crash
01-22 00:25:14.977  6693  6693 F libc    : Fatal signal 11 (SIGSEGV), code 1 (SEGV_MAPERR), fault addr 0x0 in tid 6693 (roid.helloworld), pid 6693 (roid.helloworld)
01-22 00:25:15.104  6723  6723 I crash_dump64: obtaining output fd from tombstoned, type: kDebuggerdTombstoneProto
01-22 00:25:15.107   195   195 I tombstoned: received crash request for pid 6693
01-22 00:25:15.112  6723  6723 I crash_dump64: performing dump of process 6693 (target tid = 6693)
01-22 00:25:15.201   833  1105 D EGL_emulation: app_time_stats: avg=14.11ms min=3.24ms max=57.09ms count=33
01-22 00:25:15.626   157   157 I logd    : logdr: UID=10176 GID=10176 PID=6723 n tail=0 logMask=8 pid=6693 start=0ns deadline=0ns
01-22 00:25:15.628   157   157 I logd    : logdr: UID=10176 GID=10176 PID=6723 n tail=0 logMask=1 pid=6693 start=0ns deadline=0ns
01-22 00:25:15.593  6723  6723 F DEBUG   : *** *** *** *** *** *** *** *** *** *** *** *** *** *** *** ***
01-22 00:25:15.593  6723  6723 F DEBUG   : Build fingerprint: 'google/sdk_gphone64_arm64/emu64a:13/TE1A.240213.009/12342917:userdebug/dev-keys'
01-22 00:25:15.593  6723  6723 F DEBUG   : Revision: '0'
01-22 00:25:15.593  6723  6723 F DEBUG   : ABI: 'arm64'
01-22 00:25:15.593  6723  6723 F DEBUG   : Timestamp: 2026-01-22 00:25:15.133553591+0100
01-22 00:25:15.593  6723  6723 F DEBUG   : Process uptime: 3s
01-22 00:25:15.594  6723  6723 F DEBUG   : Cmdline: com.xamarin.android.helloworld
01-22 00:25:15.594  6723  6723 F DEBUG   : pid: 6693, tid: 6693, name: roid.helloworld  >>> com.xamarin.android.helloworld <<<
01-22 00:25:15.594  6723  6723 F DEBUG   : uid: 10176
01-22 00:25:15.594  6723  6723 F DEBUG   : tagged_addr_ctrl: 0000000000000001 (PR_TAGGED_ADDR_ENABLE)
01-22 00:25:15.594  6723  6723 F DEBUG   : pac_enabled_keys: 000000000000000f (PR_PAC_APIAKEY, PR_PAC_APIBKEY, PR_PAC_APDAKEY, PR_PAC_APDBKEY)
01-22 00:25:15.594  6723  6723 F DEBUG   : signal 11 (SIGSEGV), code 1 (SEGV_MAPERR), fault addr 0x0000000000000000
01-22 00:25:15.594  6723  6723 F DEBUG   : Cause: null pointer dereference
01-22 00:25:15.594  6723  6723 F DEBUG   :     x0  b400007038b47f50  x1  00000000000039e6  x2  0000000000000000  x3  0000000000000000
01-22 00:25:15.594  6723  6723 F DEBUG   :     x4  0000007ffbf13f40  x5  000000000017a59c  x6  4f7164644f607560  x7  7f7f7f7f7f7f7f7f
01-22 00:25:15.594  6723  6723 F DEBUG   :     x8  b400007068b50f10  x9  27b55772281b23f2  x10 000000000000005d  x11 fffffffffffffffd
01-22 00:25:15.594  6723  6723 F DEBUG   :     x12 0000007ffbf14060  x13 000000000000004a  x14 0000007ffbf15358  x15 000001fd64610b3b
01-22 00:25:15.594  6723  6723 F DEBUG   :     x16 00000000006eedb4  x17 00000000006eedb4  x18 00000072401b2000  x19 0000006db9163b98
01-22 00:25:15.594  6723  6723 F DEBUG   :     x20 0000006db2f26d38  x21 0000006eb12f3698  x22 b400007038b47f50  x23 0000000000001070
01-22 00:25:15.594  6723  6723 F DEBUG   :     x24 0000006f77a00880  x25 0000007ffbf15e30  x26 0000000018380001  x27 0000000000000000
01-22 00:25:15.594  6723  6723 F DEBUG   :     x28 0000007ffbf15d30  x29 0000007ffbf15b50
01-22 00:25:15.594  6723  6723 F DEBUG   :     lr  0000006eaf1a0db0  sp  0000007ffbf15b50  pc  0000000000000000  pst 0000000060001000
01-22 00:25:15.594  6723  6723 F DEBUG   : backtrace:
01-22 00:25:15.594  6723  6723 F DEBUG   :       #00 pc 0000000000000000  <unknown>
01-22 00:25:15.594  6723  6723 F DEBUG   :       #01 pc 0000000000000dac  <anonymous:6eaf1a0000>
01-22 00:25:15.616   195   195 E tombstoned: Tombstone written to: tombstone_21
01-22 00:25:15.621   551  6728 W ActivityTaskManager:   Force finishing activity com.xamarin.android.helloworld/example.MainActivity
01-22 00:25:15.622   551  6729 I DropBoxManagerService: add tag=data_app_native_crash isTagEnabled=true flags=0x2
01-22 00:25:15.671     1     1 I init    : Untracked pid 6723 exited with status 0
01-22 00:25:15.671     1     1 I init    : Untracked pid 6723 did not have an associated service entry and will not be reaped
01-22 00:25:15.649   551   692 I BootReceiver: Copying /data/tombstones/tombstone_21 to DropBox (SYSTEM_TOMBSTONE)
01-22 00:25:15.666   551   692 I DropBoxManagerService: add tag=SYSTEM_TOMBSTONE isTagEnabled=true flags=0x6
01-22 00:25:15.681   551  6728 W ActivityTaskManager: Exception thrown during pause
01-22 00:25:15.681   551  6728 W ActivityTaskManager: android.os.DeadObjectException
01-22 00:25:15.681   551  6728 W ActivityTaskManager: 	at android.os.BinderProxy.transactNative(Native Method)
01-22 00:25:15.681   551  6728 W ActivityTaskManager: 	at android.os.BinderProxy.transact(BinderProxy.java:584)
01-22 00:25:15.681   551  6728 W ActivityTaskManager: 	at android.app.IApplicationThread$Stub$Proxy.scheduleTransaction(IApplicationThread.java:1900)
01-22 00:25:15.681   551  6728 W ActivityTaskManager: 	at android.app.servertransaction.ClientTransaction.schedule(ClientTransaction.java:136)
01-22 00:25:15.681   551  6728 W ActivityTaskManager: 	at com.android.server.wm.ClientLifecycleManager.scheduleTransaction(ClientLifecycleManager.java:47)
01-22 00:25:15.681   551  6728 W ActivityTaskManager: 	at com.android.server.wm.ClientLifecycleManager.scheduleTransaction(ClientLifecycleManager.java:69)
01-22 00:25:15.681   551  6728 W ActivityTaskManager: 	at com.android.server.wm.TaskFragment.schedulePauseActivity(TaskFragment.java:1725)
01-22 00:25:15.681   551  6728 W ActivityTaskManager: 	at com.android.server.wm.TaskFragment.startPausing(TaskFragment.java:1664)
01-22 00:25:15.681   551  6728 W ActivityTaskManager: 	at com.android.server.wm.ActivityRecord.finishIfPossible(ActivityRecord.java:3520)
01-22 00:25:15.681   551  6728 W ActivityTaskManager: 	at com.android.server.wm.ActivityRecord.finishIfPossible(ActivityRecord.java:3410)
01-22 00:25:15.681   551  6728 W ActivityTaskManager: 	at com.android.server.wm.Task.finishTopCrashedActivityLocked(Task.java:5334)
01-22 00:25:15.681   551  6728 W ActivityTaskManager: 	at com.android.server.wm.RootWindowContainer.lambda$finishTopCrashedActivities$17(RootWindowContainer.java:2236)
01-22 00:25:15.681   551  6728 W ActivityTaskManager: 	at com.android.server.wm.RootWindowContainer.$r8$lambda$tU3uq54E6s47P2cFrn4v86Si-94(Unknown Source:0)
01-22 00:25:15.681   551  6728 W ActivityTaskManager: 	at com.android.server.wm.RootWindowContainer$$ExternalSyntheticLambda44.accept(Unknown Source:10)
01-22 00:25:15.681   551  6728 W ActivityTaskManager: 	at com.android.server.wm.Task.forAllTasks(Task.java:3192)
01-22 00:25:15.681   551  6728 W ActivityTaskManager: 	at com.android.server.wm.WindowContainer.forAllTasks(WindowContainer.java:2041)
01-22 00:25:15.681   551  6728 W ActivityTaskManager: 	at com.android.server.wm.WindowContainer.forAllTasks(WindowContainer.java:2041)
01-22 00:25:15.681   551  6728 W ActivityTaskManager: 	at com.android.server.wm.WindowContainer.forAllTasks(WindowContainer.java:2041)
01-22 00:25:15.681   551  6728 W ActivityTaskManager: 	at com.android.server.wm.WindowContainer.forAllTasks(WindowContainer.java:2041)
01-22 00:25:15.681   551  6728 W ActivityTaskManager: 	at com.android.server.wm.WindowContainer.forAllTasks(WindowContainer.java:2041)
01-22 00:25:15.681   551  6728 W ActivityTaskManager: 	at com.android.server.wm.WindowContainer.forAllTasks(WindowContainer.java:2041)
01-22 00:25:15.681   551  6728 W ActivityTaskManager: 	at com.android.server.wm.WindowContainer.forAllTasks(WindowContainer.java:2041)
01-22 00:25:15.681   551  6728 W ActivityTaskManager: 	at com.android.server.wm.WindowContainer.forAllTasks(WindowContainer.java:2034)
01-22 00:25:15.681   551  6728 W ActivityTaskManager: 	at com.android.server.wm.RootWindowContainer.finishTopCrashedActivities(RootWindowContainer.java:2235)
01-22 00:25:15.681   551  6728 W ActivityTaskManager: 	at com.android.server.wm.ActivityTaskManagerService$LocalService.finishTopCrashedActivities(ActivityTaskManagerService.java:6586)
01-22 00:25:15.681   551  6728 W ActivityTaskManager: 	at com.android.server.am.AppErrors.handleAppCrashLSPB(AppErrors.java:934)
01-22 00:25:15.681   551  6728 W ActivityTaskManager: 	at com.android.server.am.AppErrors.makeAppCrashingLocked(AppErrors.java:766)
01-22 00:25:15.681   551  6728 W ActivityTaskManager: 	at com.android.server.am.AppErrors.crashApplicationInner(AppErrors.java:641)
01-22 00:25:15.681   551  6728 W ActivityTaskManager: 	at com.android.server.am.AppErrors.crashApplication(AppErrors.java:569)
01-22 00:25:15.681   551  6728 W ActivityTaskManager: 	at com.android.server.am.ActivityManagerService.handleApplicationCrashInner(ActivityManagerService.java:8558)
01-22 00:25:15.681   551  6728 W ActivityTaskManager: 	at com.android.server.am.NativeCrashListener$NativeCrashReporter.run(NativeCrashListener.java:88)
01-22 00:25:15.696   294   294 I Zygote  : Process 6693 exited due to signal 11 (Segmentation fault)
01-22 00:25:15.728   551   606 W BroadcastQueue: Background execution not allowed: receiving Intent { act=android.intent.action.DROPBOX_ENTRY_ADDED flg=0x10 (has extras) } to com.google.android.gms/.stats.service.DropBoxEntryAddedReceiver
01-22 00:25:15.732   551   606 W BroadcastQueue: Background execution not allowed: receiving Intent { act=android.intent.action.DROPBOX_ENTRY_ADDED flg=0x10 (has extras) } to com.google.android.gms/.chimera.GmsIntentOperationService$PersistentTrustedReceiver
01-22 00:25:15.732   551   914 I ActivityManager: Process com.xamarin.android.helloworld (pid 6693) has died: fg  TOP 
01-22 00:25:15.732   551   593 W Looper  : Slow dispatch took 108ms android.fg h=com.android.server.DropBoxManagerService$DropBoxManagerBroadcastHandler c=null m=1
01-22 00:25:15.740   337   337 I BpBinder: onLastStrongRef automatically unlinking death recipients: <uncached descriptor>
01-22 00:25:15.780   551   692 I DropBoxManagerService: add tag=SYSTEM_TOMBSTONE_PROTO isTagEnabled=true flags=0x4
01-22 00:25:15.817   551   610 I libprocessgroup: Successfully killed process cgroup uid 10176 pid 6693 in 84ms
01-22 00:25:15.857     1     1 I init    : Untracked pid 6725 exited with status 0
01-22 00:25:15.857     1     1 I init    : Untracked pid 6725 did not have an associated service entry and will not be reaped
01-22 00:25:15.826  1201  1613 E OpenGLRenderer: Unable to match the desired swap behavior.
01-22 00:25:15.901  1754  2094 E OpenGLRenderer: Unable to match the desired swap behavior.
01-22 00:25:15.904  1201  1201 D MainContentCaptureSession: Flushing 1 event(s) for act:com.google.android.apps.nexuslauncher/.NexusLauncherActivity [state=2 (ACTIVE), disabled=false], reason=FULL
01-22 00:25:15.940   551  1548 W AppSearchIcing: icing-search-engine.cc:217: Error: 5, Message: Document (com.google.android.googlequicksearchbox$OneSearchZeroStateGoogleSuggestions/default, zp) not found.
01-22 00:25:15.944  1201  1718 D OneSearchSuggestProvider: Established or reuse existing binder channel authority=com.google.android.googlequicksearchbox
01-22 00:25:15.957   551   593 W system_server: Long monitor contention with owner binder:551_6 (914) at void com.android.server.am.ActivityManagerService$AppDeathRecipient.binderDied()(ActivityManagerService.java:1479) waiters=0 in int com.android.server.am.ActivityManagerService.broadcastIntentWithFeature(android.app.IApplicationThread, java.lang.String, android.content.Intent, java.lang.String, android.content.IIntentReceiver, int, java.lang.String, android.os.Bundle, java.lang.String[], java.lang.String[], java.lang.String[], int, android.os.Bundle, boolean, boolean, int) for 176ms
01-22 00:25:15.978   551  1731 D CoreBackPreview: Window{d79261b u0 Splash Screen com.xamarin.android.helloworld EXITING}: Setting back callback null
01-22 00:25:15.979   551  1152 W InputManager-JNI: Input channel object 'd79261b Splash Screen com.xamarin.android.helloworld (client)' was disposed without first being removed with the input manager!
01-22 00:25:15.983   337   432 W TransactionTracing: Could not find layer handle 0xb4000073622eac90
01-22 00:25:15.983   337   432 W TransactionTracing: Could not find layer handle 0xb4000073622e9850
01-22 00:25:16.056   551   593 W Looper  : Slow dispatch took 323ms android.fg h=com.android.server.DropBoxManagerService$DropBoxManagerBroadcastHandler c=null m=1
01-22 00:25:16.056   551   606 W BroadcastQueue: Background execution not allowed: receiving Intent { act=android.intent.action.DROPBOX_ENTRY_ADDED flg=0x10 (has extras) } to com.google.android.gms/.stats.service.DropBoxEntryAddedReceiver
01-22 00:25:16.078   337   432 W TransactionTracing: Could not find layer handle 0xb4000073622ea0f0
01-22 00:25:16.078   337   432 W TransactionTracing: Could not find layer handle 0xb4000073622ebe90
01-22 00:25:16.125  2899  2899 I GoogleInputMethodService: GoogleInputMethodService.onFinishInput():3227 
01-22 00:25:16.132  1538  2102 I AiAiEcho: Predicting[0]: 
01-22 00:25:16.134  2899  2899 I GoogleInputMethodService: GoogleInputMethodService.updateDeviceLockedStatus():2087 repeatCheckTimes = 0, unlocked = true
01-22 00:25:16.134  2899  2899 I GoogleInputMethodService: GoogleInputMethodService.onStartInput():1877 onStartInput(EditorInfo{inputType=0x0(NULL) imeOptions=0x0 privateImeOptions=null actionName=UNSPECIFIED actionLabel=null actionId=0 initialSelStart=-1 initialSelEnd=-1 initialCapsMode=0x0 hintText=null label=null packageName=com.google.android.apps.nexuslauncher fieldId=-1 fieldName=null extras=null}, false)
01-22 00:25:16.134  2899  2899 I GoogleInputMethodService: GoogleInputMethodService.shouldHideHeaderOnInitialState():4008 ShouldHideHeaderOnInitialState = false
01-22 00:25:16.142  2899  2899 I GoogleInputMethodService: GoogleInputMethodService.updateDeviceLockedStatus():2087 repeatCheckTimes = 2, unlocked = true
01-22 00:25:16.152   551   596 W ActivityTaskManager: Activity top resumed state loss timeout for ActivityRecord{153f8ff u0 com.xamarin.android.helloworld/example.MainActivity} t-1 f}}
01-22 00:25:16.158   551   593 W Looper  : Slow delivery took 246ms android.fg h=com.android.server.DropBoxManagerService$DropBoxManagerBroadcastHandler c=null m=1
01-22 00:25:16.159   551   593 W Looper  : Slow dispatch took 103ms android.fg h=com.android.server.DropBoxManagerService$DropBoxManagerBroadcastHandler c=null m=1
01-22 00:25:16.167  1538  2102 I AiAiEcho: Ranked targets strategy: SORT, count: 0, ranking metadata: 
01-22 00:25:16.188  1538  2102 I AiAiEcho: #postPredictionTargets: Sending updates to UISurface lockscreen with targets# 0
01-22 00:25:16.190   551   606 W BroadcastQueue: Background execution not allowed: receiving Intent { act=android.intent.action.DROPBOX_ENTRY_ADDED flg=0x10 (has extras) } to com.google.android.gms/.chimera.GmsIntentOperationService$PersistentTrustedReceiver
01-22 00:25:16.190   551   606 W BroadcastQueue: Background execution not allowed: receiving Intent { act=android.intent.action.DROPBOX_ENTRY_ADDED flg=0x10 (has extras) } to com.google.android.gms/.stats.service.DropBoxEntryAddedReceiver
01-22 00:25:16.190   551   606 W BroadcastQueue: Background execution not allowed: receiving Intent { act=android.intent.action.DROPBOX_ENTRY_ADDED flg=0x10 (has extras) } to com.google.android.gms/.chimera.GmsIntentOperationService$PersistentTrustedReceiver
01-22 00:25:16.192  1538  2102 I AiAiEcho: #postPredictionTargets: Sending updates to UISurface home with targets# 0
01-22 00:25:16.192  1538  2102 I AiAiEcho: #postPredictionTargets: Sending updates to UISurface media_data_manager with targets# 0
01-22 00:25:16.202   833   833 D SsMediaDataProvider: Forwarding Smartspace updates []
01-22 00:25:16.268   833  1105 D EGL_emulation: app_time_stats: avg=31.05ms min=4.44ms max=302.02ms count=22
01-22 00:25:17.269   833  1105 D EGL_emulation: app_time_stats: avg=9.00ms min=1.78ms max=35.97ms count=33
01-22 00:25:18.526   551   605 I UsageStatsService: User[0] Flushing usage stats to disk
01-22 00:25:20.703   157   157 I logd    : logdr: UID=2000 GID=2000 PID=6743 n tail=0 logMask=99 pid=0 start=0ns deadline=0ns
